    Finished `test` profile [unoptimized + debuginfo] target(s) in 0.01s
     Running unittests src/lib.rs (target/debug/deps/gust_lexer-9f5828d384317868)

running 32 tests
test ast::tests::test_ast_serialization_basic ... ok
test ast::tests::test_ast_serialization_binary ... ok
test lexer::tests::test_edge_cases ... ok
test lexer::tests::test_empty_intrinsic_tokenizing ... ok
test lexer::tests::test_enum_and_match_lexing ... ok
test lexer::tests::test_guard_lexing ... ok
test lexer::tests::test_guard_specific_cases ... ok
test lexer::tests::test_identifiers_with_digits ... ok
test lexer::tests::test_import_lexing ... ok
test lexer::tests::test_next_token_basic ... ok
test lexer::tests::test_string_literals_and_comments ... ok
test lexer::tests::test_token_spans_and_position_tracking ... ok
test parser::test_namespaced_statement_parsing ... ok
test parser::test_namespaced_type_signature_parsing ... ok
test parser::tests::test_arithmetic_operator_precedence ... ok
test parser::tests::test_as_cast_precedence ... ok
test parser::tests::test_detailed_declaration_errors ... ok
test parser::tests::test_empty_intrinsic_parsing ... ok
test parser::tests::test_enum_and_match_parsing ... ok
test parser::tests::test_index_access_precedence ... ok
test parser::tests::test_match_pattern_destructuring_parsing ... ok
test parser::tests::test_parse_guard_statement ... ok
test parser::tests::test_parse_imports_misplaced ... ok
test parser::tests::test_parse_imports_valid ... ok
test parser::tests::test_parser_error_recording ... ok
test parser::tests::test_parser_recovery_on_semicolon ... ok
test parser::tests::test_parser_span_merging ... ok
test parser::tests::test_selector_and_call_precedence ... ok
test parser::tests::test_unclosed_block_recovery ... ok
test resolver::tests::test_circular_dependency_detected ... ok
test resolver::tests::test_virtual_resolution ... ok
test typechecker::visitor::tests::test_type_db_serialization ... ok

test result: ok. 32 passed; 0 failed; 0 ignored; 0 measured; 0 filtered out; finished in 0.00s

     Running unittests src/main.rs (target/debug/deps/gust_lexer-f53f004f5e83e527)

running 0 tests

test result: ok. 0 passed; 0 failed; 0 ignored; 0 measured; 0 filtered out; finished in 0.00s

     Running tests/compile_tests.rs (target/debug/deps/compile_tests-771b995a27d0aa82)

running 158 tests
test test_adt_match_invalid_variant_rejected ... [2m2026-06-13T02:06:30.949261Z[0m [34mDEBUG[0m [2mgust_lexer::typechecker::visitor[0m[2m:[0m 🗄️ Stdlib Registered: Alias 'os' maps to prefix 'os_'
[2m2026-06-13T02:06:30.949279Z[0m [34mDEBUG[0m [2mgust_lexer::typechecker::visitor[0m[2m:[0m 🗄️ Stdlib Registered: Alias 'std' maps to prefix 'std_'
[2m2026-06-13T02:06:30.949388Z[0m [34mDEBUG[0m [2mgust_lexer::typechecker[0m[2m:[0m 👁️ Namespace Resolution: Lookup 'Shape' -> Resolved: 'Shape' (Current Prefix: '')
[2m2026-06-13T02:06:30.949396Z[0m [34mDEBUG[0m [2mgust_lexer::typechecker[0m[2m:[0m 👁️ Namespace Resolution: Lookup 'Shape' -> Resolved: 'Shape' (Current Prefix: '')
[2m2026-06-13T02:06:30.949407Z[0m [34mDEBUG[0m [2mgust_lexer::typechecker::visitor[0m[2m:[0m 🗄️ Function Pre-Registration: Raw name: 'process', Namespaced: 'process', Parameter Count: 1, Params: ["shape: Struct(\"Shape\", None)"]
[2m2026-06-13T02:06:30.949429Z[0m [34mDEBUG[0m [2mgust_lexer::typechecker[0m[2m:[0m 👁️ Namespace Resolution: Lookup 'Shape' -> Resolved: 'Shape' (Current Prefix: '')
[2m2026-06-13T02:06:30.949469Z[0m [34mDEBUG[0m [2mgust_lexer::typechecker[0m[2m:[0m 👁️ Namespace Resolution: Lookup 'Shape_Circle' -> Resolved: 'Shape_Circle' (Current Prefix: '')
ok
test test_adt_match_non_exhaustive_rejected ... [2m2026-06-13T02:06:30.950223Z[0m [34mDEBUG[0m [2mgust_lexer::typechecker::visitor[0m[2m:[0m 🗄️ Stdlib Registered: Alias 'os' maps to prefix 'os_'
[2m2026-06-13T02:06:30.950261Z[0m [34mDEBUG[0m [2mgust_lexer::typechecker::visitor[0m[2m:[0m 🗄️ Stdlib Registered: Alias 'std' maps to prefix 'std_'
[2m2026-06-13T02:06:30.950559Z[0m [34mDEBUG[0m [2mgust_lexer::typechecker[0m[2m:[0m 👁️ Namespace Resolution: Lookup 'Shape' -> Resolved: 'Shape' (Current Prefix: '')
[2m2026-06-13T02:06:30.950583Z[0m [34mDEBUG[0m [2mgust_lexer::typechecker[0m[2m:[0m 👁️ Namespace Resolution: Lookup 'Shape' -> Resolved: 'Shape' (Current Prefix: '')
[2m2026-06-13T02:06:30.950612Z[0m [34mDEBUG[0m [2mgust_lexer::typechecker::visitor[0m[2m:[0m 🗄️ Function Pre-Registration: Raw name: 'process', Namespaced: 'process', Parameter Count: 1, Params: ["shape: Struct(\"Shape\", None)"]
[2m2026-06-13T02:06:30.950683Z[0m [34mDEBUG[0m [2mgust_lexer::typechecker[0m[2m:[0m 👁️ Namespace Resolution: Lookup 'Shape' -> Resolved: 'Shape' (Current Prefix: '')
[2m2026-06-13T02:06:30.950779Z[0m [34mDEBUG[0m [2mgust_lexer::typechecker[0m[2m:[0m 👁️ Namespace Resolution: Lookup 'Shape_Circle' -> Resolved: 'Shape_Circle' (Current Prefix: '')
ok
test test_adt_match_type_safety_accepted ... [2m2026-06-13T02:06:30.951180Z[0m [34mDEBUG[0m [2mgust_lexer::typechecker::visitor[0m[2m:[0m 🗄️ Stdlib Registered: Alias 'os' maps to prefix 'os_'
[2m2026-06-13T02:06:30.951189Z[0m [34mDEBUG[0m [2mgust_lexer::typechecker::visitor[0m[2m:[0m 🗄️ Stdlib Registered: Alias 'std' maps to prefix 'std_'
[2m2026-06-13T02:06:30.951275Z[0m [34mDEBUG[0m [2mgust_lexer::typechecker[0m[2m:[0m 👁️ Namespace Resolution: Lookup 'Shape' -> Resolved: 'Shape' (Current Prefix: '')
[2m2026-06-13T02:06:30.951282Z[0m [34mDEBUG[0m [2mgust_lexer::typechecker[0m[2m:[0m 👁️ Namespace Resolution: Lookup 'Shape' -> Resolved: 'Shape' (Current Prefix: '')
[2m2026-06-13T02:06:30.951290Z[0m [34mDEBUG[0m [2mgust_lexer::typechecker::visitor[0m[2m:[0m 🗄️ Function Pre-Registration: Raw name: 'process', Namespaced: 'process', Parameter Count: 1, Params: ["shape: Struct(\"Shape\", None)"]
[2m2026-06-13T02:06:30.951298Z[0m [34mDEBUG[0m [2mgust_lexer::typechecker::visitor[0m[2m:[0m 🗄️ Function Pre-Registration: Raw name: 'main', Namespaced: 'main', Parameter Count: 0, Params: []
[2m2026-06-13T02:06:30.951316Z[0m [34mDEBUG[0m [2mgust_lexer::typechecker[0m[2m:[0m 👁️ Namespace Resolution: Lookup 'Shape' -> Resolved: 'Shape' (Current Prefix: '')
[2m2026-06-13T02:06:30.951350Z[0m [34mDEBUG[0m [2mgust_lexer::typechecker[0m[2m:[0m 👁️ Namespace Resolution: Lookup 'Shape_Circle' -> Resolved: 'Shape_Circle' (Current Prefix: '')
[2m2026-06-13T02:06:30.951380Z[0m [34mDEBUG[0m [2mgust_lexer::typechecker[0m[2m:[0m 👁️ Namespace Resolution: Lookup 'Shape_Rectangle' -> Resolved: 'Shape_Rectangle' (Current Prefix: '')
[2m2026-06-13T02:06:30.951390Z[0m [34mDEBUG[0m [2mgust_lexer::typechecker[0m[2m:[0m 👁️ Namespace Resolution: Lookup 'Shape_Rectangle' -> Resolved: 'Shape_Rectangle' (Current Prefix: '')
[2m2026-06-13T02:06:30.951408Z[0m [34mDEBUG[0m [2mgust_lexer::typechecker[0m[2m:[0m 👁️ Namespace Resolution: Lookup 'Shape' -> Resolved: 'Shape' (Current Prefix: '')
[2m2026-06-13T02:06:30.951414Z[0m [34mDEBUG[0m [2mgust_lexer::typechecker[0m[2m:[0m 👁️ Namespace Resolution: Lookup 'Shape' -> Resolved: 'Shape' (Current Prefix: '')
[2m2026-06-13T02:06:30.951419Z[0m [34mDEBUG[0m [2mgust_lexer::typechecker[0m[2m:[0m 👁️ Namespace Resolution: Lookup 'Shape' -> Resolved: 'Shape' (Current Prefix: '')
[2m2026-06-13T02:06:30.951425Z[0m [34mDEBUG[0m [2mgust_lexer::typechecker[0m[2m:[0m 👁️ Namespace Resolution: Lookup 'Shape' -> Resolved: 'Shape' (Current Prefix: '')
[2m2026-06-13T02:06:30.951448Z[0m [34mDEBUG[0m [2mgust_lexer::typechecker[0m[2m:[0m 👁️ Namespace Resolution: Lookup 'Shape_Circle' -> Resolved: 'Shape_Circle' (Current Prefix: '')
[2m2026-06-13T02:06:30.951458Z[0m [34mDEBUG[0m [2mgust_lexer::typechecker[0m[2m:[0m 👁️ Namespace Resolution: Lookup 'Shape_Circle' -> Resolved: 'Shape_Circle' (Current Prefix: '')
[2m2026-06-13T02:06:30.951468Z[0m [34mDEBUG[0m [2mgust_lexer::typechecker[0m[2m:[0m 👁️ Namespace Resolution: Lookup 'os.LogInt' -> Resolved: 'os_LogInt' (Current Prefix: '')
[2m2026-06-13T02:06:30.951476Z[0m [34mDEBUG[0m [2mgust_lexer::typechecker::visitor[0m[2m:[0m 👁️ Expression::Call Evaluation Start: Raw Function: 'os.LogInt', Resolved: 'os_LogInt', Registry Has Key: false
[2m2026-06-13T02:06:30.951484Z[0m [34mDEBUG[0m [2mgust_lexer::typechecker[0m[2m:[0m 👁️ Namespace Resolution: Lookup 'process' -> Resolved: 'process' (Current Prefix: '')
[2m2026-06-13T02:06:30.951489Z[0m [34mDEBUG[0m [2mgust_lexer::typechecker::visitor[0m[2m:[0m 👁️ Expression::Call Evaluation Start: Raw Function: 'process', Resolved: 'process', Registry Has Key: true
[2m2026-06-13T02:06:30.951498Z[0m [34mDEBUG[0m [2mgust_lexer::typechecker[0m[2m:[0m 👁️ Namespace Resolution: Lookup 'Shape' -> Resolved: 'Shape' (Current Prefix: '')
[2m2026-06-13T02:06:30.951505Z[0m [34mDEBUG[0m [2mgust_lexer::typechecker::visitor[0m[2m:[0m 👁️ Call-Site Verification: Raw Function: 'process', Resolved: 'process', Expected Params Count: 1, Expected Params: [Struct("Shape", None)], Actual Args: [("s", Struct("Shape", None))]
ok
test test_arena_moved_through_channel_invalid ... [2m2026-06-13T02:06:30.951748Z[0m [34mDEBUG[0m [2mgust_lexer::typechecker::visitor[0m[2m:[0m 🗄️ Stdlib Registered: Alias 'os' maps to prefix 'os_'
[2m2026-06-13T02:06:30.951755Z[0m [34mDEBUG[0m [2mgust_lexer::typechecker::visitor[0m[2m:[0m 🗄️ Stdlib Registered: Alias 'std' maps to prefix 'std_'
[2m2026-06-13T02:06:30.951831Z[0m [34mDEBUG[0m [2mgust_lexer::typechecker::visitor[0m[2m:[0m 🗄️ Function Pre-Registration: Raw name: 'main', Namespaced: 'main', Parameter Count: 0, Params: []
[2m2026-06-13T02:06:30.951845Z[0m [34mDEBUG[0m [2mgust_lexer::typechecker[0m[2m:[0m 👁️ Namespace Resolution: Lookup 'os.Arena.New' -> Resolved: 'os_Arena.New' (Current Prefix: '')
[2m2026-06-13T02:06:30.951851Z[0m [34mDEBUG[0m [2mgust_lexer::typechecker::visitor[0m[2m:[0m 👁️ Expression::Call Evaluation Start: Raw Function: 'os.Arena.New', Resolved: 'os_Arena.New', Registry Has Key: false
[2m2026-06-13T02:06:30.951864Z[0m [34mDEBUG[0m [2mgust_lexer::typechecker::visitor[0m[2m:[0m 👁️ Expression::Call Evaluation Start: Raw Function: 'ctx.Free', Resolved: 'ctx.Free', Registry Has Key: false
[2m2026-06-13T02:06:30.951878Z[0m [34mDEBUG[0m [2mgust_lexer::typechecker[0m[2m:[0m 👁️ Namespace Resolution: Lookup 'os.ArenaAlloc' -> Resolved: 'os_ArenaAlloc' (Current Prefix: '')
[2m2026-06-13T02:06:30.951884Z[0m [34mDEBUG[0m [2mgust_lexer::typechecker::visitor[0m[2m:[0m 👁️ Expression::Call Evaluation Start: Raw Function: 'os.ArenaAlloc', Resolved: 'os_ArenaAlloc', Registry Has Key: false
[2m2026-06-13T02:06:30.951894Z[0m [34mDEBUG[0m [2mgust_lexer::typechecker[0m[2m:[0m 👁️ Namespace Resolution: Lookup 'Any' -> Resolved: 'Any' (Current Prefix: '')
[2m2026-06-13T02:06:30.951900Z[0m [34mDEBUG[0m [2mgust_lexer::typechecker[0m[2m:[0m 👁️ Namespace Resolution: Lookup 'Any' -> Resolved: 'Any' (Current Prefix: '')
[2m2026-06-13T02:06:30.951906Z[0m [34mDEBUG[0m [2mgust_lexer::typechecker[0m[2m:[0m 👁️ Namespace Resolution: Lookup 'CustomNode' -> Resolved: 'CustomNode' (Current Prefix: '')
[2m2026-06-13T02:06:30.951925Z[0m [34mDEBUG[0m [2mgust_lexer::typechecker[0m[2m:[0m 👁️ Namespace Resolution: Lookup 'CustomNode_ctx' -> Resolved: 'CustomNode_ctx' (Current Prefix: '')
[2m2026-06-13T02:06:30.951950Z[0m [34mDEBUG[0m [2mgust_lexer::typechecker[0m[2m:[0m 👁️ Namespace Resolution: Lookup 'std.ChannelNew' -> Resolved: 'std_ChannelNew' (Current Prefix: '')
[2m2026-06-13T02:06:30.951957Z[0m [34mDEBUG[0m [2mgust_lexer::typechecker::visitor[0m[2m:[0m 👁️ Expression::Call Evaluation Start: Raw Function: 'std.ChannelNew', Resolved: 'std_ChannelNew', Registry Has Key: true
[2m2026-06-13T02:06:30.951970Z[0m [34mDEBUG[0m [2mgust_lexer::typechecker::visitor[0m[2m:[0m 👁️ Call-Site Verification: Raw Function: 'std.ChannelNew', Resolved: 'std_ChannelNew', Expected Params Count: 1, Expected Params: [RawPointer(Arena)], Actual Args: [("ctx", Arena)]
[2m2026-06-13T02:06:30.951982Z[0m [34mDEBUG[0m [2mgust_lexer::typechecker[0m[2m:[0m 👁️ Namespace Resolution: Lookup 'Channel_Any' -> Resolved: 'Channel_Any' (Current Prefix: '')
[2m2026-06-13T02:06:30.951988Z[0m [34mDEBUG[0m [2mgust_lexer::typechecker[0m[2m:[0m 👁️ Namespace Resolution: Lookup 'Channel_Any' -> Resolved: 'Channel_Any' (Current Prefix: '')
[2m2026-06-13T02:06:30.951996Z[0m [34mDEBUG[0m [2mgust_lexer::typechecker[0m[2m:[0m 👁️ Namespace Resolution: Lookup 'std.Channel' -> Resolved: 'std_Channel' (Current Prefix: '')
[2m2026-06-13T02:06:30.952002Z[0m [34mDEBUG[0m [2mgust_lexer::typechecker[0m[2m:[0m 👁️ Namespace Resolution: Lookup 'ctx' -> Resolved: 'ctx' (Current Prefix: '')
[2m2026-06-13T02:06:30.952008Z[0m [34mDEBUG[0m [2mgust_lexer::typechecker[0m[2m:[0m 👁️ Namespace Resolution: Lookup 'ctx' -> Resolved: 'ctx' (Current Prefix: '')
[2m2026-06-13T02:06:30.952024Z[0m [34mDEBUG[0m [2mgust_lexer::typechecker[0m[2m:[0m 👁️ Namespace Resolution: Lookup 'std_Channel_Arena_ctx' -> Resolved: 'std_Channel_Arena_ctx' (Current Prefix: '')
[2m2026-06-13T02:06:30.952034Z[0m [34mDEBUG[0m [2mgust_lexer::typechecker::visitor[0m[2m:[0m 👁️ Expression::Call Evaluation Start: Raw Function: 'chan.Send', Resolved: 'chan.Send', Registry Has Key: false
ok
test test_arena_validate_type_checking_invalid ... [2m2026-06-13T02:06:30.952330Z[0m [34mDEBUG[0m [2mgust_lexer::typechecker::visitor[0m[2m:[0m 🗄️ Stdlib Registered: Alias 'os' maps to prefix 'os_'
[2m2026-06-13T02:06:30.952347Z[0m [34mDEBUG[0m [2mgust_lexer::typechecker::visitor[0m[2m:[0m 🗄️ Stdlib Registered: Alias 'std' maps to prefix 'std_'
[2m2026-06-13T02:06:30.952460Z[0m [34mDEBUG[0m [2mgust_lexer::typechecker::visitor[0m[2m:[0m 🗄️ Function Pre-Registration: Raw name: 'main', Namespaced: 'main', Parameter Count: 0, Params: []
[2m2026-06-13T02:06:30.952494Z[0m [34mDEBUG[0m [2mgust_lexer::typechecker[0m[2m:[0m 👁️ Namespace Resolution: Lookup 'os.ArenaValidate' -> Resolved: 'os_ArenaValidate' (Current Prefix: '')
[2m2026-06-13T02:06:30.952504Z[0m [34mDEBUG[0m [2mgust_lexer::typechecker::visitor[0m[2m:[0m 👁️ Expression::Call Evaluation Start: Raw Function: 'os.ArenaValidate', Resolved: 'os_ArenaValidate', Registry Has Key: true
[2m2026-06-13T02:06:30.952524Z[0m [34mDEBUG[0m [2mgust_lexer::typechecker::visitor[0m[2m:[0m 👁️ Call-Site Verification: Raw Function: 'os.ArenaValidate', Resolved: 'os_ArenaValidate', Expected Params Count: 1, Expected Params: [RawPointer(Arena)], Actual Args: [("x", Int)]
ok
test test_arena_validate_type_checking_valid ... [2m2026-06-13T02:06:30.952789Z[0m [34mDEBUG[0m [2mgust_lexer::typechecker::visitor[0m[2m:[0m 🗄️ Stdlib Registered: Alias 'os' maps to prefix 'os_'
[2m2026-06-13T02:06:30.952798Z[0m [34mDEBUG[0m [2mgust_lexer::typechecker::visitor[0m[2m:[0m 🗄️ Stdlib Registered: Alias 'std' maps to prefix 'std_'
[2m2026-06-13T02:06:30.952877Z[0m [34mDEBUG[0m [2mgust_lexer::typechecker::visitor[0m[2m:[0m 🗄️ Function Pre-Registration: Raw name: 'main', Namespaced: 'main', Parameter Count: 0, Params: []
[2m2026-06-13T02:06:30.952893Z[0m [34mDEBUG[0m [2mgust_lexer::typechecker[0m[2m:[0m 👁️ Namespace Resolution: Lookup 'os.Arena.New' -> Resolved: 'os_Arena.New' (Current Prefix: '')
[2m2026-06-13T02:06:30.952900Z[0m [34mDEBUG[0m [2mgust_lexer::typechecker::visitor[0m[2m:[0m 👁️ Expression::Call Evaluation Start: Raw Function: 'os.Arena.New', Resolved: 'os_Arena.New', Registry Has Key: false
[2m2026-06-13T02:06:30.952912Z[0m [34mDEBUG[0m [2mgust_lexer::typechecker::visitor[0m[2m:[0m 👁️ Expression::Call Evaluation Start: Raw Function: 'ctx.Free', Resolved: 'ctx.Free', Registry Has Key: false
[2m2026-06-13T02:06:30.952929Z[0m [34mDEBUG[0m [2mgust_lexer::typechecker[0m[2m:[0m 👁️ Namespace Resolution: Lookup 'os.ArenaValidate' -> Resolved: 'os_ArenaValidate' (Current Prefix: '')
[2m2026-06-13T02:06:30.952935Z[0m [34mDEBUG[0m [2mgust_lexer::typechecker::visitor[0m[2m:[0m 👁️ Expression::Call Evaluation Start: Raw Function: 'os.ArenaValidate', Resolved: 'os_ArenaValidate', Registry Has Key: true
[2m2026-06-13T02:06:30.952946Z[0m [34mDEBUG[0m [2mgust_lexer::typechecker::visitor[0m[2m:[0m 👁️ Call-Site Verification: Raw Function: 'os.ArenaValidate', Resolved: 'os_ArenaValidate', Expected Params Count: 1, Expected Params: [RawPointer(Arena)], Actual Args: [("ctx", Arena)]
ok
test test_bool_primitive_accepted ... [2m2026-06-13T02:06:30.953195Z[0m [34mDEBUG[0m [2mgust_lexer::typechecker::visitor[0m[2m:[0m 🗄️ Stdlib Registered: Alias 'os' maps to prefix 'os_'
[2m2026-06-13T02:06:30.953207Z[0m [34mDEBUG[0m [2mgust_lexer::typechecker::visitor[0m[2m:[0m 🗄️ Stdlib Registered: Alias 'std' maps to prefix 'std_'
[2m2026-06-13T02:06:30.953301Z[0m [34mDEBUG[0m [2mgust_lexer::typechecker::visitor[0m[2m:[0m 🗄️ Function Pre-Registration: Raw name: 'main', Namespaced: 'main', Parameter Count: 0, Params: []
[2m2026-06-13T02:06:30.953335Z[0m [34mDEBUG[0m [2mgust_lexer::typechecker[0m[2m:[0m 👁️ Namespace Resolution: Lookup 'os.LogInt' -> Resolved: 'os_LogInt' (Current Prefix: '')
[2m2026-06-13T02:06:30.953342Z[0m [34mDEBUG[0m [2mgust_lexer::typechecker::visitor[0m[2m:[0m 👁️ Expression::Call Evaluation Start: Raw Function: 'os.LogInt', Resolved: 'os_LogInt', Registry Has Key: false
ok
test test_brand_crossing_cloning ... [2m2026-06-13T02:06:30.953788Z[0m [34mDEBUG[0m [2mgust_lexer::typechecker::visitor[0m[2m:[0m 🗄️ Stdlib Registered: Alias 'os' maps to prefix 'os_'
[2m2026-06-13T02:06:30.953806Z[0m [34mDEBUG[0m [2mgust_lexer::typechecker::visitor[0m[2m:[0m 🗄️ Stdlib Registered: Alias 'std' maps to prefix 'std_'
[2m2026-06-13T02:06:30.953956Z[0m [34mDEBUG[0m [2mgust_lexer::typechecker::visitor[0m[2m:[0m 🗄️ Function Pre-Registration: Raw name: 'main', Namespaced: 'main', Parameter Count: 0, Params: []
[2m2026-06-13T02:06:30.953986Z[0m [34mDEBUG[0m [2mgust_lexer::typechecker[0m[2m:[0m 👁️ Namespace Resolution: Lookup 'os.Arena.New' -> Resolved: 'os_Arena.New' (Current Prefix: '')
[2m2026-06-13T02:06:30.953998Z[0m [34mDEBUG[0m [2mgust_lexer::typechecker::visitor[0m[2m:[0m 👁️ Expression::Call Evaluation Start: Raw Function: 'os.Arena.New', Resolved: 'os_Arena.New', Registry Has Key: false
[2m2026-06-13T02:06:30.954023Z[0m [34mDEBUG[0m [2mgust_lexer::typechecker::visitor[0m[2m:[0m 👁️ Expression::Call Evaluation Start: Raw Function: 'ctx1.Free', Resolved: 'ctx1.Free', Registry Has Key: false
[2m2026-06-13T02:06:30.954050Z[0m [34mDEBUG[0m [2mgust_lexer::typechecker[0m[2m:[0m 👁️ Namespace Resolution: Lookup 'os.Arena.New' -> Resolved: 'os_Arena.New' (Current Prefix: '')
[2m2026-06-13T02:06:30.954063Z[0m [34mDEBUG[0m [2mgust_lexer::typechecker::visitor[0m[2m:[0m 👁️ Expression::Call Evaluation Start: Raw Function: 'os.Arena.New', Resolved: 'os_Arena.New', Registry Has Key: false
[2m2026-06-13T02:06:30.954086Z[0m [34mDEBUG[0m [2mgust_lexer::typechecker::visitor[0m[2m:[0m 👁️ Expression::Call Evaluation Start: Raw Function: 'ctx2.Free', Resolved: 'ctx2.Free', Registry Has Key: false
[2m2026-06-13T02:06:30.954109Z[0m [34mDEBUG[0m [2mgust_lexer::typechecker[0m[2m:[0m 👁️ Namespace Resolution: Lookup 'os.ArenaAlloc' -> Resolved: 'os_ArenaAlloc' (Current Prefix: '')
[2m2026-06-13T02:06:30.954123Z[0m [34mDEBUG[0m [2mgust_lexer::typechecker::visitor[0m[2m:[0m 👁️ Expression::Call Evaluation Start: Raw Function: 'os.ArenaAlloc', Resolved: 'os_ArenaAlloc', Registry Has Key: false
[2m2026-06-13T02:06:30.954141Z[0m [34mDEBUG[0m [2mgust_lexer::typechecker[0m[2m:[0m 👁️ Namespace Resolution: Lookup 'Any' -> Resolved: 'Any' (Current Prefix: '')
[2m2026-06-13T02:06:30.954153Z[0m [34mDEBUG[0m [2mgust_lexer::typechecker[0m[2m:[0m 👁️ Namespace Resolution: Lookup 'Any' -> Resolved: 'Any' (Current Prefix: '')
[2m2026-06-13T02:06:30.954166Z[0m [34mDEBUG[0m [2mgust_lexer::typechecker[0m[2m:[0m 👁️ Namespace Resolution: Lookup 'Node' -> Resolved: 'Node' (Current Prefix: '')
[2m2026-06-13T02:06:30.954194Z[0m [34mDEBUG[0m [2mgust_lexer::typechecker[0m[2m:[0m 👁️ Namespace Resolution: Lookup 'Node_ctx1' -> Resolved: 'Node_ctx1' (Current Prefix: '')
[2m2026-06-13T02:06:30.954251Z[0m [34mDEBUG[0m [2mgust_lexer::typechecker[0m[2m:[0m 👁️ Namespace Resolution: Lookup 'std.Clone' -> Resolved: 'std_Clone' (Current Prefix: '')
[2m2026-06-13T02:06:30.954263Z[0m [34mDEBUG[0m [2mgust_lexer::typechecker::visitor[0m[2m:[0m 👁️ Expression::Call Evaluation Start: Raw Function: 'std.Clone', Resolved: 'std_Clone', Registry Has Key: true
[2m2026-06-13T02:06:30.954286Z[0m [34mDEBUG[0m [2mgust_lexer::typechecker[0m[2m:[0m 👁️ Namespace Resolution: Lookup 'Node_ctx2' -> Resolved: 'Node_ctx2' (Current Prefix: '')
[2m2026-06-13T02:06:30.954301Z[0m [34mDEBUG[0m [2mgust_lexer::typechecker[0m[2m:[0m 👁️ Namespace Resolution: Lookup 'Node_ctx2' -> Resolved: 'Node_ctx2' (Current Prefix: '')
[2m2026-06-13T02:06:30.954321Z[0m [34mDEBUG[0m [2mgust_lexer::typechecker[0m[2m:[0m 👁️ Namespace Resolution: Lookup 'Node' -> Resolved: 'Node' (Current Prefix: '')
[2m2026-06-13T02:06:30.954347Z[0m [34mDEBUG[0m [2mgust_lexer::typechecker[0m[2m:[0m 👁️ Namespace Resolution: Lookup 'Node_ctx2' -> Resolved: 'Node_ctx2' (Current Prefix: '')
[2m2026-06-13T02:06:30.954750Z[0m [34mDEBUG[0m [2mgust_lexer::typechecker::visitor[0m[2m:[0m 🗄️ Stdlib Registered: Alias 'os' maps to prefix 'os_'
[2m2026-06-13T02:06:30.954763Z[0m [34mDEBUG[0m [2mgust_lexer::typechecker::visitor[0m[2m:[0m 🗄️ Stdlib Registered: Alias 'std' maps to prefix 'std_'
[2m2026-06-13T02:06:30.954912Z[0m [34mDEBUG[0m [2mgust_lexer::typechecker::visitor[0m[2m:[0m 🗄️ Function Pre-Registration: Raw name: 'main', Namespaced: 'main', Parameter Count: 0, Params: []
[2m2026-06-13T02:06:30.954936Z[0m [34mDEBUG[0m [2mgust_lexer::typechecker[0m[2m:[0m 👁️ Namespace Resolution: Lookup 'os.Arena.New' -> Resolved: 'os_Arena.New' (Current Prefix: '')
[2m2026-06-13T02:06:30.954947Z[0m [34mDEBUG[0m [2mgust_lexer::typechecker::visitor[0m[2m:[0m 👁️ Expression::Call Evaluation Start: Raw Function: 'os.Arena.New', Resolved: 'os_Arena.New', Registry Has Key: false
[2m2026-06-13T02:06:30.954968Z[0m [34mDEBUG[0m [2mgust_lexer::typechecker::visitor[0m[2m:[0m 👁️ Expression::Call Evaluation Start: Raw Function: 'ctx1.Free', Resolved: 'ctx1.Free', Registry Has Key: false
[2m2026-06-13T02:06:30.954986Z[0m [34mDEBUG[0m [2mgust_lexer::typechecker[0m[2m:[0m 👁️ Namespace Resolution: Lookup 'os.Arena.New' -> Resolved: 'os_Arena.New' (Current Prefix: '')
[2m2026-06-13T02:06:30.954997Z[0m [34mDEBUG[0m [2mgust_lexer::typechecker::visitor[0m[2m:[0m 👁️ Expression::Call Evaluation Start: Raw Function: 'os.Arena.New', Resolved: 'os_Arena.New', Registry Has Key: false
[2m2026-06-13T02:06:30.955015Z[0m [34mDEBUG[0m [2mgust_lexer::typechecker::visitor[0m[2m:[0m 👁️ Expression::Call Evaluation Start: Raw Function: 'ctx2.Free', Resolved: 'ctx2.Free', Registry Has Key: false
[2m2026-06-13T02:06:30.955035Z[0m [34mDEBUG[0m [2mgust_lexer::typechecker[0m[2m:[0m 👁️ Namespace Resolution: Lookup 'os.ArenaAlloc' -> Resolved: 'os_ArenaAlloc' (Current Prefix: '')
[2m2026-06-13T02:06:30.955046Z[0m [34mDEBUG[0m [2mgust_lexer::typechecker::visitor[0m[2m:[0m 👁️ Expression::Call Evaluation Start: Raw Function: 'os.ArenaAlloc', Resolved: 'os_ArenaAlloc', Registry Has Key: false
[2m2026-06-13T02:06:30.955061Z[0m [34mDEBUG[0m [2mgust_lexer::typechecker[0m[2m:[0m 👁️ Namespace Resolution: Lookup 'Any' -> Resolved: 'Any' (Current Prefix: '')
[2m2026-06-13T02:06:30.955072Z[0m [34mDEBUG[0m [2mgust_lexer::typechecker[0m[2m:[0m 👁️ Namespace Resolution: Lookup 'Any' -> Resolved: 'Any' (Current Prefix: '')
[2m2026-06-13T02:06:30.955085Z[0m [34mDEBUG[0m [2mgust_lexer::typechecker[0m[2m:[0m 👁️ Namespace Resolution: Lookup 'Node' -> Resolved: 'Node' (Current Prefix: '')
[2m2026-06-13T02:06:30.955128Z[0m [34mDEBUG[0m [2mgust_lexer::typechecker[0m[2m:[0m 👁️ Namespace Resolution: Lookup 'Node_ctx1' -> Resolved: 'Node_ctx1' (Current Prefix: '')
[2m2026-06-13T02:06:30.955146Z[0m [34mDEBUG[0m [2mgust_lexer::typechecker[0m[2m:[0m 👁️ Namespace Resolution: Lookup 'Node_ctx1' -> Resolved: 'Node_ctx1' (Current Prefix: '')
[2m2026-06-13T02:06:30.955152Z[0m [34mDEBUG[0m [2mgust_lexer::typechecker[0m[2m:[0m 👁️ Namespace Resolution: Lookup 'Node_ctx1' -> Resolved: 'Node_ctx1' (Current Prefix: '')
[2m2026-06-13T02:06:30.955160Z[0m [34mDEBUG[0m [2mgust_lexer::typechecker[0m[2m:[0m 👁️ Namespace Resolution: Lookup 'Node' -> Resolved: 'Node' (Current Prefix: '')
[2m2026-06-13T02:06:30.955171Z[0m [34mDEBUG[0m [2mgust_lexer::typechecker[0m[2m:[0m 👁️ Namespace Resolution: Lookup 'Node_ctx2' -> Resolved: 'Node_ctx2' (Current Prefix: '')
ok
test test_brand_erasure_utility_functions ... [2m2026-06-13T02:06:30.955525Z[0m [34mDEBUG[0m [2mgust_lexer::typechecker::visitor[0m[2m:[0m 🗄️ Stdlib Registered: Alias 'os' maps to prefix 'os_'
[2m2026-06-13T02:06:30.955535Z[0m [34mDEBUG[0m [2mgust_lexer::typechecker::visitor[0m[2m:[0m 🗄️ Stdlib Registered: Alias 'std' maps to prefix 'std_'
[2m2026-06-13T02:06:30.955652Z[0m [34mDEBUG[0m [2mgust_lexer::typechecker::visitor[0m[2m:[0m 🗄️ Function Pre-Registration: Raw name: 'process', Namespaced: 'process', Parameter Count: 1, Params: ["s: Str"]
[2m2026-06-13T02:06:30.955664Z[0m [34mDEBUG[0m [2mgust_lexer::typechecker::visitor[0m[2m:[0m 🗄️ Function Pre-Registration: Raw name: 'main', Namespaced: 'main', Parameter Count: 0, Params: []
[2m2026-06-13T02:06:30.955688Z[0m [34mDEBUG[0m [2mgust_lexer::typechecker[0m[2m:[0m 👁️ Namespace Resolution: Lookup 'std.str_eq' -> Resolved: 'std_str_eq' (Current Prefix: '')
[2m2026-06-13T02:06:30.955697Z[0m [34mDEBUG[0m [2mgust_lexer::typechecker::visitor[0m[2m:[0m 👁️ Expression::Call Evaluation Start: Raw Function: 'std.str_eq', Resolved: 'std_str_eq', Registry Has Key: true
[2m2026-06-13T02:06:30.955718Z[0m [34mDEBUG[0m [2mgust_lexer::typechecker::visitor[0m[2m:[0m 👁️ Call-Site Verification: Raw Function: 'std.str_eq', Resolved: 'std_str_eq', Expected Params Count: 2, Expected Params: [Str, Str], Actual Args: [("s", Str), ("\"test\"", Str)]
[2m2026-06-13T02:06:30.955734Z[0m [34mDEBUG[0m [2mgust_lexer::typechecker[0m[2m:[0m 👁️ Namespace Resolution: Lookup 'std.str_eq' -> Resolved: 'std_str_eq' (Current Prefix: '')
[2m2026-06-13T02:06:30.955753Z[0m [34mDEBUG[0m [2mgust_lexer::typechecker[0m[2m:[0m 👁️ Namespace Resolution: Lookup 'os.Arena.New' -> Resolved: 'os_Arena.New' (Current Prefix: '')
[2m2026-06-13T02:06:30.955761Z[0m [34mDEBUG[0m [2mgust_lexer::typechecker::visitor[0m[2m:[0m 👁️ Expression::Call Evaluation Start: Raw Function: 'os.Arena.New', Resolved: 'os_Arena.New', Registry Has Key: false
[2m2026-06-13T02:06:30.955778Z[0m [34mDEBUG[0m [2mgust_lexer::typechecker::visitor[0m[2m:[0m 👁️ Expression::Call Evaluation Start: Raw Function: 'ctx.Free', Resolved: 'ctx.Free', Registry Has Key: false
[2m2026-06-13T02:06:30.955796Z[0m [34mDEBUG[0m [2mgust_lexer::typechecker[0m[2m:[0m 👁️ Namespace Resolution: Lookup 'os.ArenaAlloc' -> Resolved: 'os_ArenaAlloc' (Current Prefix: '')
[2m2026-06-13T02:06:30.955807Z[0m [34mDEBUG[0m [2mgust_lexer::typechecker::visitor[0m[2m:[0m 👁️ Expression::Call Evaluation Start: Raw Function: 'os.ArenaAlloc', Resolved: 'os_ArenaAlloc', Registry Has Key: false
[2m2026-06-13T02:06:30.955819Z[0m [34mDEBUG[0m [2mgust_lexer::typechecker[0m[2m:[0m 👁️ Namespace Resolution: Lookup 'Any' -> Resolved: 'Any' (Current Prefix: '')
[2m2026-06-13T02:06:30.955829Z[0m [34mDEBUG[0m [2mgust_lexer::typechecker[0m[2m:[0m 👁️ Namespace Resolution: Lookup 'Any' -> Resolved: 'Any' (Current Prefix: '')
[2m2026-06-13T02:06:30.955840Z[0m [34mDEBUG[0m [2mgust_lexer::typechecker[0m[2m:[0m 👁️ Namespace Resolution: Lookup 'Node' -> Resolved: 'Node' (Current Prefix: '')
[2m2026-06-13T02:06:30.955861Z[0m [34mDEBUG[0m [2mgust_lexer::typechecker[0m[2m:[0m 👁️ Namespace Resolution: Lookup 'Node_ctx' -> Resolved: 'Node_ctx' (Current Prefix: '')
[2m2026-06-13T02:06:30.955904Z[0m [34mDEBUG[0m [2mgust_lexer::typechecker[0m[2m:[0m 👁️ Namespace Resolution: Lookup 'process' -> Resolved: 'process' (Current Prefix: '')
[2m2026-06-13T02:06:30.955915Z[0m [34mDEBUG[0m [2mgust_lexer::typechecker::visitor[0m[2m:[0m 👁️ Expression::Call Evaluation Start: Raw Function: 'process', Resolved: 'process', Registry Has Key: true
[2m2026-06-13T02:06:30.955938Z[0m [34mDEBUG[0m [2mgust_lexer::typechecker::visitor[0m[2m:[0m 👁️ Call-Site Verification: Raw Function: 'process', Resolved: 'process', Expected Params Count: 1, Expected Params: [Str], Actual Args: [("ctx[n].name", Str)]
ok
test test_brand_lifetime_mismatch_rejected ... [2m2026-06-13T02:06:30.956281Z[0m [34mDEBUG[0m [2mgust_lexer::typechecker::visitor[0m[2m:[0m 🗄️ Stdlib Registered: Alias 'os' maps to prefix 'os_'
[2m2026-06-13T02:06:30.956292Z[0m [34mDEBUG[0m [2mgust_lexer::typechecker::visitor[0m[2m:[0m 🗄️ Stdlib Registered: Alias 'std' maps to prefix 'std_'
[2m2026-06-13T02:06:30.956408Z[0m [34mDEBUG[0m [2mgust_lexer::typechecker::visitor[0m[2m:[0m 🗄️ Function Pre-Registration: Raw name: 'main', Namespaced: 'main', Parameter Count: 0, Params: []
[2m2026-06-13T02:06:30.956429Z[0m [34mDEBUG[0m [2mgust_lexer::typechecker[0m[2m:[0m 👁️ Namespace Resolution: Lookup 'os.Arena.New' -> Resolved: 'os_Arena.New' (Current Prefix: '')
[2m2026-06-13T02:06:30.956439Z[0m [34mDEBUG[0m [2mgust_lexer::typechecker::visitor[0m[2m:[0m 👁️ Expression::Call Evaluation Start: Raw Function: 'os.Arena.New', Resolved: 'os_Arena.New', Registry Has Key: false
[2m2026-06-13T02:06:30.956455Z[0m [34mDEBUG[0m [2mgust_lexer::typechecker::visitor[0m[2m:[0m 👁️ Expression::Call Evaluation Start: Raw Function: 'ctx1.Free', Resolved: 'ctx1.Free', Registry Has Key: false
[2m2026-06-13T02:06:30.956475Z[0m [34mDEBUG[0m [2mgust_lexer::typechecker[0m[2m:[0m 👁️ Namespace Resolution: Lookup 'os.Arena.New' -> Resolved: 'os_Arena.New' (Current Prefix: '')
[2m2026-06-13T02:06:30.956485Z[0m [34mDEBUG[0m [2mgust_lexer::typechecker::visitor[0m[2m:[0m 👁️ Expression::Call Evaluation Start: Raw Function: 'os.Arena.New', Resolved: 'os_Arena.New', Registry Has Key: false
[2m2026-06-13T02:06:30.956500Z[0m [34mDEBUG[0m [2mgust_lexer::typechecker::visitor[0m[2m:[0m 👁️ Expression::Call Evaluation Start: Raw Function: 'ctx2.Free', Resolved: 'ctx2.Free', Registry Has Key: false
[2m2026-06-13T02:06:30.956517Z[0m [34mDEBUG[0m [2mgust_lexer::typechecker[0m[2m:[0m 👁️ Namespace Resolution: Lookup 'os.ArenaAlloc' -> Resolved: 'os_ArenaAlloc' (Current Prefix: '')
[2m2026-06-13T02:06:30.956527Z[0m [34mDEBUG[0m [2mgust_lexer::typechecker::visitor[0m[2m:[0m 👁️ Expression::Call Evaluation Start: Raw Function: 'os.ArenaAlloc', Resolved: 'os_ArenaAlloc', Registry Has Key: false
[2m2026-06-13T02:06:30.956539Z[0m [34mDEBUG[0m [2mgust_lexer::typechecker[0m[2m:[0m 👁️ Namespace Resolution: Lookup 'Any' -> Resolved: 'Any' (Current Prefix: '')
[2m2026-06-13T02:06:30.956550Z[0m [34mDEBUG[0m [2mgust_lexer::typechecker[0m[2m:[0m 👁️ Namespace Resolution: Lookup 'Any' -> Resolved: 'Any' (Current Prefix: '')
[2m2026-06-13T02:06:30.956560Z[0m [34mDEBUG[0m [2mgust_lexer::typechecker[0m[2m:[0m 👁️ Namespace Resolution: Lookup 'CustomNode' -> Resolved: 'CustomNode' (Current Prefix: '')
[2m2026-06-13T02:06:30.956579Z[0m [34mDEBUG[0m [2mgust_lexer::typechecker[0m[2m:[0m 👁️ Namespace Resolution: Lookup 'CustomNode_ctx1' -> Resolved: 'CustomNode_ctx1' (Current Prefix: '')
ok
test test_branded_generic_instantiated_with_view_accepted ... [2m2026-06-13T02:06:30.956852Z[0m [34mDEBUG[0m [2mgust_lexer::typechecker::visitor[0m[2m:[0m 🗄️ Stdlib Registered: Alias 'os' maps to prefix 'os_'
[2m2026-06-13T02:06:30.956863Z[0m [34mDEBUG[0m [2mgust_lexer::typechecker::visitor[0m[2m:[0m 🗄️ Stdlib Registered: Alias 'std' maps to prefix 'std_'
[2m2026-06-13T02:06:30.956940Z[0m [34mDEBUG[0m [2mgust_lexer::typechecker::visitor[0m[2m:[0m 🗄️ Function Pre-Registration: Raw name: 'main', Namespaced: 'main', Parameter Count: 0, Params: []
[2m2026-06-13T02:06:30.956958Z[0m [34mDEBUG[0m [2mgust_lexer::typechecker[0m[2m:[0m 👁️ Namespace Resolution: Lookup 'os.Arena.New' -> Resolved: 'os_Arena.New' (Current Prefix: '')
[2m2026-06-13T02:06:30.956965Z[0m [34mDEBUG[0m [2mgust_lexer::typechecker::visitor[0m[2m:[0m 👁️ Expression::Call Evaluation Start: Raw Function: 'os.Arena.New', Resolved: 'os_Arena.New', Registry Has Key: false
[2m2026-06-13T02:06:30.956977Z[0m [34mDEBUG[0m [2mgust_lexer::typechecker::visitor[0m[2m:[0m 👁️ Expression::Call Evaluation Start: Raw Function: 'ctx.Free', Resolved: 'ctx.Free', Registry Has Key: false
[2m2026-06-13T02:06:30.956995Z[0m [34mDEBUG[0m [2mgust_lexer::typechecker[0m[2m:[0m 👁️ Namespace Resolution: Lookup 'Holder' -> Resolved: 'Holder' (Current Prefix: '')
[2m2026-06-13T02:06:30.957002Z[0m [34mDEBUG[0m [2mgust_lexer::typechecker[0m[2m:[0m 👁️ Namespace Resolution: Lookup 'ctx' -> Resolved: 'ctx' (Current Prefix: '')
[2m2026-06-13T02:06:30.957009Z[0m [34mDEBUG[0m [2mgust_lexer::typechecker[0m[2m:[0m 👁️ Namespace Resolution: Lookup 'ctx' -> Resolved: 'ctx' (Current Prefix: '')
[2m2026-06-13T02:06:30.957025Z[0m [34mDEBUG[0m [2mgust_lexer::typechecker[0m[2m:[0m 👁️ Namespace Resolution: Lookup 'Holder_str_ctx' -> Resolved: 'Holder_str_ctx' (Current Prefix: '')
[2m2026-06-13T02:06:30.957032Z[0m [34mDEBUG[0m [2mgust_lexer::typechecker[0m[2m:[0m 👁️ Namespace Resolution: Lookup 'Holder' -> Resolved: 'Holder' (Current Prefix: '')
[2m2026-06-13T02:06:30.957038Z[0m [34mDEBUG[0m [2mgust_lexer::typechecker[0m[2m:[0m 👁️ Namespace Resolution: Lookup 'ctx' -> Resolved: 'ctx' (Current Prefix: '')
[2m2026-06-13T02:06:30.957044Z[0m [34mDEBUG[0m [2mgust_lexer::typechecker[0m[2m:[0m 👁️ Namespace Resolution: Lookup 'ctx' -> Resolved: 'ctx' (Current Prefix: '')
[2m2026-06-13T02:06:30.957054Z[0m [34mDEBUG[0m [2mgust_lexer::typechecker[0m[2m:[0m 👁️ Namespace Resolution: Lookup 'Holder_str_ctx' -> Resolved: 'Holder_str_ctx' (Current Prefix: '')
ok
test test_branded_hashmap_safety_rejected ... [2m2026-06-13T02:06:30.957398Z[0m [34mDEBUG[0m [2mgust_lexer::typechecker::visitor[0m[2m:[0m 🗄️ Stdlib Registered: Alias 'os' maps to prefix 'os_'
[2m2026-06-13T02:06:30.957408Z[0m [34mDEBUG[0m [2mgust_lexer::typechecker::visitor[0m[2m:[0m 🗄️ Stdlib Registered: Alias 'std' maps to prefix 'std_'
[2m2026-06-13T02:06:30.957523Z[0m [34mDEBUG[0m [2mgust_lexer::typechecker::visitor[0m[2m:[0m 🗄️ Function Pre-Registration: Raw name: 'main', Namespaced: 'main', Parameter Count: 0, Params: []
[2m2026-06-13T02:06:30.957542Z[0m [34mDEBUG[0m [2mgust_lexer::typechecker[0m[2m:[0m 👁️ Namespace Resolution: Lookup 'os.Arena.New' -> Resolved: 'os_Arena.New' (Current Prefix: '')
[2m2026-06-13T02:06:30.957552Z[0m [34mDEBUG[0m [2mgust_lexer::typechecker::visitor[0m[2m:[0m 👁️ Expression::Call Evaluation Start: Raw Function: 'os.Arena.New', Resolved: 'os_Arena.New', Registry Has Key: false
[2m2026-06-13T02:06:30.957568Z[0m [34mDEBUG[0m [2mgust_lexer::typechecker::visitor[0m[2m:[0m 👁️ Expression::Call Evaluation Start: Raw Function: 'ctx1.Free', Resolved: 'ctx1.Free', Registry Has Key: false
[2m2026-06-13T02:06:30.957587Z[0m [34mDEBUG[0m [2mgust_lexer::typechecker[0m[2m:[0m 👁️ Namespace Resolution: Lookup 'os.Arena.New' -> Resolved: 'os_Arena.New' (Current Prefix: '')
[2m2026-06-13T02:06:30.957596Z[0m [34mDEBUG[0m [2mgust_lexer::typechecker::visitor[0m[2m:[0m 👁️ Expression::Call Evaluation Start: Raw Function: 'os.Arena.New', Resolved: 'os_Arena.New', Registry Has Key: false
[2m2026-06-13T02:06:30.957610Z[0m [34mDEBUG[0m [2mgust_lexer::typechecker::visitor[0m[2m:[0m 👁️ Expression::Call Evaluation Start: Raw Function: 'ctx2.Free', Resolved: 'ctx2.Free', Registry Has Key: false
[2m2026-06-13T02:06:30.957627Z[0m [34mDEBUG[0m [2mgust_lexer::typechecker[0m[2m:[0m 👁️ Namespace Resolution: Lookup 'os.HashMapNew' -> Resolved: 'os_HashMapNew' (Current Prefix: '')
[2m2026-06-13T02:06:30.957636Z[0m [34mDEBUG[0m [2mgust_lexer::typechecker::visitor[0m[2m:[0m 👁️ Expression::Call Evaluation Start: Raw Function: 'os.HashMapNew', Resolved: 'os_HashMapNew', Registry Has Key: false
[2m2026-06-13T02:06:30.957649Z[0m [34mDEBUG[0m [2mgust_lexer::typechecker[0m[2m:[0m 👁️ Namespace Resolution: Lookup 'HashMap_Any' -> Resolved: 'HashMap_Any' (Current Prefix: '')
[2m2026-06-13T02:06:30.957660Z[0m [34mDEBUG[0m [2mgust_lexer::typechecker[0m[2m:[0m 👁️ Namespace Resolution: Lookup 'HashMap_Any' -> Resolved: 'HashMap_Any' (Current Prefix: '')
[2m2026-06-13T02:06:30.957673Z[0m [34mDEBUG[0m [2mgust_lexer::typechecker[0m[2m:[0m 👁️ Namespace Resolution: Lookup 'HashMap' -> Resolved: 'HashMap' (Current Prefix: '')
[2m2026-06-13T02:06:30.957683Z[0m [34mDEBUG[0m [2mgust_lexer::typechecker[0m[2m:[0m 👁️ Namespace Resolution: Lookup 'Node' -> Resolved: 'Node' (Current Prefix: '')
[2m2026-06-13T02:06:30.957691Z[0m [34mDEBUG[0m [2mgust_lexer::typechecker[0m[2m:[0m 👁️ Namespace Resolution: Lookup 'ctx1' -> Resolved: 'ctx1' (Current Prefix: '')
[2m2026-06-13T02:06:30.957700Z[0m [34mDEBUG[0m [2mgust_lexer::typechecker[0m[2m:[0m 👁️ Namespace Resolution: Lookup 'Node' -> Resolved: 'Node' (Current Prefix: '')
[2m2026-06-13T02:06:30.957721Z[0m [34mDEBUG[0m [2mgust_lexer::typechecker[0m[2m:[0m 👁️ Namespace Resolution: Lookup 'ctx1' -> Resolved: 'ctx1' (Current Prefix: '')
[2m2026-06-13T02:06:30.957749Z[0m [34mDEBUG[0m [2mgust_lexer::typechecker[0m[2m:[0m 👁️ Namespace Resolution: Lookup 'Node_ctx1' -> Resolved: 'Node_ctx1' (Current Prefix: '')
[2m2026-06-13T02:06:30.957760Z[0m [34mDEBUG[0m [2mgust_lexer::typechecker[0m[2m:[0m 👁️ Namespace Resolution: Lookup 'Node_ctx1' -> Resolved: 'Node_ctx1' (Current Prefix: '')
[2m2026-06-13T02:06:30.957777Z[0m [34mDEBUG[0m [2mgust_lexer::typechecker[0m[2m:[0m 👁️ Namespace Resolution: Lookup 'HashMap_int_Index_Node_ctx1_ctx1' -> Resolved: 'HashMap_int_Index_Node_ctx1_ctx1' (Current Prefix: '')
[2m2026-06-13T02:06:30.957793Z[0m [34mDEBUG[0m [2mgust_lexer::typechecker[0m[2m:[0m 👁️ Namespace Resolution: Lookup 'os.ArenaAlloc' -> Resolved: 'os_ArenaAlloc' (Current Prefix: '')
[2m2026-06-13T02:06:30.957804Z[0m [34mDEBUG[0m [2mgust_lexer::typechecker::visitor[0m[2m:[0m 👁️ Expression::Call Evaluation Start: Raw Function: 'os.ArenaAlloc', Resolved: 'os_ArenaAlloc', Registry Has Key: false
[2m2026-06-13T02:06:30.957818Z[0m [34mDEBUG[0m [2mgust_lexer::typechecker[0m[2m:[0m 👁️ Namespace Resolution: Lookup 'Any' -> Resolved: 'Any' (Current Prefix: '')
[2m2026-06-13T02:06:30.957828Z[0m [34mDEBUG[0m [2mgust_lexer::typechecker[0m[2m:[0m 👁️ Namespace Resolution: Lookup 'Any' -> Resolved: 'Any' (Current Prefix: '')
[2m2026-06-13T02:06:30.957841Z[0m [34mDEBUG[0m [2mgust_lexer::typechecker[0m[2m:[0m 👁️ Namespace Resolution: Lookup 'Node' -> Resolved: 'Node' (Current Prefix: '')
[2m2026-06-13T02:06:30.957857Z[0m [34mDEBUG[0m [2mgust_lexer::typechecker[0m[2m:[0m 👁️ Namespace Resolution: Lookup 'Node_ctx1' -> Resolved: 'Node_ctx1' (Current Prefix: '')
[2m2026-06-13T02:06:30.957875Z[0m [34mDEBUG[0m [2mgust_lexer::typechecker::visitor[0m[2m:[0m 👁️ Expression::Call Evaluation Start: Raw Function: 'map.Insert', Resolved: 'map.Insert', Registry Has Key: false
ok
test test_branded_struct_containing_slice_accepted ... [2m2026-06-13T02:06:30.958159Z[0m [34mDEBUG[0m [2mgust_lexer::typechecker::visitor[0m[2m:[0m 🗄️ Stdlib Registered: Alias 'os' maps to prefix 'os_'
[2m2026-06-13T02:06:30.958168Z[0m [34mDEBUG[0m [2mgust_lexer::typechecker::visitor[0m[2m:[0m 🗄️ Stdlib Registered: Alias 'std' maps to prefix 'std_'
[2m2026-06-13T02:06:30.958243Z[0m [34mDEBUG[0m [2mgust_lexer::typechecker::visitor[0m[2m:[0m 🗄️ Function Pre-Registration: Raw name: 'main', Namespaced: 'main', Parameter Count: 0, Params: []
ok
test test_branded_vector_safety_rejected ... [2m2026-06-13T02:06:30.958552Z[0m [34mDEBUG[0m [2mgust_lexer::typechecker::visitor[0m[2m:[0m 🗄️ Stdlib Registered: Alias 'os' maps to prefix 'os_'
[2m2026-06-13T02:06:30.958562Z[0m [34mDEBUG[0m [2mgust_lexer::typechecker::visitor[0m[2m:[0m 🗄️ Stdlib Registered: Alias 'std' maps to prefix 'std_'
[2m2026-06-13T02:06:30.958678Z[0m [34mDEBUG[0m [2mgust_lexer::typechecker::visitor[0m[2m:[0m 🗄️ Function Pre-Registration: Raw name: 'main', Namespaced: 'main', Parameter Count: 0, Params: []
[2m2026-06-13T02:06:30.958708Z[0m [34mDEBUG[0m [2mgust_lexer::typechecker[0m[2m:[0m 👁️ Namespace Resolution: Lookup 'os.Arena.New' -> Resolved: 'os_Arena.New' (Current Prefix: '')
[2m2026-06-13T02:06:30.958722Z[0m [34mDEBUG[0m [2mgust_lexer::typechecker::visitor[0m[2m:[0m 👁️ Expression::Call Evaluation Start: Raw Function: 'os.Arena.New', Resolved: 'os_Arena.New', Registry Has Key: false
[2m2026-06-13T02:06:30.958740Z[0m [34mDEBUG[0m [2mgust_lexer::typechecker::visitor[0m[2m:[0m 👁️ Expression::Call Evaluation Start: Raw Function: 'ctx1.Free', Resolved: 'ctx1.Free', Registry Has Key: false
[2m2026-06-13T02:06:30.958756Z[0m [34mDEBUG[0m [2mgust_lexer::typechecker[0m[2m:[0m 👁️ Namespace Resolution: Lookup 'os.Arena.New' -> Resolved: 'os_Arena.New' (Current Prefix: '')
[2m2026-06-13T02:06:30.958763Z[0m [34mDEBUG[0m [2mgust_lexer::typechecker::visitor[0m[2m:[0m 👁️ Expression::Call Evaluation Start: Raw Function: 'os.Arena.New', Resolved: 'os_Arena.New', Registry Has Key: false
[2m2026-06-13T02:06:30.958772Z[0m [34mDEBUG[0m [2mgust_lexer::typechecker::visitor[0m[2m:[0m 👁️ Expression::Call Evaluation Start: Raw Function: 'ctx2.Free', Resolved: 'ctx2.Free', Registry Has Key: false
[2m2026-06-13T02:06:30.958783Z[0m [34mDEBUG[0m [2mgust_lexer::typechecker[0m[2m:[0m 👁️ Namespace Resolution: Lookup 'os.VectorNew' -> Resolved: 'os_VectorNew' (Current Prefix: '')
[2m2026-06-13T02:06:30.958790Z[0m [34mDEBUG[0m [2mgust_lexer::typechecker::visitor[0m[2m:[0m 👁️ Expression::Call Evaluation Start: Raw Function: 'os.VectorNew', Resolved: 'os_VectorNew', Registry Has Key: false
[2m2026-06-13T02:06:30.958799Z[0m [34mDEBUG[0m [2mgust_lexer::typechecker[0m[2m:[0m 👁️ Namespace Resolution: Lookup 'Vector_Any' -> Resolved: 'Vector_Any' (Current Prefix: '')
[2m2026-06-13T02:06:30.958806Z[0m [34mDEBUG[0m [2mgust_lexer::typechecker[0m[2m:[0m 👁️ Namespace Resolution: Lookup 'Vector_Any' -> Resolved: 'Vector_Any' (Current Prefix: '')
[2m2026-06-13T02:06:30.958813Z[0m [34mDEBUG[0m [2mgust_lexer::typechecker[0m[2m:[0m 👁️ Namespace Resolution: Lookup 'Vector' -> Resolved: 'Vector' (Current Prefix: '')
[2m2026-06-13T02:06:30.958820Z[0m [34mDEBUG[0m [2mgust_lexer::typechecker[0m[2m:[0m 👁️ Namespace Resolution: Lookup 'Node' -> Resolved: 'Node' (Current Prefix: '')
[2m2026-06-13T02:06:30.958825Z[0m [34mDEBUG[0m [2mgust_lexer::typechecker[0m[2m:[0m 👁️ Namespace Resolution: Lookup 'ctx1' -> Resolved: 'ctx1' (Current Prefix: '')
[2m2026-06-13T02:06:30.958831Z[0m [34mDEBUG[0m [2mgust_lexer::typechecker[0m[2m:[0m 👁️ Namespace Resolution: Lookup 'Node' -> Resolved: 'Node' (Current Prefix: '')
[2m2026-06-13T02:06:30.958843Z[0m [34mDEBUG[0m [2mgust_lexer::typechecker[0m[2m:[0m 👁️ Namespace Resolution: Lookup 'ctx1' -> Resolved: 'ctx1' (Current Prefix: '')
[2m2026-06-13T02:06:30.958858Z[0m [34mDEBUG[0m [2mgust_lexer::typechecker[0m[2m:[0m 👁️ Namespace Resolution: Lookup 'Node_ctx1' -> Resolved: 'Node_ctx1' (Current Prefix: '')
[2m2026-06-13T02:06:30.958865Z[0m [34mDEBUG[0m [2mgust_lexer::typechecker[0m[2m:[0m 👁️ Namespace Resolution: Lookup 'Node_ctx1' -> Resolved: 'Node_ctx1' (Current Prefix: '')
[2m2026-06-13T02:06:30.958877Z[0m [34mDEBUG[0m [2mgust_lexer::typechecker[0m[2m:[0m 👁️ Namespace Resolution: Lookup 'Vector_Index_Node_ctx1_ctx1' -> Resolved: 'Vector_Index_Node_ctx1_ctx1' (Current Prefix: '')
[2m2026-06-13T02:06:30.958888Z[0m [34mDEBUG[0m [2mgust_lexer::typechecker[0m[2m:[0m 👁️ Namespace Resolution: Lookup 'os.ArenaAlloc' -> Resolved: 'os_ArenaAlloc' (Current Prefix: '')
[2m2026-06-13T02:06:30.958894Z[0m [34mDEBUG[0m [2mgust_lexer::typechecker::visitor[0m[2m:[0m 👁️ Expression::Call Evaluation Start: Raw Function: 'os.ArenaAlloc', Resolved: 'os_ArenaAlloc', Registry Has Key: false
[2m2026-06-13T02:06:30.958902Z[0m [34mDEBUG[0m [2mgust_lexer::typechecker[0m[2m:[0m 👁️ Namespace Resolution: Lookup 'Any' -> Resolved: 'Any' (Current Prefix: '')
[2m2026-06-13T02:06:30.958909Z[0m [34mDEBUG[0m [2mgust_lexer::typechecker[0m[2m:[0m 👁️ Namespace Resolution: Lookup 'Any' -> Resolved: 'Any' (Current Prefix: '')
[2m2026-06-13T02:06:30.958918Z[0m [34mDEBUG[0m [2mgust_lexer::typechecker[0m[2m:[0m 👁️ Namespace Resolution: Lookup 'Node' -> Resolved: 'Node' (Current Prefix: '')
[2m2026-06-13T02:06:30.958928Z[0m [34mDEBUG[0m [2mgust_lexer::typechecker[0m[2m:[0m 👁️ Namespace Resolution: Lookup 'Node_ctx1' -> Resolved: 'Node_ctx1' (Current Prefix: '')
[2m2026-06-13T02:06:30.958941Z[0m [34mDEBUG[0m [2mgust_lexer::typechecker::visitor[0m[2m:[0m 👁️ Expression::Call Evaluation Start: Raw Function: 'vec.Push', Resolved: 'vec.Push', Registry Has Key: false
ok
test test_channel_mismatched_send ... [2m2026-06-13T02:06:30.959231Z[0m [34mDEBUG[0m [2mgust_lexer::typechecker::visitor[0m[2m:[0m 🗄️ Stdlib Registered: Alias 'os' maps to prefix 'os_'
[2m2026-06-13T02:06:30.959239Z[0m [34mDEBUG[0m [2mgust_lexer::typechecker::visitor[0m[2m:[0m 🗄️ Stdlib Registered: Alias 'std' maps to prefix 'std_'
[2m2026-06-13T02:06:30.959311Z[0m [34mDEBUG[0m [2mgust_lexer::typechecker::visitor[0m[2m:[0m 🗄️ Function Pre-Registration: Raw name: 'main', Namespaced: 'main', Parameter Count: 0, Params: []
[2m2026-06-13T02:06:30.959325Z[0m [34mDEBUG[0m [2mgust_lexer::typechecker[0m[2m:[0m 👁️ Namespace Resolution: Lookup 'os.Arena.New' -> Resolved: 'os_Arena.New' (Current Prefix: '')
[2m2026-06-13T02:06:30.959333Z[0m [34mDEBUG[0m [2mgust_lexer::typechecker::visitor[0m[2m:[0m 👁️ Expression::Call Evaluation Start: Raw Function: 'os.Arena.New', Resolved: 'os_Arena.New', Registry Has Key: false
[2m2026-06-13T02:06:30.959344Z[0m [34mDEBUG[0m [2mgust_lexer::typechecker::visitor[0m[2m:[0m 👁️ Expression::Call Evaluation Start: Raw Function: 'ctx.Free', Resolved: 'ctx.Free', Registry Has Key: false
[2m2026-06-13T02:06:30.959357Z[0m [34mDEBUG[0m [2mgust_lexer::typechecker[0m[2m:[0m 👁️ Namespace Resolution: Lookup 'std.ChannelNew' -> Resolved: 'std_ChannelNew' (Current Prefix: '')
[2m2026-06-13T02:06:30.959365Z[0m [34mDEBUG[0m [2mgust_lexer::typechecker::visitor[0m[2m:[0m 👁️ Expression::Call Evaluation Start: Raw Function: 'std.ChannelNew', Resolved: 'std_ChannelNew', Registry Has Key: true
[2m2026-06-13T02:06:30.959376Z[0m [34mDEBUG[0m [2mgust_lexer::typechecker::visitor[0m[2m:[0m 👁️ Call-Site Verification: Raw Function: 'std.ChannelNew', Resolved: 'std_ChannelNew', Expected Params Count: 1, Expected Params: [RawPointer(Arena)], Actual Args: [("ctx", Arena)]
[2m2026-06-13T02:06:30.959390Z[0m [34mDEBUG[0m [2mgust_lexer::typechecker[0m[2m:[0m 👁️ Namespace Resolution: Lookup 'Channel_Any' -> Resolved: 'Channel_Any' (Current Prefix: '')
[2m2026-06-13T02:06:30.959396Z[0m [34mDEBUG[0m [2mgust_lexer::typechecker[0m[2m:[0m 👁️ Namespace Resolution: Lookup 'Channel_Any' -> Resolved: 'Channel_Any' (Current Prefix: '')
[2m2026-06-13T02:06:30.959404Z[0m [34mDEBUG[0m [2mgust_lexer::typechecker[0m[2m:[0m 👁️ Namespace Resolution: Lookup 'std.Channel' -> Resolved: 'std_Channel' (Current Prefix: '')
[2m2026-06-13T02:06:30.959409Z[0m [34mDEBUG[0m [2mgust_lexer::typechecker[0m[2m:[0m 👁️ Namespace Resolution: Lookup 'ctx' -> Resolved: 'ctx' (Current Prefix: '')
[2m2026-06-13T02:06:30.959415Z[0m [34mDEBUG[0m [2mgust_lexer::typechecker[0m[2m:[0m 👁️ Namespace Resolution: Lookup 'ctx' -> Resolved: 'ctx' (Current Prefix: '')
[2m2026-06-13T02:06:30.959429Z[0m [34mDEBUG[0m [2mgust_lexer::typechecker[0m[2m:[0m 👁️ Namespace Resolution: Lookup 'std_Channel_str_ctx' -> Resolved: 'std_Channel_str_ctx' (Current Prefix: '')
[2m2026-06-13T02:06:30.959440Z[0m [34mDEBUG[0m [2mgust_lexer::typechecker::visitor[0m[2m:[0m 👁️ Expression::Call Evaluation Start: Raw Function: 'c.Send', Resolved: 'c.Send', Registry Has Key: false
ok
test test_character_classification_and_parsing_type_checking ... [2m2026-06-13T02:06:30.959725Z[0m [34mDEBUG[0m [2mgust_lexer::typechecker::visitor[0m[2m:[0m 🗄️ Stdlib Registered: Alias 'os' maps to prefix 'os_'
[2m2026-06-13T02:06:30.959735Z[0m [34mDEBUG[0m [2mgust_lexer::typechecker::visitor[0m[2m:[0m 🗄️ Stdlib Registered: Alias 'std' maps to prefix 'std_'
[2m2026-06-13T02:06:30.959835Z[0m [34mDEBUG[0m [2mgust_lexer::typechecker::visitor[0m[2m:[0m 🗄️ Function Pre-Registration: Raw name: 'main', Namespaced: 'main', Parameter Count: 0, Params: []
[2m2026-06-13T02:06:30.959859Z[0m [34mDEBUG[0m [2mgust_lexer::typechecker[0m[2m:[0m 👁️ Namespace Resolution: Lookup 'std.is_digit' -> Resolved: 'std_is_digit' (Current Prefix: '')
[2m2026-06-13T02:06:30.959869Z[0m [34mDEBUG[0m [2mgust_lexer::typechecker::visitor[0m[2m:[0m 👁️ Expression::Call Evaluation Start: Raw Function: 'std.is_digit', Resolved: 'std_is_digit', Registry Has Key: true
[2m2026-06-13T02:06:30.959885Z[0m [34mDEBUG[0m [2mgust_lexer::typechecker::visitor[0m[2m:[0m 👁️ Call-Site Verification: Raw Function: 'std.is_digit', Resolved: 'std_is_digit', Expected Params Count: 1, Expected Params: [Byte], Actual Args: [("b", Byte)]
[2m2026-06-13T02:06:30.959903Z[0m [34mDEBUG[0m [2mgust_lexer::typechecker[0m[2m:[0m 👁️ Namespace Resolution: Lookup 'std.is_alpha' -> Resolved: 'std_is_alpha' (Current Prefix: '')
[2m2026-06-13T02:06:30.959913Z[0m [34mDEBUG[0m [2mgust_lexer::typechecker::visitor[0m[2m:[0m 👁️ Expression::Call Evaluation Start: Raw Function: 'std.is_alpha', Resolved: 'std_is_alpha', Registry Has Key: true
[2m2026-06-13T02:06:30.959927Z[0m [34mDEBUG[0m [2mgust_lexer::typechecker::visitor[0m[2m:[0m 👁️ Call-Site Verification: Raw Function: 'std.is_alpha', Resolved: 'std_is_alpha', Expected Params Count: 1, Expected Params: [Byte], Actual Args: [("b", Byte)]
[2m2026-06-13T02:06:30.959944Z[0m [34mDEBUG[0m [2mgust_lexer::typechecker[0m[2m:[0m 👁️ Namespace Resolution: Lookup 'std.is_whitespace' -> Resolved: 'std_is_whitespace' (Current Prefix: '')
[2m2026-06-13T02:06:30.959953Z[0m [34mDEBUG[0m [2mgust_lexer::typechecker::visitor[0m[2m:[0m 👁️ Expression::Call Evaluation Start: Raw Function: 'std.is_whitespace', Resolved: 'std_is_whitespace', Registry Has Key: true
[2m2026-06-13T02:06:30.959965Z[0m [34mDEBUG[0m [2mgust_lexer::typechecker::visitor[0m[2m:[0m 👁️ Call-Site Verification: Raw Function: 'std.is_whitespace', Resolved: 'std_is_whitespace', Expected Params Count: 1, Expected Params: [Byte], Actual Args: [("b", Byte)]
[2m2026-06-13T02:06:30.959995Z[0m [34mDEBUG[0m [2mgust_lexer::typechecker[0m[2m:[0m 👁️ Namespace Resolution: Lookup 'std.parse_int' -> Resolved: 'std_parse_int' (Current Prefix: '')
[2m2026-06-13T02:06:30.960005Z[0m [34mDEBUG[0m [2mgust_lexer::typechecker::visitor[0m[2m:[0m 👁️ Expression::Call Evaluation Start: Raw Function: 'std.parse_int', Resolved: 'std_parse_int', Registry Has Key: true
[2m2026-06-13T02:06:30.960021Z[0m [34mDEBUG[0m [2mgust_lexer::typechecker::visitor[0m[2m:[0m 👁️ Call-Site Verification: Raw Function: 'std.parse_int', Resolved: 'std_parse_int', Expected Params Count: 1, Expected Params: [Str], Actual Args: [("num_str", Str)]
ok
test test_checked_results_manual_inspection ... ok
test test_checked_results_scoping ... [2m2026-06-13T02:06:30.960371Z[0m [34mDEBUG[0m [2mgust_lexer::typechecker::visitor[0m[2m:[0m 🗄️ Stdlib Registered: Alias 'os' maps to prefix 'os_'
[2m2026-06-13T02:06:30.960381Z[0m [34mDEBUG[0m [2mgust_lexer::typechecker::visitor[0m[2m:[0m 🗄️ Stdlib Registered: Alias 'std' maps to prefix 'std_'
[2m2026-06-13T02:06:30.960481Z[0m [34mDEBUG[0m [2mgust_lexer::typechecker::visitor[0m[2m:[0m 🗄️ Function Pre-Registration: Raw name: 'main', Namespaced: 'main', Parameter Count: 0, Params: []
[2m2026-06-13T02:06:30.960500Z[0m [34mDEBUG[0m [2mgust_lexer::typechecker[0m[2m:[0m 👁️ Namespace Resolution: Lookup 'os.Arena.New' -> Resolved: 'os_Arena.New' (Current Prefix: '')
[2m2026-06-13T02:06:30.960510Z[0m [34mDEBUG[0m [2mgust_lexer::typechecker::visitor[0m[2m:[0m 👁️ Expression::Call Evaluation Start: Raw Function: 'os.Arena.New', Resolved: 'os_Arena.New', Registry Has Key: false
[2m2026-06-13T02:06:30.960524Z[0m [34mDEBUG[0m [2mgust_lexer::typechecker::visitor[0m[2m:[0m 👁️ Expression::Call Evaluation Start: Raw Function: 'ctx.Free', Resolved: 'ctx.Free', Registry Has Key: false
[2m2026-06-13T02:06:30.960542Z[0m [34mDEBUG[0m [2mgust_lexer::typechecker[0m[2m:[0m 👁️ Namespace Resolution: Lookup 'os.MockPayload' -> Resolved: 'os_MockPayload' (Current Prefix: '')
[2m2026-06-13T02:06:30.960552Z[0m [34mDEBUG[0m [2mgust_lexer::typechecker::visitor[0m[2m:[0m 👁️ Expression::Call Evaluation Start: Raw Function: 'os.MockPayload', Resolved: 'os_MockPayload', Registry Has Key: false
[2m2026-06-13T02:06:30.960562Z[0m [34mDEBUG[0m [2mgust_lexer::typechecker[0m[2m:[0m 👁️ Namespace Resolution: Lookup 'os.MockPayload' -> Resolved: 'os_MockPayload' (Current Prefix: '')
[2m2026-06-13T02:06:30.960581Z[0m [34mDEBUG[0m [2mgust_lexer::typechecker[0m[2m:[0m 👁️ Namespace Resolution: Lookup 'CustomNode' -> Resolved: 'CustomNode' (Current Prefix: '')
[2m2026-06-13T02:06:30.960599Z[0m [34mDEBUG[0m [2mgust_lexer::typechecker[0m[2m:[0m 👁️ Namespace Resolution: Lookup 'CustomNode_ctx' -> Resolved: 'CustomNode_ctx' (Current Prefix: '')
[2m2026-06-13T02:06:30.960611Z[0m [34mDEBUG[0m [2mgust_lexer::typechecker[0m[2m:[0m 👁️ Namespace Resolution: Lookup 'CastResult_CustomNode_ctx' -> Resolved: 'CastResult_CustomNode_ctx' (Current Prefix: '')
[2m2026-06-13T02:06:30.960625Z[0m [34mDEBUG[0m [2mgust_lexer::typechecker[0m[2m:[0m 👁️ Namespace Resolution: Lookup 'CastResult_CustomNode_ctx' -> Resolved: 'CastResult_CustomNode_ctx' (Current Prefix: '')
ok
test test_cli_dump_ast_integration ... ok
test test_cli_dump_types_integration ... ok
test test_codegen_emits_line_directives ... [2m2026-06-13T02:06:31.016982Z[0m [34mDEBUG[0m [2mgust_lexer::typechecker::visitor[0m[2m:[0m 🗄️ Stdlib Registered: Alias 'os' maps to prefix 'os_'
[2m2026-06-13T02:06:31.017010Z[0m [34mDEBUG[0m [2mgust_lexer::typechecker::visitor[0m[2m:[0m 🗄️ Stdlib Registered: Alias 'std' maps to prefix 'std_'
[2m2026-06-13T02:06:31.017159Z[0m [34mDEBUG[0m [2mgust_lexer::typechecker::visitor[0m[2m:[0m 🗄️ Function Pre-Registration: Raw name: 'main', Namespaced: 'main', Parameter Count: 0, Params: []
ok
test test_codegen_emits_multi_file_line_directives ... [2m2026-06-13T02:06:31.018722Z[0m [34mDEBUG[0m [2mgust_lexer::parser[0m[2m:[0m 📥 Parsed Import Statement: Path 'lib.gst', Alias: 'None'
[2m2026-06-13T02:06:31.019143Z[0m [34mDEBUG[0m [2mgust_lexer::typechecker::visitor[0m[2m:[0m 🗄️ Stdlib Registered: Alias 'os' maps to prefix 'os_'
[2m2026-06-13T02:06:31.019151Z[0m [34mDEBUG[0m [2mgust_lexer::typechecker::visitor[0m[2m:[0m 🗄️ Stdlib Registered: Alias 'std' maps to prefix 'std_'
[2m2026-06-13T02:06:31.019264Z[0m [34mDEBUG[0m [2mgust_lexer::typechecker::visitor[0m[2m:[0m 🗄️ Function Pre-Registration: Raw name: 'helper', Namespaced: 'lib__helper', Parameter Count: 0, Params: []
[2m2026-06-13T02:06:31.019312Z[0m [34mDEBUG[0m [2mgust_lexer::typechecker::visitor[0m[2m:[0m 🗄️ Stdlib Registered: Alias 'os' maps to prefix 'os_'
[2m2026-06-13T02:06:31.019323Z[0m [34mDEBUG[0m [2mgust_lexer::typechecker::visitor[0m[2m:[0m 🗄️ Stdlib Registered: Alias 'std' maps to prefix 'std_'
[2m2026-06-13T02:06:31.019428Z[0m [34mDEBUG[0m [2mgust_lexer::typechecker::visitor[0m[2m:[0m 🗄️ Import Alias Mapping Registered (Pre-pass): 'lib' -> 'lib__' (for path 'lib.gst')
[2m2026-06-13T02:06:31.019445Z[0m [34mDEBUG[0m [2mgust_lexer::typechecker::visitor[0m[2m:[0m 🗄️ Function Pre-Registration: Raw name: 'main', Namespaced: 'main', Parameter Count: 0, Params: []
[2m2026-06-13T02:06:31.019467Z[0m [34mDEBUG[0m [2mgust_lexer::typechecker::visitor[0m[2m:[0m 🗄️ Import Alias Mapping Registered (Statement Pass): 'lib' -> 'lib__' (for path 'lib.gst')
[2m2026-06-13T02:06:31.019490Z[0m [34mDEBUG[0m [2mgust_lexer::typechecker[0m[2m:[0m 👁️ Namespace Resolution: Lookup 'lib.helper' -> Resolved: 'lib__helper' (Current Prefix: '')
[2m2026-06-13T02:06:31.019504Z[0m [34mDEBUG[0m [2mgust_lexer::typechecker::visitor[0m[2m:[0m 👁️ Expression::Call Evaluation Start: Raw Function: 'lib.helper', Resolved: 'lib__helper', Registry Has Key: true
[2m2026-06-13T02:06:31.019520Z[0m [34mDEBUG[0m [2mgust_lexer::typechecker::visitor[0m[2m:[0m 👁️ Call-Site Verification: Raw Function: 'lib.helper', Resolved: 'lib__helper', Expected Params Count: 0, Expected Params: [], Actual Args: []
ok
test test_codegen_synthesized_is_valid ... [2m2026-06-13T02:06:31.020918Z[0m [34mDEBUG[0m [2mgust_lexer::typechecker::visitor[0m[2m:[0m 🗄️ Stdlib Registered: Alias 'os' maps to prefix 'os_'
[2m2026-06-13T02:06:31.020956Z[0m [34mDEBUG[0m [2mgust_lexer::typechecker::visitor[0m[2m:[0m 🗄️ Stdlib Registered: Alias 'std' maps to prefix 'std_'
[2m2026-06-13T02:06:31.021241Z[0m [34mDEBUG[0m [2mgust_lexer::typechecker[0m[2m:[0m 👁️ Namespace Resolution: Lookup 'StatusPacket' -> Resolved: 'StatusPacket' (Current Prefix: '')
[2m2026-06-13T02:06:31.021259Z[0m [34mDEBUG[0m [2mgust_lexer::typechecker[0m[2m:[0m 👁️ Namespace Resolution: Lookup 'StatusPacket' -> Resolved: 'StatusPacket' (Current Prefix: '')
[2m2026-06-13T02:06:31.021282Z[0m [34mDEBUG[0m [2mgust_lexer::typechecker::visitor[0m[2m:[0m 🗄️ Function Pre-Registration: Raw name: 'main', Namespaced: 'main', Parameter Count: 0, Params: []
[2m2026-06-13T02:06:31.021320Z[0m [34mDEBUG[0m [2mgust_lexer::typechecker[0m[2m:[0m 👁️ Namespace Resolution: Lookup 'NestedPacket' -> Resolved: 'NestedPacket' (Current Prefix: '')
[2m2026-06-13T02:06:31.021334Z[0m [34mDEBUG[0m [2mgust_lexer::typechecker[0m[2m:[0m 👁️ Namespace Resolution: Lookup 'NestedPacket' -> Resolved: 'NestedPacket' (Current Prefix: '')
[2m2026-06-13T02:06:31.021347Z[0m [34mDEBUG[0m [2mgust_lexer::typechecker[0m[2m:[0m 👁️ Namespace Resolution: Lookup 'NestedPacket' -> Resolved: 'NestedPacket' (Current Prefix: '')
[2m2026-06-13T02:06:31.021361Z[0m [34mDEBUG[0m [2mgust_lexer::typechecker[0m[2m:[0m 👁️ Namespace Resolution: Lookup 'NestedPacket' -> Resolved: 'NestedPacket' (Current Prefix: '')
ok
test test_codegen_thread_local_redirection ... [2m2026-06-13T02:06:31.022990Z[0m [34mDEBUG[0m [2mgust_lexer::typechecker::visitor[0m[2m:[0m 🗄️ Stdlib Registered: Alias 'os' maps to prefix 'os_'
[2m2026-06-13T02:06:31.023025Z[0m [34mDEBUG[0m [2mgust_lexer::typechecker::visitor[0m[2m:[0m 🗄️ Stdlib Registered: Alias 'std' maps to prefix 'std_'
[2m2026-06-13T02:06:31.023428Z[0m [34mDEBUG[0m [2mgust_lexer::typechecker::visitor[0m[2m:[0m 🗄️ Function Pre-Registration: Raw name: 'main', Namespaced: 'main', Parameter Count: 0, Params: []
[2m2026-06-13T02:06:31.023510Z[0m [34mDEBUG[0m [2mgust_lexer::typechecker[0m[2m:[0m 👁️ Namespace Resolution: Lookup 'os.Arena.New' -> Resolved: 'os_Arena.New' (Current Prefix: '')
[2m2026-06-13T02:06:31.023544Z[0m [34mDEBUG[0m [2mgust_lexer::typechecker::visitor[0m[2m:[0m 👁️ Expression::Call Evaluation Start: Raw Function: 'os.Arena.New', Resolved: 'os_Arena.New', Registry Has Key: false
[2m2026-06-13T02:06:31.023602Z[0m [34mDEBUG[0m [2mgust_lexer::typechecker::visitor[0m[2m:[0m 👁️ Expression::Call Evaluation Start: Raw Function: 'ctx.Free', Resolved: 'ctx.Free', Registry Has Key: false
[2m2026-06-13T02:06:31.023664Z[0m [34mDEBUG[0m [2mgust_lexer::typechecker[0m[2m:[0m 👁️ Namespace Resolution: Lookup 'os.SetThreadScratch' -> Resolved: 'os_SetThreadScratch' (Current Prefix: '')
[2m2026-06-13T02:06:31.023698Z[0m [34mDEBUG[0m [2mgust_lexer::typechecker::visitor[0m[2m:[0m 👁️ Expression::Call Evaluation Start: Raw Function: 'os.SetThreadScratch', Resolved: 'os_SetThreadScratch', Registry Has Key: true
[2m2026-06-13T02:06:31.023751Z[0m [34mDEBUG[0m [2mgust_lexer::typechecker::visitor[0m[2m:[0m 👁️ Call-Site Verification: Raw Function: 'os.SetThreadScratch', Resolved: 'os_SetThreadScratch', Expected Params Count: 1, Expected Params: [RawPointer(Arena)], Actual Args: [("ctx", Arena)]
[2m2026-06-13T02:06:31.023807Z[0m [34mDEBUG[0m [2mgust_lexer::typechecker[0m[2m:[0m 👁️ Namespace Resolution: Lookup 'os.GetThreadScratch' -> Resolved: 'os_GetThreadScratch' (Current Prefix: '')
[2m2026-06-13T02:06:31.023836Z[0m [34mDEBUG[0m [2mgust_lexer::typechecker::visitor[0m[2m:[0m 👁️ Expression::Call Evaluation Start: Raw Function: 'os.GetThreadScratch', Resolved: 'os_GetThreadScratch', Registry Has Key: true
[2m2026-06-13T02:06:31.023871Z[0m [34mDEBUG[0m [2mgust_lexer::typechecker::visitor[0m[2m:[0m 👁️ Call-Site Verification: Raw Function: 'os.GetThreadScratch', Resolved: 'os_GetThreadScratch', Expected Params Count: 0, Expected Params: [], Actual Args: []
[2m2026-06-13T02:06:31.023910Z[0m [34mDEBUG[0m [2mgust_lexer::typechecker[0m[2m:[0m 👁️ Namespace Resolution: Lookup 'std_ThreadLocalContext_Any' -> Resolved: 'std_ThreadLocalContext_Any' (Current Prefix: '')
[2m2026-06-13T02:06:31.023980Z[0m [34mDEBUG[0m [2mgust_lexer::typechecker[0m[2m:[0m 👁️ Namespace Resolution: Lookup 'Any' -> Resolved: 'Any' (Current Prefix: '')
[2m2026-06-13T02:06:31.024014Z[0m [34mDEBUG[0m [2mgust_lexer::typechecker[0m[2m:[0m 👁️ Namespace Resolution: Lookup 'Any' -> Resolved: 'Any' (Current Prefix: '')
[2m2026-06-13T02:06:31.024052Z[0m [34mDEBUG[0m [2mgust_lexer::typechecker[0m[2m:[0m 👁️ Namespace Resolution: Lookup 'std_ThreadLocalContext_Any' -> Resolved: 'std_ThreadLocalContext_Any' (Current Prefix: '')
[2m2026-06-13T02:06:31.024099Z[0m [34mDEBUG[0m [2mgust_lexer::typechecker[0m[2m:[0m 👁️ Namespace Resolution: Lookup 'std.FormatInt' -> Resolved: 'std_FormatInt' (Current Prefix: '')
[2m2026-06-13T02:06:31.024132Z[0m [34mDEBUG[0m [2mgust_lexer::typechecker::visitor[0m[2m:[0m 👁️ Expression::Call Evaluation Start: Raw Function: 'std.FormatInt', Resolved: 'std_FormatInt', Registry Has Key: true
[2m2026-06-13T02:06:31.024169Z[0m [34mDEBUG[0m [2mgust_lexer::typechecker::visitor[0m[2m:[0m 👁️ Call-Site Verification: Raw Function: 'std.FormatInt', Resolved: 'std_FormatInt', Expected Params Count: 1, Expected Params: [Int], Actual Args: [("123", Int)]
[2m2026-06-13T02:06:31.024212Z[0m [34mDEBUG[0m [2mgust_lexer::typechecker[0m[2m:[0m 👁️ Namespace Resolution: Lookup 'std.FormatInt' -> Resolved: 'std_FormatInt' (Current Prefix: '')
ok
test test_compile_os_args_and_exit ... [2m2026-06-13T02:06:31.027251Z[0m [34mDEBUG[0m [2mgust_lexer::typechecker::visitor[0m[2m:[0m 🗄️ Stdlib Registered: Alias 'os' maps to prefix 'os_'
[2m2026-06-13T02:06:31.027266Z[0m [34mDEBUG[0m [2mgust_lexer::typechecker::visitor[0m[2m:[0m 🗄️ Stdlib Registered: Alias 'std' maps to prefix 'std_'
[2m2026-06-13T02:06:31.027435Z[0m [34mDEBUG[0m [2mgust_lexer::typechecker::visitor[0m[2m:[0m 🗄️ Function Pre-Registration: Raw name: 'main', Namespaced: 'main', Parameter Count: 0, Params: []
[2m2026-06-13T02:06:31.027483Z[0m [34mDEBUG[0m [2mgust_lexer::typechecker[0m[2m:[0m 👁️ Namespace Resolution: Lookup 'os.Arena.New' -> Resolved: 'os_Arena.New' (Current Prefix: '')
[2m2026-06-13T02:06:31.027495Z[0m [34mDEBUG[0m [2mgust_lexer::typechecker::visitor[0m[2m:[0m 👁️ Expression::Call Evaluation Start: Raw Function: 'os.Arena.New', Resolved: 'os_Arena.New', Registry Has Key: false
[2m2026-06-13T02:06:31.027520Z[0m [34mDEBUG[0m [2mgust_lexer::typechecker::visitor[0m[2m:[0m 👁️ Expression::Call Evaluation Start: Raw Function: 'ctx.Free', Resolved: 'ctx.Free', Registry Has Key: false
[2m2026-06-13T02:06:31.027544Z[0m [34mDEBUG[0m [2mgust_lexer::typechecker[0m[2m:[0m 👁️ Namespace Resolution: Lookup 'os.Args' -> Resolved: 'os_Args' (Current Prefix: '')
[2m2026-06-13T02:06:31.027555Z[0m [34mDEBUG[0m [2mgust_lexer::typechecker::visitor[0m[2m:[0m 👁️ Expression::Call Evaluation Start: Raw Function: 'os.Args', Resolved: 'os_Args', Registry Has Key: true
[2m2026-06-13T02:06:31.027576Z[0m [34mDEBUG[0m [2mgust_lexer::typechecker::visitor[0m[2m:[0m 👁️ Call-Site Verification: Raw Function: 'os.Args', Resolved: 'os_Args', Expected Params Count: 1, Expected Params: [RawPointer(Arena)], Actual Args: [("ctx", Arena)]
[2m2026-06-13T02:06:31.027596Z[0m [34mDEBUG[0m [2mgust_lexer::typechecker[0m[2m:[0m 👁️ Namespace Resolution: Lookup 'std.Vector' -> Resolved: 'std_Vector' (Current Prefix: '')
[2m2026-06-13T02:06:31.027607Z[0m [34mDEBUG[0m [2mgust_lexer::typechecker[0m[2m:[0m 👁️ Namespace Resolution: Lookup 'ctx' -> Resolved: 'ctx' (Current Prefix: '')
[2m2026-06-13T02:06:31.027618Z[0m [34mDEBUG[0m [2mgust_lexer::typechecker[0m[2m:[0m 👁️ Namespace Resolution: Lookup 'ctx' -> Resolved: 'ctx' (Current Prefix: '')
[2m2026-06-13T02:06:31.027650Z[0m [34mDEBUG[0m [2mgust_lexer::typechecker[0m[2m:[0m 👁️ Namespace Resolution: Lookup 'std_Vector_str_ctx' -> Resolved: 'std_Vector_str_ctx' (Current Prefix: '')
[2m2026-06-13T02:06:31.027665Z[0m [34mDEBUG[0m [2mgust_lexer::typechecker[0m[2m:[0m 👁️ Namespace Resolution: Lookup 'std.Vector' -> Resolved: 'std_Vector' (Current Prefix: '')
[2m2026-06-13T02:06:31.027676Z[0m [34mDEBUG[0m [2mgust_lexer::typechecker[0m[2m:[0m 👁️ Namespace Resolution: Lookup 'ctx' -> Resolved: 'ctx' (Current Prefix: '')
[2m2026-06-13T02:06:31.027687Z[0m [34mDEBUG[0m [2mgust_lexer::typechecker[0m[2m:[0m 👁️ Namespace Resolution: Lookup 'ctx' -> Resolved: 'ctx' (Current Prefix: '')
[2m2026-06-13T02:06:31.027707Z[0m [34mDEBUG[0m [2mgust_lexer::typechecker[0m[2m:[0m 👁️ Namespace Resolution: Lookup 'std_Vector_str_ctx' -> Resolved: 'std_Vector_str_ctx' (Current Prefix: '')
[2m2026-06-13T02:06:31.027725Z[0m [34mDEBUG[0m [2mgust_lexer::typechecker[0m[2m:[0m 👁️ Namespace Resolution: Lookup 'os.Exit' -> Resolved: 'os_Exit' (Current Prefix: '')
[2m2026-06-13T02:06:31.027735Z[0m [34mDEBUG[0m [2mgust_lexer::typechecker::visitor[0m[2m:[0m 👁️ Expression::Call Evaluation Start: Raw Function: 'os.Exit', Resolved: 'os_Exit', Registry Has Key: true
[2m2026-06-13T02:06:31.027749Z[0m [34mDEBUG[0m [2mgust_lexer::typechecker::visitor[0m[2m:[0m 👁️ Call-Site Verification: Raw Function: 'os.Exit', Resolved: 'os_Exit', Expected Params Count: 1, Expected Params: [Int], Actual Args: [("1", Int)]
ok
test test_concurrency_template_argument_mismatch ... [2m2026-06-13T02:06:31.028125Z[0m [34mDEBUG[0m [2mgust_lexer::typechecker::visitor[0m[2m:[0m 🗄️ Stdlib Registered: Alias 'os' maps to prefix 'os_'
[2m2026-06-13T02:06:31.028141Z[0m [34mDEBUG[0m [2mgust_lexer::typechecker::visitor[0m[2m:[0m 🗄️ Stdlib Registered: Alias 'std' maps to prefix 'std_'
[2m2026-06-13T02:06:31.028256Z[0m [34mDEBUG[0m [2mgust_lexer::typechecker::visitor[0m[2m:[0m 🗄️ Function Pre-Registration: Raw name: 'main', Namespaced: 'main', Parameter Count: 0, Params: []
[2m2026-06-13T02:06:31.028284Z[0m [34mDEBUG[0m [2mgust_lexer::typechecker[0m[2m:[0m 👁️ Namespace Resolution: Lookup 'std.Mutex' -> Resolved: 'std_Mutex' (Current Prefix: '')
ok
test test_concurrency_template_registration_valid ... [2m2026-06-13T02:06:31.028705Z[0m [34mDEBUG[0m [2mgust_lexer::typechecker::visitor[0m[2m:[0m 🗄️ Stdlib Registered: Alias 'os' maps to prefix 'os_'
[2m2026-06-13T02:06:31.028723Z[0m [34mDEBUG[0m [2mgust_lexer::typechecker::visitor[0m[2m:[0m 🗄️ Stdlib Registered: Alias 'std' maps to prefix 'std_'
[2m2026-06-13T02:06:31.028856Z[0m [34mDEBUG[0m [2mgust_lexer::typechecker::visitor[0m[2m:[0m 🗄️ Function Pre-Registration: Raw name: 'main', Namespaced: 'main', Parameter Count: 0, Params: []
[2m2026-06-13T02:06:31.028885Z[0m [34mDEBUG[0m [2mgust_lexer::typechecker[0m[2m:[0m 👁️ Namespace Resolution: Lookup 'os.Arena.New' -> Resolved: 'os_Arena.New' (Current Prefix: '')
[2m2026-06-13T02:06:31.028900Z[0m [34mDEBUG[0m [2mgust_lexer::typechecker::visitor[0m[2m:[0m 👁️ Expression::Call Evaluation Start: Raw Function: 'os.Arena.New', Resolved: 'os_Arena.New', Registry Has Key: false
[2m2026-06-13T02:06:31.028920Z[0m [34mDEBUG[0m [2mgust_lexer::typechecker::visitor[0m[2m:[0m 👁️ Expression::Call Evaluation Start: Raw Function: 'ctx.Free', Resolved: 'ctx.Free', Registry Has Key: false
[2m2026-06-13T02:06:31.028945Z[0m [34mDEBUG[0m [2mgust_lexer::typechecker[0m[2m:[0m 👁️ Namespace Resolution: Lookup 'std.Mutex' -> Resolved: 'std_Mutex' (Current Prefix: '')
[2m2026-06-13T02:06:31.028955Z[0m [34mDEBUG[0m [2mgust_lexer::typechecker[0m[2m:[0m 👁️ Namespace Resolution: Lookup 'MyStruct' -> Resolved: 'MyStruct' (Current Prefix: '')
[2m2026-06-13T02:06:31.028965Z[0m [34mDEBUG[0m [2mgust_lexer::typechecker[0m[2m:[0m 👁️ Namespace Resolution: Lookup 'ctx' -> Resolved: 'ctx' (Current Prefix: '')
[2m2026-06-13T02:06:31.028974Z[0m [34mDEBUG[0m [2mgust_lexer::typechecker[0m[2m:[0m 👁️ Namespace Resolution: Lookup 'MyStruct' -> Resolved: 'MyStruct' (Current Prefix: '')
[2m2026-06-13T02:06:31.028984Z[0m [34mDEBUG[0m [2mgust_lexer::typechecker[0m[2m:[0m 👁️ Namespace Resolution: Lookup 'ctx' -> Resolved: 'ctx' (Current Prefix: '')
[2m2026-06-13T02:06:31.029011Z[0m [34mDEBUG[0m [2mgust_lexer::typechecker[0m[2m:[0m 👁️ Namespace Resolution: Lookup 'MyStruct' -> Resolved: 'MyStruct' (Current Prefix: '')
[2m2026-06-13T02:06:31.029028Z[0m [34mDEBUG[0m [2mgust_lexer::typechecker[0m[2m:[0m 👁️ Namespace Resolution: Lookup 'std_Mutex_MyStruct_ctx' -> Resolved: 'std_Mutex_MyStruct_ctx' (Current Prefix: '')
[2m2026-06-13T02:06:31.029039Z[0m [34mDEBUG[0m [2mgust_lexer::typechecker[0m[2m:[0m 👁️ Namespace Resolution: Lookup 'std.Mutex' -> Resolved: 'std_Mutex' (Current Prefix: '')
[2m2026-06-13T02:06:31.029049Z[0m [34mDEBUG[0m [2mgust_lexer::typechecker[0m[2m:[0m 👁️ Namespace Resolution: Lookup 'MyStruct' -> Resolved: 'MyStruct' (Current Prefix: '')
[2m2026-06-13T02:06:31.029058Z[0m [34mDEBUG[0m [2mgust_lexer::typechecker[0m[2m:[0m 👁️ Namespace Resolution: Lookup 'ctx' -> Resolved: 'ctx' (Current Prefix: '')
[2m2026-06-13T02:06:31.029067Z[0m [34mDEBUG[0m [2mgust_lexer::typechecker[0m[2m:[0m 👁️ Namespace Resolution: Lookup 'MyStruct' -> Resolved: 'MyStruct' (Current Prefix: '')
[2m2026-06-13T02:06:31.029077Z[0m [34mDEBUG[0m [2mgust_lexer::typechecker[0m[2m:[0m 👁️ Namespace Resolution: Lookup 'ctx' -> Resolved: 'ctx' (Current Prefix: '')
[2m2026-06-13T02:06:31.029099Z[0m [34mDEBUG[0m [2mgust_lexer::typechecker[0m[2m:[0m 👁️ Namespace Resolution: Lookup 'std_Mutex_MyStruct_ctx' -> Resolved: 'std_Mutex_MyStruct_ctx' (Current Prefix: '')
[2m2026-06-13T02:06:31.029125Z[0m [34mDEBUG[0m [2mgust_lexer::typechecker[0m[2m:[0m 👁️ Namespace Resolution: Lookup 'std.Channel' -> Resolved: 'std_Channel' (Current Prefix: '')
[2m2026-06-13T02:06:31.029135Z[0m [34mDEBUG[0m [2mgust_lexer::typechecker[0m[2m:[0m 👁️ Namespace Resolution: Lookup 'ctx' -> Resolved: 'ctx' (Current Prefix: '')
[2m2026-06-13T02:06:31.029144Z[0m [34mDEBUG[0m [2mgust_lexer::typechecker[0m[2m:[0m 👁️ Namespace Resolution: Lookup 'ctx' -> Resolved: 'ctx' (Current Prefix: '')
[2m2026-06-13T02:06:31.029168Z[0m [34mDEBUG[0m [2mgust_lexer::typechecker[0m[2m:[0m 👁️ Namespace Resolution: Lookup 'std_Channel_int_ctx' -> Resolved: 'std_Channel_int_ctx' (Current Prefix: '')
[2m2026-06-13T02:06:31.029179Z[0m [34mDEBUG[0m [2mgust_lexer::typechecker[0m[2m:[0m 👁️ Namespace Resolution: Lookup 'std.Channel' -> Resolved: 'std_Channel' (Current Prefix: '')
[2m2026-06-13T02:06:31.029189Z[0m [34mDEBUG[0m [2mgust_lexer::typechecker[0m[2m:[0m 👁️ Namespace Resolution: Lookup 'ctx' -> Resolved: 'ctx' (Current Prefix: '')
[2m2026-06-13T02:06:31.029198Z[0m [34mDEBUG[0m [2mgust_lexer::typechecker[0m[2m:[0m 👁️ Namespace Resolution: Lookup 'ctx' -> Resolved: 'ctx' (Current Prefix: '')
[2m2026-06-13T02:06:31.029215Z[0m [34mDEBUG[0m [2mgust_lexer::typechecker[0m[2m:[0m 👁️ Namespace Resolution: Lookup 'std_Channel_int_ctx' -> Resolved: 'std_Channel_int_ctx' (Current Prefix: '')
ok
test test_conditional_origin_union_rejected ... [2m2026-06-13T02:06:31.029589Z[0m [34mDEBUG[0m [2mgust_lexer::typechecker::visitor[0m[2m:[0m 🗄️ Stdlib Registered: Alias 'os' maps to prefix 'os_'
[2m2026-06-13T02:06:31.029601Z[0m [34mDEBUG[0m [2mgust_lexer::typechecker::visitor[0m[2m:[0m 🗄️ Stdlib Registered: Alias 'std' maps to prefix 'std_'
[2m2026-06-13T02:06:31.029705Z[0m [34mDEBUG[0m [2mgust_lexer::typechecker::visitor[0m[2m:[0m 🗄️ Function Pre-Registration: Raw name: 'main', Namespaced: 'main', Parameter Count: 0, Params: []
[2m2026-06-13T02:06:31.029732Z[0m [34mDEBUG[0m [2mgust_lexer::typechecker[0m[2m:[0m 👁️ Namespace Resolution: Lookup 'os.MockPayload' -> Resolved: 'os_MockPayload' (Current Prefix: '')
[2m2026-06-13T02:06:31.029742Z[0m [34mDEBUG[0m [2mgust_lexer::typechecker::visitor[0m[2m:[0m 👁️ Expression::Call Evaluation Start: Raw Function: 'os.MockPayload', Resolved: 'os_MockPayload', Registry Has Key: false
[2m2026-06-13T02:06:31.029755Z[0m [34mDEBUG[0m [2mgust_lexer::typechecker[0m[2m:[0m 👁️ Namespace Resolution: Lookup 'os.MockPayload' -> Resolved: 'os_MockPayload' (Current Prefix: '')
[2m2026-06-13T02:06:31.029769Z[0m [34mDEBUG[0m [2mgust_lexer::typechecker[0m[2m:[0m 👁️ Namespace Resolution: Lookup 'os.MockPayload' -> Resolved: 'os_MockPayload' (Current Prefix: '')
[2m2026-06-13T02:06:31.029777Z[0m [34mDEBUG[0m [2mgust_lexer::typechecker::visitor[0m[2m:[0m 👁️ Expression::Call Evaluation Start: Raw Function: 'os.MockPayload', Resolved: 'os_MockPayload', Registry Has Key: false
[2m2026-06-13T02:06:31.029787Z[0m [34mDEBUG[0m [2mgust_lexer::typechecker[0m[2m:[0m 👁️ Namespace Resolution: Lookup 'os.MockPayload' -> Resolved: 'os_MockPayload' (Current Prefix: '')
[2m2026-06-13T02:06:31.029874Z[0m [34mDEBUG[0m [2mgust_lexer::typechecker[0m[2m:[0m 👁️ Namespace Resolution: Lookup 'os.LogInt' -> Resolved: 'os_LogInt' (Current Prefix: '')
[2m2026-06-13T02:06:31.029885Z[0m [34mDEBUG[0m [2mgust_lexer::typechecker::visitor[0m[2m:[0m 👁️ Expression::Call Evaluation Start: Raw Function: 'os.LogInt', Resolved: 'os_LogInt', Registry Has Key: false
ok
test test_dangling_index_use_rejected ... [2m2026-06-13T02:06:31.030204Z[0m [34mDEBUG[0m [2mgust_lexer::typechecker::visitor[0m[2m:[0m 🗄️ Stdlib Registered: Alias 'os' maps to prefix 'os_'
[2m2026-06-13T02:06:31.030212Z[0m [34mDEBUG[0m [2mgust_lexer::typechecker::visitor[0m[2m:[0m 🗄️ Stdlib Registered: Alias 'std' maps to prefix 'std_'
[2m2026-06-13T02:06:31.030285Z[0m [34mDEBUG[0m [2mgust_lexer::typechecker::visitor[0m[2m:[0m 🗄️ Function Pre-Registration: Raw name: 'main', Namespaced: 'main', Parameter Count: 0, Params: []
[2m2026-06-13T02:06:31.030298Z[0m [34mDEBUG[0m [2mgust_lexer::typechecker[0m[2m:[0m 👁️ Namespace Resolution: Lookup 'os.Arena.New' -> Resolved: 'os_Arena.New' (Current Prefix: '')
[2m2026-06-13T02:06:31.030304Z[0m [34mDEBUG[0m [2mgust_lexer::typechecker::visitor[0m[2m:[0m 👁️ Expression::Call Evaluation Start: Raw Function: 'os.Arena.New', Resolved: 'os_Arena.New', Registry Has Key: false
[2m2026-06-13T02:06:31.030315Z[0m [34mDEBUG[0m [2mgust_lexer::typechecker[0m[2m:[0m 👁️ Namespace Resolution: Lookup 'os.ArenaAlloc' -> Resolved: 'os_ArenaAlloc' (Current Prefix: '')
[2m2026-06-13T02:06:31.030320Z[0m [34mDEBUG[0m [2mgust_lexer::typechecker::visitor[0m[2m:[0m 👁️ Expression::Call Evaluation Start: Raw Function: 'os.ArenaAlloc', Resolved: 'os_ArenaAlloc', Registry Has Key: false
[2m2026-06-13T02:06:31.030331Z[0m [34mDEBUG[0m [2mgust_lexer::typechecker[0m[2m:[0m 👁️ Namespace Resolution: Lookup 'Any' -> Resolved: 'Any' (Current Prefix: '')
[2m2026-06-13T02:06:31.030337Z[0m [34mDEBUG[0m [2mgust_lexer::typechecker[0m[2m:[0m 👁️ Namespace Resolution: Lookup 'Any' -> Resolved: 'Any' (Current Prefix: '')
[2m2026-06-13T02:06:31.030345Z[0m [34mDEBUG[0m [2mgust_lexer::typechecker[0m[2m:[0m 👁️ Namespace Resolution: Lookup 'CustomNode' -> Resolved: 'CustomNode' (Current Prefix: '')
[2m2026-06-13T02:06:31.030360Z[0m [34mDEBUG[0m [2mgust_lexer::typechecker[0m[2m:[0m 👁️ Namespace Resolution: Lookup 'CustomNode_ctx' -> Resolved: 'CustomNode_ctx' (Current Prefix: '')
[2m2026-06-13T02:06:31.030375Z[0m [34mDEBUG[0m [2mgust_lexer::typechecker[0m[2m:[0m 👁️ Namespace Resolution: Lookup 'os.LogInt' -> Resolved: 'os_LogInt' (Current Prefix: '')
[2m2026-06-13T02:06:31.030381Z[0m [34mDEBUG[0m [2mgust_lexer::typechecker::visitor[0m[2m:[0m 👁️ Expression::Call Evaluation Start: Raw Function: 'os.LogInt', Resolved: 'os_LogInt', Registry Has Key: false
ok
test test_dangling_vector_use_rejected ... [2m2026-06-13T02:06:31.030691Z[0m [34mDEBUG[0m [2mgust_lexer::typechecker::visitor[0m[2m:[0m 🗄️ Stdlib Registered: Alias 'os' maps to prefix 'os_'
[2m2026-06-13T02:06:31.030701Z[0m [34mDEBUG[0m [2mgust_lexer::typechecker::visitor[0m[2m:[0m 🗄️ Stdlib Registered: Alias 'std' maps to prefix 'std_'
[2m2026-06-13T02:06:31.030813Z[0m [34mDEBUG[0m [2mgust_lexer::typechecker::visitor[0m[2m:[0m 🗄️ Function Pre-Registration: Raw name: 'main', Namespaced: 'main', Parameter Count: 0, Params: []
[2m2026-06-13T02:06:31.030836Z[0m [34mDEBUG[0m [2mgust_lexer::typechecker[0m[2m:[0m 👁️ Namespace Resolution: Lookup 'os.Arena.New' -> Resolved: 'os_Arena.New' (Current Prefix: '')
[2m2026-06-13T02:06:31.030847Z[0m [34mDEBUG[0m [2mgust_lexer::typechecker::visitor[0m[2m:[0m 👁️ Expression::Call Evaluation Start: Raw Function: 'os.Arena.New', Resolved: 'os_Arena.New', Registry Has Key: false
[2m2026-06-13T02:06:31.030863Z[0m [34mDEBUG[0m [2mgust_lexer::typechecker[0m[2m:[0m 👁️ Namespace Resolution: Lookup 'os.VectorNew' -> Resolved: 'os_VectorNew' (Current Prefix: '')
[2m2026-06-13T02:06:31.030872Z[0m [34mDEBUG[0m [2mgust_lexer::typechecker::visitor[0m[2m:[0m 👁️ Expression::Call Evaluation Start: Raw Function: 'os.VectorNew', Resolved: 'os_VectorNew', Registry Has Key: false
[2m2026-06-13T02:06:31.030889Z[0m [34mDEBUG[0m [2mgust_lexer::typechecker[0m[2m:[0m 👁️ Namespace Resolution: Lookup 'Vector_Any' -> Resolved: 'Vector_Any' (Current Prefix: '')
[2m2026-06-13T02:06:31.030899Z[0m [34mDEBUG[0m [2mgust_lexer::typechecker[0m[2m:[0m 👁️ Namespace Resolution: Lookup 'Vector_Any' -> Resolved: 'Vector_Any' (Current Prefix: '')
[2m2026-06-13T02:06:31.030910Z[0m [34mDEBUG[0m [2mgust_lexer::typechecker[0m[2m:[0m 👁️ Namespace Resolution: Lookup 'Vector' -> Resolved: 'Vector' (Current Prefix: '')
[2m2026-06-13T02:06:31.030918Z[0m [34mDEBUG[0m [2mgust_lexer::typechecker[0m[2m:[0m 👁️ Namespace Resolution: Lookup 'ctx' -> Resolved: 'ctx' (Current Prefix: '')
[2m2026-06-13T02:06:31.030927Z[0m [34mDEBUG[0m [2mgust_lexer::typechecker[0m[2m:[0m 👁️ Namespace Resolution: Lookup 'ctx' -> Resolved: 'ctx' (Current Prefix: '')
[2m2026-06-13T02:06:31.030951Z[0m [34mDEBUG[0m [2mgust_lexer::typechecker[0m[2m:[0m 👁️ Namespace Resolution: Lookup 'Vector_int_ctx' -> Resolved: 'Vector_int_ctx' (Current Prefix: '')
[2m2026-06-13T02:06:31.030975Z[0m [34mDEBUG[0m [2mgust_lexer::typechecker::visitor[0m[2m:[0m 👁️ Expression::Call Evaluation Start: Raw Function: 'vec.Push', Resolved: 'vec.Push', Registry Has Key: false
ok
test test_deep_nested_linear_propagation ... [2m2026-06-13T02:06:31.031208Z[0m [34mDEBUG[0m [2mgust_lexer::typechecker::visitor[0m[2m:[0m 🗄️ Stdlib Registered: Alias 'os' maps to prefix 'os_'
[2m2026-06-13T02:06:31.031221Z[0m [34mDEBUG[0m [2mgust_lexer::typechecker::visitor[0m[2m:[0m 🗄️ Stdlib Registered: Alias 'std' maps to prefix 'std_'
[2m2026-06-13T02:06:31.031354Z[0m [34mDEBUG[0m [2mgust_lexer::typechecker[0m[2m:[0m 👁️ Namespace Resolution: Lookup 'MyLinear' -> Resolved: 'MyLinear' (Current Prefix: '')
[2m2026-06-13T02:06:31.031367Z[0m [34mDEBUG[0m [2mgust_lexer::typechecker[0m[2m:[0m 👁️ Namespace Resolution: Lookup 'MyLinear' -> Resolved: 'MyLinear' (Current Prefix: '')
[2m2026-06-13T02:06:31.031386Z[0m [34mDEBUG[0m [2mgust_lexer::typechecker[0m[2m:[0m 👁️ Namespace Resolution: Lookup 'NestedEnum' -> Resolved: 'NestedEnum' (Current Prefix: '')
[2m2026-06-13T02:06:31.031396Z[0m [34mDEBUG[0m [2mgust_lexer::typechecker[0m[2m:[0m 👁️ Namespace Resolution: Lookup 'NestedEnum' -> Resolved: 'NestedEnum' (Current Prefix: '')
ok
test test_definite_check_cast_result_outside_if_rejected ... [2m2026-06-13T02:06:31.031803Z[0m [34mDEBUG[0m [2mgust_lexer::typechecker::visitor[0m[2m:[0m 🗄️ Stdlib Registered: Alias 'os' maps to prefix 'os_'
[2m2026-06-13T02:06:31.031818Z[0m [34mDEBUG[0m [2mgust_lexer::typechecker::visitor[0m[2m:[0m 🗄️ Stdlib Registered: Alias 'std' maps to prefix 'std_'
[2m2026-06-13T02:06:31.031937Z[0m [34mDEBUG[0m [2mgust_lexer::typechecker::visitor[0m[2m:[0m 🗄️ Function Pre-Registration: Raw name: 'main', Namespaced: 'main', Parameter Count: 0, Params: []
[2m2026-06-13T02:06:31.031963Z[0m [34mDEBUG[0m [2mgust_lexer::typechecker[0m[2m:[0m 👁️ Namespace Resolution: Lookup 'os.MockPayload' -> Resolved: 'os_MockPayload' (Current Prefix: '')
[2m2026-06-13T02:06:31.031974Z[0m [34mDEBUG[0m [2mgust_lexer::typechecker::visitor[0m[2m:[0m 👁️ Expression::Call Evaluation Start: Raw Function: 'os.MockPayload', Resolved: 'os_MockPayload', Registry Has Key: false
[2m2026-06-13T02:06:31.031986Z[0m [34mDEBUG[0m [2mgust_lexer::typechecker[0m[2m:[0m 👁️ Namespace Resolution: Lookup 'os.MockPayload' -> Resolved: 'os_MockPayload' (Current Prefix: '')
[2m2026-06-13T02:06:31.032009Z[0m [34mDEBUG[0m [2mgust_lexer::typechecker[0m[2m:[0m 👁️ Namespace Resolution: Lookup 'CustomNode' -> Resolved: 'CustomNode' (Current Prefix: '')
[2m2026-06-13T02:06:31.032019Z[0m [34mDEBUG[0m [2mgust_lexer::typechecker[0m[2m:[0m 👁️ Namespace Resolution: Lookup 'CustomNode' -> Resolved: 'CustomNode' (Current Prefix: '')
[2m2026-06-13T02:06:31.032031Z[0m [34mDEBUG[0m [2mgust_lexer::typechecker[0m[2m:[0m 👁️ Namespace Resolution: Lookup 'CastResult_CustomNode' -> Resolved: 'CastResult_CustomNode' (Current Prefix: '')
[2m2026-06-13T02:06:31.032046Z[0m [34mDEBUG[0m [2mgust_lexer::typechecker[0m[2m:[0m 👁️ Namespace Resolution: Lookup 'CastResult_CustomNode' -> Resolved: 'CastResult_CustomNode' (Current Prefix: '')
[2m2026-06-13T02:06:31.032060Z[0m [34mDEBUG[0m [2mgust_lexer::typechecker[0m[2m:[0m 👁️ Namespace Resolution: Lookup 'os.LogInt' -> Resolved: 'os_LogInt' (Current Prefix: '')
[2m2026-06-13T02:06:31.032069Z[0m [34mDEBUG[0m [2mgust_lexer::typechecker::visitor[0m[2m:[0m 👁️ Expression::Call Evaluation Start: Raw Function: 'os.LogInt', Resolved: 'os_LogInt', Registry Has Key: false
ok
test test_definite_check_inside_else_rejected ... [2m2026-06-13T02:06:31.032459Z[0m [34mDEBUG[0m [2mgust_lexer::typechecker::visitor[0m[2m:[0m 🗄️ Stdlib Registered: Alias 'os' maps to prefix 'os_'
[2m2026-06-13T02:06:31.032469Z[0m [34mDEBUG[0m [2mgust_lexer::typechecker::visitor[0m[2m:[0m 🗄️ Stdlib Registered: Alias 'std' maps to prefix 'std_'
[2m2026-06-13T02:06:31.032575Z[0m [34mDEBUG[0m [2mgust_lexer::typechecker::visitor[0m[2m:[0m 🗄️ Function Pre-Registration: Raw name: 'main', Namespaced: 'main', Parameter Count: 0, Params: []
[2m2026-06-13T02:06:31.032595Z[0m [34mDEBUG[0m [2mgust_lexer::typechecker[0m[2m:[0m 👁️ Namespace Resolution: Lookup 'os.MockPayload' -> Resolved: 'os_MockPayload' (Current Prefix: '')
[2m2026-06-13T02:06:31.032604Z[0m [34mDEBUG[0m [2mgust_lexer::typechecker::visitor[0m[2m:[0m 👁️ Expression::Call Evaluation Start: Raw Function: 'os.MockPayload', Resolved: 'os_MockPayload', Registry Has Key: false
[2m2026-06-13T02:06:31.032614Z[0m [34mDEBUG[0m [2mgust_lexer::typechecker[0m[2m:[0m 👁️ Namespace Resolution: Lookup 'os.MockPayload' -> Resolved: 'os_MockPayload' (Current Prefix: '')
[2m2026-06-13T02:06:31.032637Z[0m [34mDEBUG[0m [2mgust_lexer::typechecker[0m[2m:[0m 👁️ Namespace Resolution: Lookup 'CustomNode' -> Resolved: 'CustomNode' (Current Prefix: '')
[2m2026-06-13T02:06:31.032646Z[0m [34mDEBUG[0m [2mgust_lexer::typechecker[0m[2m:[0m 👁️ Namespace Resolution: Lookup 'CustomNode' -> Resolved: 'CustomNode' (Current Prefix: '')
[2m2026-06-13T02:06:31.032657Z[0m [34mDEBUG[0m [2mgust_lexer::typechecker[0m[2m:[0m 👁️ Namespace Resolution: Lookup 'CastResult_CustomNode' -> Resolved: 'CastResult_CustomNode' (Current Prefix: '')
[2m2026-06-13T02:06:31.032670Z[0m [34mDEBUG[0m [2mgust_lexer::typechecker[0m[2m:[0m 👁️ Namespace Resolution: Lookup 'CastResult_CustomNode' -> Resolved: 'CastResult_CustomNode' (Current Prefix: '')
[2m2026-06-13T02:06:31.032692Z[0m [34mDEBUG[0m [2mgust_lexer::typechecker[0m[2m:[0m 👁️ Namespace Resolution: Lookup 'os.LogInt' -> Resolved: 'os_LogInt' (Current Prefix: '')
[2m2026-06-13T02:06:31.032700Z[0m [34mDEBUG[0m [2mgust_lexer::typechecker::visitor[0m[2m:[0m 👁️ Expression::Call Evaluation Start: Raw Function: 'os.LogInt', Resolved: 'os_LogInt', Registry Has Key: false
[2m2026-06-13T02:06:31.032728Z[0m [34mDEBUG[0m [2mgust_lexer::typechecker[0m[2m:[0m 👁️ Namespace Resolution: Lookup 'os.LogInt' -> Resolved: 'os_LogInt' (Current Prefix: '')
[2m2026-06-13T02:06:31.032735Z[0m [34mDEBUG[0m [2mgust_lexer::typechecker::visitor[0m[2m:[0m 👁️ Expression::Call Evaluation Start: Raw Function: 'os.LogInt', Resolved: 'os_LogInt', Registry Has Key: false
ok
test test_definite_check_inside_if_accepted ... [2m2026-06-13T02:06:31.033287Z[0m [34mDEBUG[0m [2mgust_lexer::typechecker::visitor[0m[2m:[0m 🗄️ Stdlib Registered: Alias 'os' maps to prefix 'os_'
[2m2026-06-13T02:06:31.033302Z[0m [34mDEBUG[0m [2mgust_lexer::typechecker::visitor[0m[2m:[0m 🗄️ Stdlib Registered: Alias 'std' maps to prefix 'std_'
[2m2026-06-13T02:06:31.033449Z[0m [34mDEBUG[0m [2mgust_lexer::typechecker::visitor[0m[2m:[0m 🗄️ Function Pre-Registration: Raw name: 'main', Namespaced: 'main', Parameter Count: 0, Params: []
[2m2026-06-13T02:06:31.033475Z[0m [34mDEBUG[0m [2mgust_lexer::typechecker[0m[2m:[0m 👁️ Namespace Resolution: Lookup 'os.MockPayload' -> Resolved: 'os_MockPayload' (Current Prefix: '')
[2m2026-06-13T02:06:31.033486Z[0m [34mDEBUG[0m [2mgust_lexer::typechecker::visitor[0m[2m:[0m 👁️ Expression::Call Evaluation Start: Raw Function: 'os.MockPayload', Resolved: 'os_MockPayload', Registry Has Key: false
[2m2026-06-13T02:06:31.033500Z[0m [34mDEBUG[0m [2mgust_lexer::typechecker[0m[2m:[0m 👁️ Namespace Resolution: Lookup 'os.MockPayload' -> Resolved: 'os_MockPayload' (Current Prefix: '')
[2m2026-06-13T02:06:31.033528Z[0m [34mDEBUG[0m [2mgust_lexer::typechecker[0m[2m:[0m 👁️ Namespace Resolution: Lookup 'CustomNode' -> Resolved: 'CustomNode' (Current Prefix: '')
[2m2026-06-13T02:06:31.033540Z[0m [34mDEBUG[0m [2mgust_lexer::typechecker[0m[2m:[0m 👁️ Namespace Resolution: Lookup 'CustomNode' -> Resolved: 'CustomNode' (Current Prefix: '')
[2m2026-06-13T02:06:31.033553Z[0m [34mDEBUG[0m [2mgust_lexer::typechecker[0m[2m:[0m 👁️ Namespace Resolution: Lookup 'CastResult_CustomNode' -> Resolved: 'CastResult_CustomNode' (Current Prefix: '')
[2m2026-06-13T02:06:31.033571Z[0m [34mDEBUG[0m [2mgust_lexer::typechecker[0m[2m:[0m 👁️ Namespace Resolution: Lookup 'CastResult_CustomNode' -> Resolved: 'CastResult_CustomNode' (Current Prefix: '')
[2m2026-06-13T02:06:31.033602Z[0m [34mDEBUG[0m [2mgust_lexer::typechecker[0m[2m:[0m 👁️ Namespace Resolution: Lookup 'os.LogInt' -> Resolved: 'os_LogInt' (Current Prefix: '')
[2m2026-06-13T02:06:31.033613Z[0m [34mDEBUG[0m [2mgust_lexer::typechecker::visitor[0m[2m:[0m 👁️ Expression::Call Evaluation Start: Raw Function: 'os.LogInt', Resolved: 'os_LogInt', Registry Has Key: false
ok
test test_definite_check_lookup_inside_if_accepted ... [2m2026-06-13T02:06:31.034142Z[0m [34mDEBUG[0m [2mgust_lexer::typechecker::visitor[0m[2m:[0m 🗄️ Stdlib Registered: Alias 'os' maps to prefix 'os_'
[2m2026-06-13T02:06:31.034164Z[0m [34mDEBUG[0m [2mgust_lexer::typechecker::visitor[0m[2m:[0m 🗄️ Stdlib Registered: Alias 'std' maps to prefix 'std_'
[2m2026-06-13T02:06:31.034338Z[0m [34mDEBUG[0m [2mgust_lexer::typechecker::visitor[0m[2m:[0m 🗄️ Function Pre-Registration: Raw name: 'main', Namespaced: 'main', Parameter Count: 0, Params: []
[2m2026-06-13T02:06:31.034376Z[0m [34mDEBUG[0m [2mgust_lexer::typechecker[0m[2m:[0m 👁️ Namespace Resolution: Lookup 'os.Arena.New' -> Resolved: 'os_Arena.New' (Current Prefix: '')
[2m2026-06-13T02:06:31.034392Z[0m [34mDEBUG[0m [2mgust_lexer::typechecker::visitor[0m[2m:[0m 👁️ Expression::Call Evaluation Start: Raw Function: 'os.Arena.New', Resolved: 'os_Arena.New', Registry Has Key: false
[2m2026-06-13T02:06:31.034419Z[0m [34mDEBUG[0m [2mgust_lexer::typechecker::visitor[0m[2m:[0m 👁️ Expression::Call Evaluation Start: Raw Function: 'ctx.Free', Resolved: 'ctx.Free', Registry Has Key: false
[2m2026-06-13T02:06:31.034459Z[0m [34mDEBUG[0m [2mgust_lexer::typechecker[0m[2m:[0m 👁️ Namespace Resolution: Lookup 'os.HashMapNew' -> Resolved: 'os_HashMapNew' (Current Prefix: '')
[2m2026-06-13T02:06:31.034475Z[0m [34mDEBUG[0m [2mgust_lexer::typechecker::visitor[0m[2m:[0m 👁️ Expression::Call Evaluation Start: Raw Function: 'os.HashMapNew', Resolved: 'os_HashMapNew', Registry Has Key: false
[2m2026-06-13T02:06:31.034494Z[0m [34mDEBUG[0m [2mgust_lexer::typechecker[0m[2m:[0m 👁️ Namespace Resolution: Lookup 'HashMap_Any' -> Resolved: 'HashMap_Any' (Current Prefix: '')
[2m2026-06-13T02:06:31.034510Z[0m [34mDEBUG[0m [2mgust_lexer::typechecker[0m[2m:[0m 👁️ Namespace Resolution: Lookup 'HashMap_Any' -> Resolved: 'HashMap_Any' (Current Prefix: '')
[2m2026-06-13T02:06:31.034530Z[0m [34mDEBUG[0m [2mgust_lexer::typechecker[0m[2m:[0m 👁️ Namespace Resolution: Lookup 'HashMap' -> Resolved: 'HashMap' (Current Prefix: '')
[2m2026-06-13T02:06:31.034543Z[0m [34mDEBUG[0m [2mgust_lexer::typechecker[0m[2m:[0m 👁️ Namespace Resolution: Lookup 'ctx' -> Resolved: 'ctx' (Current Prefix: '')
[2m2026-06-13T02:06:31.034558Z[0m [34mDEBUG[0m [2mgust_lexer::typechecker[0m[2m:[0m 👁️ Namespace Resolution: Lookup 'ctx' -> Resolved: 'ctx' (Current Prefix: '')
[2m2026-06-13T02:06:31.034604Z[0m [34mDEBUG[0m [2mgust_lexer::typechecker[0m[2m:[0m 👁️ Namespace Resolution: Lookup 'HashMap_int_int_ctx' -> Resolved: 'HashMap_int_int_ctx' (Current Prefix: '')
[2m2026-06-13T02:06:31.034629Z[0m [34mDEBUG[0m [2mgust_lexer::typechecker::visitor[0m[2m:[0m 👁️ Expression::Call Evaluation Start: Raw Function: 'map.Get', Resolved: 'map.Get', Registry Has Key: false
[2m2026-06-13T02:06:31.034665Z[0m [34mDEBUG[0m [2mgust_lexer::typechecker[0m[2m:[0m 👁️ Namespace Resolution: Lookup 'LookupResult_int' -> Resolved: 'LookupResult_int' (Current Prefix: '')
[2m2026-06-13T02:06:31.034683Z[0m [34mDEBUG[0m [2mgust_lexer::typechecker[0m[2m:[0m 👁️ Namespace Resolution: Lookup 'LookupResult_int' -> Resolved: 'LookupResult_int' (Current Prefix: '')
[2m2026-06-13T02:06:31.034720Z[0m [34mDEBUG[0m [2mgust_lexer::typechecker[0m[2m:[0m 👁️ Namespace Resolution: Lookup 'os.LogInt' -> Resolved: 'os_LogInt' (Current Prefix: '')
[2m2026-06-13T02:06:31.034735Z[0m [34mDEBUG[0m [2mgust_lexer::typechecker::visitor[0m[2m:[0m 👁️ Expression::Call Evaluation Start: Raw Function: 'os.LogInt', Resolved: 'os_LogInt', Registry Has Key: false
ok
test test_definite_check_lookup_result_outside_if_rejected ... [2m2026-06-13T02:06:31.035158Z[0m [34mDEBUG[0m [2mgust_lexer::typechecker::visitor[0m[2m:[0m 🗄️ Stdlib Registered: Alias 'os' maps to prefix 'os_'
[2m2026-06-13T02:06:31.035171Z[0m [34mDEBUG[0m [2mgust_lexer::typechecker::visitor[0m[2m:[0m 🗄️ Stdlib Registered: Alias 'std' maps to prefix 'std_'
[2m2026-06-13T02:06:31.035285Z[0m [34mDEBUG[0m [2mgust_lexer::typechecker::visitor[0m[2m:[0m 🗄️ Function Pre-Registration: Raw name: 'main', Namespaced: 'main', Parameter Count: 0, Params: []
[2m2026-06-13T02:06:31.035307Z[0m [34mDEBUG[0m [2mgust_lexer::typechecker[0m[2m:[0m 👁️ Namespace Resolution: Lookup 'os.Arena.New' -> Resolved: 'os_Arena.New' (Current Prefix: '')
[2m2026-06-13T02:06:31.035318Z[0m [34mDEBUG[0m [2mgust_lexer::typechecker::visitor[0m[2m:[0m 👁️ Expression::Call Evaluation Start: Raw Function: 'os.Arena.New', Resolved: 'os_Arena.New', Registry Has Key: false
[2m2026-06-13T02:06:31.035335Z[0m [34mDEBUG[0m [2mgust_lexer::typechecker::visitor[0m[2m:[0m 👁️ Expression::Call Evaluation Start: Raw Function: 'ctx.Free', Resolved: 'ctx.Free', Registry Has Key: false
[2m2026-06-13T02:06:31.035356Z[0m [34mDEBUG[0m [2mgust_lexer::typechecker[0m[2m:[0m 👁️ Namespace Resolution: Lookup 'os.HashMapNew' -> Resolved: 'os_HashMapNew' (Current Prefix: '')
[2m2026-06-13T02:06:31.035364Z[0m [34mDEBUG[0m [2mgust_lexer::typechecker::visitor[0m[2m:[0m 👁️ Expression::Call Evaluation Start: Raw Function: 'os.HashMapNew', Resolved: 'os_HashMapNew', Registry Has Key: false
[2m2026-06-13T02:06:31.035376Z[0m [34mDEBUG[0m [2mgust_lexer::typechecker[0m[2m:[0m 👁️ Namespace Resolution: Lookup 'HashMap_Any' -> Resolved: 'HashMap_Any' (Current Prefix: '')
[2m2026-06-13T02:06:31.035386Z[0m [34mDEBUG[0m [2mgust_lexer::typechecker[0m[2m:[0m 👁️ Namespace Resolution: Lookup 'HashMap_Any' -> Resolved: 'HashMap_Any' (Current Prefix: '')
[2m2026-06-13T02:06:31.035396Z[0m [34mDEBUG[0m [2mgust_lexer::typechecker[0m[2m:[0m 👁️ Namespace Resolution: Lookup 'HashMap' -> Resolved: 'HashMap' (Current Prefix: '')
[2m2026-06-13T02:06:31.035405Z[0m [34mDEBUG[0m [2mgust_lexer::typechecker[0m[2m:[0m 👁️ Namespace Resolution: Lookup 'ctx' -> Resolved: 'ctx' (Current Prefix: '')
[2m2026-06-13T02:06:31.035413Z[0m [34mDEBUG[0m [2mgust_lexer::typechecker[0m[2m:[0m 👁️ Namespace Resolution: Lookup 'ctx' -> Resolved: 'ctx' (Current Prefix: '')
[2m2026-06-13T02:06:31.035441Z[0m [34mDEBUG[0m [2mgust_lexer::typechecker[0m[2m:[0m 👁️ Namespace Resolution: Lookup 'HashMap_int_int_ctx' -> Resolved: 'HashMap_int_int_ctx' (Current Prefix: '')
[2m2026-06-13T02:06:31.035455Z[0m [34mDEBUG[0m [2mgust_lexer::typechecker::visitor[0m[2m:[0m 👁️ Expression::Call Evaluation Start: Raw Function: 'map.Get', Resolved: 'map.Get', Registry Has Key: false
[2m2026-06-13T02:06:31.035477Z[0m [34mDEBUG[0m [2mgust_lexer::typechecker[0m[2m:[0m 👁️ Namespace Resolution: Lookup 'LookupResult_int' -> Resolved: 'LookupResult_int' (Current Prefix: '')
[2m2026-06-13T02:06:31.035487Z[0m [34mDEBUG[0m [2mgust_lexer::typechecker[0m[2m:[0m 👁️ Namespace Resolution: Lookup 'LookupResult_int' -> Resolved: 'LookupResult_int' (Current Prefix: '')
[2m2026-06-13T02:06:31.035502Z[0m [34mDEBUG[0m [2mgust_lexer::typechecker[0m[2m:[0m 👁️ Namespace Resolution: Lookup 'os.LogInt' -> Resolved: 'os_LogInt' (Current Prefix: '')
[2m2026-06-13T02:06:31.035510Z[0m [34mDEBUG[0m [2mgust_lexer::typechecker::visitor[0m[2m:[0m 👁️ Expression::Call Evaluation Start: Raw Function: 'os.LogInt', Resolved: 'os_LogInt', Registry Has Key: false
ok
test test_dereference_inside_unsafe_accepted ... [2m2026-06-13T02:06:31.035901Z[0m [34mDEBUG[0m [2mgust_lexer::typechecker::visitor[0m[2m:[0m 🗄️ Stdlib Registered: Alias 'os' maps to prefix 'os_'
[2m2026-06-13T02:06:31.035919Z[0m [34mDEBUG[0m [2mgust_lexer::typechecker::visitor[0m[2m:[0m 🗄️ Stdlib Registered: Alias 'std' maps to prefix 'std_'
[2m2026-06-13T02:06:31.036066Z[0m [34mDEBUG[0m [2mgust_lexer::typechecker::visitor[0m[2m:[0m 🗄️ Function Pre-Registration: Raw name: 'main', Namespaced: 'main', Parameter Count: 0, Params: []
ok
test test_dereference_outside_unsafe_rejected ... [2m2026-06-13T02:06:31.036513Z[0m [34mDEBUG[0m [2mgust_lexer::typechecker::visitor[0m[2m:[0m 🗄️ Stdlib Registered: Alias 'os' maps to prefix 'os_'
[2m2026-06-13T02:06:31.036532Z[0m [34mDEBUG[0m [2mgust_lexer::typechecker::visitor[0m[2m:[0m 🗄️ Stdlib Registered: Alias 'std' maps to prefix 'std_'
[2m2026-06-13T02:06:31.036676Z[0m [34mDEBUG[0m [2mgust_lexer::typechecker::visitor[0m[2m:[0m 🗄️ Function Pre-Registration: Raw name: 'main', Namespaced: 'main', Parameter Count: 0, Params: []
ok
test test_diagnostic_formatting_layout ... [2m2026-06-13T02:06:31.037130Z[0m [34mDEBUG[0m [2mgust_lexer::typechecker::visitor[0m[2m:[0m 🗄️ Stdlib Registered: Alias 'os' maps to prefix 'os_'
[2m2026-06-13T02:06:31.037145Z[0m [34mDEBUG[0m [2mgust_lexer::typechecker::visitor[0m[2m:[0m 🗄️ Stdlib Registered: Alias 'std' maps to prefix 'std_'
[2m2026-06-13T02:06:31.037296Z[0m [34mDEBUG[0m [2mgust_lexer::typechecker::visitor[0m[2m:[0m 🗄️ Function Pre-Registration: Raw name: 'main', Namespaced: 'main', Parameter Count: 0, Params: []
ok
test test_directory_ffi_codegen_verification ... [2m2026-06-13T02:06:31.037620Z[0m [34mDEBUG[0m [2mgust_lexer::typechecker::visitor[0m[2m:[0m 🗄️ Stdlib Registered: Alias 'os' maps to prefix 'os_'
[2m2026-06-13T02:06:31.037633Z[0m [34mDEBUG[0m [2mgust_lexer::typechecker::visitor[0m[2m:[0m 🗄️ Stdlib Registered: Alias 'std' maps to prefix 'std_'
[2m2026-06-13T02:06:31.037759Z[0m [34mDEBUG[0m [2mgust_lexer::typechecker::visitor[0m[2m:[0m 🗄️ Function Pre-Registration: Raw name: 'main', Namespaced: 'main', Parameter Count: 0, Params: []
[2m2026-06-13T02:06:31.037784Z[0m [34mDEBUG[0m [2mgust_lexer::typechecker[0m[2m:[0m 👁️ Namespace Resolution: Lookup 'os.Arena.New' -> Resolved: 'os_Arena.New' (Current Prefix: '')
[2m2026-06-13T02:06:31.037797Z[0m [34mDEBUG[0m [2mgust_lexer::typechecker::visitor[0m[2m:[0m 👁️ Expression::Call Evaluation Start: Raw Function: 'os.Arena.New', Resolved: 'os_Arena.New', Registry Has Key: false
[2m2026-06-13T02:06:31.037816Z[0m [34mDEBUG[0m [2mgust_lexer::typechecker::visitor[0m[2m:[0m 👁️ Expression::Call Evaluation Start: Raw Function: 'ctx.Free', Resolved: 'ctx.Free', Registry Has Key: false
[2m2026-06-13T02:06:31.037837Z[0m [34mDEBUG[0m [2mgust_lexer::typechecker[0m[2m:[0m 👁️ Namespace Resolution: Lookup 'os.OpenDir' -> Resolved: 'os_OpenDir' (Current Prefix: '')
[2m2026-06-13T02:06:31.037847Z[0m [34mDEBUG[0m [2mgust_lexer::typechecker::visitor[0m[2m:[0m 👁️ Expression::Call Evaluation Start: Raw Function: 'os.OpenDir', Resolved: 'os_OpenDir', Registry Has Key: true
[2m2026-06-13T02:06:31.037878Z[0m [34mDEBUG[0m [2mgust_lexer::typechecker[0m[2m:[0m 👁️ Namespace Resolution: Lookup 'LookupResult_os_Dir_ctx' -> Resolved: 'LookupResult_os_Dir_ctx' (Current Prefix: '')
[2m2026-06-13T02:06:31.037890Z[0m [34mDEBUG[0m [2mgust_lexer::typechecker[0m[2m:[0m 👁️ Namespace Resolution: Lookup 'LookupResult_os_Dir_ctx' -> Resolved: 'LookupResult_os_Dir_ctx' (Current Prefix: '')
[2m2026-06-13T02:06:31.037900Z[0m [34mDEBUG[0m [2mgust_lexer::typechecker[0m[2m:[0m 👁️ Namespace Resolution: Lookup 'os.OpenDir' -> Resolved: 'os_OpenDir' (Current Prefix: '')
[2m2026-06-13T02:06:31.037941Z[0m [34mDEBUG[0m [2mgust_lexer::typechecker[0m[2m:[0m 👁️ Namespace Resolution: Lookup 'os_Dir_ctx' -> Resolved: 'os_Dir_ctx' (Current Prefix: '')
[2m2026-06-13T02:06:31.037955Z[0m [34mDEBUG[0m [2mgust_lexer::typechecker[0m[2m:[0m 👁️ Namespace Resolution: Lookup 'os_Dir_ctx' -> Resolved: 'os_Dir_ctx' (Current Prefix: '')
[2m2026-06-13T02:06:31.037970Z[0m [34mDEBUG[0m [2mgust_lexer::typechecker[0m[2m:[0m 👁️ Namespace Resolution: Lookup 'os.ReadDir' -> Resolved: 'os_ReadDir' (Current Prefix: '')
[2m2026-06-13T02:06:31.037980Z[0m [34mDEBUG[0m [2mgust_lexer::typechecker::visitor[0m[2m:[0m 👁️ Expression::Call Evaluation Start: Raw Function: 'os.ReadDir', Resolved: 'os_ReadDir', Registry Has Key: true
[2m2026-06-13T02:06:31.038011Z[0m [34mDEBUG[0m [2mgust_lexer::typechecker[0m[2m:[0m 👁️ Namespace Resolution: Lookup 'LookupResult_os_DirEntry_ctx' -> Resolved: 'LookupResult_os_DirEntry_ctx' (Current Prefix: '')
[2m2026-06-13T02:06:31.038026Z[0m [34mDEBUG[0m [2mgust_lexer::typechecker[0m[2m:[0m 👁️ Namespace Resolution: Lookup 'LookupResult_os_DirEntry_ctx' -> Resolved: 'LookupResult_os_DirEntry_ctx' (Current Prefix: '')
[2m2026-06-13T02:06:31.038037Z[0m [34mDEBUG[0m [2mgust_lexer::typechecker[0m[2m:[0m 👁️ Namespace Resolution: Lookup 'os.ReadDir' -> Resolved: 'os_ReadDir' (Current Prefix: '')
[2m2026-06-13T02:06:31.038090Z[0m [34mDEBUG[0m [2mgust_lexer::typechecker[0m[2m:[0m 👁️ Namespace Resolution: Lookup 'os.LogStr' -> Resolved: 'os_LogStr' (Current Prefix: '')
[2m2026-06-13T02:06:31.038102Z[0m [34mDEBUG[0m [2mgust_lexer::typechecker::visitor[0m[2m:[0m 👁️ Expression::Call Evaluation Start: Raw Function: 'os.LogStr', Resolved: 'os_LogStr', Registry Has Key: false
[2m2026-06-13T02:06:31.038149Z[0m [34mDEBUG[0m [2mgust_lexer::typechecker[0m[2m:[0m 👁️ Namespace Resolution: Lookup 'os.CloseDir' -> Resolved: 'os_CloseDir' (Current Prefix: '')
[2m2026-06-13T02:06:31.038161Z[0m [34mDEBUG[0m [2mgust_lexer::typechecker::visitor[0m[2m:[0m 👁️ Expression::Call Evaluation Start: Raw Function: 'os.CloseDir', Resolved: 'os_CloseDir', Registry Has Key: true
ok
test test_directory_invalid_namespace_or_field_access ... [2m2026-06-13T02:06:31.041307Z[0m [34mDEBUG[0m [2mgust_lexer::typechecker::visitor[0m[2m:[0m 🗄️ Stdlib Registered: Alias 'os' maps to prefix 'os_'
[2m2026-06-13T02:06:31.041320Z[0m [34mDEBUG[0m [2mgust_lexer::typechecker::visitor[0m[2m:[0m 🗄️ Stdlib Registered: Alias 'std' maps to prefix 'std_'
[2m2026-06-13T02:06:31.041446Z[0m [34mDEBUG[0m [2mgust_lexer::typechecker::visitor[0m[2m:[0m 🗄️ Function Pre-Registration: Raw name: 'main', Namespaced: 'main', Parameter Count: 0, Params: []
[2m2026-06-13T02:06:31.041469Z[0m [34mDEBUG[0m [2mgust_lexer::typechecker[0m[2m:[0m 👁️ Namespace Resolution: Lookup 'os.Arena.New' -> Resolved: 'os_Arena.New' (Current Prefix: '')
[2m2026-06-13T02:06:31.041481Z[0m [34mDEBUG[0m [2mgust_lexer::typechecker::visitor[0m[2m:[0m 👁️ Expression::Call Evaluation Start: Raw Function: 'os.Arena.New', Resolved: 'os_Arena.New', Registry Has Key: false
[2m2026-06-13T02:06:31.041500Z[0m [34mDEBUG[0m [2mgust_lexer::typechecker::visitor[0m[2m:[0m 👁️ Expression::Call Evaluation Start: Raw Function: 'ctx.Free', Resolved: 'ctx.Free', Registry Has Key: false
[2m2026-06-13T02:06:31.041523Z[0m [34mDEBUG[0m [2mgust_lexer::typechecker[0m[2m:[0m 👁️ Namespace Resolution: Lookup 'os.OpenDir' -> Resolved: 'os_OpenDir' (Current Prefix: '')
[2m2026-06-13T02:06:31.041534Z[0m [34mDEBUG[0m [2mgust_lexer::typechecker::visitor[0m[2m:[0m 👁️ Expression::Call Evaluation Start: Raw Function: 'os.OpenDir', Resolved: 'os_OpenDir', Registry Has Key: true
[2m2026-06-13T02:06:31.041563Z[0m [34mDEBUG[0m [2mgust_lexer::typechecker[0m[2m:[0m 👁️ Namespace Resolution: Lookup 'LookupResult_os_Dir_ctx' -> Resolved: 'LookupResult_os_Dir_ctx' (Current Prefix: '')
[2m2026-06-13T02:06:31.041577Z[0m [34mDEBUG[0m [2mgust_lexer::typechecker[0m[2m:[0m 👁️ Namespace Resolution: Lookup 'LookupResult_os_Dir_ctx' -> Resolved: 'LookupResult_os_Dir_ctx' (Current Prefix: '')
[2m2026-06-13T02:06:31.041588Z[0m [34mDEBUG[0m [2mgust_lexer::typechecker[0m[2m:[0m 👁️ Namespace Resolution: Lookup 'os.OpenDir' -> Resolved: 'os_OpenDir' (Current Prefix: '')
[2m2026-06-13T02:06:31.041628Z[0m [34mDEBUG[0m [2mgust_lexer::typechecker[0m[2m:[0m 👁️ Namespace Resolution: Lookup 'os_Dir_ctx' -> Resolved: 'os_Dir_ctx' (Current Prefix: '')
[2m2026-06-13T02:06:31.041641Z[0m [34mDEBUG[0m [2mgust_lexer::typechecker[0m[2m:[0m 👁️ Namespace Resolution: Lookup 'os_Dir_ctx' -> Resolved: 'os_Dir_ctx' (Current Prefix: '')
[2m2026-06-13T02:06:31.041942Z[0m [34mDEBUG[0m [2mgust_lexer::typechecker::visitor[0m[2m:[0m 🗄️ Stdlib Registered: Alias 'os' maps to prefix 'os_'
[2m2026-06-13T02:06:31.041953Z[0m [34mDEBUG[0m [2mgust_lexer::typechecker::visitor[0m[2m:[0m 🗄️ Stdlib Registered: Alias 'std' maps to prefix 'std_'
[2m2026-06-13T02:06:31.042079Z[0m [34mDEBUG[0m [2mgust_lexer::typechecker::visitor[0m[2m:[0m 🗄️ Function Pre-Registration: Raw name: 'main', Namespaced: 'main', Parameter Count: 0, Params: []
[2m2026-06-13T02:06:31.042098Z[0m [34mDEBUG[0m [2mgust_lexer::typechecker[0m[2m:[0m 👁️ Namespace Resolution: Lookup 'os.Arena.New' -> Resolved: 'os_Arena.New' (Current Prefix: '')
[2m2026-06-13T02:06:31.042110Z[0m [34mDEBUG[0m [2mgust_lexer::typechecker::visitor[0m[2m:[0m 👁️ Expression::Call Evaluation Start: Raw Function: 'os.Arena.New', Resolved: 'os_Arena.New', Registry Has Key: false
[2m2026-06-13T02:06:31.042132Z[0m [34mDEBUG[0m [2mgust_lexer::typechecker::visitor[0m[2m:[0m 👁️ Expression::Call Evaluation Start: Raw Function: 'ctx.Free', Resolved: 'ctx.Free', Registry Has Key: false
[2m2026-06-13T02:06:31.042150Z[0m [34mDEBUG[0m [2mgust_lexer::typechecker[0m[2m:[0m 👁️ Namespace Resolution: Lookup 'os.OpenDir_Invalid' -> Resolved: 'os_OpenDir_Invalid' (Current Prefix: '')
[2m2026-06-13T02:06:31.042162Z[0m [34mDEBUG[0m [2mgust_lexer::typechecker::visitor[0m[2m:[0m 👁️ Expression::Call Evaluation Start: Raw Function: 'os.OpenDir_Invalid', Resolved: 'os_OpenDir_Invalid', Registry Has Key: false
ok
test test_directory_resource_safety_checks ... [2m2026-06-13T02:06:31.043044Z[0m [34mDEBUG[0m [2mgust_lexer::typechecker::visitor[0m[2m:[0m 🗄️ Stdlib Registered: Alias 'os' maps to prefix 'os_'
[2m2026-06-13T02:06:31.043079Z[0m [34mDEBUG[0m [2mgust_lexer::typechecker::visitor[0m[2m:[0m 🗄️ Stdlib Registered: Alias 'std' maps to prefix 'std_'
[2m2026-06-13T02:06:31.043442Z[0m [34mDEBUG[0m [2mgust_lexer::typechecker::visitor[0m[2m:[0m 🗄️ Function Pre-Registration: Raw name: 'main', Namespaced: 'main', Parameter Count: 0, Params: []
[2m2026-06-13T02:06:31.043510Z[0m [34mDEBUG[0m [2mgust_lexer::typechecker[0m[2m:[0m 👁️ Namespace Resolution: Lookup 'os.Arena.New' -> Resolved: 'os_Arena.New' (Current Prefix: '')
[2m2026-06-13T02:06:31.043543Z[0m [34mDEBUG[0m [2mgust_lexer::typechecker::visitor[0m[2m:[0m 👁️ Expression::Call Evaluation Start: Raw Function: 'os.Arena.New', Resolved: 'os_Arena.New', Registry Has Key: false
[2m2026-06-13T02:06:31.043601Z[0m [34mDEBUG[0m [2mgust_lexer::typechecker::visitor[0m[2m:[0m 👁️ Expression::Call Evaluation Start: Raw Function: 'ctx.Free', Resolved: 'ctx.Free', Registry Has Key: false
[2m2026-06-13T02:06:31.043663Z[0m [34mDEBUG[0m [2mgust_lexer::typechecker[0m[2m:[0m 👁️ Namespace Resolution: Lookup 'os.OpenDir' -> Resolved: 'os_OpenDir' (Current Prefix: '')
[2m2026-06-13T02:06:31.043691Z[0m [34mDEBUG[0m [2mgust_lexer::typechecker::visitor[0m[2m:[0m 👁️ Expression::Call Evaluation Start: Raw Function: 'os.OpenDir', Resolved: 'os_OpenDir', Registry Has Key: true
[2m2026-06-13T02:06:31.043771Z[0m [34mDEBUG[0m [2mgust_lexer::typechecker[0m[2m:[0m 👁️ Namespace Resolution: Lookup 'LookupResult_os_Dir_ctx' -> Resolved: 'LookupResult_os_Dir_ctx' (Current Prefix: '')
[2m2026-06-13T02:06:31.043806Z[0m [34mDEBUG[0m [2mgust_lexer::typechecker[0m[2m:[0m 👁️ Namespace Resolution: Lookup 'LookupResult_os_Dir_ctx' -> Resolved: 'LookupResult_os_Dir_ctx' (Current Prefix: '')
[2m2026-06-13T02:06:31.043838Z[0m [34mDEBUG[0m [2mgust_lexer::typechecker[0m[2m:[0m 👁️ Namespace Resolution: Lookup 'os.OpenDir' -> Resolved: 'os_OpenDir' (Current Prefix: '')
[2m2026-06-13T02:06:31.043961Z[0m [34mDEBUG[0m [2mgust_lexer::typechecker[0m[2m:[0m 👁️ Namespace Resolution: Lookup 'os_Dir_ctx' -> Resolved: 'os_Dir_ctx' (Current Prefix: '')
[2m2026-06-13T02:06:31.043991Z[0m [34mDEBUG[0m [2mgust_lexer::typechecker[0m[2m:[0m 👁️ Namespace Resolution: Lookup 'os_Dir_ctx' -> Resolved: 'os_Dir_ctx' (Current Prefix: '')
[2m2026-06-13T02:06:31.044109Z[0m [34mDEBUG[0m [2mgust_lexer::typechecker[0m[2m:[0m 👁️ Namespace Resolution: Lookup 'os.CloseDir' -> Resolved: 'os_CloseDir' (Current Prefix: '')
[2m2026-06-13T02:06:31.044138Z[0m [34mDEBUG[0m [2mgust_lexer::typechecker::visitor[0m[2m:[0m 👁️ Expression::Call Evaluation Start: Raw Function: 'os.CloseDir', Resolved: 'os_CloseDir', Registry Has Key: true
[2m2026-06-13T02:06:31.045024Z[0m [34mDEBUG[0m [2mgust_lexer::typechecker::visitor[0m[2m:[0m 🗄️ Stdlib Registered: Alias 'os' maps to prefix 'os_'
[2m2026-06-13T02:06:31.045056Z[0m [34mDEBUG[0m [2mgust_lexer::typechecker::visitor[0m[2m:[0m 🗄️ Stdlib Registered: Alias 'std' maps to prefix 'std_'
[2m2026-06-13T02:06:31.045251Z[0m [34mDEBUG[0m [2mgust_lexer::typechecker::visitor[0m[2m:[0m 🗄️ Function Pre-Registration: Raw name: 'leak', Namespaced: 'leak', Parameter Count: 0, Params: []
[2m2026-06-13T02:06:31.045266Z[0m [34mDEBUG[0m [2mgust_lexer::typechecker::visitor[0m[2m:[0m 🗄️ Function Pre-Registration: Raw name: 'main', Namespaced: 'main', Parameter Count: 0, Params: []
[2m2026-06-13T02:06:31.045282Z[0m [34mDEBUG[0m [2mgust_lexer::typechecker[0m[2m:[0m 👁️ Namespace Resolution: Lookup 'os.Arena.New' -> Resolved: 'os_Arena.New' (Current Prefix: '')
[2m2026-06-13T02:06:31.045292Z[0m [34mDEBUG[0m [2mgust_lexer::typechecker::visitor[0m[2m:[0m 👁️ Expression::Call Evaluation Start: Raw Function: 'os.Arena.New', Resolved: 'os_Arena.New', Registry Has Key: false
[2m2026-06-13T02:06:31.045314Z[0m [34mDEBUG[0m [2mgust_lexer::typechecker::visitor[0m[2m:[0m 👁️ Expression::Call Evaluation Start: Raw Function: 'ctx.Free', Resolved: 'ctx.Free', Registry Has Key: false
[2m2026-06-13T02:06:31.045332Z[0m [34mDEBUG[0m [2mgust_lexer::typechecker[0m[2m:[0m 👁️ Namespace Resolution: Lookup 'os.OpenDir' -> Resolved: 'os_OpenDir' (Current Prefix: '')
[2m2026-06-13T02:06:31.045343Z[0m [34mDEBUG[0m [2mgust_lexer::typechecker::visitor[0m[2m:[0m 👁️ Expression::Call Evaluation Start: Raw Function: 'os.OpenDir', Resolved: 'os_OpenDir', Registry Has Key: true
[2m2026-06-13T02:06:31.045373Z[0m [34mDEBUG[0m [2mgust_lexer::typechecker[0m[2m:[0m 👁️ Namespace Resolution: Lookup 'LookupResult_os_Dir_ctx' -> Resolved: 'LookupResult_os_Dir_ctx' (Current Prefix: '')
[2m2026-06-13T02:06:31.045387Z[0m [34mDEBUG[0m [2mgust_lexer::typechecker[0m[2m:[0m 👁️ Namespace Resolution: Lookup 'LookupResult_os_Dir_ctx' -> Resolved: 'LookupResult_os_Dir_ctx' (Current Prefix: '')
[2m2026-06-13T02:06:31.045398Z[0m [34mDEBUG[0m [2mgust_lexer::typechecker[0m[2m:[0m 👁️ Namespace Resolution: Lookup 'os.OpenDir' -> Resolved: 'os_OpenDir' (Current Prefix: '')
[2m2026-06-13T02:06:31.045432Z[0m [34mDEBUG[0m [2mgust_lexer::typechecker[0m[2m:[0m 👁️ Namespace Resolution: Lookup 'os_Dir_ctx' -> Resolved: 'os_Dir_ctx' (Current Prefix: '')
[2m2026-06-13T02:06:31.045445Z[0m [34mDEBUG[0m [2mgust_lexer::typechecker[0m[2m:[0m 👁️ Namespace Resolution: Lookup 'os_Dir_ctx' -> Resolved: 'os_Dir_ctx' (Current Prefix: '')
[2m2026-06-13T02:06:31.045776Z[0m [34mDEBUG[0m [2mgust_lexer::typechecker::visitor[0m[2m:[0m 🗄️ Stdlib Registered: Alias 'os' maps to prefix 'os_'
[2m2026-06-13T02:06:31.045787Z[0m [34mDEBUG[0m [2mgust_lexer::typechecker::visitor[0m[2m:[0m 🗄️ Stdlib Registered: Alias 'std' maps to prefix 'std_'
[2m2026-06-13T02:06:31.045909Z[0m [34mDEBUG[0m [2mgust_lexer::typechecker::visitor[0m[2m:[0m 🗄️ Function Pre-Registration: Raw name: 'main', Namespaced: 'main', Parameter Count: 0, Params: []
[2m2026-06-13T02:06:31.045926Z[0m [34mDEBUG[0m [2mgust_lexer::typechecker[0m[2m:[0m 👁️ Namespace Resolution: Lookup 'os.Arena.New' -> Resolved: 'os_Arena.New' (Current Prefix: '')
[2m2026-06-13T02:06:31.045936Z[0m [34mDEBUG[0m [2mgust_lexer::typechecker::visitor[0m[2m:[0m 👁️ Expression::Call Evaluation Start: Raw Function: 'os.Arena.New', Resolved: 'os_Arena.New', Registry Has Key: false
[2m2026-06-13T02:06:31.045953Z[0m [34mDEBUG[0m [2mgust_lexer::typechecker::visitor[0m[2m:[0m 👁️ Expression::Call Evaluation Start: Raw Function: 'ctx.Free', Resolved: 'ctx.Free', Registry Has Key: false
[2m2026-06-13T02:06:31.045968Z[0m [34mDEBUG[0m [2mgust_lexer::typechecker[0m[2m:[0m 👁️ Namespace Resolution: Lookup 'os.OpenDir' -> Resolved: 'os_OpenDir' (Current Prefix: '')
[2m2026-06-13T02:06:31.045978Z[0m [34mDEBUG[0m [2mgust_lexer::typechecker::visitor[0m[2m:[0m 👁️ Expression::Call Evaluation Start: Raw Function: 'os.OpenDir', Resolved: 'os_OpenDir', Registry Has Key: true
[2m2026-06-13T02:06:31.046004Z[0m [34mDEBUG[0m [2mgust_lexer::typechecker[0m[2m:[0m 👁️ Namespace Resolution: Lookup 'LookupResult_os_Dir_ctx' -> Resolved: 'LookupResult_os_Dir_ctx' (Current Prefix: '')
[2m2026-06-13T02:06:31.046016Z[0m [34mDEBUG[0m [2mgust_lexer::typechecker[0m[2m:[0m 👁️ Namespace Resolution: Lookup 'LookupResult_os_Dir_ctx' -> Resolved: 'LookupResult_os_Dir_ctx' (Current Prefix: '')
[2m2026-06-13T02:06:31.046026Z[0m [34mDEBUG[0m [2mgust_lexer::typechecker[0m[2m:[0m 👁️ Namespace Resolution: Lookup 'os.OpenDir' -> Resolved: 'os_OpenDir' (Current Prefix: '')
[2m2026-06-13T02:06:31.046063Z[0m [34mDEBUG[0m [2mgust_lexer::typechecker[0m[2m:[0m 👁️ Namespace Resolution: Lookup 'os_Dir_ctx' -> Resolved: 'os_Dir_ctx' (Current Prefix: '')
[2m2026-06-13T02:06:31.046073Z[0m [34mDEBUG[0m [2mgust_lexer::typechecker[0m[2m:[0m 👁️ Namespace Resolution: Lookup 'os_Dir_ctx' -> Resolved: 'os_Dir_ctx' (Current Prefix: '')
ok
test test_empty_intrinsic_type_checking ... [2m2026-06-13T02:06:31.046495Z[0m [34mDEBUG[0m [2mgust_lexer::typechecker::visitor[0m[2m:[0m 🗄️ Stdlib Registered: Alias 'os' maps to prefix 'os_'
[2m2026-06-13T02:06:31.046506Z[0m [34mDEBUG[0m [2mgust_lexer::typechecker::visitor[0m[2m:[0m 🗄️ Stdlib Registered: Alias 'std' maps to prefix 'std_'
[2m2026-06-13T02:06:31.046622Z[0m [34mDEBUG[0m [2mgust_lexer::typechecker::visitor[0m[2m:[0m 🗄️ Function Pre-Registration: Raw name: 'main', Namespaced: 'main', Parameter Count: 0, Params: []
[2m2026-06-13T02:06:31.046653Z[0m [34mDEBUG[0m [2mgust_lexer::typechecker[0m[2m:[0m 👁️ Namespace Resolution: Lookup 'CustomNode' -> Resolved: 'CustomNode' (Current Prefix: '')
[2m2026-06-13T02:06:31.046662Z[0m [34mDEBUG[0m [2mgust_lexer::typechecker[0m[2m:[0m 👁️ Namespace Resolution: Lookup 'CustomNode' -> Resolved: 'CustomNode' (Current Prefix: '')
[2m2026-06-13T02:06:31.046671Z[0m [34mDEBUG[0m [2mgust_lexer::typechecker[0m[2m:[0m 👁️ Namespace Resolution: Lookup 'CustomNode' -> Resolved: 'CustomNode' (Current Prefix: '')
[2m2026-06-13T02:06:31.046680Z[0m [34mDEBUG[0m [2mgust_lexer::typechecker[0m[2m:[0m 👁️ Namespace Resolution: Lookup 'CustomNode' -> Resolved: 'CustomNode' (Current Prefix: '')
[2m2026-06-13T02:06:31.046690Z[0m [34mDEBUG[0m [2mgust_lexer::typechecker[0m[2m:[0m 👁️ Namespace Resolution: Lookup 'CustomNode' -> Resolved: 'CustomNode' (Current Prefix: '')
[2m2026-06-13T02:06:31.046699Z[0m [34mDEBUG[0m [2mgust_lexer::typechecker[0m[2m:[0m 👁️ Namespace Resolution: Lookup 'CustomNode' -> Resolved: 'CustomNode' (Current Prefix: '')
[2m2026-06-13T02:06:31.046946Z[0m [34mDEBUG[0m [2mgust_lexer::typechecker::visitor[0m[2m:[0m 🗄️ Stdlib Registered: Alias 'os' maps to prefix 'os_'
[2m2026-06-13T02:06:31.046954Z[0m [34mDEBUG[0m [2mgust_lexer::typechecker::visitor[0m[2m:[0m 🗄️ Stdlib Registered: Alias 'std' maps to prefix 'std_'
[2m2026-06-13T02:06:31.047063Z[0m [34mDEBUG[0m [2mgust_lexer::typechecker::visitor[0m[2m:[0m 🗄️ Function Pre-Registration: Raw name: 'main', Namespaced: 'main', Parameter Count: 0, Params: []
[2m2026-06-13T02:06:31.047318Z[0m [34mDEBUG[0m [2mgust_lexer::typechecker::visitor[0m[2m:[0m 🗄️ Stdlib Registered: Alias 'os' maps to prefix 'os_'
[2m2026-06-13T02:06:31.047326Z[0m [34mDEBUG[0m [2mgust_lexer::typechecker::visitor[0m[2m:[0m 🗄️ Stdlib Registered: Alias 'std' maps to prefix 'std_'
[2m2026-06-13T02:06:31.047440Z[0m [34mDEBUG[0m [2mgust_lexer::typechecker::visitor[0m[2m:[0m 🗄️ Function Pre-Registration: Raw name: 'main', Namespaced: 'main', Parameter Count: 0, Params: []
[2m2026-06-13T02:06:31.047461Z[0m [34mDEBUG[0m [2mgust_lexer::typechecker[0m[2m:[0m 👁️ Namespace Resolution: Lookup 'CustomNode' -> Resolved: 'CustomNode' (Current Prefix: '')
[2m2026-06-13T02:06:31.047469Z[0m [34mDEBUG[0m [2mgust_lexer::typechecker[0m[2m:[0m 👁️ Namespace Resolution: Lookup 'CustomNode' -> Resolved: 'CustomNode' (Current Prefix: '')
ok
test test_fallible_lookup_type_checking ... [2m2026-06-13T02:06:31.047855Z[0m [34mDEBUG[0m [2mgust_lexer::typechecker::visitor[0m[2m:[0m 🗄️ Stdlib Registered: Alias 'os' maps to prefix 'os_'
[2m2026-06-13T02:06:31.047865Z[0m [34mDEBUG[0m [2mgust_lexer::typechecker::visitor[0m[2m:[0m 🗄️ Stdlib Registered: Alias 'std' maps to prefix 'std_'
[2m2026-06-13T02:06:31.047989Z[0m [34mDEBUG[0m [2mgust_lexer::typechecker::visitor[0m[2m:[0m 🗄️ Function Pre-Registration: Raw name: 'main', Namespaced: 'main', Parameter Count: 0, Params: []
[2m2026-06-13T02:06:31.048012Z[0m [34mDEBUG[0m [2mgust_lexer::typechecker[0m[2m:[0m 👁️ Namespace Resolution: Lookup 'os.Arena.New' -> Resolved: 'os_Arena.New' (Current Prefix: '')
[2m2026-06-13T02:06:31.048022Z[0m [34mDEBUG[0m [2mgust_lexer::typechecker::visitor[0m[2m:[0m 👁️ Expression::Call Evaluation Start: Raw Function: 'os.Arena.New', Resolved: 'os_Arena.New', Registry Has Key: false
[2m2026-06-13T02:06:31.048040Z[0m [34mDEBUG[0m [2mgust_lexer::typechecker::visitor[0m[2m:[0m 👁️ Expression::Call Evaluation Start: Raw Function: 'ctx.Free', Resolved: 'ctx.Free', Registry Has Key: false
[2m2026-06-13T02:06:31.048059Z[0m [34mDEBUG[0m [2mgust_lexer::typechecker[0m[2m:[0m 👁️ Namespace Resolution: Lookup 'os.HashMapNew' -> Resolved: 'os_HashMapNew' (Current Prefix: '')
[2m2026-06-13T02:06:31.048069Z[0m [34mDEBUG[0m [2mgust_lexer::typechecker::visitor[0m[2m:[0m 👁️ Expression::Call Evaluation Start: Raw Function: 'os.HashMapNew', Resolved: 'os_HashMapNew', Registry Has Key: false
[2m2026-06-13T02:06:31.048085Z[0m [34mDEBUG[0m [2mgust_lexer::typechecker[0m[2m:[0m 👁️ Namespace Resolution: Lookup 'HashMap_Any' -> Resolved: 'HashMap_Any' (Current Prefix: '')
[2m2026-06-13T02:06:31.048096Z[0m [34mDEBUG[0m [2mgust_lexer::typechecker[0m[2m:[0m 👁️ Namespace Resolution: Lookup 'HashMap_Any' -> Resolved: 'HashMap_Any' (Current Prefix: '')
[2m2026-06-13T02:06:31.048108Z[0m [34mDEBUG[0m [2mgust_lexer::typechecker[0m[2m:[0m 👁️ Namespace Resolution: Lookup 'HashMap' -> Resolved: 'HashMap' (Current Prefix: '')
[2m2026-06-13T02:06:31.048118Z[0m [34mDEBUG[0m [2mgust_lexer::typechecker[0m[2m:[0m 👁️ Namespace Resolution: Lookup 'ctx' -> Resolved: 'ctx' (Current Prefix: '')
[2m2026-06-13T02:06:31.048128Z[0m [34mDEBUG[0m [2mgust_lexer::typechecker[0m[2m:[0m 👁️ Namespace Resolution: Lookup 'ctx' -> Resolved: 'ctx' (Current Prefix: '')
[2m2026-06-13T02:06:31.048161Z[0m [34mDEBUG[0m [2mgust_lexer::typechecker[0m[2m:[0m 👁️ Namespace Resolution: Lookup 'HashMap_int_int_ctx' -> Resolved: 'HashMap_int_int_ctx' (Current Prefix: '')
[2m2026-06-13T02:06:31.048177Z[0m [34mDEBUG[0m [2mgust_lexer::typechecker::visitor[0m[2m:[0m 👁️ Expression::Call Evaluation Start: Raw Function: 'map.Get', Resolved: 'map.Get', Registry Has Key: false
[2m2026-06-13T02:06:31.048202Z[0m [34mDEBUG[0m [2mgust_lexer::typechecker[0m[2m:[0m 👁️ Namespace Resolution: Lookup 'LookupResult_int' -> Resolved: 'LookupResult_int' (Current Prefix: '')
[2m2026-06-13T02:06:31.048213Z[0m [34mDEBUG[0m [2mgust_lexer::typechecker[0m[2m:[0m 👁️ Namespace Resolution: Lookup 'LookupResult_int' -> Resolved: 'LookupResult_int' (Current Prefix: '')
ok
test test_fiber_scratchpad_escape_across_yield_boundary ... [2m2026-06-13T02:06:31.049105Z[0m [34mDEBUG[0m [2mgust_lexer::typechecker::visitor[0m[2m:[0m 🗄️ Stdlib Registered: Alias 'os' maps to prefix 'os_'
[2m2026-06-13T02:06:31.049136Z[0m [34mDEBUG[0m [2mgust_lexer::typechecker::visitor[0m[2m:[0m 🗄️ Stdlib Registered: Alias 'std' maps to prefix 'std_'
[2m2026-06-13T02:06:31.049351Z[0m [34mDEBUG[0m [2mgust_lexer::typechecker::visitor[0m[2m:[0m 🗄️ Function Pre-Registration: Raw name: 'main', Namespaced: 'main', Parameter Count: 0, Params: []
[2m2026-06-13T02:06:31.049391Z[0m [34mDEBUG[0m [2mgust_lexer::typechecker[0m[2m:[0m 👁️ Namespace Resolution: Lookup 'os.Arena.New' -> Resolved: 'os_Arena.New' (Current Prefix: '')
[2m2026-06-13T02:06:31.049407Z[0m [34mDEBUG[0m [2mgust_lexer::typechecker::visitor[0m[2m:[0m 👁️ Expression::Call Evaluation Start: Raw Function: 'os.Arena.New', Resolved: 'os_Arena.New', Registry Has Key: false
[2m2026-06-13T02:06:31.049438Z[0m [34mDEBUG[0m [2mgust_lexer::typechecker::visitor[0m[2m:[0m 👁️ Expression::Call Evaluation Start: Raw Function: 'ctx.Free', Resolved: 'ctx.Free', Registry Has Key: false
[2m2026-06-13T02:06:31.049485Z[0m [34mDEBUG[0m [2mgust_lexer::typechecker[0m[2m:[0m 👁️ Namespace Resolution: Lookup 'Packet' -> Resolved: 'Packet' (Current Prefix: '')
[2m2026-06-13T02:06:31.049518Z[0m [34mDEBUG[0m [2mgust_lexer::typechecker[0m[2m:[0m 👁️ Namespace Resolution: Lookup 'Packet_ctx' -> Resolved: 'Packet_ctx' (Current Prefix: '')
[2m2026-06-13T02:06:31.049534Z[0m [34mDEBUG[0m [2mgust_lexer::typechecker[0m[2m:[0m 👁️ Namespace Resolution: Lookup 'Packet' -> Resolved: 'Packet' (Current Prefix: '')
[2m2026-06-13T02:06:31.049560Z[0m [34mDEBUG[0m [2mgust_lexer::typechecker[0m[2m:[0m 👁️ Namespace Resolution: Lookup 'Packet_ctx' -> Resolved: 'Packet_ctx' (Current Prefix: '')
[2m2026-06-13T02:06:31.049594Z[0m [34mDEBUG[0m [2mgust_lexer::typechecker[0m[2m:[0m 👁️ Namespace Resolution: Lookup 'std.Format' -> Resolved: 'std_Format' (Current Prefix: '')
[2m2026-06-13T02:06:31.049610Z[0m [34mDEBUG[0m [2mgust_lexer::typechecker::visitor[0m[2m:[0m 👁️ Expression::Call Evaluation Start: Raw Function: 'std.Format', Resolved: 'std_Format', Registry Has Key: true
[2m2026-06-13T02:06:31.049637Z[0m [34mDEBUG[0m [2mgust_lexer::typechecker[0m[2m:[0m 👁️ Namespace Resolution: Lookup 'std.Format' -> Resolved: 'std_Format' (Current Prefix: '')
ok
test test_file_io_type_safety_accepted ... [2m2026-06-13T02:06:31.050324Z[0m [34mDEBUG[0m [2mgust_lexer::typechecker::visitor[0m[2m:[0m 🗄️ Stdlib Registered: Alias 'os' maps to prefix 'os_'
[2m2026-06-13T02:06:31.050337Z[0m [34mDEBUG[0m [2mgust_lexer::typechecker::visitor[0m[2m:[0m 🗄️ Stdlib Registered: Alias 'std' maps to prefix 'std_'
[2m2026-06-13T02:06:31.050455Z[0m [34mDEBUG[0m [2mgust_lexer::typechecker::visitor[0m[2m:[0m 🗄️ Function Pre-Registration: Raw name: 'main', Namespaced: 'main', Parameter Count: 0, Params: []
[2m2026-06-13T02:06:31.050482Z[0m [34mDEBUG[0m [2mgust_lexer::typechecker[0m[2m:[0m 👁️ Namespace Resolution: Lookup 'os.Arena.New' -> Resolved: 'os_Arena.New' (Current Prefix: '')
[2m2026-06-13T02:06:31.050493Z[0m [34mDEBUG[0m [2mgust_lexer::typechecker::visitor[0m[2m:[0m 👁️ Expression::Call Evaluation Start: Raw Function: 'os.Arena.New', Resolved: 'os_Arena.New', Registry Has Key: false
[2m2026-06-13T02:06:31.050514Z[0m [34mDEBUG[0m [2mgust_lexer::typechecker::visitor[0m[2m:[0m 👁️ Expression::Call Evaluation Start: Raw Function: 'ctx.Free', Resolved: 'ctx.Free', Registry Has Key: false
[2m2026-06-13T02:06:31.050541Z[0m [34mDEBUG[0m [2mgust_lexer::typechecker[0m[2m:[0m 👁️ Namespace Resolution: Lookup 'os.WriteFile' -> Resolved: 'os_WriteFile' (Current Prefix: '')
[2m2026-06-13T02:06:31.050552Z[0m [34mDEBUG[0m [2mgust_lexer::typechecker::visitor[0m[2m:[0m 👁️ Expression::Call Evaluation Start: Raw Function: 'os.WriteFile', Resolved: 'os_WriteFile', Registry Has Key: false
[2m2026-06-13T02:06:31.050580Z[0m [34mDEBUG[0m [2mgust_lexer::typechecker[0m[2m:[0m 👁️ Namespace Resolution: Lookup 'os.ReadFile' -> Resolved: 'os_ReadFile' (Current Prefix: '')
[2m2026-06-13T02:06:31.050590Z[0m [34mDEBUG[0m [2mgust_lexer::typechecker::visitor[0m[2m:[0m 👁️ Expression::Call Evaluation Start: Raw Function: 'os.ReadFile', Resolved: 'os_ReadFile', Registry Has Key: false
[2m2026-06-13T02:06:31.050613Z[0m [34mDEBUG[0m [2mgust_lexer::typechecker[0m[2m:[0m 👁️ Namespace Resolution: Lookup 'os.ReadFile' -> Resolved: 'os_ReadFile' (Current Prefix: '')
[2m2026-06-13T02:06:31.050628Z[0m [34mDEBUG[0m [2mgust_lexer::typechecker[0m[2m:[0m 👁️ Namespace Resolution: Lookup 'os.LogStr' -> Resolved: 'os_LogStr' (Current Prefix: '')
[2m2026-06-13T02:06:31.050637Z[0m [34mDEBUG[0m [2mgust_lexer::typechecker::visitor[0m[2m:[0m 👁️ Expression::Call Evaluation Start: Raw Function: 'os.LogStr', Resolved: 'os_LogStr', Registry Has Key: false
ok
test test_format_argument_count_mismatch ... [2m2026-06-13T02:06:31.051026Z[0m [34mDEBUG[0m [2mgust_lexer::typechecker::visitor[0m[2m:[0m 🗄️ Stdlib Registered: Alias 'os' maps to prefix 'os_'
[2m2026-06-13T02:06:31.051037Z[0m [34mDEBUG[0m [2mgust_lexer::typechecker::visitor[0m[2m:[0m 🗄️ Stdlib Registered: Alias 'std' maps to prefix 'std_'
[2m2026-06-13T02:06:31.051185Z[0m [34mDEBUG[0m [2mgust_lexer::typechecker::visitor[0m[2m:[0m 🗄️ Function Pre-Registration: Raw name: 'main', Namespaced: 'main', Parameter Count: 0, Params: []
[2m2026-06-13T02:06:31.051200Z[0m [34mDEBUG[0m [2mgust_lexer::typechecker[0m[2m:[0m 👁️ Namespace Resolution: Lookup 'std.Format' -> Resolved: 'std_Format' (Current Prefix: '')
[2m2026-06-13T02:06:31.051206Z[0m [34mDEBUG[0m [2mgust_lexer::typechecker::visitor[0m[2m:[0m 👁️ Expression::Call Evaluation Start: Raw Function: 'std.Format', Resolved: 'std_Format', Registry Has Key: true
ok
test test_format_argument_type_mismatch ... [2m2026-06-13T02:06:31.051537Z[0m [34mDEBUG[0m [2mgust_lexer::typechecker::visitor[0m[2m:[0m 🗄️ Stdlib Registered: Alias 'os' maps to prefix 'os_'
[2m2026-06-13T02:06:31.051549Z[0m [34mDEBUG[0m [2mgust_lexer::typechecker::visitor[0m[2m:[0m 🗄️ Stdlib Registered: Alias 'std' maps to prefix 'std_'
[2m2026-06-13T02:06:31.051668Z[0m [34mDEBUG[0m [2mgust_lexer::typechecker::visitor[0m[2m:[0m 🗄️ Function Pre-Registration: Raw name: 'main', Namespaced: 'main', Parameter Count: 0, Params: []
[2m2026-06-13T02:06:31.051704Z[0m [34mDEBUG[0m [2mgust_lexer::typechecker[0m[2m:[0m 👁️ Namespace Resolution: Lookup 'std.Format' -> Resolved: 'std_Format' (Current Prefix: '')
[2m2026-06-13T02:06:31.051714Z[0m [34mDEBUG[0m [2mgust_lexer::typechecker::visitor[0m[2m:[0m 👁️ Expression::Call Evaluation Start: Raw Function: 'std.Format', Resolved: 'std_Format', Registry Has Key: true
ok
test test_format_assignment_to_branded_field_rejected ... [2m2026-06-13T02:06:31.052026Z[0m [34mDEBUG[0m [2mgust_lexer::typechecker::visitor[0m[2m:[0m 🗄️ Stdlib Registered: Alias 'os' maps to prefix 'os_'
[2m2026-06-13T02:06:31.052036Z[0m [34mDEBUG[0m [2mgust_lexer::typechecker::visitor[0m[2m:[0m 🗄️ Stdlib Registered: Alias 'std' maps to prefix 'std_'
[2m2026-06-13T02:06:31.052129Z[0m [34mDEBUG[0m [2mgust_lexer::typechecker::visitor[0m[2m:[0m 🗄️ Function Pre-Registration: Raw name: 'main', Namespaced: 'main', Parameter Count: 0, Params: []
[2m2026-06-13T02:06:31.052144Z[0m [34mDEBUG[0m [2mgust_lexer::typechecker[0m[2m:[0m 👁️ Namespace Resolution: Lookup 'os.Arena.New' -> Resolved: 'os_Arena.New' (Current Prefix: '')
[2m2026-06-13T02:06:31.052151Z[0m [34mDEBUG[0m [2mgust_lexer::typechecker::visitor[0m[2m:[0m 👁️ Expression::Call Evaluation Start: Raw Function: 'os.Arena.New', Resolved: 'os_Arena.New', Registry Has Key: false
[2m2026-06-13T02:06:31.052164Z[0m [34mDEBUG[0m [2mgust_lexer::typechecker::visitor[0m[2m:[0m 👁️ Expression::Call Evaluation Start: Raw Function: 'ctx.Free', Resolved: 'ctx.Free', Registry Has Key: false
[2m2026-06-13T02:06:31.052178Z[0m [34mDEBUG[0m [2mgust_lexer::typechecker[0m[2m:[0m 👁️ Namespace Resolution: Lookup 'os.ArenaAlloc' -> Resolved: 'os_ArenaAlloc' (Current Prefix: '')
[2m2026-06-13T02:06:31.052185Z[0m [34mDEBUG[0m [2mgust_lexer::typechecker::visitor[0m[2m:[0m 👁️ Expression::Call Evaluation Start: Raw Function: 'os.ArenaAlloc', Resolved: 'os_ArenaAlloc', Registry Has Key: false
[2m2026-06-13T02:06:31.052196Z[0m [34mDEBUG[0m [2mgust_lexer::typechecker[0m[2m:[0m 👁️ Namespace Resolution: Lookup 'Any' -> Resolved: 'Any' (Current Prefix: '')
[2m2026-06-13T02:06:31.052203Z[0m [34mDEBUG[0m [2mgust_lexer::typechecker[0m[2m:[0m 👁️ Namespace Resolution: Lookup 'Any' -> Resolved: 'Any' (Current Prefix: '')
[2m2026-06-13T02:06:31.052211Z[0m [34mDEBUG[0m [2mgust_lexer::typechecker[0m[2m:[0m 👁️ Namespace Resolution: Lookup 'Node' -> Resolved: 'Node' (Current Prefix: '')
[2m2026-06-13T02:06:31.052224Z[0m [34mDEBUG[0m [2mgust_lexer::typechecker[0m[2m:[0m 👁️ Namespace Resolution: Lookup 'Node_ctx' -> Resolved: 'Node_ctx' (Current Prefix: '')
[2m2026-06-13T02:06:31.052244Z[0m [34mDEBUG[0m [2mgust_lexer::typechecker[0m[2m:[0m 👁️ Namespace Resolution: Lookup 'std.Format' -> Resolved: 'std_Format' (Current Prefix: '')
[2m2026-06-13T02:06:31.052251Z[0m [34mDEBUG[0m [2mgust_lexer::typechecker::visitor[0m[2m:[0m 👁️ Expression::Call Evaluation Start: Raw Function: 'std.Format', Resolved: 'std_Format', Registry Has Key: true
[2m2026-06-13T02:06:31.052269Z[0m [34mDEBUG[0m [2mgust_lexer::typechecker[0m[2m:[0m 👁️ Namespace Resolution: Lookup 'std.Format' -> Resolved: 'std_Format' (Current Prefix: '')
ok
test test_format_clone_to_arena_accepted ... [2m2026-06-13T02:06:31.052633Z[0m [34mDEBUG[0m [2mgust_lexer::typechecker::visitor[0m[2m:[0m 🗄️ Stdlib Registered: Alias 'os' maps to prefix 'os_'
[2m2026-06-13T02:06:31.052643Z[0m [34mDEBUG[0m [2mgust_lexer::typechecker::visitor[0m[2m:[0m 🗄️ Stdlib Registered: Alias 'std' maps to prefix 'std_'
[2m2026-06-13T02:06:31.052763Z[0m [34mDEBUG[0m [2mgust_lexer::typechecker::visitor[0m[2m:[0m 🗄️ Function Pre-Registration: Raw name: 'main', Namespaced: 'main', Parameter Count: 0, Params: []
[2m2026-06-13T02:06:31.052784Z[0m [34mDEBUG[0m [2mgust_lexer::typechecker[0m[2m:[0m 👁️ Namespace Resolution: Lookup 'os.Arena.New' -> Resolved: 'os_Arena.New' (Current Prefix: '')
[2m2026-06-13T02:06:31.052792Z[0m [34mDEBUG[0m [2mgust_lexer::typechecker::visitor[0m[2m:[0m 👁️ Expression::Call Evaluation Start: Raw Function: 'os.Arena.New', Resolved: 'os_Arena.New', Registry Has Key: false
[2m2026-06-13T02:06:31.052809Z[0m [34mDEBUG[0m [2mgust_lexer::typechecker::visitor[0m[2m:[0m 👁️ Expression::Call Evaluation Start: Raw Function: 'ctx.Free', Resolved: 'ctx.Free', Registry Has Key: false
[2m2026-06-13T02:06:31.052833Z[0m [34mDEBUG[0m [2mgust_lexer::typechecker[0m[2m:[0m 👁️ Namespace Resolution: Lookup 'os.ArenaAlloc' -> Resolved: 'os_ArenaAlloc' (Current Prefix: '')
[2m2026-06-13T02:06:31.052842Z[0m [34mDEBUG[0m [2mgust_lexer::typechecker::visitor[0m[2m:[0m 👁️ Expression::Call Evaluation Start: Raw Function: 'os.ArenaAlloc', Resolved: 'os_ArenaAlloc', Registry Has Key: false
[2m2026-06-13T02:06:31.052856Z[0m [34mDEBUG[0m [2mgust_lexer::typechecker[0m[2m:[0m 👁️ Namespace Resolution: Lookup 'Any' -> Resolved: 'Any' (Current Prefix: '')
[2m2026-06-13T02:06:31.052865Z[0m [34mDEBUG[0m [2mgust_lexer::typechecker[0m[2m:[0m 👁️ Namespace Resolution: Lookup 'Any' -> Resolved: 'Any' (Current Prefix: '')
[2m2026-06-13T02:06:31.052874Z[0m [34mDEBUG[0m [2mgust_lexer::typechecker[0m[2m:[0m 👁️ Namespace Resolution: Lookup 'Node' -> Resolved: 'Node' (Current Prefix: '')
[2m2026-06-13T02:06:31.052893Z[0m [34mDEBUG[0m [2mgust_lexer::typechecker[0m[2m:[0m 👁️ Namespace Resolution: Lookup 'Node_ctx' -> Resolved: 'Node_ctx' (Current Prefix: '')
[2m2026-06-13T02:06:31.052918Z[0m [34mDEBUG[0m [2mgust_lexer::typechecker[0m[2m:[0m 👁️ Namespace Resolution: Lookup 'std.Clone' -> Resolved: 'std_Clone' (Current Prefix: '')
[2m2026-06-13T02:06:31.052929Z[0m [34mDEBUG[0m [2mgust_lexer::typechecker::visitor[0m[2m:[0m 👁️ Expression::Call Evaluation Start: Raw Function: 'std.Clone', Resolved: 'std_Clone', Registry Has Key: true
[2m2026-06-13T02:06:31.052941Z[0m [34mDEBUG[0m [2mgust_lexer::typechecker[0m[2m:[0m 👁️ Namespace Resolution: Lookup 'std.Format' -> Resolved: 'std_Format' (Current Prefix: '')
[2m2026-06-13T02:06:31.052950Z[0m [34mDEBUG[0m [2mgust_lexer::typechecker::visitor[0m[2m:[0m 👁️ Expression::Call Evaluation Start: Raw Function: 'std.Format', Resolved: 'std_Format', Registry Has Key: true
[2m2026-06-13T02:06:31.052973Z[0m [34mDEBUG[0m [2mgust_lexer::typechecker[0m[2m:[0m 👁️ Namespace Resolution: Lookup 'std.Clone' -> Resolved: 'std_Clone' (Current Prefix: '')
[2m2026-06-13T02:06:31.052989Z[0m [34mDEBUG[0m [2mgust_lexer::typechecker[0m[2m:[0m 👁️ Namespace Resolution: Lookup 'std.Format' -> Resolved: 'std_Format' (Current Prefix: '')
[2m2026-06-13T02:06:31.053004Z[0m [34mDEBUG[0m [2mgust_lexer::typechecker[0m[2m:[0m 👁️ Namespace Resolution: Lookup 'std.Clone' -> Resolved: 'std_Clone' (Current Prefix: '')
[2m2026-06-13T02:06:31.053018Z[0m [34mDEBUG[0m [2mgust_lexer::typechecker[0m[2m:[0m 👁️ Namespace Resolution: Lookup 'std.Format' -> Resolved: 'std_Format' (Current Prefix: '')
ok
test test_format_escape_via_return_rejected ... [2m2026-06-13T02:06:31.053595Z[0m [34mDEBUG[0m [2mgust_lexer::typechecker::visitor[0m[2m:[0m 🗄️ Stdlib Registered: Alias 'os' maps to prefix 'os_'
[2m2026-06-13T02:06:31.053608Z[0m [34mDEBUG[0m [2mgust_lexer::typechecker::visitor[0m[2m:[0m 🗄️ Stdlib Registered: Alias 'std' maps to prefix 'std_'
[2m2026-06-13T02:06:31.053735Z[0m [34mDEBUG[0m [2mgust_lexer::typechecker::visitor[0m[2m:[0m 🗄️ Function Pre-Registration: Raw name: 'leak', Namespaced: 'leak', Parameter Count: 0, Params: []
[2m2026-06-13T02:06:31.053748Z[0m [34mDEBUG[0m [2mgust_lexer::typechecker::visitor[0m[2m:[0m 🗄️ Function Pre-Registration: Raw name: 'main', Namespaced: 'main', Parameter Count: 0, Params: []
[2m2026-06-13T02:06:31.053768Z[0m [34mDEBUG[0m [2mgust_lexer::typechecker[0m[2m:[0m 👁️ Namespace Resolution: Lookup 'std.Format' -> Resolved: 'std_Format' (Current Prefix: '')
[2m2026-06-13T02:06:31.053778Z[0m [34mDEBUG[0m [2mgust_lexer::typechecker::visitor[0m[2m:[0m 👁️ Expression::Call Evaluation Start: Raw Function: 'std.Format', Resolved: 'std_Format', Registry Has Key: true
[2m2026-06-13T02:06:31.053796Z[0m [34mDEBUG[0m [2mgust_lexer::typechecker[0m[2m:[0m 👁️ Namespace Resolution: Lookup 'std.Format' -> Resolved: 'std_Format' (Current Prefix: '')
ok
test test_format_non_literal_rejected ... [2m2026-06-13T02:06:31.054212Z[0m [34mDEBUG[0m [2mgust_lexer::typechecker::visitor[0m[2m:[0m 🗄️ Stdlib Registered: Alias 'os' maps to prefix 'os_'
[2m2026-06-13T02:06:31.054251Z[0m [34mDEBUG[0m [2mgust_lexer::typechecker::visitor[0m[2m:[0m 🗄️ Stdlib Registered: Alias 'std' maps to prefix 'std_'
[2m2026-06-13T02:06:31.054339Z[0m [34mDEBUG[0m [2mgust_lexer::typechecker::visitor[0m[2m:[0m 🗄️ Function Pre-Registration: Raw name: 'main', Namespaced: 'main', Parameter Count: 0, Params: []
[2m2026-06-13T02:06:31.054383Z[0m [34mDEBUG[0m [2mgust_lexer::typechecker[0m[2m:[0m 👁️ Namespace Resolution: Lookup 'std.Format' -> Resolved: 'std_Format' (Current Prefix: '')
[2m2026-06-13T02:06:31.054396Z[0m [34mDEBUG[0m [2mgust_lexer::typechecker::visitor[0m[2m:[0m 👁️ Expression::Call Evaluation Start: Raw Function: 'std.Format', Resolved: 'std_Format', Registry Has Key: true
ok
test test_format_typecheck_valid ... [2m2026-06-13T02:06:31.054800Z[0m [34mDEBUG[0m [2mgust_lexer::typechecker::visitor[0m[2m:[0m 🗄️ Stdlib Registered: Alias 'os' maps to prefix 'os_'
[2m2026-06-13T02:06:31.054820Z[0m [34mDEBUG[0m [2mgust_lexer::typechecker::visitor[0m[2m:[0m 🗄️ Stdlib Registered: Alias 'std' maps to prefix 'std_'
[2m2026-06-13T02:06:31.054953Z[0m [34mDEBUG[0m [2mgust_lexer::typechecker::visitor[0m[2m:[0m 🗄️ Function Pre-Registration: Raw name: 'main', Namespaced: 'main', Parameter Count: 0, Params: []
[2m2026-06-13T02:06:31.054987Z[0m [34mDEBUG[0m [2mgust_lexer::typechecker[0m[2m:[0m 👁️ Namespace Resolution: Lookup 'std.Format' -> Resolved: 'std_Format' (Current Prefix: '')
[2m2026-06-13T02:06:31.054997Z[0m [34mDEBUG[0m [2mgust_lexer::typechecker::visitor[0m[2m:[0m 👁️ Expression::Call Evaluation Start: Raw Function: 'std.Format', Resolved: 'std_Format', Registry Has Key: true
[2m2026-06-13T02:06:31.055022Z[0m [34mDEBUG[0m [2mgust_lexer::typechecker[0m[2m:[0m 👁️ Namespace Resolution: Lookup 'std.Format' -> Resolved: 'std_Format' (Current Prefix: '')
ok
test test_function_call_union_origins_invalidation ... [2m2026-06-13T02:06:31.055922Z[0m [34mDEBUG[0m [2mgust_lexer::typechecker::visitor[0m[2m:[0m 🗄️ Stdlib Registered: Alias 'os' maps to prefix 'os_'
[2m2026-06-13T02:06:31.055934Z[0m [34mDEBUG[0m [2mgust_lexer::typechecker::visitor[0m[2m:[0m 🗄️ Stdlib Registered: Alias 'std' maps to prefix 'std_'
[2m2026-06-13T02:06:31.056057Z[0m [34mDEBUG[0m [2mgust_lexer::typechecker::visitor[0m[2m:[0m 🗄️ Function Pre-Registration: Raw name: 'choose_payload', Namespaced: 'choose_payload', Parameter Count: 3, Params: ["cond: Int", "a: Slice(Byte)", "b: Slice(Byte)"]
[2m2026-06-13T02:06:31.056070Z[0m [34mDEBUG[0m [2mgust_lexer::typechecker::visitor[0m[2m:[0m 🗄️ Function Pre-Registration: Raw name: 'main', Namespaced: 'main', Parameter Count: 0, Params: []
[2m2026-06-13T02:06:31.056172Z[0m [34mDEBUG[0m [2mgust_lexer::typechecker[0m[2m:[0m 👁️ Namespace Resolution: Lookup 'os.MockPayload' -> Resolved: 'os_MockPayload' (Current Prefix: '')
[2m2026-06-13T02:06:31.056183Z[0m [34mDEBUG[0m [2mgust_lexer::typechecker::visitor[0m[2m:[0m 👁️ Expression::Call Evaluation Start: Raw Function: 'os.MockPayload', Resolved: 'os_MockPayload', Registry Has Key: false
[2m2026-06-13T02:06:31.056198Z[0m [34mDEBUG[0m [2mgust_lexer::typechecker[0m[2m:[0m 👁️ Namespace Resolution: Lookup 'os.MockPayload' -> Resolved: 'os_MockPayload' (Current Prefix: '')
[2m2026-06-13T02:06:31.056219Z[0m [34mDEBUG[0m [2mgust_lexer::typechecker[0m[2m:[0m 👁️ Namespace Resolution: Lookup 'os.MockPayload' -> Resolved: 'os_MockPayload' (Current Prefix: '')
[2m2026-06-13T02:06:31.056230Z[0m [34mDEBUG[0m [2mgust_lexer::typechecker::visitor[0m[2m:[0m 👁️ Expression::Call Evaluation Start: Raw Function: 'os.MockPayload', Resolved: 'os_MockPayload', Registry Has Key: false
[2m2026-06-13T02:06:31.056243Z[0m [34mDEBUG[0m [2mgust_lexer::typechecker[0m[2m:[0m 👁️ Namespace Resolution: Lookup 'os.MockPayload' -> Resolved: 'os_MockPayload' (Current Prefix: '')
[2m2026-06-13T02:06:31.056260Z[0m [34mDEBUG[0m [2mgust_lexer::typechecker[0m[2m:[0m 👁️ Namespace Resolution: Lookup 'choose_payload' -> Resolved: 'choose_payload' (Current Prefix: '')
[2m2026-06-13T02:06:31.056272Z[0m [34mDEBUG[0m [2mgust_lexer::typechecker::visitor[0m[2m:[0m 👁️ Expression::Call Evaluation Start: Raw Function: 'choose_payload', Resolved: 'choose_payload', Registry Has Key: true
[2m2026-06-13T02:06:31.056306Z[0m [34mDEBUG[0m [2mgust_lexer::typechecker::visitor[0m[2m:[0m 👁️ Call-Site Verification: Raw Function: 'choose_payload', Resolved: 'choose_payload', Expected Params Count: 3, Expected Params: [Int, Slice(Byte), Slice(Byte)], Actual Args: [("1", Int), ("p1", Slice(Byte)), ("p2", Slice(Byte))]
[2m2026-06-13T02:06:31.056330Z[0m [34mDEBUG[0m [2mgust_lexer::typechecker[0m[2m:[0m 👁️ Namespace Resolution: Lookup 'choose_payload' -> Resolved: 'choose_payload' (Current Prefix: '')
[2m2026-06-13T02:06:31.056355Z[0m [34mDEBUG[0m [2mgust_lexer::typechecker[0m[2m:[0m 👁️ Namespace Resolution: Lookup 'os.MockPayload' -> Resolved: 'os_MockPayload' (Current Prefix: '')
[2m2026-06-13T02:06:31.056366Z[0m [34mDEBUG[0m [2mgust_lexer::typechecker::visitor[0m[2m:[0m 👁️ Expression::Call Evaluation Start: Raw Function: 'os.MockPayload', Resolved: 'os_MockPayload', Registry Has Key: false
[2m2026-06-13T02:06:31.056382Z[0m [34mDEBUG[0m [2mgust_lexer::typechecker[0m[2m:[0m 👁️ Namespace Resolution: Lookup 'os.MockPayload' -> Resolved: 'os_MockPayload' (Current Prefix: '')
[2m2026-06-13T02:06:31.056401Z[0m [34mDEBUG[0m [2mgust_lexer::typechecker[0m[2m:[0m 👁️ Namespace Resolution: Lookup 'os.LogInt' -> Resolved: 'os_LogInt' (Current Prefix: '')
[2m2026-06-13T02:06:31.056411Z[0m [34mDEBUG[0m [2mgust_lexer::typechecker::visitor[0m[2m:[0m 👁️ Expression::Call Evaluation Start: Raw Function: 'os.LogInt', Resolved: 'os_LogInt', Registry Has Key: false
ok
test test_function_view_origin_propagation_rejected ... [2m2026-06-13T02:06:31.057394Z[0m [34mDEBUG[0m [2mgust_lexer::typechecker::visitor[0m[2m:[0m 🗄️ Stdlib Registered: Alias 'os' maps to prefix 'os_'
[2m2026-06-13T02:06:31.057407Z[0m [34mDEBUG[0m [2mgust_lexer::typechecker::visitor[0m[2m:[0m 🗄️ Stdlib Registered: Alias 'std' maps to prefix 'std_'
[2m2026-06-13T02:06:31.057536Z[0m [34mDEBUG[0m [2mgust_lexer::typechecker::visitor[0m[2m:[0m 🗄️ Function Pre-Registration: Raw name: 'choose_payload', Namespaced: 'choose_payload', Parameter Count: 3, Params: ["cond: Int", "a: Slice(Byte)", "b: Slice(Byte)"]
[2m2026-06-13T02:06:31.057553Z[0m [34mDEBUG[0m [2mgust_lexer::typechecker::visitor[0m[2m:[0m 🗄️ Function Pre-Registration: Raw name: 'main', Namespaced: 'main', Parameter Count: 0, Params: []
[2m2026-06-13T02:06:31.057646Z[0m [34mDEBUG[0m [2mgust_lexer::typechecker[0m[2m:[0m 👁️ Namespace Resolution: Lookup 'os.MockPayload' -> Resolved: 'os_MockPayload' (Current Prefix: '')
[2m2026-06-13T02:06:31.057657Z[0m [34mDEBUG[0m [2mgust_lexer::typechecker::visitor[0m[2m:[0m 👁️ Expression::Call Evaluation Start: Raw Function: 'os.MockPayload', Resolved: 'os_MockPayload', Registry Has Key: false
[2m2026-06-13T02:06:31.057670Z[0m [34mDEBUG[0m [2mgust_lexer::typechecker[0m[2m:[0m 👁️ Namespace Resolution: Lookup 'os.MockPayload' -> Resolved: 'os_MockPayload' (Current Prefix: '')
[2m2026-06-13T02:06:31.057691Z[0m [34mDEBUG[0m [2mgust_lexer::typechecker[0m[2m:[0m 👁️ Namespace Resolution: Lookup 'os.MockPayload' -> Resolved: 'os_MockPayload' (Current Prefix: '')
[2m2026-06-13T02:06:31.057700Z[0m [34mDEBUG[0m [2mgust_lexer::typechecker::visitor[0m[2m:[0m 👁️ Expression::Call Evaluation Start: Raw Function: 'os.MockPayload', Resolved: 'os_MockPayload', Registry Has Key: false
[2m2026-06-13T02:06:31.057712Z[0m [34mDEBUG[0m [2mgust_lexer::typechecker[0m[2m:[0m 👁️ Namespace Resolution: Lookup 'os.MockPayload' -> Resolved: 'os_MockPayload' (Current Prefix: '')
[2m2026-06-13T02:06:31.057727Z[0m [34mDEBUG[0m [2mgust_lexer::typechecker[0m[2m:[0m 👁️ Namespace Resolution: Lookup 'choose_payload' -> Resolved: 'choose_payload' (Current Prefix: '')
[2m2026-06-13T02:06:31.057735Z[0m [34mDEBUG[0m [2mgust_lexer::typechecker::visitor[0m[2m:[0m 👁️ Expression::Call Evaluation Start: Raw Function: 'choose_payload', Resolved: 'choose_payload', Registry Has Key: true
[2m2026-06-13T02:06:31.057752Z[0m [34mDEBUG[0m [2mgust_lexer::typechecker::visitor[0m[2m:[0m 👁️ Call-Site Verification: Raw Function: 'choose_payload', Resolved: 'choose_payload', Expected Params Count: 3, Expected Params: [Int, Slice(Byte), Slice(Byte)], Actual Args: [("1", Int), ("p1", Slice(Byte)), ("p2", Slice(Byte))]
[2m2026-06-13T02:06:31.057764Z[0m [34mDEBUG[0m [2mgust_lexer::typechecker[0m[2m:[0m 👁️ Namespace Resolution: Lookup 'choose_payload' -> Resolved: 'choose_payload' (Current Prefix: '')
[2m2026-06-13T02:06:31.057785Z[0m [34mDEBUG[0m [2mgust_lexer::typechecker[0m[2m:[0m 👁️ Namespace Resolution: Lookup 'os.LogInt' -> Resolved: 'os_LogInt' (Current Prefix: '')
[2m2026-06-13T02:06:31.057790Z[0m [34mDEBUG[0m [2mgust_lexer::typechecker::visitor[0m[2m:[0m 👁️ Expression::Call Evaluation Start: Raw Function: 'os.LogInt', Resolved: 'os_LogInt', Registry Has Key: false
ok
test test_generational_arena_deep_copy_codegen ... [2m2026-06-13T02:06:31.058074Z[0m [34mDEBUG[0m [2mgust_lexer::typechecker::visitor[0m[2m:[0m 🗄️ Stdlib Registered: Alias 'os' maps to prefix 'os_'
[2m2026-06-13T02:06:31.058087Z[0m [34mDEBUG[0m [2mgust_lexer::typechecker::visitor[0m[2m:[0m 🗄️ Stdlib Registered: Alias 'std' maps to prefix 'std_'
[2m2026-06-13T02:06:31.058236Z[0m [34mDEBUG[0m [2mgust_lexer::typechecker[0m[2m:[0m 👁️ Namespace Resolution: Lookup 'Node' -> Resolved: 'Node' (Current Prefix: '')
[2m2026-06-13T02:06:31.058251Z[0m [34mDEBUG[0m [2mgust_lexer::typechecker[0m[2m:[0m 👁️ Namespace Resolution: Lookup 'Node' -> Resolved: 'Node' (Current Prefix: '')
[2m2026-06-13T02:06:31.058265Z[0m [34mDEBUG[0m [2mgust_lexer::typechecker::visitor[0m[2m:[0m 🗄️ Function Pre-Registration: Raw name: 'main', Namespaced: 'main', Parameter Count: 0, Params: []
[2m2026-06-13T02:06:31.058292Z[0m [34mDEBUG[0m [2mgust_lexer::typechecker[0m[2m:[0m 👁️ Namespace Resolution: Lookup 'os.Arena.New' -> Resolved: 'os_Arena.New' (Current Prefix: '')
[2m2026-06-13T02:06:31.058306Z[0m [34mDEBUG[0m [2mgust_lexer::typechecker::visitor[0m[2m:[0m 👁️ Expression::Call Evaluation Start: Raw Function: 'os.Arena.New', Resolved: 'os_Arena.New', Registry Has Key: false
[2m2026-06-13T02:06:31.058327Z[0m [34mDEBUG[0m [2mgust_lexer::typechecker::visitor[0m[2m:[0m 👁️ Expression::Call Evaluation Start: Raw Function: 'ctx.Free', Resolved: 'ctx.Free', Registry Has Key: false
[2m2026-06-13T02:06:31.058355Z[0m [34mDEBUG[0m [2mgust_lexer::typechecker[0m[2m:[0m 👁️ Namespace Resolution: Lookup 'std.GenerationalArena' -> Resolved: 'std_GenerationalArena' (Current Prefix: '')
[2m2026-06-13T02:06:31.058369Z[0m [34mDEBUG[0m [2mgust_lexer::typechecker[0m[2m:[0m 👁️ Namespace Resolution: Lookup 'Node' -> Resolved: 'Node' (Current Prefix: '')
[2m2026-06-13T02:06:31.058379Z[0m [34mDEBUG[0m [2mgust_lexer::typechecker[0m[2m:[0m 👁️ Namespace Resolution: Lookup 'ctx' -> Resolved: 'ctx' (Current Prefix: '')
[2m2026-06-13T02:06:31.058390Z[0m [34mDEBUG[0m [2mgust_lexer::typechecker[0m[2m:[0m 👁️ Namespace Resolution: Lookup 'Node' -> Resolved: 'Node' (Current Prefix: '')
[2m2026-06-13T02:06:31.058402Z[0m [34mDEBUG[0m [2mgust_lexer::typechecker[0m[2m:[0m 👁️ Namespace Resolution: Lookup 'ctx' -> Resolved: 'ctx' (Current Prefix: '')
[2m2026-06-13T02:06:31.058435Z[0m [34mDEBUG[0m [2mgust_lexer::typechecker[0m[2m:[0m 👁️ Namespace Resolution: Lookup 'Node' -> Resolved: 'Node' (Current Prefix: '')
[2m2026-06-13T02:06:31.058452Z[0m [34mDEBUG[0m [2mgust_lexer::typechecker[0m[2m:[0m 👁️ Namespace Resolution: Lookup 'std_GenerationalArena_Node_ctx' -> Resolved: 'std_GenerationalArena_Node_ctx' (Current Prefix: '')
[2m2026-06-13T02:06:31.058467Z[0m [34mDEBUG[0m [2mgust_lexer::typechecker[0m[2m:[0m 👁️ Namespace Resolution: Lookup 'std.GenerationalArena' -> Resolved: 'std_GenerationalArena' (Current Prefix: '')
[2m2026-06-13T02:06:31.058479Z[0m [34mDEBUG[0m [2mgust_lexer::typechecker[0m[2m:[0m 👁️ Namespace Resolution: Lookup 'Node' -> Resolved: 'Node' (Current Prefix: '')
[2m2026-06-13T02:06:31.058489Z[0m [34mDEBUG[0m [2mgust_lexer::typechecker[0m[2m:[0m 👁️ Namespace Resolution: Lookup 'ctx' -> Resolved: 'ctx' (Current Prefix: '')
[2m2026-06-13T02:06:31.058499Z[0m [34mDEBUG[0m [2mgust_lexer::typechecker[0m[2m:[0m 👁️ Namespace Resolution: Lookup 'Node' -> Resolved: 'Node' (Current Prefix: '')
[2m2026-06-13T02:06:31.058510Z[0m [34mDEBUG[0m [2mgust_lexer::typechecker[0m[2m:[0m 👁️ Namespace Resolution: Lookup 'ctx' -> Resolved: 'ctx' (Current Prefix: '')
[2m2026-06-13T02:06:31.058535Z[0m [34mDEBUG[0m [2mgust_lexer::typechecker[0m[2m:[0m 👁️ Namespace Resolution: Lookup 'std_GenerationalArena_Node_ctx' -> Resolved: 'std_GenerationalArena_Node_ctx' (Current Prefix: '')
ok
test test_generational_arena_method_calls ... [2m2026-06-13T02:06:31.059517Z[0m [34mDEBUG[0m [2mgust_lexer::typechecker::visitor[0m[2m:[0m 🗄️ Stdlib Registered: Alias 'os' maps to prefix 'os_'
[2m2026-06-13T02:06:31.059526Z[0m [34mDEBUG[0m [2mgust_lexer::typechecker::visitor[0m[2m:[0m 🗄️ Stdlib Registered: Alias 'std' maps to prefix 'std_'
[2m2026-06-13T02:06:31.059639Z[0m [34mDEBUG[0m [2mgust_lexer::typechecker::visitor[0m[2m:[0m 🗄️ Function Pre-Registration: Raw name: 'main', Namespaced: 'main', Parameter Count: 0, Params: []
[2m2026-06-13T02:06:31.059660Z[0m [34mDEBUG[0m [2mgust_lexer::typechecker[0m[2m:[0m 👁️ Namespace Resolution: Lookup 'os.Arena.New' -> Resolved: 'os_Arena.New' (Current Prefix: '')
[2m2026-06-13T02:06:31.059668Z[0m [34mDEBUG[0m [2mgust_lexer::typechecker::visitor[0m[2m:[0m 👁️ Expression::Call Evaluation Start: Raw Function: 'os.Arena.New', Resolved: 'os_Arena.New', Registry Has Key: false
[2m2026-06-13T02:06:31.059683Z[0m [34mDEBUG[0m [2mgust_lexer::typechecker::visitor[0m[2m:[0m 👁️ Expression::Call Evaluation Start: Raw Function: 'ctx.Free', Resolved: 'ctx.Free', Registry Has Key: false
[2m2026-06-13T02:06:31.059702Z[0m [34mDEBUG[0m [2mgust_lexer::typechecker[0m[2m:[0m 👁️ Namespace Resolution: Lookup 'std.GenerationalArena' -> Resolved: 'std_GenerationalArena' (Current Prefix: '')
[2m2026-06-13T02:06:31.059711Z[0m [34mDEBUG[0m [2mgust_lexer::typechecker[0m[2m:[0m 👁️ Namespace Resolution: Lookup 'Node' -> Resolved: 'Node' (Current Prefix: '')
[2m2026-06-13T02:06:31.059717Z[0m [34mDEBUG[0m [2mgust_lexer::typechecker[0m[2m:[0m 👁️ Namespace Resolution: Lookup 'ctx' -> Resolved: 'ctx' (Current Prefix: '')
[2m2026-06-13T02:06:31.059725Z[0m [34mDEBUG[0m [2mgust_lexer::typechecker[0m[2m:[0m 👁️ Namespace Resolution: Lookup 'Node' -> Resolved: 'Node' (Current Prefix: '')
[2m2026-06-13T02:06:31.059733Z[0m [34mDEBUG[0m [2mgust_lexer::typechecker[0m[2m:[0m 👁️ Namespace Resolution: Lookup 'ctx' -> Resolved: 'ctx' (Current Prefix: '')
[2m2026-06-13T02:06:31.059755Z[0m [34mDEBUG[0m [2mgust_lexer::typechecker[0m[2m:[0m 👁️ Namespace Resolution: Lookup 'Node' -> Resolved: 'Node' (Current Prefix: '')
[2m2026-06-13T02:06:31.059766Z[0m [34mDEBUG[0m [2mgust_lexer::typechecker[0m[2m:[0m 👁️ Namespace Resolution: Lookup 'std_GenerationalArena_Node_ctx' -> Resolved: 'std_GenerationalArena_Node_ctx' (Current Prefix: '')
[2m2026-06-13T02:06:31.059775Z[0m [34mDEBUG[0m [2mgust_lexer::typechecker[0m[2m:[0m 👁️ Namespace Resolution: Lookup 'std.GenerationalArena' -> Resolved: 'std_GenerationalArena' (Current Prefix: '')
[2m2026-06-13T02:06:31.059783Z[0m [34mDEBUG[0m [2mgust_lexer::typechecker[0m[2m:[0m 👁️ Namespace Resolution: Lookup 'Node' -> Resolved: 'Node' (Current Prefix: '')
[2m2026-06-13T02:06:31.059790Z[0m [34mDEBUG[0m [2mgust_lexer::typechecker[0m[2m:[0m 👁️ Namespace Resolution: Lookup 'ctx' -> Resolved: 'ctx' (Current Prefix: '')
[2m2026-06-13T02:06:31.059797Z[0m [34mDEBUG[0m [2mgust_lexer::typechecker[0m[2m:[0m 👁️ Namespace Resolution: Lookup 'Node' -> Resolved: 'Node' (Current Prefix: '')
[2m2026-06-13T02:06:31.059805Z[0m [34mDEBUG[0m [2mgust_lexer::typechecker[0m[2m:[0m 👁️ Namespace Resolution: Lookup 'ctx' -> Resolved: 'ctx' (Current Prefix: '')
[2m2026-06-13T02:06:31.059821Z[0m [34mDEBUG[0m [2mgust_lexer::typechecker[0m[2m:[0m 👁️ Namespace Resolution: Lookup 'std_GenerationalArena_Node_ctx' -> Resolved: 'std_GenerationalArena_Node_ctx' (Current Prefix: '')
[2m2026-06-13T02:06:31.059835Z[0m [34mDEBUG[0m [2mgust_lexer::typechecker::visitor[0m[2m:[0m 👁️ Expression::Call Evaluation Start: Raw Function: 'arena.Step', Resolved: 'arena.Step', Registry Has Key: false
[2m2026-06-13T02:06:31.059851Z[0m [34mDEBUG[0m [2mgust_lexer::typechecker::visitor[0m[2m:[0m 👁️ Expression::Call Evaluation Start: Raw Function: 'arena.Swap', Resolved: 'arena.Swap', Registry Has Key: false
ok
test test_generational_arena_template_typechecking ... [2m2026-06-13T02:06:31.060638Z[0m [34mDEBUG[0m [2mgust_lexer::typechecker::visitor[0m[2m:[0m 🗄️ Stdlib Registered: Alias 'os' maps to prefix 'os_'
[2m2026-06-13T02:06:31.060647Z[0m [34mDEBUG[0m [2mgust_lexer::typechecker::visitor[0m[2m:[0m 🗄️ Stdlib Registered: Alias 'std' maps to prefix 'std_'
[2m2026-06-13T02:06:31.060748Z[0m [34mDEBUG[0m [2mgust_lexer::typechecker::visitor[0m[2m:[0m 🗄️ Function Pre-Registration: Raw name: 'main', Namespaced: 'main', Parameter Count: 0, Params: []
[2m2026-06-13T02:06:31.060771Z[0m [34mDEBUG[0m [2mgust_lexer::typechecker[0m[2m:[0m 👁️ Namespace Resolution: Lookup 'os.Arena.New' -> Resolved: 'os_Arena.New' (Current Prefix: '')
[2m2026-06-13T02:06:31.060780Z[0m [34mDEBUG[0m [2mgust_lexer::typechecker::visitor[0m[2m:[0m 👁️ Expression::Call Evaluation Start: Raw Function: 'os.Arena.New', Resolved: 'os_Arena.New', Registry Has Key: false
[2m2026-06-13T02:06:31.060797Z[0m [34mDEBUG[0m [2mgust_lexer::typechecker::visitor[0m[2m:[0m 👁️ Expression::Call Evaluation Start: Raw Function: 'ctx.Free', Resolved: 'ctx.Free', Registry Has Key: false
[2m2026-06-13T02:06:31.060817Z[0m [34mDEBUG[0m [2mgust_lexer::typechecker[0m[2m:[0m 👁️ Namespace Resolution: Lookup 'std.GenerationalArena' -> Resolved: 'std_GenerationalArena' (Current Prefix: '')
[2m2026-06-13T02:06:31.060826Z[0m [34mDEBUG[0m [2mgust_lexer::typechecker[0m[2m:[0m 👁️ Namespace Resolution: Lookup 'Node' -> Resolved: 'Node' (Current Prefix: '')
[2m2026-06-13T02:06:31.060834Z[0m [34mDEBUG[0m [2mgust_lexer::typechecker[0m[2m:[0m 👁️ Namespace Resolution: Lookup 'ctx' -> Resolved: 'ctx' (Current Prefix: '')
[2m2026-06-13T02:06:31.060842Z[0m [34mDEBUG[0m [2mgust_lexer::typechecker[0m[2m:[0m 👁️ Namespace Resolution: Lookup 'Node' -> Resolved: 'Node' (Current Prefix: '')
[2m2026-06-13T02:06:31.060851Z[0m [34mDEBUG[0m [2mgust_lexer::typechecker[0m[2m:[0m 👁️ Namespace Resolution: Lookup 'ctx' -> Resolved: 'ctx' (Current Prefix: '')
[2m2026-06-13T02:06:31.060874Z[0m [34mDEBUG[0m [2mgust_lexer::typechecker[0m[2m:[0m 👁️ Namespace Resolution: Lookup 'Node' -> Resolved: 'Node' (Current Prefix: '')
[2m2026-06-13T02:06:31.060886Z[0m [34mDEBUG[0m [2mgust_lexer::typechecker[0m[2m:[0m 👁️ Namespace Resolution: Lookup 'std_GenerationalArena_Node_ctx' -> Resolved: 'std_GenerationalArena_Node_ctx' (Current Prefix: '')
[2m2026-06-13T02:06:31.060896Z[0m [34mDEBUG[0m [2mgust_lexer::typechecker[0m[2m:[0m 👁️ Namespace Resolution: Lookup 'std.GenerationalArena' -> Resolved: 'std_GenerationalArena' (Current Prefix: '')
[2m2026-06-13T02:06:31.060904Z[0m [34mDEBUG[0m [2mgust_lexer::typechecker[0m[2m:[0m 👁️ Namespace Resolution: Lookup 'Node' -> Resolved: 'Node' (Current Prefix: '')
[2m2026-06-13T02:06:31.060912Z[0m [34mDEBUG[0m [2mgust_lexer::typechecker[0m[2m:[0m 👁️ Namespace Resolution: Lookup 'ctx' -> Resolved: 'ctx' (Current Prefix: '')
[2m2026-06-13T02:06:31.060920Z[0m [34mDEBUG[0m [2mgust_lexer::typechecker[0m[2m:[0m 👁️ Namespace Resolution: Lookup 'Node' -> Resolved: 'Node' (Current Prefix: '')
[2m2026-06-13T02:06:31.060928Z[0m [34mDEBUG[0m [2mgust_lexer::typechecker[0m[2m:[0m 👁️ Namespace Resolution: Lookup 'ctx' -> Resolved: 'ctx' (Current Prefix: '')
[2m2026-06-13T02:06:31.060945Z[0m [34mDEBUG[0m [2mgust_lexer::typechecker[0m[2m:[0m 👁️ Namespace Resolution: Lookup 'std_GenerationalArena_Node_ctx' -> Resolved: 'std_GenerationalArena_Node_ctx' (Current Prefix: '')
[2m2026-06-13T02:06:31.060979Z[0m [34mDEBUG[0m [2mgust_lexer::typechecker[0m[2m:[0m 👁️ Namespace Resolution: Lookup 'Node' -> Resolved: 'Node' (Current Prefix: '')
[2m2026-06-13T02:06:31.060999Z[0m [34mDEBUG[0m [2mgust_lexer::typechecker[0m[2m:[0m 👁️ Namespace Resolution: Lookup 'Node' -> Resolved: 'Node' (Current Prefix: '')
ok
test test_generic_definition_enforces_strict_linear_safety ... [2m2026-06-13T02:06:31.061693Z[0m [34mDEBUG[0m [2mgust_lexer::typechecker::visitor[0m[2m:[0m 🗄️ Stdlib Registered: Alias 'os' maps to prefix 'os_'
[2m2026-06-13T02:06:31.061701Z[0m [34mDEBUG[0m [2mgust_lexer::typechecker::visitor[0m[2m:[0m 🗄️ Stdlib Registered: Alias 'std' maps to prefix 'std_'
[2m2026-06-13T02:06:31.061774Z[0m [34mDEBUG[0m [2mgust_lexer::typechecker[0m[2m:[0m 👁️ Namespace Resolution: Lookup 'Holder' -> Resolved: 'Holder' (Current Prefix: '')
[2m2026-06-13T02:06:31.061784Z[0m [34mDEBUG[0m [2mgust_lexer::typechecker[0m[2m:[0m 👁️ Namespace Resolution: Lookup 'T' -> Resolved: 'T' (Current Prefix: '')
[2m2026-06-13T02:06:31.061792Z[0m [34mDEBUG[0m [2mgust_lexer::typechecker[0m[2m:[0m 👁️ Namespace Resolution: Lookup 'Holder_T' -> Resolved: 'Holder_T' (Current Prefix: '')
[2m2026-06-13T02:06:31.061798Z[0m [34mDEBUG[0m [2mgust_lexer::typechecker::visitor[0m[2m:[0m 🗄️ Function Pre-Registration: Raw name: 'process', Namespaced: 'process', Parameter Count: 1, Params: ["h: Struct(\"Holder_T\", None)"]
[2m2026-06-13T02:06:31.061810Z[0m [34mDEBUG[0m [2mgust_lexer::typechecker[0m[2m:[0m 👁️ Namespace Resolution: Lookup 'Holder' -> Resolved: 'Holder' (Current Prefix: '')
[2m2026-06-13T02:06:31.061827Z[0m [34mDEBUG[0m [2mgust_lexer::typechecker[0m[2m:[0m 👁️ Namespace Resolution: Lookup 'Holder_T' -> Resolved: 'Holder_T' (Current Prefix: '')
[2m2026-06-13T02:06:31.061833Z[0m [34mDEBUG[0m [2mgust_lexer::typechecker[0m[2m:[0m 👁️ Namespace Resolution: Lookup 'Holder_T' -> Resolved: 'Holder_T' (Current Prefix: '')
ok
test test_generic_enum_typechecking ... [2m2026-06-13T02:06:31.062260Z[0m [34mDEBUG[0m [2mgust_lexer::typechecker::visitor[0m[2m:[0m 🗄️ Stdlib Registered: Alias 'os' maps to prefix 'os_'
[2m2026-06-13T02:06:31.062266Z[0m [34mDEBUG[0m [2mgust_lexer::typechecker::visitor[0m[2m:[0m 🗄️ Stdlib Registered: Alias 'std' maps to prefix 'std_'
[2m2026-06-13T02:06:31.062341Z[0m [34mDEBUG[0m [2mgust_lexer::typechecker::visitor[0m[2m:[0m 🗄️ Function Pre-Registration: Raw name: 'main', Namespaced: 'main', Parameter Count: 0, Params: []
[2m2026-06-13T02:06:31.062353Z[0m [34mDEBUG[0m [2mgust_lexer::typechecker[0m[2m:[0m 👁️ Namespace Resolution: Lookup 'os.Arena.New' -> Resolved: 'os_Arena.New' (Current Prefix: '')
[2m2026-06-13T02:06:31.062359Z[0m [34mDEBUG[0m [2mgust_lexer::typechecker::visitor[0m[2m:[0m 👁️ Expression::Call Evaluation Start: Raw Function: 'os.Arena.New', Resolved: 'os_Arena.New', Registry Has Key: false
[2m2026-06-13T02:06:31.062369Z[0m [34mDEBUG[0m [2mgust_lexer::typechecker::visitor[0m[2m:[0m 👁️ Expression::Call Evaluation Start: Raw Function: 'ctx.Free', Resolved: 'ctx.Free', Registry Has Key: false
[2m2026-06-13T02:06:31.062382Z[0m [34mDEBUG[0m [2mgust_lexer::typechecker[0m[2m:[0m 👁️ Namespace Resolution: Lookup 'MyResult' -> Resolved: 'MyResult' (Current Prefix: '')
[2m2026-06-13T02:06:31.062388Z[0m [34mDEBUG[0m [2mgust_lexer::typechecker[0m[2m:[0m 👁️ Namespace Resolution: Lookup 'ctx' -> Resolved: 'ctx' (Current Prefix: '')
[2m2026-06-13T02:06:31.062393Z[0m [34mDEBUG[0m [2mgust_lexer::typechecker[0m[2m:[0m 👁️ Namespace Resolution: Lookup 'ctx' -> Resolved: 'ctx' (Current Prefix: '')
[2m2026-06-13T02:06:31.062412Z[0m [34mDEBUG[0m [2mgust_lexer::typechecker[0m[2m:[0m 👁️ Namespace Resolution: Lookup 'MyResult_int_ctx' -> Resolved: 'MyResult_int_ctx' (Current Prefix: '')
[2m2026-06-13T02:06:31.062418Z[0m [34mDEBUG[0m [2mgust_lexer::typechecker[0m[2m:[0m 👁️ Namespace Resolution: Lookup 'MyResult' -> Resolved: 'MyResult' (Current Prefix: '')
[2m2026-06-13T02:06:31.062424Z[0m [34mDEBUG[0m [2mgust_lexer::typechecker[0m[2m:[0m 👁️ Namespace Resolution: Lookup 'ctx' -> Resolved: 'ctx' (Current Prefix: '')
[2m2026-06-13T02:06:31.062429Z[0m [34mDEBUG[0m [2mgust_lexer::typechecker[0m[2m:[0m 👁️ Namespace Resolution: Lookup 'ctx' -> Resolved: 'ctx' (Current Prefix: '')
[2m2026-06-13T02:06:31.062439Z[0m [34mDEBUG[0m [2mgust_lexer::typechecker[0m[2m:[0m 👁️ Namespace Resolution: Lookup 'MyResult_int_ctx' -> Resolved: 'MyResult_int_ctx' (Current Prefix: '')
[2m2026-06-13T02:06:31.062460Z[0m [34mDEBUG[0m [2mgust_lexer::typechecker[0m[2m:[0m 👁️ Namespace Resolution: Lookup 'MyResult_int_ctx_Ok' -> Resolved: 'MyResult_int_ctx_Ok' (Current Prefix: '')
[2m2026-06-13T02:06:31.062470Z[0m [34mDEBUG[0m [2mgust_lexer::typechecker[0m[2m:[0m 👁️ Namespace Resolution: Lookup 'MyResult_int_ctx_Ok' -> Resolved: 'MyResult_int_ctx_Ok' (Current Prefix: '')
ok
test test_guard_escape_analysis_and_borrow_invalidation ... [2m2026-06-13T02:06:31.063365Z[0m [34mDEBUG[0m [2mgust_lexer::typechecker::visitor[0m[2m:[0m 🗄️ Stdlib Registered: Alias 'os' maps to prefix 'os_'
[2m2026-06-13T02:06:31.063396Z[0m [34mDEBUG[0m [2mgust_lexer::typechecker::visitor[0m[2m:[0m 🗄️ Stdlib Registered: Alias 'std' maps to prefix 'std_'
[2m2026-06-13T02:06:31.063784Z[0m [34mDEBUG[0m [2mgust_lexer::typechecker::visitor[0m[2m:[0m 🗄️ Function Pre-Registration: Raw name: 'main', Namespaced: 'main', Parameter Count: 0, Params: []
[2m2026-06-13T02:06:31.063852Z[0m [34mDEBUG[0m [2mgust_lexer::typechecker[0m[2m:[0m 👁️ Namespace Resolution: Lookup 'os.MockPayload' -> Resolved: 'os_MockPayload' (Current Prefix: '')
[2m2026-06-13T02:06:31.063881Z[0m [34mDEBUG[0m [2mgust_lexer::typechecker::visitor[0m[2m:[0m 👁️ Expression::Call Evaluation Start: Raw Function: 'os.MockPayload', Resolved: 'os_MockPayload', Registry Has Key: false
[2m2026-06-13T02:06:31.063918Z[0m [34mDEBUG[0m [2mgust_lexer::typechecker[0m[2m:[0m 👁️ Namespace Resolution: Lookup 'os.MockPayload' -> Resolved: 'os_MockPayload' (Current Prefix: '')
[2m2026-06-13T02:06:31.064002Z[0m [34mDEBUG[0m [2mgust_lexer::typechecker[0m[2m:[0m 👁️ Namespace Resolution: Lookup 'Packet' -> Resolved: 'Packet' (Current Prefix: '')
[2m2026-06-13T02:06:31.064031Z[0m [34mDEBUG[0m [2mgust_lexer::typechecker[0m[2m:[0m 👁️ Namespace Resolution: Lookup 'Packet' -> Resolved: 'Packet' (Current Prefix: '')
[2m2026-06-13T02:06:31.064064Z[0m [34mDEBUG[0m [2mgust_lexer::typechecker[0m[2m:[0m 👁️ Namespace Resolution: Lookup 'CastResult_Packet' -> Resolved: 'CastResult_Packet' (Current Prefix: '')
[2m2026-06-13T02:06:31.064166Z[0m [34mDEBUG[0m [2mgust_lexer::typechecker[0m[2m:[0m 👁️ Namespace Resolution: Lookup 'os.LogInt' -> Resolved: 'os_LogInt' (Current Prefix: '')
[2m2026-06-13T02:06:31.064194Z[0m [34mDEBUG[0m [2mgust_lexer::typechecker::visitor[0m[2m:[0m 👁️ Expression::Call Evaluation Start: Raw Function: 'os.LogInt', Resolved: 'os_LogInt', Registry Has Key: false
ok
test test_guard_non_diverging_else_rejected ... [2m2026-06-13T02:06:31.065569Z[0m [34mDEBUG[0m [2mgust_lexer::typechecker::visitor[0m[2m:[0m 🗄️ Stdlib Registered: Alias 'os' maps to prefix 'os_'
[2m2026-06-13T02:06:31.065577Z[0m [34mDEBUG[0m [2mgust_lexer::typechecker::visitor[0m[2m:[0m 🗄️ Stdlib Registered: Alias 'std' maps to prefix 'std_'
[2m2026-06-13T02:06:31.065653Z[0m [34mDEBUG[0m [2mgust_lexer::typechecker::visitor[0m[2m:[0m 🗄️ Function Pre-Registration: Raw name: 'main', Namespaced: 'main', Parameter Count: 0, Params: []
[2m2026-06-13T02:06:31.065672Z[0m [34mDEBUG[0m [2mgust_lexer::typechecker[0m[2m:[0m 👁️ Namespace Resolution: Lookup 'os.Arena.New' -> Resolved: 'os_Arena.New' (Current Prefix: '')
[2m2026-06-13T02:06:31.065678Z[0m [34mDEBUG[0m [2mgust_lexer::typechecker::visitor[0m[2m:[0m 👁️ Expression::Call Evaluation Start: Raw Function: 'os.Arena.New', Resolved: 'os_Arena.New', Registry Has Key: false
[2m2026-06-13T02:06:31.065689Z[0m [34mDEBUG[0m [2mgust_lexer::typechecker::visitor[0m[2m:[0m 👁️ Expression::Call Evaluation Start: Raw Function: 'ctx.Free', Resolved: 'ctx.Free', Registry Has Key: false
[2m2026-06-13T02:06:31.065702Z[0m [34mDEBUG[0m [2mgust_lexer::typechecker[0m[2m:[0m 👁️ Namespace Resolution: Lookup 'os.HashMapNew' -> Resolved: 'os_HashMapNew' (Current Prefix: '')
[2m2026-06-13T02:06:31.065707Z[0m [34mDEBUG[0m [2mgust_lexer::typechecker::visitor[0m[2m:[0m 👁️ Expression::Call Evaluation Start: Raw Function: 'os.HashMapNew', Resolved: 'os_HashMapNew', Registry Has Key: false
[2m2026-06-13T02:06:31.065715Z[0m [34mDEBUG[0m [2mgust_lexer::typechecker[0m[2m:[0m 👁️ Namespace Resolution: Lookup 'HashMap_Any' -> Resolved: 'HashMap_Any' (Current Prefix: '')
[2m2026-06-13T02:06:31.065722Z[0m [34mDEBUG[0m [2mgust_lexer::typechecker[0m[2m:[0m 👁️ Namespace Resolution: Lookup 'HashMap_Any' -> Resolved: 'HashMap_Any' (Current Prefix: '')
[2m2026-06-13T02:06:31.065729Z[0m [34mDEBUG[0m [2mgust_lexer::typechecker[0m[2m:[0m 👁️ Namespace Resolution: Lookup 'HashMap' -> Resolved: 'HashMap' (Current Prefix: '')
[2m2026-06-13T02:06:31.065735Z[0m [34mDEBUG[0m [2mgust_lexer::typechecker[0m[2m:[0m 👁️ Namespace Resolution: Lookup 'ctx' -> Resolved: 'ctx' (Current Prefix: '')
[2m2026-06-13T02:06:31.065741Z[0m [34mDEBUG[0m [2mgust_lexer::typechecker[0m[2m:[0m 👁️ Namespace Resolution: Lookup 'ctx' -> Resolved: 'ctx' (Current Prefix: '')
[2m2026-06-13T02:06:31.065760Z[0m [34mDEBUG[0m [2mgust_lexer::typechecker[0m[2m:[0m 👁️ Namespace Resolution: Lookup 'HashMap_int_int_ctx' -> Resolved: 'HashMap_int_int_ctx' (Current Prefix: '')
[2m2026-06-13T02:06:31.065772Z[0m [34mDEBUG[0m [2mgust_lexer::typechecker::visitor[0m[2m:[0m 👁️ Expression::Call Evaluation Start: Raw Function: 'map.Get', Resolved: 'map.Get', Registry Has Key: false
[2m2026-06-13T02:06:31.065787Z[0m [34mDEBUG[0m [2mgust_lexer::typechecker[0m[2m:[0m 👁️ Namespace Resolution: Lookup 'LookupResult_int' -> Resolved: 'LookupResult_int' (Current Prefix: '')
ok
test test_guard_non_wrapper_rhs_rejected ... [2m2026-06-13T02:06:31.066175Z[0m [34mDEBUG[0m [2mgust_lexer::typechecker::visitor[0m[2m:[0m 🗄️ Stdlib Registered: Alias 'os' maps to prefix 'os_'
[2m2026-06-13T02:06:31.066183Z[0m [34mDEBUG[0m [2mgust_lexer::typechecker::visitor[0m[2m:[0m 🗄️ Stdlib Registered: Alias 'std' maps to prefix 'std_'
[2m2026-06-13T02:06:31.066256Z[0m [34mDEBUG[0m [2mgust_lexer::typechecker::visitor[0m[2m:[0m 🗄️ Function Pre-Registration: Raw name: 'main', Namespaced: 'main', Parameter Count: 0, Params: []
ok
test test_guard_typechecks_valid_hashmap_get ... [2m2026-06-13T02:06:31.066909Z[0m [34mDEBUG[0m [2mgust_lexer::typechecker::visitor[0m[2m:[0m 🗄️ Stdlib Registered: Alias 'os' maps to prefix 'os_'
[2m2026-06-13T02:06:31.066921Z[0m [34mDEBUG[0m [2mgust_lexer::typechecker::visitor[0m[2m:[0m 🗄️ Stdlib Registered: Alias 'std' maps to prefix 'std_'
[2m2026-06-13T02:06:31.067032Z[0m [34mDEBUG[0m [2mgust_lexer::typechecker::visitor[0m[2m:[0m 🗄️ Function Pre-Registration: Raw name: 'main', Namespaced: 'main', Parameter Count: 0, Params: []
[2m2026-06-13T02:06:31.067051Z[0m [34mDEBUG[0m [2mgust_lexer::typechecker[0m[2m:[0m 👁️ Namespace Resolution: Lookup 'os.Arena.New' -> Resolved: 'os_Arena.New' (Current Prefix: '')
[2m2026-06-13T02:06:31.067060Z[0m [34mDEBUG[0m [2mgust_lexer::typechecker::visitor[0m[2m:[0m 👁️ Expression::Call Evaluation Start: Raw Function: 'os.Arena.New', Resolved: 'os_Arena.New', Registry Has Key: false
[2m2026-06-13T02:06:31.067076Z[0m [34mDEBUG[0m [2mgust_lexer::typechecker::visitor[0m[2m:[0m 👁️ Expression::Call Evaluation Start: Raw Function: 'ctx.Free', Resolved: 'ctx.Free', Registry Has Key: false
[2m2026-06-13T02:06:31.067094Z[0m [34mDEBUG[0m [2mgust_lexer::typechecker[0m[2m:[0m 👁️ Namespace Resolution: Lookup 'os.HashMapNew' -> Resolved: 'os_HashMapNew' (Current Prefix: '')
[2m2026-06-13T02:06:31.067103Z[0m [34mDEBUG[0m [2mgust_lexer::typechecker::visitor[0m[2m:[0m 👁️ Expression::Call Evaluation Start: Raw Function: 'os.HashMapNew', Resolved: 'os_HashMapNew', Registry Has Key: false
[2m2026-06-13T02:06:31.067114Z[0m [34mDEBUG[0m [2mgust_lexer::typechecker[0m[2m:[0m 👁️ Namespace Resolution: Lookup 'HashMap_Any' -> Resolved: 'HashMap_Any' (Current Prefix: '')
[2m2026-06-13T02:06:31.067124Z[0m [34mDEBUG[0m [2mgust_lexer::typechecker[0m[2m:[0m 👁️ Namespace Resolution: Lookup 'HashMap_Any' -> Resolved: 'HashMap_Any' (Current Prefix: '')
[2m2026-06-13T02:06:31.067134Z[0m [34mDEBUG[0m [2mgust_lexer::typechecker[0m[2m:[0m 👁️ Namespace Resolution: Lookup 'HashMap' -> Resolved: 'HashMap' (Current Prefix: '')
[2m2026-06-13T02:06:31.067143Z[0m [34mDEBUG[0m [2mgust_lexer::typechecker[0m[2m:[0m 👁️ Namespace Resolution: Lookup 'ctx' -> Resolved: 'ctx' (Current Prefix: '')
[2m2026-06-13T02:06:31.067151Z[0m [34mDEBUG[0m [2mgust_lexer::typechecker[0m[2m:[0m 👁️ Namespace Resolution: Lookup 'ctx' -> Resolved: 'ctx' (Current Prefix: '')
[2m2026-06-13T02:06:31.067179Z[0m [34mDEBUG[0m [2mgust_lexer::typechecker[0m[2m:[0m 👁️ Namespace Resolution: Lookup 'HashMap_int_int_ctx' -> Resolved: 'HashMap_int_int_ctx' (Current Prefix: '')
[2m2026-06-13T02:06:31.067193Z[0m [34mDEBUG[0m [2mgust_lexer::typechecker::visitor[0m[2m:[0m 👁️ Expression::Call Evaluation Start: Raw Function: 'map.Get', Resolved: 'map.Get', Registry Has Key: false
[2m2026-06-13T02:06:31.067215Z[0m [34mDEBUG[0m [2mgust_lexer::typechecker[0m[2m:[0m 👁️ Namespace Resolution: Lookup 'LookupResult_int' -> Resolved: 'LookupResult_int' (Current Prefix: '')
[2m2026-06-13T02:06:31.067249Z[0m [34mDEBUG[0m [2mgust_lexer::typechecker[0m[2m:[0m 👁️ Namespace Resolution: Lookup 'os.LogInt' -> Resolved: 'os_LogInt' (Current Prefix: '')
[2m2026-06-13T02:06:31.067258Z[0m [34mDEBUG[0m [2mgust_lexer::typechecker::visitor[0m[2m:[0m 👁️ Expression::Call Evaluation Start: Raw Function: 'os.LogInt', Resolved: 'os_LogInt', Registry Has Key: false
ok
test test_handoff_isolation_violation_rejected ... [2m2026-06-13T02:06:31.067623Z[0m [34mDEBUG[0m [2mgust_lexer::typechecker::visitor[0m[2m:[0m 🗄️ Stdlib Registered: Alias 'os' maps to prefix 'os_'
[2m2026-06-13T02:06:31.067633Z[0m [34mDEBUG[0m [2mgust_lexer::typechecker::visitor[0m[2m:[0m 🗄️ Stdlib Registered: Alias 'std' maps to prefix 'std_'
[2m2026-06-13T02:06:31.067718Z[0m [34mDEBUG[0m [2mgust_lexer::typechecker::visitor[0m[2m:[0m 🗄️ Function Pre-Registration: Raw name: 'main', Namespaced: 'main', Parameter Count: 0, Params: []
[2m2026-06-13T02:06:31.067736Z[0m [34mDEBUG[0m [2mgust_lexer::typechecker[0m[2m:[0m 👁️ Namespace Resolution: Lookup 'os.Arena.New' -> Resolved: 'os_Arena.New' (Current Prefix: '')
[2m2026-06-13T02:06:31.067742Z[0m [34mDEBUG[0m [2mgust_lexer::typechecker::visitor[0m[2m:[0m 👁️ Expression::Call Evaluation Start: Raw Function: 'os.Arena.New', Resolved: 'os_Arena.New', Registry Has Key: false
[2m2026-06-13T02:06:31.067754Z[0m [34mDEBUG[0m [2mgust_lexer::typechecker::visitor[0m[2m:[0m 👁️ Expression::Call Evaluation Start: Raw Function: 'ctx.Free', Resolved: 'ctx.Free', Registry Has Key: false
[2m2026-06-13T02:06:31.067768Z[0m [34mDEBUG[0m [2mgust_lexer::typechecker[0m[2m:[0m 👁️ Namespace Resolution: Lookup 'os.MockPayload' -> Resolved: 'os_MockPayload' (Current Prefix: '')
[2m2026-06-13T02:06:31.067774Z[0m [34mDEBUG[0m [2mgust_lexer::typechecker::visitor[0m[2m:[0m 👁️ Expression::Call Evaluation Start: Raw Function: 'os.MockPayload', Resolved: 'os_MockPayload', Registry Has Key: false
[2m2026-06-13T02:06:31.067781Z[0m [34mDEBUG[0m [2mgust_lexer::typechecker[0m[2m:[0m 👁️ Namespace Resolution: Lookup 'os.MockPayload' -> Resolved: 'os_MockPayload' (Current Prefix: '')
[2m2026-06-13T02:06:31.067791Z[0m [34mDEBUG[0m [2mgust_lexer::typechecker[0m[2m:[0m 👁️ Namespace Resolution: Lookup 'Packet' -> Resolved: 'Packet' (Current Prefix: '')
[2m2026-06-13T02:06:31.067807Z[0m [34mDEBUG[0m [2mgust_lexer::typechecker[0m[2m:[0m 👁️ Namespace Resolution: Lookup 'Packet_ctx' -> Resolved: 'Packet_ctx' (Current Prefix: '')
[2m2026-06-13T02:06:31.067813Z[0m [34mDEBUG[0m [2mgust_lexer::typechecker[0m[2m:[0m 👁️ Namespace Resolution: Lookup 'Packet' -> Resolved: 'Packet' (Current Prefix: '')
[2m2026-06-13T02:06:31.067822Z[0m [34mDEBUG[0m [2mgust_lexer::typechecker[0m[2m:[0m 👁️ Namespace Resolution: Lookup 'Packet_ctx' -> Resolved: 'Packet_ctx' (Current Prefix: '')
ok
test test_handoff_safe_accepted ... [2m2026-06-13T02:06:31.068134Z[0m [34mDEBUG[0m [2mgust_lexer::typechecker::visitor[0m[2m:[0m 🗄️ Stdlib Registered: Alias 'os' maps to prefix 'os_'
[2m2026-06-13T02:06:31.068140Z[0m [34mDEBUG[0m [2mgust_lexer::typechecker::visitor[0m[2m:[0m 🗄️ Stdlib Registered: Alias 'std' maps to prefix 'std_'
[2m2026-06-13T02:06:31.068213Z[0m [34mDEBUG[0m [2mgust_lexer::typechecker::visitor[0m[2m:[0m 🗄️ Function Pre-Registration: Raw name: 'main', Namespaced: 'main', Parameter Count: 0, Params: []
[2m2026-06-13T02:06:31.068232Z[0m [34mDEBUG[0m [2mgust_lexer::typechecker[0m[2m:[0m 👁️ Namespace Resolution: Lookup 'os.Arena.New' -> Resolved: 'os_Arena.New' (Current Prefix: '')
[2m2026-06-13T02:06:31.068237Z[0m [34mDEBUG[0m [2mgust_lexer::typechecker::visitor[0m[2m:[0m 👁️ Expression::Call Evaluation Start: Raw Function: 'os.Arena.New', Resolved: 'os_Arena.New', Registry Has Key: false
[2m2026-06-13T02:06:31.068248Z[0m [34mDEBUG[0m [2mgust_lexer::typechecker::visitor[0m[2m:[0m 👁️ Expression::Call Evaluation Start: Raw Function: 'ctx.Free', Resolved: 'ctx.Free', Registry Has Key: false
[2m2026-06-13T02:06:31.068261Z[0m [34mDEBUG[0m [2mgust_lexer::typechecker[0m[2m:[0m 👁️ Namespace Resolution: Lookup 'Packet' -> Resolved: 'Packet' (Current Prefix: '')
[2m2026-06-13T02:06:31.068272Z[0m [34mDEBUG[0m [2mgust_lexer::typechecker[0m[2m:[0m 👁️ Namespace Resolution: Lookup 'Packet_ctx' -> Resolved: 'Packet_ctx' (Current Prefix: '')
[2m2026-06-13T02:06:31.068277Z[0m [34mDEBUG[0m [2mgust_lexer::typechecker[0m[2m:[0m 👁️ Namespace Resolution: Lookup 'Packet' -> Resolved: 'Packet' (Current Prefix: '')
[2m2026-06-13T02:06:31.068286Z[0m [34mDEBUG[0m [2mgust_lexer::typechecker[0m[2m:[0m 👁️ Namespace Resolution: Lookup 'Packet_ctx' -> Resolved: 'Packet_ctx' (Current Prefix: '')
ok
test test_handoff_use_after_move_rejected ... [2m2026-06-13T02:06:31.068658Z[0m [34mDEBUG[0m [2mgust_lexer::typechecker::visitor[0m[2m:[0m 🗄️ Stdlib Registered: Alias 'os' maps to prefix 'os_'
[2m2026-06-13T02:06:31.068668Z[0m [34mDEBUG[0m [2mgust_lexer::typechecker::visitor[0m[2m:[0m 🗄️ Stdlib Registered: Alias 'std' maps to prefix 'std_'
[2m2026-06-13T02:06:31.068768Z[0m [34mDEBUG[0m [2mgust_lexer::typechecker::visitor[0m[2m:[0m 🗄️ Function Pre-Registration: Raw name: 'main', Namespaced: 'main', Parameter Count: 0, Params: []
[2m2026-06-13T02:06:31.068788Z[0m [34mDEBUG[0m [2mgust_lexer::typechecker[0m[2m:[0m 👁️ Namespace Resolution: Lookup 'os.Arena.New' -> Resolved: 'os_Arena.New' (Current Prefix: '')
[2m2026-06-13T02:06:31.068798Z[0m [34mDEBUG[0m [2mgust_lexer::typechecker::visitor[0m[2m:[0m 👁️ Expression::Call Evaluation Start: Raw Function: 'os.Arena.New', Resolved: 'os_Arena.New', Registry Has Key: false
[2m2026-06-13T02:06:31.068813Z[0m [34mDEBUG[0m [2mgust_lexer::typechecker::visitor[0m[2m:[0m 👁️ Expression::Call Evaluation Start: Raw Function: 'ctx.Free', Resolved: 'ctx.Free', Registry Has Key: false
[2m2026-06-13T02:06:31.068831Z[0m [34mDEBUG[0m [2mgust_lexer::typechecker[0m[2m:[0m 👁️ Namespace Resolution: Lookup 'os.VectorNew' -> Resolved: 'os_VectorNew' (Current Prefix: '')
[2m2026-06-13T02:06:31.068838Z[0m [34mDEBUG[0m [2mgust_lexer::typechecker::visitor[0m[2m:[0m 👁️ Expression::Call Evaluation Start: Raw Function: 'os.VectorNew', Resolved: 'os_VectorNew', Registry Has Key: false
[2m2026-06-13T02:06:31.068850Z[0m [34mDEBUG[0m [2mgust_lexer::typechecker[0m[2m:[0m 👁️ Namespace Resolution: Lookup 'Vector_Any' -> Resolved: 'Vector_Any' (Current Prefix: '')
[2m2026-06-13T02:06:31.068864Z[0m [34mDEBUG[0m [2mgust_lexer::typechecker[0m[2m:[0m 👁️ Namespace Resolution: Lookup 'Vector_Any' -> Resolved: 'Vector_Any' (Current Prefix: '')
[2m2026-06-13T02:06:31.068873Z[0m [34mDEBUG[0m [2mgust_lexer::typechecker[0m[2m:[0m 👁️ Namespace Resolution: Lookup 'Vector' -> Resolved: 'Vector' (Current Prefix: '')
[2m2026-06-13T02:06:31.068881Z[0m [34mDEBUG[0m [2mgust_lexer::typechecker[0m[2m:[0m 👁️ Namespace Resolution: Lookup 'ctx' -> Resolved: 'ctx' (Current Prefix: '')
[2m2026-06-13T02:06:31.068891Z[0m [34mDEBUG[0m [2mgust_lexer::typechecker[0m[2m:[0m 👁️ Namespace Resolution: Lookup 'ctx' -> Resolved: 'ctx' (Current Prefix: '')
[2m2026-06-13T02:06:31.068912Z[0m [34mDEBUG[0m [2mgust_lexer::typechecker[0m[2m:[0m 👁️ Namespace Resolution: Lookup 'Vector_int_ctx' -> Resolved: 'Vector_int_ctx' (Current Prefix: '')
[2m2026-06-13T02:06:31.068925Z[0m [34mDEBUG[0m [2mgust_lexer::typechecker::visitor[0m[2m:[0m 👁️ Expression::Call Evaluation Start: Raw Function: 'vec.Push', Resolved: 'vec.Push', Registry Has Key: false
[2m2026-06-13T02:06:31.068949Z[0m [34mDEBUG[0m [2mgust_lexer::typechecker::visitor[0m[2m:[0m 👁️ Expression::Call Evaluation Start: Raw Function: 'vec.Push', Resolved: 'vec.Push', Registry Has Key: false
ok
test test_hashmap_extended_methods_type_checking ... [2m2026-06-13T02:06:31.069551Z[0m [34mDEBUG[0m [2mgust_lexer::typechecker::visitor[0m[2m:[0m 🗄️ Stdlib Registered: Alias 'os' maps to prefix 'os_'
[2m2026-06-13T02:06:31.069564Z[0m [34mDEBUG[0m [2mgust_lexer::typechecker::visitor[0m[2m:[0m 🗄️ Stdlib Registered: Alias 'std' maps to prefix 'std_'
[2m2026-06-13T02:06:31.069669Z[0m [34mDEBUG[0m [2mgust_lexer::typechecker::visitor[0m[2m:[0m 🗄️ Function Pre-Registration: Raw name: 'main', Namespaced: 'main', Parameter Count: 0, Params: []
[2m2026-06-13T02:06:31.069691Z[0m [34mDEBUG[0m [2mgust_lexer::typechecker[0m[2m:[0m 👁️ Namespace Resolution: Lookup 'os.Arena.New' -> Resolved: 'os_Arena.New' (Current Prefix: '')
[2m2026-06-13T02:06:31.069699Z[0m [34mDEBUG[0m [2mgust_lexer::typechecker::visitor[0m[2m:[0m 👁️ Expression::Call Evaluation Start: Raw Function: 'os.Arena.New', Resolved: 'os_Arena.New', Registry Has Key: false
[2m2026-06-13T02:06:31.069714Z[0m [34mDEBUG[0m [2mgust_lexer::typechecker::visitor[0m[2m:[0m 👁️ Expression::Call Evaluation Start: Raw Function: 'ctx.Free', Resolved: 'ctx.Free', Registry Has Key: false
[2m2026-06-13T02:06:31.069734Z[0m [34mDEBUG[0m [2mgust_lexer::typechecker[0m[2m:[0m 👁️ Namespace Resolution: Lookup 'os.HashMapNew' -> Resolved: 'os_HashMapNew' (Current Prefix: '')
[2m2026-06-13T02:06:31.069742Z[0m [34mDEBUG[0m [2mgust_lexer::typechecker::visitor[0m[2m:[0m 👁️ Expression::Call Evaluation Start: Raw Function: 'os.HashMapNew', Resolved: 'os_HashMapNew', Registry Has Key: false
[2m2026-06-13T02:06:31.069753Z[0m [34mDEBUG[0m [2mgust_lexer::typechecker[0m[2m:[0m 👁️ Namespace Resolution: Lookup 'HashMap_Any' -> Resolved: 'HashMap_Any' (Current Prefix: '')
[2m2026-06-13T02:06:31.069762Z[0m [34mDEBUG[0m [2mgust_lexer::typechecker[0m[2m:[0m 👁️ Namespace Resolution: Lookup 'HashMap_Any' -> Resolved: 'HashMap_Any' (Current Prefix: '')
[2m2026-06-13T02:06:31.069772Z[0m [34mDEBUG[0m [2mgust_lexer::typechecker[0m[2m:[0m 👁️ Namespace Resolution: Lookup 'HashMap' -> Resolved: 'HashMap' (Current Prefix: '')
[2m2026-06-13T02:06:31.069780Z[0m [34mDEBUG[0m [2mgust_lexer::typechecker[0m[2m:[0m 👁️ Namespace Resolution: Lookup 'ctx' -> Resolved: 'ctx' (Current Prefix: '')
[2m2026-06-13T02:06:31.069788Z[0m [34mDEBUG[0m [2mgust_lexer::typechecker[0m[2m:[0m 👁️ Namespace Resolution: Lookup 'ctx' -> Resolved: 'ctx' (Current Prefix: '')
[2m2026-06-13T02:06:31.069815Z[0m [34mDEBUG[0m [2mgust_lexer::typechecker[0m[2m:[0m 👁️ Namespace Resolution: Lookup 'HashMap_int_int_ctx' -> Resolved: 'HashMap_int_int_ctx' (Current Prefix: '')
[2m2026-06-13T02:06:31.069829Z[0m [34mDEBUG[0m [2mgust_lexer::typechecker::visitor[0m[2m:[0m 👁️ Expression::Call Evaluation Start: Raw Function: 'map.Insert', Resolved: 'map.Insert', Registry Has Key: false
[2m2026-06-13T02:06:31.069847Z[0m [34mDEBUG[0m [2mgust_lexer::typechecker::visitor[0m[2m:[0m 👁️ Expression::Call Evaluation Start: Raw Function: 'map.Keys', Resolved: 'map.Keys', Registry Has Key: false
[2m2026-06-13T02:06:31.069863Z[0m [34mDEBUG[0m [2mgust_lexer::typechecker[0m[2m:[0m 👁️ Namespace Resolution: Lookup 'std.Vector' -> Resolved: 'std_Vector' (Current Prefix: '')
[2m2026-06-13T02:06:31.069871Z[0m [34mDEBUG[0m [2mgust_lexer::typechecker[0m[2m:[0m 👁️ Namespace Resolution: Lookup 'ctx' -> Resolved: 'ctx' (Current Prefix: '')
[2m2026-06-13T02:06:31.069878Z[0m [34mDEBUG[0m [2mgust_lexer::typechecker[0m[2m:[0m 👁️ Namespace Resolution: Lookup 'ctx' -> Resolved: 'ctx' (Current Prefix: '')
[2m2026-06-13T02:06:31.069901Z[0m [34mDEBUG[0m [2mgust_lexer::typechecker[0m[2m:[0m 👁️ Namespace Resolution: Lookup 'std_Vector_int_ctx' -> Resolved: 'std_Vector_int_ctx' (Current Prefix: '')
[2m2026-06-13T02:06:31.069911Z[0m [34mDEBUG[0m [2mgust_lexer::typechecker[0m[2m:[0m 👁️ Namespace Resolution: Lookup 'std.Vector' -> Resolved: 'std_Vector' (Current Prefix: '')
[2m2026-06-13T02:06:31.069919Z[0m [34mDEBUG[0m [2mgust_lexer::typechecker[0m[2m:[0m 👁️ Namespace Resolution: Lookup 'ctx' -> Resolved: 'ctx' (Current Prefix: '')
[2m2026-06-13T02:06:31.069926Z[0m [34mDEBUG[0m [2mgust_lexer::typechecker[0m[2m:[0m 👁️ Namespace Resolution: Lookup 'ctx' -> Resolved: 'ctx' (Current Prefix: '')
[2m2026-06-13T02:06:31.069939Z[0m [34mDEBUG[0m [2mgust_lexer::typechecker[0m[2m:[0m 👁️ Namespace Resolution: Lookup 'std_Vector_int_ctx' -> Resolved: 'std_Vector_int_ctx' (Current Prefix: '')
[2m2026-06-13T02:06:31.069951Z[0m [34mDEBUG[0m [2mgust_lexer::typechecker::visitor[0m[2m:[0m 👁️ Expression::Call Evaluation Start: Raw Function: 'map.Remove', Resolved: 'map.Remove', Registry Has Key: false
[2m2026-06-13T02:06:31.069965Z[0m [34mDEBUG[0m [2mgust_lexer::typechecker::visitor[0m[2m:[0m 👁️ Expression::Call Evaluation Start: Raw Function: 'map.Clear', Resolved: 'map.Clear', Registry Has Key: false
ok
test test_hashmap_keys_brand_lifetime_violation ... [2m2026-06-13T02:06:31.070320Z[0m [34mDEBUG[0m [2mgust_lexer::typechecker::visitor[0m[2m:[0m 🗄️ Stdlib Registered: Alias 'os' maps to prefix 'os_'
[2m2026-06-13T02:06:31.070341Z[0m [34mDEBUG[0m [2mgust_lexer::typechecker::visitor[0m[2m:[0m 🗄️ Stdlib Registered: Alias 'std' maps to prefix 'std_'
[2m2026-06-13T02:06:31.070467Z[0m [34mDEBUG[0m [2mgust_lexer::typechecker::visitor[0m[2m:[0m 🗄️ Function Pre-Registration: Raw name: 'main', Namespaced: 'main', Parameter Count: 0, Params: []
[2m2026-06-13T02:06:31.070493Z[0m [34mDEBUG[0m [2mgust_lexer::typechecker[0m[2m:[0m 👁️ Namespace Resolution: Lookup 'os.Arena.New' -> Resolved: 'os_Arena.New' (Current Prefix: '')
[2m2026-06-13T02:06:31.070503Z[0m [34mDEBUG[0m [2mgust_lexer::typechecker::visitor[0m[2m:[0m 👁️ Expression::Call Evaluation Start: Raw Function: 'os.Arena.New', Resolved: 'os_Arena.New', Registry Has Key: false
[2m2026-06-13T02:06:31.070521Z[0m [34mDEBUG[0m [2mgust_lexer::typechecker::visitor[0m[2m:[0m 👁️ Expression::Call Evaluation Start: Raw Function: 'ctx.Free', Resolved: 'ctx.Free', Registry Has Key: false
[2m2026-06-13T02:06:31.070542Z[0m [34mDEBUG[0m [2mgust_lexer::typechecker[0m[2m:[0m 👁️ Namespace Resolution: Lookup 'os.HashMapNew' -> Resolved: 'os_HashMapNew' (Current Prefix: '')
[2m2026-06-13T02:06:31.070552Z[0m [34mDEBUG[0m [2mgust_lexer::typechecker::visitor[0m[2m:[0m 👁️ Expression::Call Evaluation Start: Raw Function: 'os.HashMapNew', Resolved: 'os_HashMapNew', Registry Has Key: false
[2m2026-06-13T02:06:31.070565Z[0m [34mDEBUG[0m [2mgust_lexer::typechecker[0m[2m:[0m 👁️ Namespace Resolution: Lookup 'HashMap_Any' -> Resolved: 'HashMap_Any' (Current Prefix: '')
[2m2026-06-13T02:06:31.070575Z[0m [34mDEBUG[0m [2mgust_lexer::typechecker[0m[2m:[0m 👁️ Namespace Resolution: Lookup 'HashMap_Any' -> Resolved: 'HashMap_Any' (Current Prefix: '')
[2m2026-06-13T02:06:31.070587Z[0m [34mDEBUG[0m [2mgust_lexer::typechecker[0m[2m:[0m 👁️ Namespace Resolution: Lookup 'HashMap' -> Resolved: 'HashMap' (Current Prefix: '')
[2m2026-06-13T02:06:31.070597Z[0m [34mDEBUG[0m [2mgust_lexer::typechecker[0m[2m:[0m 👁️ Namespace Resolution: Lookup 'ctx' -> Resolved: 'ctx' (Current Prefix: '')
[2m2026-06-13T02:06:31.070606Z[0m [34mDEBUG[0m [2mgust_lexer::typechecker[0m[2m:[0m 👁️ Namespace Resolution: Lookup 'ctx' -> Resolved: 'ctx' (Current Prefix: '')
[2m2026-06-13T02:06:31.070637Z[0m [34mDEBUG[0m [2mgust_lexer::typechecker[0m[2m:[0m 👁️ Namespace Resolution: Lookup 'HashMap_int_int_ctx' -> Resolved: 'HashMap_int_int_ctx' (Current Prefix: '')
[2m2026-06-13T02:06:31.070652Z[0m [34mDEBUG[0m [2mgust_lexer::typechecker::visitor[0m[2m:[0m 👁️ Expression::Call Evaluation Start: Raw Function: 'map.Keys', Resolved: 'map.Keys', Registry Has Key: false
[2m2026-06-13T02:06:31.070971Z[0m [34mDEBUG[0m [2mgust_lexer::typechecker::visitor[0m[2m:[0m 🗄️ Stdlib Registered: Alias 'os' maps to prefix 'os_'
[2m2026-06-13T02:06:31.070980Z[0m [34mDEBUG[0m [2mgust_lexer::typechecker::visitor[0m[2m:[0m 🗄️ Stdlib Registered: Alias 'std' maps to prefix 'std_'
[2m2026-06-13T02:06:31.071105Z[0m [34mDEBUG[0m [2mgust_lexer::typechecker::visitor[0m[2m:[0m 🗄️ Function Pre-Registration: Raw name: 'main', Namespaced: 'main', Parameter Count: 0, Params: []
[2m2026-06-13T02:06:31.071123Z[0m [34mDEBUG[0m [2mgust_lexer::typechecker[0m[2m:[0m 👁️ Namespace Resolution: Lookup 'os.Arena.New' -> Resolved: 'os_Arena.New' (Current Prefix: '')
[2m2026-06-13T02:06:31.071132Z[0m [34mDEBUG[0m [2mgust_lexer::typechecker::visitor[0m[2m:[0m 👁️ Expression::Call Evaluation Start: Raw Function: 'os.Arena.New', Resolved: 'os_Arena.New', Registry Has Key: false
[2m2026-06-13T02:06:31.071150Z[0m [34mDEBUG[0m [2mgust_lexer::typechecker::visitor[0m[2m:[0m 👁️ Expression::Call Evaluation Start: Raw Function: 'ctx1.Free', Resolved: 'ctx1.Free', Registry Has Key: false
[2m2026-06-13T02:06:31.071166Z[0m [34mDEBUG[0m [2mgust_lexer::typechecker[0m[2m:[0m 👁️ Namespace Resolution: Lookup 'os.Arena.New' -> Resolved: 'os_Arena.New' (Current Prefix: '')
[2m2026-06-13T02:06:31.071175Z[0m [34mDEBUG[0m [2mgust_lexer::typechecker::visitor[0m[2m:[0m 👁️ Expression::Call Evaluation Start: Raw Function: 'os.Arena.New', Resolved: 'os_Arena.New', Registry Has Key: false
[2m2026-06-13T02:06:31.071191Z[0m [34mDEBUG[0m [2mgust_lexer::typechecker::visitor[0m[2m:[0m 👁️ Expression::Call Evaluation Start: Raw Function: 'ctx2.Free', Resolved: 'ctx2.Free', Registry Has Key: false
[2m2026-06-13T02:06:31.071206Z[0m [34mDEBUG[0m [2mgust_lexer::typechecker[0m[2m:[0m 👁️ Namespace Resolution: Lookup 'os.HashMapNew' -> Resolved: 'os_HashMapNew' (Current Prefix: '')
[2m2026-06-13T02:06:31.071216Z[0m [34mDEBUG[0m [2mgust_lexer::typechecker::visitor[0m[2m:[0m 👁️ Expression::Call Evaluation Start: Raw Function: 'os.HashMapNew', Resolved: 'os_HashMapNew', Registry Has Key: false
[2m2026-06-13T02:06:31.071232Z[0m [34mDEBUG[0m [2mgust_lexer::typechecker[0m[2m:[0m 👁️ Namespace Resolution: Lookup 'HashMap_Any' -> Resolved: 'HashMap_Any' (Current Prefix: '')
[2m2026-06-13T02:06:31.071242Z[0m [34mDEBUG[0m [2mgust_lexer::typechecker[0m[2m:[0m 👁️ Namespace Resolution: Lookup 'HashMap_Any' -> Resolved: 'HashMap_Any' (Current Prefix: '')
[2m2026-06-13T02:06:31.071254Z[0m [34mDEBUG[0m [2mgust_lexer::typechecker[0m[2m:[0m 👁️ Namespace Resolution: Lookup 'HashMap' -> Resolved: 'HashMap' (Current Prefix: '')
[2m2026-06-13T02:06:31.071263Z[0m [34mDEBUG[0m [2mgust_lexer::typechecker[0m[2m:[0m 👁️ Namespace Resolution: Lookup 'ctx1' -> Resolved: 'ctx1' (Current Prefix: '')
[2m2026-06-13T02:06:31.071273Z[0m [34mDEBUG[0m [2mgust_lexer::typechecker[0m[2m:[0m 👁️ Namespace Resolution: Lookup 'ctx1' -> Resolved: 'ctx1' (Current Prefix: '')
[2m2026-06-13T02:06:31.071309Z[0m [34mDEBUG[0m [2mgust_lexer::typechecker[0m[2m:[0m 👁️ Namespace Resolution: Lookup 'HashMap_int_int_ctx1' -> Resolved: 'HashMap_int_int_ctx1' (Current Prefix: '')
[2m2026-06-13T02:06:31.071326Z[0m [34mDEBUG[0m [2mgust_lexer::typechecker::visitor[0m[2m:[0m 👁️ Expression::Call Evaluation Start: Raw Function: 'map.Keys', Resolved: 'map.Keys', Registry Has Key: false
[2m2026-06-13T02:06:31.071346Z[0m [34mDEBUG[0m [2mgust_lexer::typechecker[0m[2m:[0m 👁️ Namespace Resolution: Lookup 'std.Vector' -> Resolved: 'std_Vector' (Current Prefix: '')
[2m2026-06-13T02:06:31.071355Z[0m [34mDEBUG[0m [2mgust_lexer::typechecker[0m[2m:[0m 👁️ Namespace Resolution: Lookup 'ctx1' -> Resolved: 'ctx1' (Current Prefix: '')
[2m2026-06-13T02:06:31.071365Z[0m [34mDEBUG[0m [2mgust_lexer::typechecker[0m[2m:[0m 👁️ Namespace Resolution: Lookup 'ctx1' -> Resolved: 'ctx1' (Current Prefix: '')
[2m2026-06-13T02:06:31.071393Z[0m [34mDEBUG[0m [2mgust_lexer::typechecker[0m[2m:[0m 👁️ Namespace Resolution: Lookup 'std_Vector_int_ctx1' -> Resolved: 'std_Vector_int_ctx1' (Current Prefix: '')
[2m2026-06-13T02:06:31.071409Z[0m [34mDEBUG[0m [2mgust_lexer::typechecker[0m[2m:[0m 👁️ Namespace Resolution: Lookup 'std.Vector' -> Resolved: 'std_Vector' (Current Prefix: '')
[2m2026-06-13T02:06:31.071419Z[0m [34mDEBUG[0m [2mgust_lexer::typechecker[0m[2m:[0m 👁️ Namespace Resolution: Lookup 'ctx2' -> Resolved: 'ctx2' (Current Prefix: '')
[2m2026-06-13T02:06:31.071428Z[0m [34mDEBUG[0m [2mgust_lexer::typechecker[0m[2m:[0m 👁️ Namespace Resolution: Lookup 'ctx2' -> Resolved: 'ctx2' (Current Prefix: '')
[2m2026-06-13T02:06:31.071452Z[0m [34mDEBUG[0m [2mgust_lexer::typechecker[0m[2m:[0m 👁️ Namespace Resolution: Lookup 'std_Vector_int_ctx2' -> Resolved: 'std_Vector_int_ctx2' (Current Prefix: '')
ok
test test_identical_nested_brands_accepted ... [2m2026-06-13T02:06:31.071768Z[0m [34mDEBUG[0m [2mgust_lexer::typechecker::visitor[0m[2m:[0m 🗄️ Stdlib Registered: Alias 'os' maps to prefix 'os_'
[2m2026-06-13T02:06:31.071777Z[0m [34mDEBUG[0m [2mgust_lexer::typechecker::visitor[0m[2m:[0m 🗄️ Stdlib Registered: Alias 'std' maps to prefix 'std_'
[2m2026-06-13T02:06:31.071878Z[0m [34mDEBUG[0m [2mgust_lexer::typechecker::visitor[0m[2m:[0m 🗄️ Function Pre-Registration: Raw name: 'main', Namespaced: 'main', Parameter Count: 0, Params: []
[2m2026-06-13T02:06:31.071898Z[0m [34mDEBUG[0m [2mgust_lexer::typechecker[0m[2m:[0m 👁️ Namespace Resolution: Lookup 'os.Arena.New' -> Resolved: 'os_Arena.New' (Current Prefix: '')
[2m2026-06-13T02:06:31.071906Z[0m [34mDEBUG[0m [2mgust_lexer::typechecker::visitor[0m[2m:[0m 👁️ Expression::Call Evaluation Start: Raw Function: 'os.Arena.New', Resolved: 'os_Arena.New', Registry Has Key: false
[2m2026-06-13T02:06:31.071921Z[0m [34mDEBUG[0m [2mgust_lexer::typechecker::visitor[0m[2m:[0m 👁️ Expression::Call Evaluation Start: Raw Function: 'ctx.Free', Resolved: 'ctx.Free', Registry Has Key: false
[2m2026-06-13T02:06:31.071939Z[0m [34mDEBUG[0m [2mgust_lexer::typechecker[0m[2m:[0m 👁️ Namespace Resolution: Lookup 'os.VectorNew' -> Resolved: 'os_VectorNew' (Current Prefix: '')
[2m2026-06-13T02:06:31.071947Z[0m [34mDEBUG[0m [2mgust_lexer::typechecker::visitor[0m[2m:[0m 👁️ Expression::Call Evaluation Start: Raw Function: 'os.VectorNew', Resolved: 'os_VectorNew', Registry Has Key: false
[2m2026-06-13T02:06:31.071957Z[0m [34mDEBUG[0m [2mgust_lexer::typechecker[0m[2m:[0m 👁️ Namespace Resolution: Lookup 'Vector_Any' -> Resolved: 'Vector_Any' (Current Prefix: '')
[2m2026-06-13T02:06:31.071966Z[0m [34mDEBUG[0m [2mgust_lexer::typechecker[0m[2m:[0m 👁️ Namespace Resolution: Lookup 'Vector_Any' -> Resolved: 'Vector_Any' (Current Prefix: '')
[2m2026-06-13T02:06:31.071976Z[0m [34mDEBUG[0m [2mgust_lexer::typechecker[0m[2m:[0m 👁️ Namespace Resolution: Lookup 'Vector' -> Resolved: 'Vector' (Current Prefix: '')
[2m2026-06-13T02:06:31.071983Z[0m [34mDEBUG[0m [2mgust_lexer::typechecker[0m[2m:[0m 👁️ Namespace Resolution: Lookup 'Vector' -> Resolved: 'Vector' (Current Prefix: '')
[2m2026-06-13T02:06:31.071990Z[0m [34mDEBUG[0m [2mgust_lexer::typechecker[0m[2m:[0m 👁️ Namespace Resolution: Lookup 'ctx' -> Resolved: 'ctx' (Current Prefix: '')
[2m2026-06-13T02:06:31.071997Z[0m [34mDEBUG[0m [2mgust_lexer::typechecker[0m[2m:[0m 👁️ Namespace Resolution: Lookup 'ctx' -> Resolved: 'ctx' (Current Prefix: '')
[2m2026-06-13T02:06:31.072003Z[0m [34mDEBUG[0m [2mgust_lexer::typechecker[0m[2m:[0m 👁️ Namespace Resolution: Lookup 'Vector' -> Resolved: 'Vector' (Current Prefix: '')
[2m2026-06-13T02:06:31.072013Z[0m [34mDEBUG[0m [2mgust_lexer::typechecker[0m[2m:[0m 👁️ Namespace Resolution: Lookup 'ctx' -> Resolved: 'ctx' (Current Prefix: '')
[2m2026-06-13T02:06:31.072020Z[0m [34mDEBUG[0m [2mgust_lexer::typechecker[0m[2m:[0m 👁️ Namespace Resolution: Lookup 'ctx' -> Resolved: 'ctx' (Current Prefix: '')
[2m2026-06-13T02:06:31.072042Z[0m [34mDEBUG[0m [2mgust_lexer::typechecker[0m[2m:[0m 👁️ Namespace Resolution: Lookup 'ctx' -> Resolved: 'ctx' (Current Prefix: '')
[2m2026-06-13T02:06:31.072062Z[0m [34mDEBUG[0m [2mgust_lexer::typechecker[0m[2m:[0m 👁️ Namespace Resolution: Lookup 'Vector_str_ctx' -> Resolved: 'Vector_str_ctx' (Current Prefix: '')
[2m2026-06-13T02:06:31.072071Z[0m [34mDEBUG[0m [2mgust_lexer::typechecker[0m[2m:[0m 👁️ Namespace Resolution: Lookup 'Vector_str_ctx' -> Resolved: 'Vector_str_ctx' (Current Prefix: '')
[2m2026-06-13T02:06:31.072085Z[0m [34mDEBUG[0m [2mgust_lexer::typechecker[0m[2m:[0m 👁️ Namespace Resolution: Lookup 'Vector_Vector_str_ctx_ctx' -> Resolved: 'Vector_Vector_str_ctx_ctx' (Current Prefix: '')
ok
test test_large_enum_variant_indirection_accepted ... [2m2026-06-13T02:06:31.072460Z[0m [34mDEBUG[0m [2mgust_lexer::typechecker::visitor[0m[2m:[0m 🗄️ Stdlib Registered: Alias 'os' maps to prefix 'os_'
[2m2026-06-13T02:06:31.072471Z[0m [34mDEBUG[0m [2mgust_lexer::typechecker::visitor[0m[2m:[0m 🗄️ Stdlib Registered: Alias 'std' maps to prefix 'std_'
[2m2026-06-13T02:06:31.072608Z[0m [34mDEBUG[0m [2mgust_lexer::typechecker::visitor[0m[2m:[0m 🗄️ Function Pre-Registration: Raw name: 'main', Namespaced: 'main', Parameter Count: 0, Params: []
[2m2026-06-13T02:06:31.072625Z[0m [34mDEBUG[0m [2mgust_lexer::typechecker[0m[2m:[0m 👁️ Namespace Resolution: Lookup 'os.Arena.New' -> Resolved: 'os_Arena.New' (Current Prefix: '')
[2m2026-06-13T02:06:31.072631Z[0m [34mDEBUG[0m [2mgust_lexer::typechecker::visitor[0m[2m:[0m 👁️ Expression::Call Evaluation Start: Raw Function: 'os.Arena.New', Resolved: 'os_Arena.New', Registry Has Key: false
[2m2026-06-13T02:06:31.072641Z[0m [34mDEBUG[0m [2mgust_lexer::typechecker::visitor[0m[2m:[0m 👁️ Expression::Call Evaluation Start: Raw Function: 'ctx.Free', Resolved: 'ctx.Free', Registry Has Key: false
ok
test test_large_enum_variant_payload_rejected ... [2m2026-06-13T02:06:31.073049Z[0m [34mDEBUG[0m [2mgust_lexer::typechecker::visitor[0m[2m:[0m 🗄️ Stdlib Registered: Alias 'os' maps to prefix 'os_'
[2m2026-06-13T02:06:31.073060Z[0m [34mDEBUG[0m [2mgust_lexer::typechecker::visitor[0m[2m:[0m 🗄️ Stdlib Registered: Alias 'std' maps to prefix 'std_'
[2m2026-06-13T02:06:31.073157Z[0m [34mDEBUG[0m [2mgust_lexer::typechecker[0m[2m:[0m 👁️ Namespace Resolution: Lookup 'Large' -> Resolved: 'Large' (Current Prefix: '')
[2m2026-06-13T02:06:31.073164Z[0m [34mDEBUG[0m [2mgust_lexer::typechecker[0m[2m:[0m 👁️ Namespace Resolution: Lookup 'Large' -> Resolved: 'Large' (Current Prefix: '')
\n--- CAPTURED ERROR MESSAGE ---
Semantic Error: Variant 'VariantA' contains a large enum variant payload struct 'Large' (3 fields). Use Index[Large], or pointer indirection to avoid memory bloat.
------------------------------\n
ok
test test_lexer_token_generation ... [2m2026-06-13T02:06:31.073507Z[0m [34mDEBUG[0m [2mgust_lexer::parser[0m[2m:[0m 📥 Parsed Import Statement: Path 'token.gst', Alias: 'Some("token")'
[2m2026-06-13T02:06:31.073525Z[0m [34mDEBUG[0m [2mgust_lexer::parser[0m[2m:[0m 📥 Parsed Import Statement: Path 'lexer.gst', Alias: 'Some("lexer")'
[2m2026-06-13T02:06:31.074184Z[0m [34mDEBUG[0m [2mgust_lexer::parser[0m[2m:[0m 📥 Parsed Import Statement: Path 'token.gst', Alias: 'Some("token")'
[2m2026-06-13T02:06:31.075695Z[0m [34mDEBUG[0m [2mgust_lexer::typechecker::visitor[0m[2m:[0m 🗄️ Stdlib Registered: Alias 'os' maps to prefix 'os_'
[2m2026-06-13T02:06:31.075703Z[0m [34mDEBUG[0m [2mgust_lexer::typechecker::visitor[0m[2m:[0m 🗄️ Stdlib Registered: Alias 'std' maps to prefix 'std_'
[2m2026-06-13T02:06:31.075903Z[0m [34mDEBUG[0m [2mgust_lexer::typechecker[0m[2m:[0m 👁️ Namespace Resolution: Lookup 'Position' -> Resolved: 'token__Position' (Current Prefix: 'token__')
[2m2026-06-13T02:06:31.075914Z[0m [34mDEBUG[0m [2mgust_lexer::typechecker[0m[2m:[0m 👁️ Namespace Resolution: Lookup 'token__Position' -> Resolved: 'token__Position' (Current Prefix: 'token__')
[2m2026-06-13T02:06:31.075922Z[0m [34mDEBUG[0m [2mgust_lexer::typechecker[0m[2m:[0m 👁️ Namespace Resolution: Lookup 'Position' -> Resolved: 'token__Position' (Current Prefix: 'token__')
[2m2026-06-13T02:06:31.075929Z[0m [34mDEBUG[0m [2mgust_lexer::typechecker[0m[2m:[0m 👁️ Namespace Resolution: Lookup 'token__Position' -> Resolved: 'token__Position' (Current Prefix: 'token__')
[2m2026-06-13T02:06:31.075945Z[0m [34mDEBUG[0m [2mgust_lexer::typechecker[0m[2m:[0m 👁️ Namespace Resolution: Lookup 'Position' -> Resolved: 'token__Position' (Current Prefix: 'token__')
[2m2026-06-13T02:06:31.075953Z[0m [34mDEBUG[0m [2mgust_lexer::typechecker[0m[2m:[0m 👁️ Namespace Resolution: Lookup 'token__Position' -> Resolved: 'token__Position' (Current Prefix: 'token__')
[2m2026-06-13T02:06:31.075961Z[0m [34mDEBUG[0m [2mgust_lexer::typechecker[0m[2m:[0m 👁️ Namespace Resolution: Lookup 'Position' -> Resolved: 'token__Position' (Current Prefix: 'token__')
[2m2026-06-13T02:06:31.075968Z[0m [34mDEBUG[0m [2mgust_lexer::typechecker[0m[2m:[0m 👁️ Namespace Resolution: Lookup 'token__Position' -> Resolved: 'token__Position' (Current Prefix: 'token__')
[2m2026-06-13T02:06:31.076210Z[0m [34mDEBUG[0m [2mgust_lexer::typechecker::visitor[0m[2m:[0m 🗄️ Stdlib Registered: Alias 'os' maps to prefix 'os_'
[2m2026-06-13T02:06:31.076217Z[0m [34mDEBUG[0m [2mgust_lexer::typechecker::visitor[0m[2m:[0m 🗄️ Stdlib Registered: Alias 'std' maps to prefix 'std_'
[2m2026-06-13T02:06:31.076272Z[0m [34mDEBUG[0m [2mgust_lexer::typechecker::visitor[0m[2m:[0m 🗄️ Import Alias Mapping Registered (Pre-pass): 'token' -> 'token__' (for path 'token.gst')
[2m2026-06-13T02:06:31.076283Z[0m [34mDEBUG[0m [2mgust_lexer::typechecker[0m[2m:[0m 👁️ Namespace Resolution: Lookup 'Lexer' -> Resolved: 'lexer__Lexer' (Current Prefix: 'lexer__')
[2m2026-06-13T02:06:31.076290Z[0m [34mDEBUG[0m [2mgust_lexer::typechecker[0m[2m:[0m 👁️ Namespace Resolution: Lookup 'lexer__Lexer' -> Resolved: 'lexer__Lexer' (Current Prefix: 'lexer__')
[2m2026-06-13T02:06:31.076315Z[0m [34mDEBUG[0m [2mgust_lexer::typechecker[0m[2m:[0m 👁️ Namespace Resolution: Lookup 'lexer__Lexer_ctx' -> Resolved: 'lexer__Lexer_ctx' (Current Prefix: 'lexer__')
[2m2026-06-13T02:06:31.076326Z[0m [34mDEBUG[0m [2mgust_lexer::typechecker::visitor[0m[2m:[0m 🗄️ Function Pre-Registration: Raw name: 'read_char', Namespaced: 'lexer__read_char', Parameter Count: 1, Params: ["l: RawPointer(Struct(\"lexer__Lexer_ctx\", Some(\"ctx\")))"]
[2m2026-06-13T02:06:31.076337Z[0m [34mDEBUG[0m [2mgust_lexer::typechecker[0m[2m:[0m 👁️ Namespace Resolution: Lookup 'Lexer' -> Resolved: 'lexer__Lexer' (Current Prefix: 'lexer__')
[2m2026-06-13T02:06:31.076344Z[0m [34mDEBUG[0m [2mgust_lexer::typechecker[0m[2m:[0m 👁️ Namespace Resolution: Lookup 'lexer__Lexer' -> Resolved: 'lexer__Lexer' (Current Prefix: 'lexer__')
[2m2026-06-13T02:06:31.076356Z[0m [34mDEBUG[0m [2mgust_lexer::typechecker[0m[2m:[0m 👁️ Namespace Resolution: Lookup 'lexer__Lexer_ctx' -> Resolved: 'lexer__Lexer_ctx' (Current Prefix: 'lexer__')
[2m2026-06-13T02:06:31.076365Z[0m [34mDEBUG[0m [2mgust_lexer::typechecker::visitor[0m[2m:[0m 🗄️ Function Pre-Registration: Raw name: 'peek_char', Namespaced: 'lexer__peek_char', Parameter Count: 1, Params: ["l: RawPointer(Struct(\"lexer__Lexer_ctx\", Some(\"ctx\")))"]
[2m2026-06-13T02:06:31.076376Z[0m [34mDEBUG[0m [2mgust_lexer::typechecker[0m[2m:[0m 👁️ Namespace Resolution: Lookup 'Lexer' -> Resolved: 'lexer__Lexer' (Current Prefix: 'lexer__')
[2m2026-06-13T02:06:31.076383Z[0m [34mDEBUG[0m [2mgust_lexer::typechecker[0m[2m:[0m 👁️ Namespace Resolution: Lookup 'lexer__Lexer' -> Resolved: 'lexer__Lexer' (Current Prefix: 'lexer__')
[2m2026-06-13T02:06:31.076394Z[0m [34mDEBUG[0m [2mgust_lexer::typechecker[0m[2m:[0m 👁️ Namespace Resolution: Lookup 'lexer__Lexer_ctx' -> Resolved: 'lexer__Lexer_ctx' (Current Prefix: 'lexer__')
[2m2026-06-13T02:06:31.076403Z[0m [34mDEBUG[0m [2mgust_lexer::typechecker::visitor[0m[2m:[0m 🗄️ Function Pre-Registration: Raw name: 'skip_whitespace', Namespaced: 'lexer__skip_whitespace', Parameter Count: 1, Params: ["l: RawPointer(Struct(\"lexer__Lexer_ctx\", Some(\"ctx\")))"]
[2m2026-06-13T02:06:31.076413Z[0m [34mDEBUG[0m [2mgust_lexer::typechecker[0m[2m:[0m 👁️ Namespace Resolution: Lookup 'Lexer' -> Resolved: 'lexer__Lexer' (Current Prefix: 'lexer__')
[2m2026-06-13T02:06:31.076420Z[0m [34mDEBUG[0m [2mgust_lexer::typechecker[0m[2m:[0m 👁️ Namespace Resolution: Lookup 'lexer__Lexer' -> Resolved: 'lexer__Lexer' (Current Prefix: 'lexer__')
[2m2026-06-13T02:06:31.076432Z[0m [34mDEBUG[0m [2mgust_lexer::typechecker[0m[2m:[0m 👁️ Namespace Resolution: Lookup 'lexer__Lexer_ctx' -> Resolved: 'lexer__Lexer_ctx' (Current Prefix: 'lexer__')
[2m2026-06-13T02:06:31.076441Z[0m [34mDEBUG[0m [2mgust_lexer::typechecker::visitor[0m[2m:[0m 🗄️ Function Pre-Registration: Raw name: 'init_lexer', Namespaced: 'lexer__init_lexer', Parameter Count: 2, Params: ["l: RawPointer(Struct(\"lexer__Lexer_ctx\", Some(\"ctx\")))", "input: Str"]
[2m2026-06-13T02:06:31.076452Z[0m [34mDEBUG[0m [2mgust_lexer::typechecker::visitor[0m[2m:[0m 🗄️ Function Pre-Registration: Raw name: 'is_letter', Namespaced: 'lexer__is_letter', Parameter Count: 1, Params: ["b: Byte"]
[2m2026-06-13T02:06:31.076474Z[0m [34mDEBUG[0m [2mgust_lexer::typechecker::visitor[0m[2m:[0m 🗄️ Function Pre-Registration: Raw name: 'is_digit', Namespaced: 'lexer__is_digit', Parameter Count: 1, Params: ["b: Byte"]
[2m2026-06-13T02:06:31.076484Z[0m [34mDEBUG[0m [2mgust_lexer::typechecker[0m[2m:[0m 👁️ Namespace Resolution: Lookup 'Lexer' -> Resolved: 'lexer__Lexer' (Current Prefix: 'lexer__')
[2m2026-06-13T02:06:31.076491Z[0m [34mDEBUG[0m [2mgust_lexer::typechecker[0m[2m:[0m 👁️ Namespace Resolution: Lookup 'lexer__Lexer' -> Resolved: 'lexer__Lexer' (Current Prefix: 'lexer__')
[2m2026-06-13T02:06:31.076503Z[0m [34mDEBUG[0m [2mgust_lexer::typechecker[0m[2m:[0m 👁️ Namespace Resolution: Lookup 'lexer__Lexer_ctx' -> Resolved: 'lexer__Lexer_ctx' (Current Prefix: 'lexer__')
[2m2026-06-13T02:06:31.076512Z[0m [34mDEBUG[0m [2mgust_lexer::typechecker::visitor[0m[2m:[0m 🗄️ Function Pre-Registration: Raw name: 'read_identifier', Namespaced: 'lexer__read_identifier', Parameter Count: 1, Params: ["l: RawPointer(Struct(\"lexer__Lexer_ctx\", Some(\"ctx\")))"]
[2m2026-06-13T02:06:31.076523Z[0m [34mDEBUG[0m [2mgust_lexer::typechecker[0m[2m:[0m 👁️ Namespace Resolution: Lookup 'Lexer' -> Resolved: 'lexer__Lexer' (Current Prefix: 'lexer__')
[2m2026-06-13T02:06:31.076530Z[0m [34mDEBUG[0m [2mgust_lexer::typechecker[0m[2m:[0m 👁️ Namespace Resolution: Lookup 'lexer__Lexer' -> Resolved: 'lexer__Lexer' (Current Prefix: 'lexer__')
[2m2026-06-13T02:06:31.076542Z[0m [34mDEBUG[0m [2mgust_lexer::typechecker[0m[2m:[0m 👁️ Namespace Resolution: Lookup 'lexer__Lexer_ctx' -> Resolved: 'lexer__Lexer_ctx' (Current Prefix: 'lexer__')
[2m2026-06-13T02:06:31.076550Z[0m [34mDEBUG[0m [2mgust_lexer::typechecker::visitor[0m[2m:[0m 🗄️ Function Pre-Registration: Raw name: 'read_number', Namespaced: 'lexer__read_number', Parameter Count: 1, Params: ["l: RawPointer(Struct(\"lexer__Lexer_ctx\", Some(\"ctx\")))"]
[2m2026-06-13T02:06:31.076561Z[0m [34mDEBUG[0m [2mgust_lexer::typechecker[0m[2m:[0m 👁️ Namespace Resolution: Lookup 'Lexer' -> Resolved: 'lexer__Lexer' (Current Prefix: 'lexer__')
[2m2026-06-13T02:06:31.076567Z[0m [34mDEBUG[0m [2mgust_lexer::typechecker[0m[2m:[0m 👁️ Namespace Resolution: Lookup 'lexer__Lexer' -> Resolved: 'lexer__Lexer' (Current Prefix: 'lexer__')
[2m2026-06-13T02:06:31.076579Z[0m [34mDEBUG[0m [2mgust_lexer::typechecker[0m[2m:[0m 👁️ Namespace Resolution: Lookup 'lexer__Lexer_ctx' -> Resolved: 'lexer__Lexer_ctx' (Current Prefix: 'lexer__')
[2m2026-06-13T02:06:31.076588Z[0m [34mDEBUG[0m [2mgust_lexer::typechecker::visitor[0m[2m:[0m 🗄️ Function Pre-Registration: Raw name: 'read_string', Namespaced: 'lexer__read_string', Parameter Count: 1, Params: ["l: RawPointer(Struct(\"lexer__Lexer_ctx\", Some(\"ctx\")))"]
[2m2026-06-13T02:06:31.076599Z[0m [34mDEBUG[0m [2mgust_lexer::typechecker[0m[2m:[0m 👁️ Namespace Resolution: Lookup 'token.TokenType' -> Resolved: 'token__TokenType' (Current Prefix: 'lexer__')
[2m2026-06-13T02:06:31.076607Z[0m [34mDEBUG[0m [2mgust_lexer::typechecker[0m[2m:[0m 👁️ Namespace Resolution: Lookup 'token__TokenType' -> Resolved: 'token__TokenType' (Current Prefix: 'lexer__')
[2m2026-06-13T02:06:31.076614Z[0m [34mDEBUG[0m [2mgust_lexer::typechecker::visitor[0m[2m:[0m 🗄️ Function Pre-Registration: Raw name: 'lookup_ident', Namespaced: 'lexer__lookup_ident', Parameter Count: 1, Params: ["literal: Str"]
[2m2026-06-13T02:06:31.076623Z[0m [34mDEBUG[0m [2mgust_lexer::typechecker[0m[2m:[0m 👁️ Namespace Resolution: Lookup 'Lexer' -> Resolved: 'lexer__Lexer' (Current Prefix: 'lexer__')
[2m2026-06-13T02:06:31.076630Z[0m [34mDEBUG[0m [2mgust_lexer::typechecker[0m[2m:[0m 👁️ Namespace Resolution: Lookup 'lexer__Lexer' -> Resolved: 'lexer__Lexer' (Current Prefix: 'lexer__')
[2m2026-06-13T02:06:31.076642Z[0m [34mDEBUG[0m [2mgust_lexer::typechecker[0m[2m:[0m 👁️ Namespace Resolution: Lookup 'lexer__Lexer_ctx' -> Resolved: 'lexer__Lexer_ctx' (Current Prefix: 'lexer__')
[2m2026-06-13T02:06:31.076650Z[0m [34mDEBUG[0m [2mgust_lexer::typechecker[0m[2m:[0m 👁️ Namespace Resolution: Lookup 'token.Token' -> Resolved: 'token__Token' (Current Prefix: 'lexer__')
[2m2026-06-13T02:06:31.076657Z[0m [34mDEBUG[0m [2mgust_lexer::typechecker[0m[2m:[0m 👁️ Namespace Resolution: Lookup 'token__Token' -> Resolved: 'token__Token' (Current Prefix: 'lexer__')
[2m2026-06-13T02:06:31.076670Z[0m [34mDEBUG[0m [2mgust_lexer::typechecker[0m[2m:[0m 👁️ Namespace Resolution: Lookup 'TokenType' -> Resolved: 'token__TokenType' (Current Prefix: 'token__')
[2m2026-06-13T02:06:31.076679Z[0m [34mDEBUG[0m [2mgust_lexer::typechecker[0m[2m:[0m 👁️ Namespace Resolution: Lookup 'Span' -> Resolved: 'token__Span' (Current Prefix: 'token__')
[2m2026-06-13T02:06:31.076688Z[0m [34mDEBUG[0m [2mgust_lexer::typechecker[0m[2m:[0m 👁️ Namespace Resolution: Lookup 'token__Token_ctx' -> Resolved: 'token__Token_ctx' (Current Prefix: 'lexer__')
[2m2026-06-13T02:06:31.076696Z[0m [34mDEBUG[0m [2mgust_lexer::typechecker::visitor[0m[2m:[0m 🗄️ Function Pre-Registration: Raw name: 'next_token', Namespaced: 'lexer__next_token', Parameter Count: 2, Params: ["l: RawPointer(Struct(\"lexer__Lexer_ctx\", Some(\"ctx\")))", "tok: RawPointer(Struct(\"token__Token_ctx\", Some(\"ctx\")))"]
[2m2026-06-13T02:06:31.076709Z[0m [34mDEBUG[0m [2mgust_lexer::typechecker[0m[2m:[0m 👁️ Namespace Resolution: Lookup 'Lexer' -> Resolved: 'lexer__Lexer' (Current Prefix: 'lexer__')
[2m2026-06-13T02:06:31.076716Z[0m [34mDEBUG[0m [2mgust_lexer::typechecker[0m[2m:[0m 👁️ Namespace Resolution: Lookup 'lexer__Lexer' -> Resolved: 'lexer__Lexer' (Current Prefix: 'lexer__')
[2m2026-06-13T02:06:31.076728Z[0m [34mDEBUG[0m [2mgust_lexer::typechecker[0m[2m:[0m 👁️ Namespace Resolution: Lookup 'lexer__Lexer_ctx' -> Resolved: 'lexer__Lexer_ctx' (Current Prefix: 'lexer__')
[2m2026-06-13T02:06:31.076736Z[0m [34mDEBUG[0m [2mgust_lexer::typechecker[0m[2m:[0m 👁️ Namespace Resolution: Lookup 'token.Token' -> Resolved: 'token__Token' (Current Prefix: 'lexer__')
[2m2026-06-13T02:06:31.076748Z[0m [34mDEBUG[0m [2mgust_lexer::typechecker[0m[2m:[0m 👁️ Namespace Resolution: Lookup 'token__Token_ctx' -> Resolved: 'token__Token_ctx' (Current Prefix: 'lexer__')
[2m2026-06-13T02:06:31.076755Z[0m [34mDEBUG[0m [2mgust_lexer::typechecker::visitor[0m[2m:[0m 🗄️ Function Pre-Registration: Raw name: 'next_token', Namespaced: 'lexer__next_token', Parameter Count: 1, Params: ["l: RawPointer(Struct(\"lexer__Lexer_ctx\", Some(\"ctx\")))"]
[2m2026-06-13T02:06:31.077006Z[0m [34mDEBUG[0m [2mgust_lexer::typechecker::visitor[0m[2m:[0m 🗄️ Import Alias Mapping Registered (Statement Pass): 'token' -> 'token__' (for path 'token.gst')
[2m2026-06-13T02:06:31.077015Z[0m [34mDEBUG[0m [2mgust_lexer::typechecker[0m[2m:[0m 👁️ Namespace Resolution: Lookup 'Lexer' -> Resolved: 'lexer__Lexer' (Current Prefix: 'lexer__')
[2m2026-06-13T02:06:31.077022Z[0m [34mDEBUG[0m [2mgust_lexer::typechecker[0m[2m:[0m 👁️ Namespace Resolution: Lookup 'lexer__Lexer' -> Resolved: 'lexer__Lexer' (Current Prefix: 'lexer__')
[2m2026-06-13T02:06:31.077150Z[0m [34mDEBUG[0m [2mgust_lexer::typechecker[0m[2m:[0m 👁️ Namespace Resolution: Lookup 'len' -> Resolved: 'len' (Current Prefix: 'lexer__')
[2m2026-06-13T02:06:31.077158Z[0m [34mDEBUG[0m [2mgust_lexer::typechecker::visitor[0m[2m:[0m 👁️ Expression::Call Evaluation Start: Raw Function: 'len', Resolved: 'len', Registry Has Key: false
[2m2026-06-13T02:06:31.077207Z[0m [34mDEBUG[0m [2mgust_lexer::typechecker[0m[2m:[0m 👁️ Namespace Resolution: Lookup 'std.str_byte_at' -> Resolved: 'std_str_byte_at' (Current Prefix: 'lexer__')
[2m2026-06-13T02:06:31.077215Z[0m [34mDEBUG[0m [2mgust_lexer::typechecker::visitor[0m[2m:[0m 👁️ Expression::Call Evaluation Start: Raw Function: 'std.str_byte_at', Resolved: 'std_str_byte_at', Registry Has Key: true
[2m2026-06-13T02:06:31.077231Z[0m [34mDEBUG[0m [2mgust_lexer::typechecker::visitor[0m[2m:[0m 👁️ Call-Site Verification: Raw Function: 'std.str_byte_at', Resolved: 'std_str_byte_at', Expected Params Count: 2, Expected Params: [Str, Int], Actual Args: [("l.input", Str), ("l.read_position", Int)]
[2m2026-06-13T02:06:31.077248Z[0m [34mDEBUG[0m [2mgust_lexer::typechecker[0m[2m:[0m 👁️ Namespace Resolution: Lookup 'std.str_byte_at' -> Resolved: 'std_str_byte_at' (Current Prefix: 'lexer__')
[2m2026-06-13T02:06:31.077307Z[0m [34mDEBUG[0m [2mgust_lexer::typechecker[0m[2m:[0m 👁️ Namespace Resolution: Lookup 'Lexer' -> Resolved: 'lexer__Lexer' (Current Prefix: 'lexer__')
[2m2026-06-13T02:06:31.077315Z[0m [34mDEBUG[0m [2mgust_lexer::typechecker[0m[2m:[0m 👁️ Namespace Resolution: Lookup 'lexer__Lexer' -> Resolved: 'lexer__Lexer' (Current Prefix: 'lexer__')
[2m2026-06-13T02:06:31.077330Z[0m [34mDEBUG[0m [2mgust_lexer::typechecker[0m[2m:[0m 👁️ Namespace Resolution: Lookup 'len' -> Resolved: 'len' (Current Prefix: 'lexer__')
[2m2026-06-13T02:06:31.077337Z[0m [34mDEBUG[0m [2mgust_lexer::typechecker::visitor[0m[2m:[0m 👁️ Expression::Call Evaluation Start: Raw Function: 'len', Resolved: 'len', Registry Has Key: false
[2m2026-06-13T02:06:31.077375Z[0m [34mDEBUG[0m [2mgust_lexer::typechecker[0m[2m:[0m 👁️ Namespace Resolution: Lookup 'std.str_byte_at' -> Resolved: 'std_str_byte_at' (Current Prefix: 'lexer__')
[2m2026-06-13T02:06:31.077383Z[0m [34mDEBUG[0m [2mgust_lexer::typechecker::visitor[0m[2m:[0m 👁️ Expression::Call Evaluation Start: Raw Function: 'std.str_byte_at', Resolved: 'std_str_byte_at', Registry Has Key: true
[2m2026-06-13T02:06:31.077398Z[0m [34mDEBUG[0m [2mgust_lexer::typechecker::visitor[0m[2m:[0m 👁️ Call-Site Verification: Raw Function: 'std.str_byte_at', Resolved: 'std_str_byte_at', Expected Params Count: 2, Expected Params: [Str, Int], Actual Args: [("l.input", Str), ("l.read_position", Int)]
[2m2026-06-13T02:06:31.077410Z[0m [34mDEBUG[0m [2mgust_lexer::typechecker[0m[2m:[0m 👁️ Namespace Resolution: Lookup 'std.str_byte_at' -> Resolved: 'std_str_byte_at' (Current Prefix: 'lexer__')
[2m2026-06-13T02:06:31.077424Z[0m [34mDEBUG[0m [2mgust_lexer::typechecker[0m[2m:[0m 👁️ Namespace Resolution: Lookup 'Lexer' -> Resolved: 'lexer__Lexer' (Current Prefix: 'lexer__')
[2m2026-06-13T02:06:31.077432Z[0m [34mDEBUG[0m [2mgust_lexer::typechecker[0m[2m:[0m 👁️ Namespace Resolution: Lookup 'lexer__Lexer' -> Resolved: 'lexer__Lexer' (Current Prefix: 'lexer__')
[2m2026-06-13T02:06:31.077447Z[0m [34mDEBUG[0m [2mgust_lexer::typechecker[0m[2m:[0m 👁️ Namespace Resolution: Lookup 'std.is_whitespace' -> Resolved: 'std_is_whitespace' (Current Prefix: 'lexer__')
[2m2026-06-13T02:06:31.077454Z[0m [34mDEBUG[0m [2mgust_lexer::typechecker::visitor[0m[2m:[0m 👁️ Expression::Call Evaluation Start: Raw Function: 'std.is_whitespace', Resolved: 'std_is_whitespace', Registry Has Key: true
[2m2026-06-13T02:06:31.077467Z[0m [34mDEBUG[0m [2mgust_lexer::typechecker::visitor[0m[2m:[0m 👁️ Call-Site Verification: Raw Function: 'std.is_whitespace', Resolved: 'std_is_whitespace', Expected Params Count: 1, Expected Params: [Byte], Actual Args: [("l.ch", Byte)]
[2m2026-06-13T02:06:31.077477Z[0m [34mDEBUG[0m [2mgust_lexer::typechecker[0m[2m:[0m 👁️ Namespace Resolution: Lookup 'read_char' -> Resolved: 'lexer__read_char' (Current Prefix: 'lexer__')
[2m2026-06-13T02:06:31.077484Z[0m [34mDEBUG[0m [2mgust_lexer::typechecker::visitor[0m[2m:[0m 👁️ Expression::Call Evaluation Start: Raw Function: 'read_char', Resolved: 'lexer__read_char', Registry Has Key: true
[2m2026-06-13T02:06:31.077525Z[0m [34mDEBUG[0m [2mgust_lexer::typechecker[0m[2m:[0m 👁️ Namespace Resolution: Lookup 'lexer__Lexer_ctx' -> Resolved: 'lexer__Lexer_ctx' (Current Prefix: 'lexer__')
[2m2026-06-13T02:06:31.077533Z[0m [34mDEBUG[0m [2mgust_lexer::typechecker[0m[2m:[0m 👁️ Namespace Resolution: Lookup 'lexer__Lexer_ctx' -> Resolved: 'lexer__Lexer_ctx' (Current Prefix: 'lexer__')
[2m2026-06-13T02:06:31.077541Z[0m [34mDEBUG[0m [2mgust_lexer::typechecker::visitor[0m[2m:[0m 👁️ Call-Site Verification: Raw Function: 'read_char', Resolved: 'lexer__read_char', Expected Params Count: 1, Expected Params: [RawPointer(Struct("lexer__Lexer_ctx", Some("ctx")))], Actual Args: [("l", RawPointer(Struct("lexer__Lexer_ctx", Some("ctx"))))]
[2m2026-06-13T02:06:31.077559Z[0m [34mDEBUG[0m [2mgust_lexer::typechecker[0m[2m:[0m 👁️ Namespace Resolution: Lookup 'Lexer' -> Resolved: 'lexer__Lexer' (Current Prefix: 'lexer__')
[2m2026-06-13T02:06:31.077566Z[0m [34mDEBUG[0m [2mgust_lexer::typechecker[0m[2m:[0m 👁️ Namespace Resolution: Lookup 'lexer__Lexer' -> Resolved: 'lexer__Lexer' (Current Prefix: 'lexer__')
[2m2026-06-13T02:06:31.077625Z[0m [34mDEBUG[0m [2mgust_lexer::typechecker[0m[2m:[0m 👁️ Namespace Resolution: Lookup 'read_char' -> Resolved: 'lexer__read_char' (Current Prefix: 'lexer__')
[2m2026-06-13T02:06:31.077633Z[0m [34mDEBUG[0m [2mgust_lexer::typechecker::visitor[0m[2m:[0m 👁️ Expression::Call Evaluation Start: Raw Function: 'read_char', Resolved: 'lexer__read_char', Registry Has Key: true
[2m2026-06-13T02:06:31.077644Z[0m [34mDEBUG[0m [2mgust_lexer::typechecker[0m[2m:[0m 👁️ Namespace Resolution: Lookup 'lexer__Lexer_ctx' -> Resolved: 'lexer__Lexer_ctx' (Current Prefix: 'lexer__')
[2m2026-06-13T02:06:31.077651Z[0m [34mDEBUG[0m [2mgust_lexer::typechecker[0m[2m:[0m 👁️ Namespace Resolution: Lookup 'lexer__Lexer_ctx' -> Resolved: 'lexer__Lexer_ctx' (Current Prefix: 'lexer__')
[2m2026-06-13T02:06:31.077659Z[0m [34mDEBUG[0m [2mgust_lexer::typechecker::visitor[0m[2m:[0m 👁️ Call-Site Verification: Raw Function: 'read_char', Resolved: 'lexer__read_char', Expected Params Count: 1, Expected Params: [RawPointer(Struct("lexer__Lexer_ctx", Some("ctx")))], Actual Args: [("l", RawPointer(Struct("lexer__Lexer_ctx", Some("ctx"))))]
[2m2026-06-13T02:06:31.077680Z[0m [34mDEBUG[0m [2mgust_lexer::typechecker[0m[2m:[0m 👁️ Namespace Resolution: Lookup 'std.is_alpha' -> Resolved: 'std_is_alpha' (Current Prefix: 'lexer__')
[2m2026-06-13T02:06:31.077687Z[0m [34mDEBUG[0m [2mgust_lexer::typechecker::visitor[0m[2m:[0m 👁️ Expression::Call Evaluation Start: Raw Function: 'std.is_alpha', Resolved: 'std_is_alpha', Registry Has Key: true
[2m2026-06-13T02:06:31.077697Z[0m [34mDEBUG[0m [2mgust_lexer::typechecker::visitor[0m[2m:[0m 👁️ Call-Site Verification: Raw Function: 'std.is_alpha', Resolved: 'std_is_alpha', Expected Params Count: 1, Expected Params: [Byte], Actual Args: [("b", Byte)]
[2m2026-06-13T02:06:31.077707Z[0m [34mDEBUG[0m [2mgust_lexer::typechecker[0m[2m:[0m 👁️ Namespace Resolution: Lookup 'std.is_alpha' -> Resolved: 'std_is_alpha' (Current Prefix: 'lexer__')
[2m2026-06-13T02:06:31.077721Z[0m [34mDEBUG[0m [2mgust_lexer::typechecker[0m[2m:[0m 👁️ Namespace Resolution: Lookup 'std.is_digit' -> Resolved: 'std_is_digit' (Current Prefix: 'lexer__')
[2m2026-06-13T02:06:31.077728Z[0m [34mDEBUG[0m [2mgust_lexer::typechecker::visitor[0m[2m:[0m 👁️ Expression::Call Evaluation Start: Raw Function: 'std.is_digit', Resolved: 'std_is_digit', Registry Has Key: true
[2m2026-06-13T02:06:31.077739Z[0m [34mDEBUG[0m [2mgust_lexer::typechecker::visitor[0m[2m:[0m 👁️ Call-Site Verification: Raw Function: 'std.is_digit', Resolved: 'std_is_digit', Expected Params Count: 1, Expected Params: [Byte], Actual Args: [("b", Byte)]
[2m2026-06-13T02:06:31.077748Z[0m [34mDEBUG[0m [2mgust_lexer::typechecker[0m[2m:[0m 👁️ Namespace Resolution: Lookup 'std.is_digit' -> Resolved: 'std_is_digit' (Current Prefix: 'lexer__')
[2m2026-06-13T02:06:31.077760Z[0m [34mDEBUG[0m [2mgust_lexer::typechecker[0m[2m:[0m 👁️ Namespace Resolution: Lookup 'Lexer' -> Resolved: 'lexer__Lexer' (Current Prefix: 'lexer__')
[2m2026-06-13T02:06:31.077766Z[0m [34mDEBUG[0m [2mgust_lexer::typechecker[0m[2m:[0m 👁️ Namespace Resolution: Lookup 'lexer__Lexer' -> Resolved: 'lexer__Lexer' (Current Prefix: 'lexer__')
[2m2026-06-13T02:06:31.077794Z[0m [34mDEBUG[0m [2mgust_lexer::typechecker[0m[2m:[0m 👁️ Namespace Resolution: Lookup 'is_letter' -> Resolved: 'lexer__is_letter' (Current Prefix: 'lexer__')
[2m2026-06-13T02:06:31.077801Z[0m [34mDEBUG[0m [2mgust_lexer::typechecker::visitor[0m[2m:[0m 👁️ Expression::Call Evaluation Start: Raw Function: 'is_letter', Resolved: 'lexer__is_letter', Registry Has Key: true
[2m2026-06-13T02:06:31.077813Z[0m [34mDEBUG[0m [2mgust_lexer::typechecker::visitor[0m[2m:[0m 👁️ Call-Site Verification: Raw Function: 'is_letter', Resolved: 'lexer__is_letter', Expected Params Count: 1, Expected Params: [Byte], Actual Args: [("l.ch", Byte)]
[2m2026-06-13T02:06:31.077825Z[0m [34mDEBUG[0m [2mgust_lexer::typechecker[0m[2m:[0m 👁️ Namespace Resolution: Lookup 'read_char' -> Resolved: 'lexer__read_char' (Current Prefix: 'lexer__')
[2m2026-06-13T02:06:31.077832Z[0m [34mDEBUG[0m [2mgust_lexer::typechecker::visitor[0m[2m:[0m 👁️ Expression::Call Evaluation Start: Raw Function: 'read_char', Resolved: 'lexer__read_char', Registry Has Key: true
[2m2026-06-13T02:06:31.077842Z[0m [34mDEBUG[0m [2mgust_lexer::typechecker[0m[2m:[0m 👁️ Namespace Resolution: Lookup 'lexer__Lexer_ctx' -> Resolved: 'lexer__Lexer_ctx' (Current Prefix: 'lexer__')
[2m2026-06-13T02:06:31.077850Z[0m [34mDEBUG[0m [2mgust_lexer::typechecker[0m[2m:[0m 👁️ Namespace Resolution: Lookup 'lexer__Lexer_ctx' -> Resolved: 'lexer__Lexer_ctx' (Current Prefix: 'lexer__')
[2m2026-06-13T02:06:31.077858Z[0m [34mDEBUG[0m [2mgust_lexer::typechecker::visitor[0m[2m:[0m 👁️ Call-Site Verification: Raw Function: 'read_char', Resolved: 'lexer__read_char', Expected Params Count: 1, Expected Params: [RawPointer(Struct("lexer__Lexer_ctx", Some("ctx")))], Actual Args: [("l", RawPointer(Struct("lexer__Lexer_ctx", Some("ctx"))))]
[2m2026-06-13T02:06:31.077875Z[0m [34mDEBUG[0m [2mgust_lexer::typechecker[0m[2m:[0m 👁️ Namespace Resolution: Lookup 'is_digit' -> Resolved: 'lexer__is_digit' (Current Prefix: 'lexer__')
[2m2026-06-13T02:06:31.077883Z[0m [34mDEBUG[0m [2mgust_lexer::typechecker::visitor[0m[2m:[0m 👁️ Expression::Call Evaluation Start: Raw Function: 'is_digit', Resolved: 'lexer__is_digit', Registry Has Key: true
[2m2026-06-13T02:06:31.077896Z[0m [34mDEBUG[0m [2mgust_lexer::typechecker::visitor[0m[2m:[0m 👁️ Call-Site Verification: Raw Function: 'is_digit', Resolved: 'lexer__is_digit', Expected Params Count: 1, Expected Params: [Byte], Actual Args: [("l.ch", Byte)]
[2m2026-06-13T02:06:31.077908Z[0m [34mDEBUG[0m [2mgust_lexer::typechecker[0m[2m:[0m 👁️ Namespace Resolution: Lookup 'read_char' -> Resolved: 'lexer__read_char' (Current Prefix: 'lexer__')
[2m2026-06-13T02:06:31.077916Z[0m [34mDEBUG[0m [2mgust_lexer::typechecker::visitor[0m[2m:[0m 👁️ Expression::Call Evaluation Start: Raw Function: 'read_char', Resolved: 'lexer__read_char', Registry Has Key: true
[2m2026-06-13T02:06:31.077926Z[0m [34mDEBUG[0m [2mgust_lexer::typechecker[0m[2m:[0m 👁️ Namespace Resolution: Lookup 'lexer__Lexer_ctx' -> Resolved: 'lexer__Lexer_ctx' (Current Prefix: 'lexer__')
[2m2026-06-13T02:06:31.077934Z[0m [34mDEBUG[0m [2mgust_lexer::typechecker[0m[2m:[0m 👁️ Namespace Resolution: Lookup 'lexer__Lexer_ctx' -> Resolved: 'lexer__Lexer_ctx' (Current Prefix: 'lexer__')
[2m2026-06-13T02:06:31.077941Z[0m [34mDEBUG[0m [2mgust_lexer::typechecker::visitor[0m[2m:[0m 👁️ Call-Site Verification: Raw Function: 'read_char', Resolved: 'lexer__read_char', Expected Params Count: 1, Expected Params: [RawPointer(Struct("lexer__Lexer_ctx", Some("ctx")))], Actual Args: [("l", RawPointer(Struct("lexer__Lexer_ctx", Some("ctx"))))]
[2m2026-06-13T02:06:31.077999Z[0m [34mDEBUG[0m [2mgust_lexer::typechecker[0m[2m:[0m 👁️ Namespace Resolution: Lookup 'std.str_slice' -> Resolved: 'std_str_slice' (Current Prefix: 'lexer__')
[2m2026-06-13T02:06:31.078007Z[0m [34mDEBUG[0m [2mgust_lexer::typechecker::visitor[0m[2m:[0m 👁️ Expression::Call Evaluation Start: Raw Function: 'std.str_slice', Resolved: 'std_str_slice', Registry Has Key: true
[2m2026-06-13T02:06:31.078024Z[0m [34mDEBUG[0m [2mgust_lexer::typechecker::visitor[0m[2m:[0m 👁️ Call-Site Verification: Raw Function: 'std.str_slice', Resolved: 'std_str_slice', Expected Params Count: 3, Expected Params: [Str, Int, Int], Actual Args: [("l.input", Str), ("start_pos", Int), ("l.position", Int)]
[2m2026-06-13T02:06:31.078036Z[0m [34mDEBUG[0m [2mgust_lexer::typechecker[0m[2m:[0m 👁️ Namespace Resolution: Lookup 'std.str_slice' -> Resolved: 'std_str_slice' (Current Prefix: 'lexer__')
[2m2026-06-13T02:06:31.078053Z[0m [34mDEBUG[0m [2mgust_lexer::typechecker[0m[2m:[0m 👁️ Namespace Resolution: Lookup 'Lexer' -> Resolved: 'lexer__Lexer' (Current Prefix: 'lexer__')
[2m2026-06-13T02:06:31.078060Z[0m [34mDEBUG[0m [2mgust_lexer::typechecker[0m[2m:[0m 👁️ Namespace Resolution: Lookup 'lexer__Lexer' -> Resolved: 'lexer__Lexer' (Current Prefix: 'lexer__')
[2m2026-06-13T02:06:31.078083Z[0m [34mDEBUG[0m [2mgust_lexer::typechecker[0m[2m:[0m 👁️ Namespace Resolution: Lookup 'is_digit' -> Resolved: 'lexer__is_digit' (Current Prefix: 'lexer__')
[2m2026-06-13T02:06:31.078090Z[0m [34mDEBUG[0m [2mgust_lexer::typechecker::visitor[0m[2m:[0m 👁️ Expression::Call Evaluation Start: Raw Function: 'is_digit', Resolved: 'lexer__is_digit', Registry Has Key: true
[2m2026-06-13T02:06:31.078102Z[0m [34mDEBUG[0m [2mgust_lexer::typechecker::visitor[0m[2m:[0m 👁️ Call-Site Verification: Raw Function: 'is_digit', Resolved: 'lexer__is_digit', Expected Params Count: 1, Expected Params: [Byte], Actual Args: [("l.ch", Byte)]
[2m2026-06-13T02:06:31.078112Z[0m [34mDEBUG[0m [2mgust_lexer::typechecker[0m[2m:[0m 👁️ Namespace Resolution: Lookup 'read_char' -> Resolved: 'lexer__read_char' (Current Prefix: 'lexer__')
[2m2026-06-13T02:06:31.078119Z[0m [34mDEBUG[0m [2mgust_lexer::typechecker::visitor[0m[2m:[0m 👁️ Expression::Call Evaluation Start: Raw Function: 'read_char', Resolved: 'lexer__read_char', Registry Has Key: true
[2m2026-06-13T02:06:31.078129Z[0m [34mDEBUG[0m [2mgust_lexer::typechecker[0m[2m:[0m 👁️ Namespace Resolution: Lookup 'lexer__Lexer_ctx' -> Resolved: 'lexer__Lexer_ctx' (Current Prefix: 'lexer__')
[2m2026-06-13T02:06:31.078137Z[0m [34mDEBUG[0m [2mgust_lexer::typechecker[0m[2m:[0m 👁️ Namespace Resolution: Lookup 'lexer__Lexer_ctx' -> Resolved: 'lexer__Lexer_ctx' (Current Prefix: 'lexer__')
[2m2026-06-13T02:06:31.078144Z[0m [34mDEBUG[0m [2mgust_lexer::typechecker::visitor[0m[2m:[0m 👁️ Call-Site Verification: Raw Function: 'read_char', Resolved: 'lexer__read_char', Expected Params Count: 1, Expected Params: [RawPointer(Struct("lexer__Lexer_ctx", Some("ctx")))], Actual Args: [("l", RawPointer(Struct("lexer__Lexer_ctx", Some("ctx"))))]
[2m2026-06-13T02:06:31.078158Z[0m [34mDEBUG[0m [2mgust_lexer::typechecker[0m[2m:[0m 👁️ Namespace Resolution: Lookup 'std.str_slice' -> Resolved: 'std_str_slice' (Current Prefix: 'lexer__')
[2m2026-06-13T02:06:31.078165Z[0m [34mDEBUG[0m [2mgust_lexer::typechecker::visitor[0m[2m:[0m 👁️ Expression::Call Evaluation Start: Raw Function: 'std.str_slice', Resolved: 'std_str_slice', Registry Has Key: true
[2m2026-06-13T02:06:31.078182Z[0m [34mDEBUG[0m [2mgust_lexer::typechecker::visitor[0m[2m:[0m 👁️ Call-Site Verification: Raw Function: 'std.str_slice', Resolved: 'std_str_slice', Expected Params Count: 3, Expected Params: [Str, Int, Int], Actual Args: [("l.input", Str), ("start_pos", Int), ("l.position", Int)]
[2m2026-06-13T02:06:31.078194Z[0m [34mDEBUG[0m [2mgust_lexer::typechecker[0m[2m:[0m 👁️ Namespace Resolution: Lookup 'std.str_slice' -> Resolved: 'std_str_slice' (Current Prefix: 'lexer__')
[2m2026-06-13T02:06:31.078210Z[0m [34mDEBUG[0m [2mgust_lexer::typechecker[0m[2m:[0m 👁️ Namespace Resolution: Lookup 'Lexer' -> Resolved: 'lexer__Lexer' (Current Prefix: 'lexer__')
[2m2026-06-13T02:06:31.078217Z[0m [34mDEBUG[0m [2mgust_lexer::typechecker[0m[2m:[0m 👁️ Namespace Resolution: Lookup 'lexer__Lexer' -> Resolved: 'lexer__Lexer' (Current Prefix: 'lexer__')
[2m2026-06-13T02:06:31.078244Z[0m [34mDEBUG[0m [2mgust_lexer::typechecker[0m[2m:[0m 👁️ Namespace Resolution: Lookup 'read_char' -> Resolved: 'lexer__read_char' (Current Prefix: 'lexer__')
[2m2026-06-13T02:06:31.078251Z[0m [34mDEBUG[0m [2mgust_lexer::typechecker::visitor[0m[2m:[0m 👁️ Expression::Call Evaluation Start: Raw Function: 'read_char', Resolved: 'lexer__read_char', Registry Has Key: true
[2m2026-06-13T02:06:31.078262Z[0m [34mDEBUG[0m [2mgust_lexer::typechecker[0m[2m:[0m 👁️ Namespace Resolution: Lookup 'lexer__Lexer_ctx' -> Resolved: 'lexer__Lexer_ctx' (Current Prefix: 'lexer__')
[2m2026-06-13T02:06:31.078269Z[0m [34mDEBUG[0m [2mgust_lexer::typechecker[0m[2m:[0m 👁️ Namespace Resolution: Lookup 'lexer__Lexer_ctx' -> Resolved: 'lexer__Lexer_ctx' (Current Prefix: 'lexer__')
[2m2026-06-13T02:06:31.078277Z[0m [34mDEBUG[0m [2mgust_lexer::typechecker::visitor[0m[2m:[0m 👁️ Call-Site Verification: Raw Function: 'read_char', Resolved: 'lexer__read_char', Expected Params Count: 1, Expected Params: [RawPointer(Struct("lexer__Lexer_ctx", Some("ctx")))], Actual Args: [("l", RawPointer(Struct("lexer__Lexer_ctx", Some("ctx"))))]
[2m2026-06-13T02:06:31.078338Z[0m [34mDEBUG[0m [2mgust_lexer::typechecker[0m[2m:[0m 👁️ Namespace Resolution: Lookup 'std.str_slice' -> Resolved: 'std_str_slice' (Current Prefix: 'lexer__')
[2m2026-06-13T02:06:31.078346Z[0m [34mDEBUG[0m [2mgust_lexer::typechecker::visitor[0m[2m:[0m 👁️ Expression::Call Evaluation Start: Raw Function: 'std.str_slice', Resolved: 'std_str_slice', Registry Has Key: true
[2m2026-06-13T02:06:31.078363Z[0m [34mDEBUG[0m [2mgust_lexer::typechecker::visitor[0m[2m:[0m 👁️ Call-Site Verification: Raw Function: 'std.str_slice', Resolved: 'std_str_slice', Expected Params Count: 3, Expected Params: [Str, Int, Int], Actual Args: [("l.input", Str), ("start_pos", Int), ("l.position", Int)]
[2m2026-06-13T02:06:31.078375Z[0m [34mDEBUG[0m [2mgust_lexer::typechecker[0m[2m:[0m 👁️ Namespace Resolution: Lookup 'std.str_slice' -> Resolved: 'std_str_slice' (Current Prefix: 'lexer__')
[2m2026-06-13T02:06:31.078391Z[0m [34mDEBUG[0m [2mgust_lexer::typechecker[0m[2m:[0m 👁️ Namespace Resolution: Lookup 'read_char' -> Resolved: 'lexer__read_char' (Current Prefix: 'lexer__')
[2m2026-06-13T02:06:31.078397Z[0m [34mDEBUG[0m [2mgust_lexer::typechecker::visitor[0m[2m:[0m 👁️ Expression::Call Evaluation Start: Raw Function: 'read_char', Resolved: 'lexer__read_char', Registry Has Key: true
[2m2026-06-13T02:06:31.078408Z[0m [34mDEBUG[0m [2mgust_lexer::typechecker[0m[2m:[0m 👁️ Namespace Resolution: Lookup 'lexer__Lexer_ctx' -> Resolved: 'lexer__Lexer_ctx' (Current Prefix: 'lexer__')
[2m2026-06-13T02:06:31.078415Z[0m [34mDEBUG[0m [2mgust_lexer::typechecker[0m[2m:[0m 👁️ Namespace Resolution: Lookup 'lexer__Lexer_ctx' -> Resolved: 'lexer__Lexer_ctx' (Current Prefix: 'lexer__')
[2m2026-06-13T02:06:31.078423Z[0m [34mDEBUG[0m [2mgust_lexer::typechecker::visitor[0m[2m:[0m 👁️ Call-Site Verification: Raw Function: 'read_char', Resolved: 'lexer__read_char', Expected Params Count: 1, Expected Params: [RawPointer(Struct("lexer__Lexer_ctx", Some("ctx")))], Actual Args: [("l", RawPointer(Struct("lexer__Lexer_ctx", Some("ctx"))))]
[2m2026-06-13T02:06:31.078450Z[0m [34mDEBUG[0m [2mgust_lexer::typechecker[0m[2m:[0m 👁️ Namespace Resolution: Lookup 'token.TokenType' -> Resolved: 'token__TokenType' (Current Prefix: 'lexer__')
[2m2026-06-13T02:06:31.078460Z[0m [34mDEBUG[0m [2mgust_lexer::typechecker[0m[2m:[0m 👁️ Namespace Resolution: Lookup 'token.TokenType' -> Resolved: 'token__TokenType' (Current Prefix: 'lexer__')
[2m2026-06-13T02:06:31.078467Z[0m [34mDEBUG[0m [2mgust_lexer::typechecker[0m[2m:[0m 👁️ Namespace Resolution: Lookup 'token__TokenType' -> Resolved: 'token__TokenType' (Current Prefix: 'lexer__')
[2m2026-06-13T02:06:31.078475Z[0m [34mDEBUG[0m [2mgust_lexer::typechecker[0m[2m:[0m 👁️ Namespace Resolution: Lookup 'token.TokenType' -> Resolved: 'token__TokenType' (Current Prefix: 'lexer__')
[2m2026-06-13T02:06:31.078482Z[0m [34mDEBUG[0m [2mgust_lexer::typechecker[0m[2m:[0m 👁️ Namespace Resolution: Lookup 'token__TokenType' -> Resolved: 'token__TokenType' (Current Prefix: 'lexer__')
[2m2026-06-13T02:06:31.078492Z[0m [34mDEBUG[0m [2mgust_lexer::typechecker[0m[2m:[0m 👁️ Namespace Resolution: Lookup 'std.str_eq' -> Resolved: 'std_str_eq' (Current Prefix: 'lexer__')
[2m2026-06-13T02:06:31.078499Z[0m [34mDEBUG[0m [2mgust_lexer::typechecker::visitor[0m[2m:[0m 👁️ Expression::Call Evaluation Start: Raw Function: 'std.str_eq', Resolved: 'std_str_eq', Registry Has Key: true
[2m2026-06-13T02:06:31.078510Z[0m [34mDEBUG[0m [2mgust_lexer::typechecker::visitor[0m[2m:[0m 👁️ Call-Site Verification: Raw Function: 'std.str_eq', Resolved: 'std_str_eq', Expected Params Count: 2, Expected Params: [Str, Str], Actual Args: [("literal", Str), ("\"guard\"", Str)]
[2m2026-06-13T02:06:31.078537Z[0m [34mDEBUG[0m [2mgust_lexer::typechecker[0m[2m:[0m 👁️ Namespace Resolution: Lookup 'token__TokenType' -> Resolved: 'token__TokenType' (Current Prefix: 'lexer__')
[2m2026-06-13T02:06:31.078797Z[0m [34mDEBUG[0m [2mgust_lexer::typechecker[0m[2m:[0m 👁️ Namespace Resolution: Lookup 'std.str_eq' -> Resolved: 'std_str_eq' (Current Prefix: 'lexer__')
[2m2026-06-13T02:06:31.078804Z[0m [34mDEBUG[0m [2mgust_lexer::typechecker::visitor[0m[2m:[0m 👁️ Expression::Call Evaluation Start: Raw Function: 'std.str_eq', Resolved: 'std_str_eq', Registry Has Key: true
[2m2026-06-13T02:06:31.078873Z[0m [34mDEBUG[0m [2mgust_lexer::typechecker::visitor[0m[2m:[0m 👁️ Call-Site Verification: Raw Function: 'std.str_eq', Resolved: 'std_str_eq', Expected Params Count: 2, Expected Params: [Str, Str], Actual Args: [("literal", Str), ("\"import\"", Str)]
[2m2026-06-13T02:06:31.078899Z[0m [34mDEBUG[0m [2mgust_lexer::typechecker[0m[2m:[0m 👁️ Namespace Resolution: Lookup 'token__TokenType' -> Resolved: 'token__TokenType' (Current Prefix: 'lexer__')
[2m2026-06-13T02:06:31.079156Z[0m [34mDEBUG[0m [2mgust_lexer::typechecker[0m[2m:[0m 👁️ Namespace Resolution: Lookup 'std.str_eq' -> Resolved: 'std_str_eq' (Current Prefix: 'lexer__')
[2m2026-06-13T02:06:31.079163Z[0m [34mDEBUG[0m [2mgust_lexer::typechecker::visitor[0m[2m:[0m 👁️ Expression::Call Evaluation Start: Raw Function: 'std.str_eq', Resolved: 'std_str_eq', Registry Has Key: true
[2m2026-06-13T02:06:31.079174Z[0m [34mDEBUG[0m [2mgust_lexer::typechecker::visitor[0m[2m:[0m 👁️ Call-Site Verification: Raw Function: 'std.str_eq', Resolved: 'std_str_eq', Expected Params Count: 2, Expected Params: [Str, Str], Actual Args: [("literal", Str), ("\"mut\"", Str)]
[2m2026-06-13T02:06:31.079199Z[0m [34mDEBUG[0m [2mgust_lexer::typechecker[0m[2m:[0m 👁️ Namespace Resolution: Lookup 'token__TokenType' -> Resolved: 'token__TokenType' (Current Prefix: 'lexer__')
[2m2026-06-13T02:06:31.079455Z[0m [34mDEBUG[0m [2mgust_lexer::typechecker[0m[2m:[0m 👁️ Namespace Resolution: Lookup 'std.str_eq' -> Resolved: 'std_str_eq' (Current Prefix: 'lexer__')
[2m2026-06-13T02:06:31.079464Z[0m [34mDEBUG[0m [2mgust_lexer::typechecker::visitor[0m[2m:[0m 👁️ Expression::Call Evaluation Start: Raw Function: 'std.str_eq', Resolved: 'std_str_eq', Registry Has Key: true
[2m2026-06-13T02:06:31.079474Z[0m [34mDEBUG[0m [2mgust_lexer::typechecker::visitor[0m[2m:[0m 👁️ Call-Site Verification: Raw Function: 'std.str_eq', Resolved: 'std_str_eq', Expected Params Count: 2, Expected Params: [Str, Str], Actual Args: [("literal", Str), ("\"func\"", Str)]
[2m2026-06-13T02:06:31.079500Z[0m [34mDEBUG[0m [2mgust_lexer::typechecker[0m[2m:[0m 👁️ Namespace Resolution: Lookup 'token__TokenType' -> Resolved: 'token__TokenType' (Current Prefix: 'lexer__')
[2m2026-06-13T02:06:31.079759Z[0m [34mDEBUG[0m [2mgust_lexer::typechecker[0m[2m:[0m 👁️ Namespace Resolution: Lookup 'std.str_eq' -> Resolved: 'std_str_eq' (Current Prefix: 'lexer__')
[2m2026-06-13T02:06:31.079768Z[0m [34mDEBUG[0m [2mgust_lexer::typechecker::visitor[0m[2m:[0m 👁️ Expression::Call Evaluation Start: Raw Function: 'std.str_eq', Resolved: 'std_str_eq', Registry Has Key: true
[2m2026-06-13T02:06:31.079779Z[0m [34mDEBUG[0m [2mgust_lexer::typechecker::visitor[0m[2m:[0m 👁️ Call-Site Verification: Raw Function: 'std.str_eq', Resolved: 'std_str_eq', Expected Params Count: 2, Expected Params: [Str, Str], Actual Args: [("literal", Str), ("\"defer\"", Str)]
[2m2026-06-13T02:06:31.079804Z[0m [34mDEBUG[0m [2mgust_lexer::typechecker[0m[2m:[0m 👁️ Namespace Resolution: Lookup 'token__TokenType' -> Resolved: 'token__TokenType' (Current Prefix: 'lexer__')
[2m2026-06-13T02:06:31.080061Z[0m [34mDEBUG[0m [2mgust_lexer::typechecker[0m[2m:[0m 👁️ Namespace Resolution: Lookup 'std.str_eq' -> Resolved: 'std_str_eq' (Current Prefix: 'lexer__')
[2m2026-06-13T02:06:31.080070Z[0m [34mDEBUG[0m [2mgust_lexer::typechecker::visitor[0m[2m:[0m 👁️ Expression::Call Evaluation Start: Raw Function: 'std.str_eq', Resolved: 'std_str_eq', Registry Has Key: true
[2m2026-06-13T02:06:31.080080Z[0m [34mDEBUG[0m [2mgust_lexer::typechecker::visitor[0m[2m:[0m 👁️ Call-Site Verification: Raw Function: 'std.str_eq', Resolved: 'std_str_eq', Expected Params Count: 2, Expected Params: [Str, Str], Actual Args: [("literal", Str), ("\"move\"", Str)]
[2m2026-06-13T02:06:31.080105Z[0m [34mDEBUG[0m [2mgust_lexer::typechecker[0m[2m:[0m 👁️ Namespace Resolution: Lookup 'token__TokenType' -> Resolved: 'token__TokenType' (Current Prefix: 'lexer__')
[2m2026-06-13T02:06:31.080361Z[0m [34mDEBUG[0m [2mgust_lexer::typechecker[0m[2m:[0m 👁️ Namespace Resolution: Lookup 'std.str_eq' -> Resolved: 'std_str_eq' (Current Prefix: 'lexer__')
[2m2026-06-13T02:06:31.080370Z[0m [34mDEBUG[0m [2mgust_lexer::typechecker::visitor[0m[2m:[0m 👁️ Expression::Call Evaluation Start: Raw Function: 'std.str_eq', Resolved: 'std_str_eq', Registry Has Key: true
[2m2026-06-13T02:06:31.080381Z[0m [34mDEBUG[0m [2mgust_lexer::typechecker::visitor[0m[2m:[0m 👁️ Call-Site Verification: Raw Function: 'std.str_eq', Resolved: 'std_str_eq', Expected Params Count: 2, Expected Params: [Str, Str], Actual Args: [("literal", Str), ("\"take\"", Str)]
[2m2026-06-13T02:06:31.080409Z[0m [34mDEBUG[0m [2mgust_lexer::typechecker[0m[2m:[0m 👁️ Namespace Resolution: Lookup 'token__TokenType' -> Resolved: 'token__TokenType' (Current Prefix: 'lexer__')
[2m2026-06-13T02:06:31.080666Z[0m [34mDEBUG[0m [2mgust_lexer::typechecker[0m[2m:[0m 👁️ Namespace Resolution: Lookup 'std.str_eq' -> Resolved: 'std_str_eq' (Current Prefix: 'lexer__')
[2m2026-06-13T02:06:31.080675Z[0m [34mDEBUG[0m [2mgust_lexer::typechecker::visitor[0m[2m:[0m 👁️ Expression::Call Evaluation Start: Raw Function: 'std.str_eq', Resolved: 'std_str_eq', Registry Has Key: true
[2m2026-06-13T02:06:31.080686Z[0m [34mDEBUG[0m [2mgust_lexer::typechecker::visitor[0m[2m:[0m 👁️ Call-Site Verification: Raw Function: 'std.str_eq', Resolved: 'std_str_eq', Expected Params Count: 2, Expected Params: [Str, Str], Actual Args: [("literal", Str), ("\"while\"", Str)]
[2m2026-06-13T02:06:31.080711Z[0m [34mDEBUG[0m [2mgust_lexer::typechecker[0m[2m:[0m 👁️ Namespace Resolution: Lookup 'token__TokenType' -> Resolved: 'token__TokenType' (Current Prefix: 'lexer__')
[2m2026-06-13T02:06:31.080976Z[0m [34mDEBUG[0m [2mgust_lexer::typechecker[0m[2m:[0m 👁️ Namespace Resolution: Lookup 'std.str_eq' -> Resolved: 'std_str_eq' (Current Prefix: 'lexer__')
[2m2026-06-13T02:06:31.080985Z[0m [34mDEBUG[0m [2mgust_lexer::typechecker::visitor[0m[2m:[0m 👁️ Expression::Call Evaluation Start: Raw Function: 'std.str_eq', Resolved: 'std_str_eq', Registry Has Key: true
[2m2026-06-13T02:06:31.080995Z[0m [34mDEBUG[0m [2mgust_lexer::typechecker::visitor[0m[2m:[0m 👁️ Call-Site Verification: Raw Function: 'std.str_eq', Resolved: 'std_str_eq', Expected Params Count: 2, Expected Params: [Str, Str], Actual Args: [("literal", Str), ("\"if\"", Str)]
[2m2026-06-13T02:06:31.081021Z[0m [34mDEBUG[0m [2mgust_lexer::typechecker[0m[2m:[0m 👁️ Namespace Resolution: Lookup 'token__TokenType' -> Resolved: 'token__TokenType' (Current Prefix: 'lexer__')
[2m2026-06-13T02:06:31.081307Z[0m [34mDEBUG[0m [2mgust_lexer::typechecker[0m[2m:[0m 👁️ Namespace Resolution: Lookup 'std.str_eq' -> Resolved: 'std_str_eq' (Current Prefix: 'lexer__')
[2m2026-06-13T02:06:31.081317Z[0m [34mDEBUG[0m [2mgust_lexer::typechecker::visitor[0m[2m:[0m 👁️ Expression::Call Evaluation Start: Raw Function: 'std.str_eq', Resolved: 'std_str_eq', Registry Has Key: true
[2m2026-06-13T02:06:31.081327Z[0m [34mDEBUG[0m [2mgust_lexer::typechecker::visitor[0m[2m:[0m 👁️ Call-Site Verification: Raw Function: 'std.str_eq', Resolved: 'std_str_eq', Expected Params Count: 2, Expected Params: [Str, Str], Actual Args: [("literal", Str), ("\"else\"", Str)]
[2m2026-06-13T02:06:31.081353Z[0m [34mDEBUG[0m [2mgust_lexer::typechecker[0m[2m:[0m 👁️ Namespace Resolution: Lookup 'token__TokenType' -> Resolved: 'token__TokenType' (Current Prefix: 'lexer__')
[2m2026-06-13T02:06:31.081611Z[0m [34mDEBUG[0m [2mgust_lexer::typechecker[0m[2m:[0m 👁️ Namespace Resolution: Lookup 'std.str_eq' -> Resolved: 'std_str_eq' (Current Prefix: 'lexer__')
[2m2026-06-13T02:06:31.081620Z[0m [34mDEBUG[0m [2mgust_lexer::typechecker::visitor[0m[2m:[0m 👁️ Expression::Call Evaluation Start: Raw Function: 'std.str_eq', Resolved: 'std_str_eq', Registry Has Key: true
[2m2026-06-13T02:06:31.081631Z[0m [34mDEBUG[0m [2mgust_lexer::typechecker::visitor[0m[2m:[0m 👁️ Call-Site Verification: Raw Function: 'std.str_eq', Resolved: 'std_str_eq', Expected Params Count: 2, Expected Params: [Str, Str], Actual Args: [("literal", Str), ("\"as\"", Str)]
[2m2026-06-13T02:06:31.081656Z[0m [34mDEBUG[0m [2mgust_lexer::typechecker[0m[2m:[0m 👁️ Namespace Resolution: Lookup 'token__TokenType' -> Resolved: 'token__TokenType' (Current Prefix: 'lexer__')
[2m2026-06-13T02:06:31.081914Z[0m [34mDEBUG[0m [2mgust_lexer::typechecker[0m[2m:[0m 👁️ Namespace Resolution: Lookup 'std.str_eq' -> Resolved: 'std_str_eq' (Current Prefix: 'lexer__')
[2m2026-06-13T02:06:31.081921Z[0m [34mDEBUG[0m [2mgust_lexer::typechecker::visitor[0m[2m:[0m 👁️ Expression::Call Evaluation Start: Raw Function: 'std.str_eq', Resolved: 'std_str_eq', Registry Has Key: true
[2m2026-06-13T02:06:31.081932Z[0m [34mDEBUG[0m [2mgust_lexer::typechecker::visitor[0m[2m:[0m 👁️ Call-Site Verification: Raw Function: 'std.str_eq', Resolved: 'std_str_eq', Expected Params Count: 2, Expected Params: [Str, Str], Actual Args: [("literal", Str), ("\"unsafe\"", Str)]
[2m2026-06-13T02:06:31.081957Z[0m [34mDEBUG[0m [2mgust_lexer::typechecker[0m[2m:[0m 👁️ Namespace Resolution: Lookup 'token__TokenType' -> Resolved: 'token__TokenType' (Current Prefix: 'lexer__')
[2m2026-06-13T02:06:31.082213Z[0m [34mDEBUG[0m [2mgust_lexer::typechecker[0m[2m:[0m 👁️ Namespace Resolution: Lookup 'std.str_eq' -> Resolved: 'std_str_eq' (Current Prefix: 'lexer__')
[2m2026-06-13T02:06:31.082222Z[0m [34mDEBUG[0m [2mgust_lexer::typechecker::visitor[0m[2m:[0m 👁️ Expression::Call Evaluation Start: Raw Function: 'std.str_eq', Resolved: 'std_str_eq', Registry Has Key: true
[2m2026-06-13T02:06:31.082233Z[0m [34mDEBUG[0m [2mgust_lexer::typechecker::visitor[0m[2m:[0m 👁️ Call-Site Verification: Raw Function: 'std.str_eq', Resolved: 'std_str_eq', Expected Params Count: 2, Expected Params: [Str, Str], Actual Args: [("literal", Str), ("\"type\"", Str)]
[2m2026-06-13T02:06:31.082260Z[0m [34mDEBUG[0m [2mgust_lexer::typechecker[0m[2m:[0m 👁️ Namespace Resolution: Lookup 'token__TokenType' -> Resolved: 'token__TokenType' (Current Prefix: 'lexer__')
[2m2026-06-13T02:06:31.082515Z[0m [34mDEBUG[0m [2mgust_lexer::typechecker[0m[2m:[0m 👁️ Namespace Resolution: Lookup 'std.str_eq' -> Resolved: 'std_str_eq' (Current Prefix: 'lexer__')
[2m2026-06-13T02:06:31.082524Z[0m [34mDEBUG[0m [2mgust_lexer::typechecker::visitor[0m[2m:[0m 👁️ Expression::Call Evaluation Start: Raw Function: 'std.str_eq', Resolved: 'std_str_eq', Registry Has Key: true
[2m2026-06-13T02:06:31.082535Z[0m [34mDEBUG[0m [2mgust_lexer::typechecker::visitor[0m[2m:[0m 👁️ Call-Site Verification: Raw Function: 'std.str_eq', Resolved: 'std_str_eq', Expected Params Count: 2, Expected Params: [Str, Str], Actual Args: [("literal", Str), ("\"struct\"", Str)]
[2m2026-06-13T02:06:31.082562Z[0m [34mDEBUG[0m [2mgust_lexer::typechecker[0m[2m:[0m 👁️ Namespace Resolution: Lookup 'token__TokenType' -> Resolved: 'token__TokenType' (Current Prefix: 'lexer__')
[2m2026-06-13T02:06:31.082818Z[0m [34mDEBUG[0m [2mgust_lexer::typechecker[0m[2m:[0m 👁️ Namespace Resolution: Lookup 'std.str_eq' -> Resolved: 'std_str_eq' (Current Prefix: 'lexer__')
[2m2026-06-13T02:06:31.082827Z[0m [34mDEBUG[0m [2mgust_lexer::typechecker::visitor[0m[2m:[0m 👁️ Expression::Call Evaluation Start: Raw Function: 'std.str_eq', Resolved: 'std_str_eq', Registry Has Key: true
[2m2026-06-13T02:06:31.082838Z[0m [34mDEBUG[0m [2mgust_lexer::typechecker::visitor[0m[2m:[0m 👁️ Call-Site Verification: Raw Function: 'std.str_eq', Resolved: 'std_str_eq', Expected Params Count: 2, Expected Params: [Str, Str], Actual Args: [("literal", Str), ("\"enum\"", Str)]
[2m2026-06-13T02:06:31.082865Z[0m [34mDEBUG[0m [2mgust_lexer::typechecker[0m[2m:[0m 👁️ Namespace Resolution: Lookup 'token__TokenType' -> Resolved: 'token__TokenType' (Current Prefix: 'lexer__')
[2m2026-06-13T02:06:31.083122Z[0m [34mDEBUG[0m [2mgust_lexer::typechecker[0m[2m:[0m 👁️ Namespace Resolution: Lookup 'std.str_eq' -> Resolved: 'std_str_eq' (Current Prefix: 'lexer__')
[2m2026-06-13T02:06:31.083131Z[0m [34mDEBUG[0m [2mgust_lexer::typechecker::visitor[0m[2m:[0m 👁️ Expression::Call Evaluation Start: Raw Function: 'std.str_eq', Resolved: 'std_str_eq', Registry Has Key: true
[2m2026-06-13T02:06:31.083141Z[0m [34mDEBUG[0m [2mgust_lexer::typechecker::visitor[0m[2m:[0m 👁️ Call-Site Verification: Raw Function: 'std.str_eq', Resolved: 'std_str_eq', Expected Params Count: 2, Expected Params: [Str, Str], Actual Args: [("literal", Str), ("\"match\"", Str)]
[2m2026-06-13T02:06:31.083168Z[0m [34mDEBUG[0m [2mgust_lexer::typechecker[0m[2m:[0m 👁️ Namespace Resolution: Lookup 'token__TokenType' -> Resolved: 'token__TokenType' (Current Prefix: 'lexer__')
[2m2026-06-13T02:06:31.083439Z[0m [34mDEBUG[0m [2mgust_lexer::typechecker[0m[2m:[0m 👁️ Namespace Resolution: Lookup 'std.str_eq' -> Resolved: 'std_str_eq' (Current Prefix: 'lexer__')
[2m2026-06-13T02:06:31.083446Z[0m [34mDEBUG[0m [2mgust_lexer::typechecker::visitor[0m[2m:[0m 👁️ Expression::Call Evaluation Start: Raw Function: 'std.str_eq', Resolved: 'std_str_eq', Registry Has Key: true
[2m2026-06-13T02:06:31.083455Z[0m [34mDEBUG[0m [2mgust_lexer::typechecker::visitor[0m[2m:[0m 👁️ Call-Site Verification: Raw Function: 'std.str_eq', Resolved: 'std_str_eq', Expected Params Count: 2, Expected Params: [Str, Str], Actual Args: [("literal", Str), ("\"return\"", Str)]
[2m2026-06-13T02:06:31.083475Z[0m [34mDEBUG[0m [2mgust_lexer::typechecker[0m[2m:[0m 👁️ Namespace Resolution: Lookup 'token__TokenType' -> Resolved: 'token__TokenType' (Current Prefix: 'lexer__')
[2m2026-06-13T02:06:31.083698Z[0m [34mDEBUG[0m [2mgust_lexer::typechecker[0m[2m:[0m 👁️ Namespace Resolution: Lookup 'std.str_eq' -> Resolved: 'std_str_eq' (Current Prefix: 'lexer__')
[2m2026-06-13T02:06:31.083706Z[0m [34mDEBUG[0m [2mgust_lexer::typechecker::visitor[0m[2m:[0m 👁️ Expression::Call Evaluation Start: Raw Function: 'std.str_eq', Resolved: 'std_str_eq', Registry Has Key: true
[2m2026-06-13T02:06:31.083716Z[0m [34mDEBUG[0m [2mgust_lexer::typechecker::visitor[0m[2m:[0m 👁️ Call-Site Verification: Raw Function: 'std.str_eq', Resolved: 'std_str_eq', Expected Params Count: 2, Expected Params: [Str, Str], Actual Args: [("literal", Str), ("\"empty\"", Str)]
[2m2026-06-13T02:06:31.083740Z[0m [34mDEBUG[0m [2mgust_lexer::typechecker[0m[2m:[0m 👁️ Namespace Resolution: Lookup 'token__TokenType' -> Resolved: 'token__TokenType' (Current Prefix: 'lexer__')
[2m2026-06-13T02:06:31.083979Z[0m [34mDEBUG[0m [2mgust_lexer::typechecker[0m[2m:[0m 👁️ Namespace Resolution: Lookup 'std.str_eq' -> Resolved: 'std_str_eq' (Current Prefix: 'lexer__')
[2m2026-06-13T02:06:31.083987Z[0m [34mDEBUG[0m [2mgust_lexer::typechecker::visitor[0m[2m:[0m 👁️ Expression::Call Evaluation Start: Raw Function: 'std.str_eq', Resolved: 'std_str_eq', Registry Has Key: true
[2m2026-06-13T02:06:31.083997Z[0m [34mDEBUG[0m [2mgust_lexer::typechecker::visitor[0m[2m:[0m 👁️ Call-Site Verification: Raw Function: 'std.str_eq', Resolved: 'std_str_eq', Expected Params Count: 2, Expected Params: [Str, Str], Actual Args: [("literal", Str), ("\"bool\"", Str)]
[2m2026-06-13T02:06:31.084021Z[0m [34mDEBUG[0m [2mgust_lexer::typechecker[0m[2m:[0m 👁️ Namespace Resolution: Lookup 'token__TokenType' -> Resolved: 'token__TokenType' (Current Prefix: 'lexer__')
[2m2026-06-13T02:06:31.084256Z[0m [34mDEBUG[0m [2mgust_lexer::typechecker[0m[2m:[0m 👁️ Namespace Resolution: Lookup 'std.str_eq' -> Resolved: 'std_str_eq' (Current Prefix: 'lexer__')
[2m2026-06-13T02:06:31.084265Z[0m [34mDEBUG[0m [2mgust_lexer::typechecker::visitor[0m[2m:[0m 👁️ Expression::Call Evaluation Start: Raw Function: 'std.str_eq', Resolved: 'std_str_eq', Registry Has Key: true
[2m2026-06-13T02:06:31.084275Z[0m [34mDEBUG[0m [2mgust_lexer::typechecker::visitor[0m[2m:[0m 👁️ Call-Site Verification: Raw Function: 'std.str_eq', Resolved: 'std_str_eq', Expected Params Count: 2, Expected Params: [Str, Str], Actual Args: [("literal", Str), ("\"true\"", Str)]
[2m2026-06-13T02:06:31.084298Z[0m [34mDEBUG[0m [2mgust_lexer::typechecker[0m[2m:[0m 👁️ Namespace Resolution: Lookup 'token__TokenType' -> Resolved: 'token__TokenType' (Current Prefix: 'lexer__')
[2m2026-06-13T02:06:31.084536Z[0m [34mDEBUG[0m [2mgust_lexer::typechecker[0m[2m:[0m 👁️ Namespace Resolution: Lookup 'std.str_eq' -> Resolved: 'std_str_eq' (Current Prefix: 'lexer__')
[2m2026-06-13T02:06:31.084544Z[0m [34mDEBUG[0m [2mgust_lexer::typechecker::visitor[0m[2m:[0m 👁️ Expression::Call Evaluation Start: Raw Function: 'std.str_eq', Resolved: 'std_str_eq', Registry Has Key: true
[2m2026-06-13T02:06:31.084554Z[0m [34mDEBUG[0m [2mgust_lexer::typechecker::visitor[0m[2m:[0m 👁️ Call-Site Verification: Raw Function: 'std.str_eq', Resolved: 'std_str_eq', Expected Params Count: 2, Expected Params: [Str, Str], Actual Args: [("literal", Str), ("\"false\"", Str)]
[2m2026-06-13T02:06:31.084581Z[0m [34mDEBUG[0m [2mgust_lexer::typechecker[0m[2m:[0m 👁️ Namespace Resolution: Lookup 'token__TokenType' -> Resolved: 'token__TokenType' (Current Prefix: 'lexer__')
[2m2026-06-13T02:06:31.084838Z[0m [34mDEBUG[0m [2mgust_lexer::typechecker[0m[2m:[0m 👁️ Namespace Resolution: Lookup 'token__TokenType' -> Resolved: 'token__TokenType' (Current Prefix: 'lexer__')
[2m2026-06-13T02:06:31.085076Z[0m [34mDEBUG[0m [2mgust_lexer::typechecker[0m[2m:[0m 👁️ Namespace Resolution: Lookup 'Lexer' -> Resolved: 'lexer__Lexer' (Current Prefix: 'lexer__')
[2m2026-06-13T02:06:31.085085Z[0m [34mDEBUG[0m [2mgust_lexer::typechecker[0m[2m:[0m 👁️ Namespace Resolution: Lookup 'lexer__Lexer' -> Resolved: 'lexer__Lexer' (Current Prefix: 'lexer__')
[2m2026-06-13T02:06:31.085099Z[0m [34mDEBUG[0m [2mgust_lexer::typechecker[0m[2m:[0m 👁️ Namespace Resolution: Lookup 'token.Token' -> Resolved: 'token__Token' (Current Prefix: 'lexer__')
[2m2026-06-13T02:06:31.085110Z[0m [34mDEBUG[0m [2mgust_lexer::typechecker[0m[2m:[0m 👁️ Namespace Resolution: Lookup 'token__Token' -> Resolved: 'token__Token' (Current Prefix: 'lexer__')
[2m2026-06-13T02:06:31.085132Z[0m [34mDEBUG[0m [2mgust_lexer::typechecker[0m[2m:[0m 👁️ Namespace Resolution: Lookup 'skip_whitespace' -> Resolved: 'lexer__skip_whitespace' (Current Prefix: 'lexer__')
[2m2026-06-13T02:06:31.085147Z[0m [34mDEBUG[0m [2mgust_lexer::typechecker::visitor[0m[2m:[0m 👁️ Expression::Call Evaluation Start: Raw Function: 'skip_whitespace', Resolved: 'lexer__skip_whitespace', Registry Has Key: true
[2m2026-06-13T02:06:31.085167Z[0m [34mDEBUG[0m [2mgust_lexer::typechecker[0m[2m:[0m 👁️ Namespace Resolution: Lookup 'lexer__Lexer_ctx' -> Resolved: 'lexer__Lexer_ctx' (Current Prefix: 'lexer__')
[2m2026-06-13T02:06:31.085185Z[0m [34mDEBUG[0m [2mgust_lexer::typechecker[0m[2m:[0m 👁️ Namespace Resolution: Lookup 'lexer__Lexer_ctx' -> Resolved: 'lexer__Lexer_ctx' (Current Prefix: 'lexer__')
[2m2026-06-13T02:06:31.085201Z[0m [34mDEBUG[0m [2mgust_lexer::typechecker::visitor[0m[2m:[0m 👁️ Call-Site Verification: Raw Function: 'skip_whitespace', Resolved: 'lexer__skip_whitespace', Expected Params Count: 1, Expected Params: [RawPointer(Struct("lexer__Lexer_ctx", Some("ctx")))], Actual Args: [("l", RawPointer(Struct("lexer__Lexer_ctx", Some("ctx"))))]
[2m2026-06-13T02:06:31.085226Z[0m [34mDEBUG[0m [2mgust_lexer::typechecker[0m[2m:[0m 👁️ Namespace Resolution: Lookup 'token.Position' -> Resolved: 'token__Position' (Current Prefix: 'lexer__')
[2m2026-06-13T02:06:31.085238Z[0m [34mDEBUG[0m [2mgust_lexer::typechecker[0m[2m:[0m 👁️ Namespace Resolution: Lookup 'token__Position' -> Resolved: 'token__Position' (Current Prefix: 'lexer__')
[2m2026-06-13T02:06:31.085250Z[0m [34mDEBUG[0m [2mgust_lexer::typechecker[0m[2m:[0m 👁️ Namespace Resolution: Lookup 'token.Position' -> Resolved: 'token__Position' (Current Prefix: 'lexer__')
[2m2026-06-13T02:06:31.085261Z[0m [34mDEBUG[0m [2mgust_lexer::typechecker[0m[2m:[0m 👁️ Namespace Resolution: Lookup 'token__Position' -> Resolved: 'token__Position' (Current Prefix: 'lexer__')
[2m2026-06-13T02:06:31.085348Z[0m [34mDEBUG[0m [2mgust_lexer::typechecker[0m[2m:[0m 👁️ Namespace Resolution: Lookup 'token.TokenType' -> Resolved: 'token__TokenType' (Current Prefix: 'lexer__')
[2m2026-06-13T02:06:31.085361Z[0m [34mDEBUG[0m [2mgust_lexer::typechecker[0m[2m:[0m 👁️ Namespace Resolution: Lookup 'token__TokenType' -> Resolved: 'token__TokenType' (Current Prefix: 'lexer__')
[2m2026-06-13T02:06:31.085372Z[0m [34mDEBUG[0m [2mgust_lexer::typechecker[0m[2m:[0m 👁️ Namespace Resolution: Lookup 'token.TokenType' -> Resolved: 'token__TokenType' (Current Prefix: 'lexer__')
[2m2026-06-13T02:06:31.085384Z[0m [34mDEBUG[0m [2mgust_lexer::typechecker[0m[2m:[0m 👁️ Namespace Resolution: Lookup 'token__TokenType' -> Resolved: 'token__TokenType' (Current Prefix: 'lexer__')
[2m2026-06-13T02:06:31.085435Z[0m [34mDEBUG[0m [2mgust_lexer::typechecker[0m[2m:[0m 👁️ Namespace Resolution: Lookup 'token__TokenType' -> Resolved: 'token__TokenType' (Current Prefix: 'lexer__')
[2m2026-06-13T02:06:31.085730Z[0m [34mDEBUG[0m [2mgust_lexer::typechecker[0m[2m:[0m 👁️ Namespace Resolution: Lookup 'std.str_slice' -> Resolved: 'std_str_slice' (Current Prefix: 'lexer__')
[2m2026-06-13T02:06:31.085744Z[0m [34mDEBUG[0m [2mgust_lexer::typechecker::visitor[0m[2m:[0m 👁️ Expression::Call Evaluation Start: Raw Function: 'std.str_slice', Resolved: 'std_str_slice', Registry Has Key: true
[2m2026-06-13T02:06:31.085777Z[0m [34mDEBUG[0m [2mgust_lexer::typechecker::visitor[0m[2m:[0m 👁️ Call-Site Verification: Raw Function: 'std.str_slice', Resolved: 'std_str_slice', Expected Params Count: 3, Expected Params: [Str, Int, Int], Actual Args: [("l.input", Str), ("start_pos.offset", Int), ("l.position", Int)]
[2m2026-06-13T02:06:31.085803Z[0m [34mDEBUG[0m [2mgust_lexer::typechecker[0m[2m:[0m 👁️ Namespace Resolution: Lookup 'std.str_slice' -> Resolved: 'std_str_slice' (Current Prefix: 'lexer__')
[2m2026-06-13T02:06:31.085831Z[0m [34mDEBUG[0m [2mgust_lexer::typechecker[0m[2m:[0m 👁️ Namespace Resolution: Lookup 'std.str_slice' -> Resolved: 'std_str_slice' (Current Prefix: 'lexer__')
[2m2026-06-13T02:06:31.085864Z[0m [34mDEBUG[0m [2mgust_lexer::typechecker[0m[2m:[0m 👁️ Namespace Resolution: Lookup 'token.Position' -> Resolved: 'token__Position' (Current Prefix: 'lexer__')
[2m2026-06-13T02:06:31.085878Z[0m [34mDEBUG[0m [2mgust_lexer::typechecker[0m[2m:[0m 👁️ Namespace Resolution: Lookup 'token__Position' -> Resolved: 'token__Position' (Current Prefix: 'lexer__')
[2m2026-06-13T02:06:31.085890Z[0m [34mDEBUG[0m [2mgust_lexer::typechecker[0m[2m:[0m 👁️ Namespace Resolution: Lookup 'token.Position' -> Resolved: 'token__Position' (Current Prefix: 'lexer__')
[2m2026-06-13T02:06:31.085901Z[0m [34mDEBUG[0m [2mgust_lexer::typechecker[0m[2m:[0m 👁️ Namespace Resolution: Lookup 'token__Position' -> Resolved: 'token__Position' (Current Prefix: 'lexer__')
[2m2026-06-13T02:06:31.085996Z[0m [34mDEBUG[0m [2mgust_lexer::typechecker[0m[2m:[0m 👁️ Namespace Resolution: Lookup 'token__Span' -> Resolved: 'token__Span' (Current Prefix: 'lexer__')
[2m2026-06-13T02:06:31.086012Z[0m [34mDEBUG[0m [2mgust_lexer::typechecker[0m[2m:[0m 👁️ Namespace Resolution: Lookup 'token__Position' -> Resolved: 'token__Position' (Current Prefix: 'lexer__')
[2m2026-06-13T02:06:31.086036Z[0m [34mDEBUG[0m [2mgust_lexer::typechecker[0m[2m:[0m 👁️ Namespace Resolution: Lookup 'token__Span' -> Resolved: 'token__Span' (Current Prefix: 'lexer__')
[2m2026-06-13T02:06:31.086065Z[0m [34mDEBUG[0m [2mgust_lexer::typechecker[0m[2m:[0m 👁️ Namespace Resolution: Lookup 'token__Span' -> Resolved: 'token__Span' (Current Prefix: 'lexer__')
[2m2026-06-13T02:06:31.086080Z[0m [34mDEBUG[0m [2mgust_lexer::typechecker[0m[2m:[0m 👁️ Namespace Resolution: Lookup 'token__Position' -> Resolved: 'token__Position' (Current Prefix: 'lexer__')
[2m2026-06-13T02:06:31.086107Z[0m [34mDEBUG[0m [2mgust_lexer::typechecker[0m[2m:[0m 👁️ Namespace Resolution: Lookup 'token__Span' -> Resolved: 'token__Span' (Current Prefix: 'lexer__')
[2m2026-06-13T02:06:31.086181Z[0m [34mDEBUG[0m [2mgust_lexer::typechecker[0m[2m:[0m 👁️ Namespace Resolution: Lookup 'peek_char' -> Resolved: 'lexer__peek_char' (Current Prefix: 'lexer__')
[2m2026-06-13T02:06:31.086193Z[0m [34mDEBUG[0m [2mgust_lexer::typechecker::visitor[0m[2m:[0m 👁️ Expression::Call Evaluation Start: Raw Function: 'peek_char', Resolved: 'lexer__peek_char', Registry Has Key: true
[2m2026-06-13T02:06:31.086211Z[0m [34mDEBUG[0m [2mgust_lexer::typechecker[0m[2m:[0m 👁️ Namespace Resolution: Lookup 'lexer__Lexer_ctx' -> Resolved: 'lexer__Lexer_ctx' (Current Prefix: 'lexer__')
[2m2026-06-13T02:06:31.086223Z[0m [34mDEBUG[0m [2mgust_lexer::typechecker[0m[2m:[0m 👁️ Namespace Resolution: Lookup 'lexer__Lexer_ctx' -> Resolved: 'lexer__Lexer_ctx' (Current Prefix: 'lexer__')
[2m2026-06-13T02:06:31.086236Z[0m [34mDEBUG[0m [2mgust_lexer::typechecker::visitor[0m[2m:[0m 👁️ Call-Site Verification: Raw Function: 'peek_char', Resolved: 'lexer__peek_char', Expected Params Count: 1, Expected Params: [RawPointer(Struct("lexer__Lexer_ctx", Some("ctx")))], Actual Args: [("l", RawPointer(Struct("lexer__Lexer_ctx", Some("ctx"))))]
[2m2026-06-13T02:06:31.086263Z[0m [34mDEBUG[0m [2mgust_lexer::typechecker[0m[2m:[0m 👁️ Namespace Resolution: Lookup 'read_char' -> Resolved: 'lexer__read_char' (Current Prefix: 'lexer__')
[2m2026-06-13T02:06:31.086274Z[0m [34mDEBUG[0m [2mgust_lexer::typechecker::visitor[0m[2m:[0m 👁️ Expression::Call Evaluation Start: Raw Function: 'read_char', Resolved: 'lexer__read_char', Registry Has Key: true
[2m2026-06-13T02:06:31.086477Z[0m [34mDEBUG[0m [2mgust_lexer::typechecker[0m[2m:[0m 👁️ Namespace Resolution: Lookup 'lexer__Lexer_ctx' -> Resolved: 'lexer__Lexer_ctx' (Current Prefix: 'lexer__')
[2m2026-06-13T02:06:31.086492Z[0m [34mDEBUG[0m [2mgust_lexer::typechecker[0m[2m:[0m 👁️ Namespace Resolution: Lookup 'lexer__Lexer_ctx' -> Resolved: 'lexer__Lexer_ctx' (Current Prefix: 'lexer__')
[2m2026-06-13T02:06:31.086505Z[0m [34mDEBUG[0m [2mgust_lexer::typechecker::visitor[0m[2m:[0m 👁️ Call-Site Verification: Raw Function: 'read_char', Resolved: 'lexer__read_char', Expected Params Count: 1, Expected Params: [RawPointer(Struct("lexer__Lexer_ctx", Some("ctx")))], Actual Args: [("l", RawPointer(Struct("lexer__Lexer_ctx", Some("ctx"))))]
[2m2026-06-13T02:06:31.086629Z[0m [34mDEBUG[0m [2mgust_lexer::typechecker[0m[2m:[0m 👁️ Namespace Resolution: Lookup 'read_char' -> Resolved: 'lexer__read_char' (Current Prefix: 'lexer__')
[2m2026-06-13T02:06:31.086642Z[0m [34mDEBUG[0m [2mgust_lexer::typechecker::visitor[0m[2m:[0m 👁️ Expression::Call Evaluation Start: Raw Function: 'read_char', Resolved: 'lexer__read_char', Registry Has Key: true
[2m2026-06-13T02:06:31.086660Z[0m [34mDEBUG[0m [2mgust_lexer::typechecker[0m[2m:[0m 👁️ Namespace Resolution: Lookup 'lexer__Lexer_ctx' -> Resolved: 'lexer__Lexer_ctx' (Current Prefix: 'lexer__')
[2m2026-06-13T02:06:31.086674Z[0m [34mDEBUG[0m [2mgust_lexer::typechecker[0m[2m:[0m 👁️ Namespace Resolution: Lookup 'lexer__Lexer_ctx' -> Resolved: 'lexer__Lexer_ctx' (Current Prefix: 'lexer__')
[2m2026-06-13T02:06:31.086687Z[0m [34mDEBUG[0m [2mgust_lexer::typechecker::visitor[0m[2m:[0m 👁️ Call-Site Verification: Raw Function: 'read_char', Resolved: 'lexer__read_char', Expected Params Count: 1, Expected Params: [RawPointer(Struct("lexer__Lexer_ctx", Some("ctx")))], Actual Args: [("l", RawPointer(Struct("lexer__Lexer_ctx", Some("ctx"))))]
[2m2026-06-13T02:06:31.086762Z[0m [34mDEBUG[0m [2mgust_lexer::typechecker[0m[2m:[0m 👁️ Namespace Resolution: Lookup 'peek_char' -> Resolved: 'lexer__peek_char' (Current Prefix: 'lexer__')
[2m2026-06-13T02:06:31.086776Z[0m [34mDEBUG[0m [2mgust_lexer::typechecker::visitor[0m[2m:[0m 👁️ Expression::Call Evaluation Start: Raw Function: 'peek_char', Resolved: 'lexer__peek_char', Registry Has Key: true
[2m2026-06-13T02:06:31.086793Z[0m [34mDEBUG[0m [2mgust_lexer::typechecker[0m[2m:[0m 👁️ Namespace Resolution: Lookup 'lexer__Lexer_ctx' -> Resolved: 'lexer__Lexer_ctx' (Current Prefix: 'lexer__')
[2m2026-06-13T02:06:31.086805Z[0m [34mDEBUG[0m [2mgust_lexer::typechecker[0m[2m:[0m 👁️ Namespace Resolution: Lookup 'lexer__Lexer_ctx' -> Resolved: 'lexer__Lexer_ctx' (Current Prefix: 'lexer__')
[2m2026-06-13T02:06:31.086819Z[0m [34mDEBUG[0m [2mgust_lexer::typechecker::visitor[0m[2m:[0m 👁️ Call-Site Verification: Raw Function: 'peek_char', Resolved: 'lexer__peek_char', Expected Params Count: 1, Expected Params: [RawPointer(Struct("lexer__Lexer_ctx", Some("ctx")))], Actual Args: [("l", RawPointer(Struct("lexer__Lexer_ctx", Some("ctx"))))]
[2m2026-06-13T02:06:31.086856Z[0m [34mDEBUG[0m [2mgust_lexer::typechecker[0m[2m:[0m 👁️ Namespace Resolution: Lookup 'read_char' -> Resolved: 'lexer__read_char' (Current Prefix: 'lexer__')
[2m2026-06-13T02:06:31.086870Z[0m [34mDEBUG[0m [2mgust_lexer::typechecker::visitor[0m[2m:[0m 👁️ Expression::Call Evaluation Start: Raw Function: 'read_char', Resolved: 'lexer__read_char', Registry Has Key: true
[2m2026-06-13T02:06:31.086887Z[0m [34mDEBUG[0m [2mgust_lexer::typechecker[0m[2m:[0m 👁️ Namespace Resolution: Lookup 'lexer__Lexer_ctx' -> Resolved: 'lexer__Lexer_ctx' (Current Prefix: 'lexer__')
[2m2026-06-13T02:06:31.086900Z[0m [34mDEBUG[0m [2mgust_lexer::typechecker[0m[2m:[0m 👁️ Namespace Resolution: Lookup 'lexer__Lexer_ctx' -> Resolved: 'lexer__Lexer_ctx' (Current Prefix: 'lexer__')
[2m2026-06-13T02:06:31.086913Z[0m [34mDEBUG[0m [2mgust_lexer::typechecker::visitor[0m[2m:[0m 👁️ Call-Site Verification: Raw Function: 'read_char', Resolved: 'lexer__read_char', Expected Params Count: 1, Expected Params: [RawPointer(Struct("lexer__Lexer_ctx", Some("ctx")))], Actual Args: [("l", RawPointer(Struct("lexer__Lexer_ctx", Some("ctx"))))]
[2m2026-06-13T02:06:31.086976Z[0m [34mDEBUG[0m [2mgust_lexer::typechecker[0m[2m:[0m 👁️ Namespace Resolution: Lookup 'read_char' -> Resolved: 'lexer__read_char' (Current Prefix: 'lexer__')
[2m2026-06-13T02:06:31.086990Z[0m [34mDEBUG[0m [2mgust_lexer::typechecker::visitor[0m[2m:[0m 👁️ Expression::Call Evaluation Start: Raw Function: 'read_char', Resolved: 'lexer__read_char', Registry Has Key: true
[2m2026-06-13T02:06:31.087008Z[0m [34mDEBUG[0m [2mgust_lexer::typechecker[0m[2m:[0m 👁️ Namespace Resolution: Lookup 'lexer__Lexer_ctx' -> Resolved: 'lexer__Lexer_ctx' (Current Prefix: 'lexer__')
[2m2026-06-13T02:06:31.087021Z[0m [34mDEBUG[0m [2mgust_lexer::typechecker[0m[2m:[0m 👁️ Namespace Resolution: Lookup 'lexer__Lexer_ctx' -> Resolved: 'lexer__Lexer_ctx' (Current Prefix: 'lexer__')
[2m2026-06-13T02:06:31.087036Z[0m [34mDEBUG[0m [2mgust_lexer::typechecker::visitor[0m[2m:[0m 👁️ Call-Site Verification: Raw Function: 'read_char', Resolved: 'lexer__read_char', Expected Params Count: 1, Expected Params: [RawPointer(Struct("lexer__Lexer_ctx", Some("ctx")))], Actual Args: [("l", RawPointer(Struct("lexer__Lexer_ctx", Some("ctx"))))]
[2m2026-06-13T02:06:31.087234Z[0m [34mDEBUG[0m [2mgust_lexer::typechecker[0m[2m:[0m 👁️ Namespace Resolution: Lookup 'read_char' -> Resolved: 'lexer__read_char' (Current Prefix: 'lexer__')
[2m2026-06-13T02:06:31.087248Z[0m [34mDEBUG[0m [2mgust_lexer::typechecker::visitor[0m[2m:[0m 👁️ Expression::Call Evaluation Start: Raw Function: 'read_char', Resolved: 'lexer__read_char', Registry Has Key: true
[2m2026-06-13T02:06:31.087265Z[0m [34mDEBUG[0m [2mgust_lexer::typechecker[0m[2m:[0m 👁️ Namespace Resolution: Lookup 'lexer__Lexer_ctx' -> Resolved: 'lexer__Lexer_ctx' (Current Prefix: 'lexer__')
[2m2026-06-13T02:06:31.087278Z[0m [34mDEBUG[0m [2mgust_lexer::typechecker[0m[2m:[0m 👁️ Namespace Resolution: Lookup 'lexer__Lexer_ctx' -> Resolved: 'lexer__Lexer_ctx' (Current Prefix: 'lexer__')
[2m2026-06-13T02:06:31.087291Z[0m [34mDEBUG[0m [2mgust_lexer::typechecker::visitor[0m[2m:[0m 👁️ Call-Site Verification: Raw Function: 'read_char', Resolved: 'lexer__read_char', Expected Params Count: 1, Expected Params: [RawPointer(Struct("lexer__Lexer_ctx", Some("ctx")))], Actual Args: [("l", RawPointer(Struct("lexer__Lexer_ctx", Some("ctx"))))]
[2m2026-06-13T02:06:31.087405Z[0m [34mDEBUG[0m [2mgust_lexer::typechecker[0m[2m:[0m 👁️ Namespace Resolution: Lookup 'peek_char' -> Resolved: 'lexer__peek_char' (Current Prefix: 'lexer__')
[2m2026-06-13T02:06:31.087419Z[0m [34mDEBUG[0m [2mgust_lexer::typechecker::visitor[0m[2m:[0m 👁️ Expression::Call Evaluation Start: Raw Function: 'peek_char', Resolved: 'lexer__peek_char', Registry Has Key: true
[2m2026-06-13T02:06:31.087437Z[0m [34mDEBUG[0m [2mgust_lexer::typechecker[0m[2m:[0m 👁️ Namespace Resolution: Lookup 'lexer__Lexer_ctx' -> Resolved: 'lexer__Lexer_ctx' (Current Prefix: 'lexer__')
[2m2026-06-13T02:06:31.087451Z[0m [34mDEBUG[0m [2mgust_lexer::typechecker[0m[2m:[0m 👁️ Namespace Resolution: Lookup 'lexer__Lexer_ctx' -> Resolved: 'lexer__Lexer_ctx' (Current Prefix: 'lexer__')
[2m2026-06-13T02:06:31.087463Z[0m [34mDEBUG[0m [2mgust_lexer::typechecker::visitor[0m[2m:[0m 👁️ Call-Site Verification: Raw Function: 'peek_char', Resolved: 'lexer__peek_char', Expected Params Count: 1, Expected Params: [RawPointer(Struct("lexer__Lexer_ctx", Some("ctx")))], Actual Args: [("l", RawPointer(Struct("lexer__Lexer_ctx", Some("ctx"))))]
[2m2026-06-13T02:06:31.087493Z[0m [34mDEBUG[0m [2mgust_lexer::typechecker[0m[2m:[0m 👁️ Namespace Resolution: Lookup 'read_char' -> Resolved: 'lexer__read_char' (Current Prefix: 'lexer__')
[2m2026-06-13T02:06:31.087506Z[0m [34mDEBUG[0m [2mgust_lexer::typechecker::visitor[0m[2m:[0m 👁️ Expression::Call Evaluation Start: Raw Function: 'read_char', Resolved: 'lexer__read_char', Registry Has Key: true
[2m2026-06-13T02:06:31.087523Z[0m [34mDEBUG[0m [2mgust_lexer::typechecker[0m[2m:[0m 👁️ Namespace Resolution: Lookup 'lexer__Lexer_ctx' -> Resolved: 'lexer__Lexer_ctx' (Current Prefix: 'lexer__')
[2m2026-06-13T02:06:31.087537Z[0m [34mDEBUG[0m [2mgust_lexer::typechecker[0m[2m:[0m 👁️ Namespace Resolution: Lookup 'lexer__Lexer_ctx' -> Resolved: 'lexer__Lexer_ctx' (Current Prefix: 'lexer__')
[2m2026-06-13T02:06:31.087550Z[0m [34mDEBUG[0m [2mgust_lexer::typechecker::visitor[0m[2m:[0m 👁️ Call-Site Verification: Raw Function: 'read_char', Resolved: 'lexer__read_char', Expected Params Count: 1, Expected Params: [RawPointer(Struct("lexer__Lexer_ctx", Some("ctx")))], Actual Args: [("l", RawPointer(Struct("lexer__Lexer_ctx", Some("ctx"))))]
[2m2026-06-13T02:06:31.087592Z[0m [34mDEBUG[0m [2mgust_lexer::typechecker[0m[2m:[0m 👁️ Namespace Resolution: Lookup 'read_char' -> Resolved: 'lexer__read_char' (Current Prefix: 'lexer__')
[2m2026-06-13T02:06:31.087605Z[0m [34mDEBUG[0m [2mgust_lexer::typechecker::visitor[0m[2m:[0m 👁️ Expression::Call Evaluation Start: Raw Function: 'read_char', Resolved: 'lexer__read_char', Registry Has Key: true
[2m2026-06-13T02:06:31.087622Z[0m [34mDEBUG[0m [2mgust_lexer::typechecker[0m[2m:[0m 👁️ Namespace Resolution: Lookup 'lexer__Lexer_ctx' -> Resolved: 'lexer__Lexer_ctx' (Current Prefix: 'lexer__')
[2m2026-06-13T02:06:31.087636Z[0m [34mDEBUG[0m [2mgust_lexer::typechecker[0m[2m:[0m 👁️ Namespace Resolution: Lookup 'lexer__Lexer_ctx' -> Resolved: 'lexer__Lexer_ctx' (Current Prefix: 'lexer__')
[2m2026-06-13T02:06:31.087648Z[0m [34mDEBUG[0m [2mgust_lexer::typechecker::visitor[0m[2m:[0m 👁️ Call-Site Verification: Raw Function: 'read_char', Resolved: 'lexer__read_char', Expected Params Count: 1, Expected Params: [RawPointer(Struct("lexer__Lexer_ctx", Some("ctx")))], Actual Args: [("l", RawPointer(Struct("lexer__Lexer_ctx", Some("ctx"))))]
[2m2026-06-13T02:06:31.087706Z[0m [34mDEBUG[0m [2mgust_lexer::typechecker[0m[2m:[0m 👁️ Namespace Resolution: Lookup 'read_char' -> Resolved: 'lexer__read_char' (Current Prefix: 'lexer__')
[2m2026-06-13T02:06:31.087718Z[0m [34mDEBUG[0m [2mgust_lexer::typechecker::visitor[0m[2m:[0m 👁️ Expression::Call Evaluation Start: Raw Function: 'read_char', Resolved: 'lexer__read_char', Registry Has Key: true
[2m2026-06-13T02:06:31.087736Z[0m [34mDEBUG[0m [2mgust_lexer::typechecker[0m[2m:[0m 👁️ Namespace Resolution: Lookup 'lexer__Lexer_ctx' -> Resolved: 'lexer__Lexer_ctx' (Current Prefix: 'lexer__')
[2m2026-06-13T02:06:31.087747Z[0m [34mDEBUG[0m [2mgust_lexer::typechecker[0m[2m:[0m 👁️ Namespace Resolution: Lookup 'lexer__Lexer_ctx' -> Resolved: 'lexer__Lexer_ctx' (Current Prefix: 'lexer__')
[2m2026-06-13T02:06:31.087760Z[0m [34mDEBUG[0m [2mgust_lexer::typechecker::visitor[0m[2m:[0m 👁️ Call-Site Verification: Raw Function: 'read_char', Resolved: 'lexer__read_char', Expected Params Count: 1, Expected Params: [RawPointer(Struct("lexer__Lexer_ctx", Some("ctx")))], Actual Args: [("l", RawPointer(Struct("lexer__Lexer_ctx", Some("ctx"))))]
[2m2026-06-13T02:06:31.087921Z[0m [34mDEBUG[0m [2mgust_lexer::typechecker[0m[2m:[0m 👁️ Namespace Resolution: Lookup 'peek_char' -> Resolved: 'lexer__peek_char' (Current Prefix: 'lexer__')
[2m2026-06-13T02:06:31.087932Z[0m [34mDEBUG[0m [2mgust_lexer::typechecker::visitor[0m[2m:[0m 👁️ Expression::Call Evaluation Start: Raw Function: 'peek_char', Resolved: 'lexer__peek_char', Registry Has Key: true
[2m2026-06-13T02:06:31.087950Z[0m [34mDEBUG[0m [2mgust_lexer::typechecker[0m[2m:[0m 👁️ Namespace Resolution: Lookup 'lexer__Lexer_ctx' -> Resolved: 'lexer__Lexer_ctx' (Current Prefix: 'lexer__')
[2m2026-06-13T02:06:31.087961Z[0m [34mDEBUG[0m [2mgust_lexer::typechecker[0m[2m:[0m 👁️ Namespace Resolution: Lookup 'lexer__Lexer_ctx' -> Resolved: 'lexer__Lexer_ctx' (Current Prefix: 'lexer__')
[2m2026-06-13T02:06:31.087974Z[0m [34mDEBUG[0m [2mgust_lexer::typechecker::visitor[0m[2m:[0m 👁️ Call-Site Verification: Raw Function: 'peek_char', Resolved: 'lexer__peek_char', Expected Params Count: 1, Expected Params: [RawPointer(Struct("lexer__Lexer_ctx", Some("ctx")))], Actual Args: [("l", RawPointer(Struct("lexer__Lexer_ctx", Some("ctx"))))]
[2m2026-06-13T02:06:31.088001Z[0m [34mDEBUG[0m [2mgust_lexer::typechecker[0m[2m:[0m 👁️ Namespace Resolution: Lookup 'read_char' -> Resolved: 'lexer__read_char' (Current Prefix: 'lexer__')
[2m2026-06-13T02:06:31.088012Z[0m [34mDEBUG[0m [2mgust_lexer::typechecker::visitor[0m[2m:[0m 👁️ Expression::Call Evaluation Start: Raw Function: 'read_char', Resolved: 'lexer__read_char', Registry Has Key: true
[2m2026-06-13T02:06:31.088029Z[0m [34mDEBUG[0m [2mgust_lexer::typechecker[0m[2m:[0m 👁️ Namespace Resolution: Lookup 'lexer__Lexer_ctx' -> Resolved: 'lexer__Lexer_ctx' (Current Prefix: 'lexer__')
[2m2026-06-13T02:06:31.088041Z[0m [34mDEBUG[0m [2mgust_lexer::typechecker[0m[2m:[0m 👁️ Namespace Resolution: Lookup 'lexer__Lexer_ctx' -> Resolved: 'lexer__Lexer_ctx' (Current Prefix: 'lexer__')
[2m2026-06-13T02:06:31.088053Z[0m [34mDEBUG[0m [2mgust_lexer::typechecker::visitor[0m[2m:[0m 👁️ Call-Site Verification: Raw Function: 'read_char', Resolved: 'lexer__read_char', Expected Params Count: 1, Expected Params: [RawPointer(Struct("lexer__Lexer_ctx", Some("ctx")))], Actual Args: [("l", RawPointer(Struct("lexer__Lexer_ctx", Some("ctx"))))]
[2m2026-06-13T02:06:31.088084Z[0m [34mDEBUG[0m [2mgust_lexer::typechecker[0m[2m:[0m 👁️ Namespace Resolution: Lookup 'read_char' -> Resolved: 'lexer__read_char' (Current Prefix: 'lexer__')
[2m2026-06-13T02:06:31.088096Z[0m [34mDEBUG[0m [2mgust_lexer::typechecker::visitor[0m[2m:[0m 👁️ Expression::Call Evaluation Start: Raw Function: 'read_char', Resolved: 'lexer__read_char', Registry Has Key: true
[2m2026-06-13T02:06:31.088113Z[0m [34mDEBUG[0m [2mgust_lexer::typechecker[0m[2m:[0m 👁️ Namespace Resolution: Lookup 'lexer__Lexer_ctx' -> Resolved: 'lexer__Lexer_ctx' (Current Prefix: 'lexer__')
[2m2026-06-13T02:06:31.088124Z[0m [34mDEBUG[0m [2mgust_lexer::typechecker[0m[2m:[0m 👁️ Namespace Resolution: Lookup 'lexer__Lexer_ctx' -> Resolved: 'lexer__Lexer_ctx' (Current Prefix: 'lexer__')
[2m2026-06-13T02:06:31.088136Z[0m [34mDEBUG[0m [2mgust_lexer::typechecker::visitor[0m[2m:[0m 👁️ Call-Site Verification: Raw Function: 'read_char', Resolved: 'lexer__read_char', Expected Params Count: 1, Expected Params: [RawPointer(Struct("lexer__Lexer_ctx", Some("ctx")))], Actual Args: [("l", RawPointer(Struct("lexer__Lexer_ctx", Some("ctx"))))]
[2m2026-06-13T02:06:31.088416Z[0m [34mDEBUG[0m [2mgust_lexer::typechecker[0m[2m:[0m 👁️ Namespace Resolution: Lookup 'next_token' -> Resolved: 'lexer__next_token' (Current Prefix: 'lexer__')
[2m2026-06-13T02:06:31.088428Z[0m [34mDEBUG[0m [2mgust_lexer::typechecker::visitor[0m[2m:[0m 👁️ Expression::Call Evaluation Start: Raw Function: 'next_token', Resolved: 'lexer__next_token', Registry Has Key: true
[2m2026-06-13T02:06:31.088445Z[0m [34mDEBUG[0m [2mgust_lexer::typechecker[0m[2m:[0m 👁️ Namespace Resolution: Lookup 'lexer__Lexer_ctx' -> Resolved: 'lexer__Lexer_ctx' (Current Prefix: 'lexer__')
[2m2026-06-13T02:06:31.088456Z[0m [34mDEBUG[0m [2mgust_lexer::typechecker[0m[2m:[0m 👁️ Namespace Resolution: Lookup 'lexer__Lexer_ctx' -> Resolved: 'lexer__Lexer_ctx' (Current Prefix: 'lexer__')
[2m2026-06-13T02:06:31.088472Z[0m [34mDEBUG[0m [2mgust_lexer::typechecker[0m[2m:[0m 👁️ Namespace Resolution: Lookup 'token__Token_ctx' -> Resolved: 'token__Token_ctx' (Current Prefix: 'lexer__')
[2m2026-06-13T02:06:31.088484Z[0m [34mDEBUG[0m [2mgust_lexer::typechecker[0m[2m:[0m 👁️ Namespace Resolution: Lookup 'token__Token_ctx' -> Resolved: 'token__Token_ctx' (Current Prefix: 'lexer__')
[2m2026-06-13T02:06:31.088496Z[0m [34mDEBUG[0m [2mgust_lexer::typechecker::visitor[0m[2m:[0m 👁️ Call-Site Verification: Raw Function: 'next_token', Resolved: 'lexer__next_token', Expected Params Count: 1, Expected Params: [RawPointer(Struct("lexer__Lexer_ctx", Some("ctx")))], Actual Args: [("l", RawPointer(Struct("lexer__Lexer_ctx", Some("ctx")))), ("tok", RawPointer(Struct("token__Token_ctx", Some("ctx"))))]

thread 'test_lexer_token_generation' (252735) panicked at tests/compile_tests.rs:2529:13:
Typechecking failed: Some(TypeError { kind: ArgumentMismatch, message: "Semantic Error: Function 'lexer__next_token' expects 1 arguments but got 2", span: Some(Span { start: Position { line: 235, column: 17, offset: 6229 }, end: Position { line: 235, column: 35, offset: 6247 } }) })
note: run with `RUST_BACKTRACE=1` environment variable to display a backtrace
FAILED
test test_lexer_view_extraction ... [2m2026-06-13T02:06:31.089171Z[0m [34mDEBUG[0m [2mgust_lexer::parser[0m[2m:[0m 📥 Parsed Import Statement: Path 'lexer.gst', Alias: 'Some("lexer")'
[2m2026-06-13T02:06:31.089575Z[0m [34mDEBUG[0m [2mgust_lexer::parser[0m[2m:[0m 📥 Parsed Import Statement: Path 'token.gst', Alias: 'Some("token")'
[2m2026-06-13T02:06:31.091576Z[0m [34mDEBUG[0m [2mgust_lexer::typechecker::visitor[0m[2m:[0m 🗄️ Stdlib Registered: Alias 'os' maps to prefix 'os_'
[2m2026-06-13T02:06:31.091585Z[0m [34mDEBUG[0m [2mgust_lexer::typechecker::visitor[0m[2m:[0m 🗄️ Stdlib Registered: Alias 'std' maps to prefix 'std_'
[2m2026-06-13T02:06:31.091817Z[0m [34mDEBUG[0m [2mgust_lexer::typechecker[0m[2m:[0m 👁️ Namespace Resolution: Lookup 'Position' -> Resolved: 'token__Position' (Current Prefix: 'token__')
[2m2026-06-13T02:06:31.091828Z[0m [34mDEBUG[0m [2mgust_lexer::typechecker[0m[2m:[0m 👁️ Namespace Resolution: Lookup 'token__Position' -> Resolved: 'token__Position' (Current Prefix: 'token__')
[2m2026-06-13T02:06:31.091838Z[0m [34mDEBUG[0m [2mgust_lexer::typechecker[0m[2m:[0m 👁️ Namespace Resolution: Lookup 'Position' -> Resolved: 'token__Position' (Current Prefix: 'token__')
[2m2026-06-13T02:06:31.091847Z[0m [34mDEBUG[0m [2mgust_lexer::typechecker[0m[2m:[0m 👁️ Namespace Resolution: Lookup 'token__Position' -> Resolved: 'token__Position' (Current Prefix: 'token__')
[2m2026-06-13T02:06:31.091868Z[0m [34mDEBUG[0m [2mgust_lexer::typechecker[0m[2m:[0m 👁️ Namespace Resolution: Lookup 'Position' -> Resolved: 'token__Position' (Current Prefix: 'token__')
[2m2026-06-13T02:06:31.091878Z[0m [34mDEBUG[0m [2mgust_lexer::typechecker[0m[2m:[0m 👁️ Namespace Resolution: Lookup 'token__Position' -> Resolved: 'token__Position' (Current Prefix: 'token__')
[2m2026-06-13T02:06:31.091888Z[0m [34mDEBUG[0m [2mgust_lexer::typechecker[0m[2m:[0m 👁️ Namespace Resolution: Lookup 'Position' -> Resolved: 'token__Position' (Current Prefix: 'token__')
[2m2026-06-13T02:06:31.091897Z[0m [34mDEBUG[0m [2mgust_lexer::typechecker[0m[2m:[0m 👁️ Namespace Resolution: Lookup 'token__Position' -> Resolved: 'token__Position' (Current Prefix: 'token__')
[2m2026-06-13T02:06:31.092198Z[0m [34mDEBUG[0m [2mgust_lexer::typechecker::visitor[0m[2m:[0m 🗄️ Stdlib Registered: Alias 'os' maps to prefix 'os_'
[2m2026-06-13T02:06:31.092205Z[0m [34mDEBUG[0m [2mgust_lexer::typechecker::visitor[0m[2m:[0m 🗄️ Stdlib Registered: Alias 'std' maps to prefix 'std_'
[2m2026-06-13T02:06:31.092274Z[0m [34mDEBUG[0m [2mgust_lexer::typechecker::visitor[0m[2m:[0m 🗄️ Import Alias Mapping Registered (Pre-pass): 'token' -> 'token__' (for path 'token.gst')
[2m2026-06-13T02:06:31.092287Z[0m [34mDEBUG[0m [2mgust_lexer::typechecker[0m[2m:[0m 👁️ Namespace Resolution: Lookup 'Lexer' -> Resolved: 'lexer__Lexer' (Current Prefix: 'lexer__')
[2m2026-06-13T02:06:31.092297Z[0m [34mDEBUG[0m [2mgust_lexer::typechecker[0m[2m:[0m 👁️ Namespace Resolution: Lookup 'lexer__Lexer' -> Resolved: 'lexer__Lexer' (Current Prefix: 'lexer__')
[2m2026-06-13T02:06:31.092325Z[0m [34mDEBUG[0m [2mgust_lexer::typechecker[0m[2m:[0m 👁️ Namespace Resolution: Lookup 'lexer__Lexer_ctx' -> Resolved: 'lexer__Lexer_ctx' (Current Prefix: 'lexer__')
[2m2026-06-13T02:06:31.092338Z[0m [34mDEBUG[0m [2mgust_lexer::typechecker::visitor[0m[2m:[0m 🗄️ Function Pre-Registration: Raw name: 'read_char', Namespaced: 'lexer__read_char', Parameter Count: 1, Params: ["l: RawPointer(Struct(\"lexer__Lexer_ctx\", Some(\"ctx\")))"]
[2m2026-06-13T02:06:31.092353Z[0m [34mDEBUG[0m [2mgust_lexer::typechecker[0m[2m:[0m 👁️ Namespace Resolution: Lookup 'Lexer' -> Resolved: 'lexer__Lexer' (Current Prefix: 'lexer__')
[2m2026-06-13T02:06:31.092362Z[0m [34mDEBUG[0m [2mgust_lexer::typechecker[0m[2m:[0m 👁️ Namespace Resolution: Lookup 'lexer__Lexer' -> Resolved: 'lexer__Lexer' (Current Prefix: 'lexer__')
[2m2026-06-13T02:06:31.092378Z[0m [34mDEBUG[0m [2mgust_lexer::typechecker[0m[2m:[0m 👁️ Namespace Resolution: Lookup 'lexer__Lexer_ctx' -> Resolved: 'lexer__Lexer_ctx' (Current Prefix: 'lexer__')
[2m2026-06-13T02:06:31.092389Z[0m [34mDEBUG[0m [2mgust_lexer::typechecker::visitor[0m[2m:[0m 🗄️ Function Pre-Registration: Raw name: 'peek_char', Namespaced: 'lexer__peek_char', Parameter Count: 1, Params: ["l: RawPointer(Struct(\"lexer__Lexer_ctx\", Some(\"ctx\")))"]
[2m2026-06-13T02:06:31.092403Z[0m [34mDEBUG[0m [2mgust_lexer::typechecker[0m[2m:[0m 👁️ Namespace Resolution: Lookup 'Lexer' -> Resolved: 'lexer__Lexer' (Current Prefix: 'lexer__')
[2m2026-06-13T02:06:31.092413Z[0m [34mDEBUG[0m [2mgust_lexer::typechecker[0m[2m:[0m 👁️ Namespace Resolution: Lookup 'lexer__Lexer' -> Resolved: 'lexer__Lexer' (Current Prefix: 'lexer__')
[2m2026-06-13T02:06:31.092428Z[0m [34mDEBUG[0m [2mgust_lexer::typechecker[0m[2m:[0m 👁️ Namespace Resolution: Lookup 'lexer__Lexer_ctx' -> Resolved: 'lexer__Lexer_ctx' (Current Prefix: 'lexer__')
[2m2026-06-13T02:06:31.092438Z[0m [34mDEBUG[0m [2mgust_lexer::typechecker::visitor[0m[2m:[0m 🗄️ Function Pre-Registration: Raw name: 'skip_whitespace', Namespaced: 'lexer__skip_whitespace', Parameter Count: 1, Params: ["l: RawPointer(Struct(\"lexer__Lexer_ctx\", Some(\"ctx\")))"]
[2m2026-06-13T02:06:31.092452Z[0m [34mDEBUG[0m [2mgust_lexer::typechecker[0m[2m:[0m 👁️ Namespace Resolution: Lookup 'Lexer' -> Resolved: 'lexer__Lexer' (Current Prefix: 'lexer__')
[2m2026-06-13T02:06:31.092461Z[0m [34mDEBUG[0m [2mgust_lexer::typechecker[0m[2m:[0m 👁️ Namespace Resolution: Lookup 'lexer__Lexer' -> Resolved: 'lexer__Lexer' (Current Prefix: 'lexer__')
[2m2026-06-13T02:06:31.092476Z[0m [34mDEBUG[0m [2mgust_lexer::typechecker[0m[2m:[0m 👁️ Namespace Resolution: Lookup 'lexer__Lexer_ctx' -> Resolved: 'lexer__Lexer_ctx' (Current Prefix: 'lexer__')
[2m2026-06-13T02:06:31.092487Z[0m [34mDEBUG[0m [2mgust_lexer::typechecker::visitor[0m[2m:[0m 🗄️ Function Pre-Registration: Raw name: 'init_lexer', Namespaced: 'lexer__init_lexer', Parameter Count: 2, Params: ["l: RawPointer(Struct(\"lexer__Lexer_ctx\", Some(\"ctx\")))", "input: Str"]
[2m2026-06-13T02:06:31.092502Z[0m [34mDEBUG[0m [2mgust_lexer::typechecker::visitor[0m[2m:[0m 🗄️ Function Pre-Registration: Raw name: 'is_letter', Namespaced: 'lexer__is_letter', Parameter Count: 1, Params: ["b: Byte"]
[2m2026-06-13T02:06:31.092524Z[0m [34mDEBUG[0m [2mgust_lexer::typechecker::visitor[0m[2m:[0m 🗄️ Function Pre-Registration: Raw name: 'is_digit', Namespaced: 'lexer__is_digit', Parameter Count: 1, Params: ["b: Byte"]
[2m2026-06-13T02:06:31.092536Z[0m [34mDEBUG[0m [2mgust_lexer::typechecker[0m[2m:[0m 👁️ Namespace Resolution: Lookup 'Lexer' -> Resolved: 'lexer__Lexer' (Current Prefix: 'lexer__')
[2m2026-06-13T02:06:31.092545Z[0m [34mDEBUG[0m [2mgust_lexer::typechecker[0m[2m:[0m 👁️ Namespace Resolution: Lookup 'lexer__Lexer' -> Resolved: 'lexer__Lexer' (Current Prefix: 'lexer__')
[2m2026-06-13T02:06:31.092560Z[0m [34mDEBUG[0m [2mgust_lexer::typechecker[0m[2m:[0m 👁️ Namespace Resolution: Lookup 'lexer__Lexer_ctx' -> Resolved: 'lexer__Lexer_ctx' (Current Prefix: 'lexer__')
[2m2026-06-13T02:06:31.092571Z[0m [34mDEBUG[0m [2mgust_lexer::typechecker::visitor[0m[2m:[0m 🗄️ Function Pre-Registration: Raw name: 'read_identifier', Namespaced: 'lexer__read_identifier', Parameter Count: 1, Params: ["l: RawPointer(Struct(\"lexer__Lexer_ctx\", Some(\"ctx\")))"]
[2m2026-06-13T02:06:31.092585Z[0m [34mDEBUG[0m [2mgust_lexer::typechecker[0m[2m:[0m 👁️ Namespace Resolution: Lookup 'Lexer' -> Resolved: 'lexer__Lexer' (Current Prefix: 'lexer__')
[2m2026-06-13T02:06:31.092594Z[0m [34mDEBUG[0m [2mgust_lexer::typechecker[0m[2m:[0m 👁️ Namespace Resolution: Lookup 'lexer__Lexer' -> Resolved: 'lexer__Lexer' (Current Prefix: 'lexer__')
[2m2026-06-13T02:06:31.092610Z[0m [34mDEBUG[0m [2mgust_lexer::typechecker[0m[2m:[0m 👁️ Namespace Resolution: Lookup 'lexer__Lexer_ctx' -> Resolved: 'lexer__Lexer_ctx' (Current Prefix: 'lexer__')
[2m2026-06-13T02:06:31.092620Z[0m [34mDEBUG[0m [2mgust_lexer::typechecker::visitor[0m[2m:[0m 🗄️ Function Pre-Registration: Raw name: 'read_number', Namespaced: 'lexer__read_number', Parameter Count: 1, Params: ["l: RawPointer(Struct(\"lexer__Lexer_ctx\", Some(\"ctx\")))"]
[2m2026-06-13T02:06:31.092634Z[0m [34mDEBUG[0m [2mgust_lexer::typechecker[0m[2m:[0m 👁️ Namespace Resolution: Lookup 'Lexer' -> Resolved: 'lexer__Lexer' (Current Prefix: 'lexer__')
[2m2026-06-13T02:06:31.092642Z[0m [34mDEBUG[0m [2mgust_lexer::typechecker[0m[2m:[0m 👁️ Namespace Resolution: Lookup 'lexer__Lexer' -> Resolved: 'lexer__Lexer' (Current Prefix: 'lexer__')
[2m2026-06-13T02:06:31.092657Z[0m [34mDEBUG[0m [2mgust_lexer::typechecker[0m[2m:[0m 👁️ Namespace Resolution: Lookup 'lexer__Lexer_ctx' -> Resolved: 'lexer__Lexer_ctx' (Current Prefix: 'lexer__')
[2m2026-06-13T02:06:31.092667Z[0m [34mDEBUG[0m [2mgust_lexer::typechecker::visitor[0m[2m:[0m 🗄️ Function Pre-Registration: Raw name: 'read_string', Namespaced: 'lexer__read_string', Parameter Count: 1, Params: ["l: RawPointer(Struct(\"lexer__Lexer_ctx\", Some(\"ctx\")))"]
[2m2026-06-13T02:06:31.092682Z[0m [34mDEBUG[0m [2mgust_lexer::typechecker[0m[2m:[0m 👁️ Namespace Resolution: Lookup 'token.TokenType' -> Resolved: 'token__TokenType' (Current Prefix: 'lexer__')
[2m2026-06-13T02:06:31.092691Z[0m [34mDEBUG[0m [2mgust_lexer::typechecker[0m[2m:[0m 👁️ Namespace Resolution: Lookup 'token__TokenType' -> Resolved: 'token__TokenType' (Current Prefix: 'lexer__')
[2m2026-06-13T02:06:31.092701Z[0m [34mDEBUG[0m [2mgust_lexer::typechecker::visitor[0m[2m:[0m 🗄️ Function Pre-Registration: Raw name: 'lookup_ident', Namespaced: 'lexer__lookup_ident', Parameter Count: 1, Params: ["literal: Str"]
[2m2026-06-13T02:06:31.092712Z[0m [34mDEBUG[0m [2mgust_lexer::typechecker[0m[2m:[0m 👁️ Namespace Resolution: Lookup 'Lexer' -> Resolved: 'lexer__Lexer' (Current Prefix: 'lexer__')
[2m2026-06-13T02:06:31.092720Z[0m [34mDEBUG[0m [2mgust_lexer::typechecker[0m[2m:[0m 👁️ Namespace Resolution: Lookup 'lexer__Lexer' -> Resolved: 'lexer__Lexer' (Current Prefix: 'lexer__')
[2m2026-06-13T02:06:31.092735Z[0m [34mDEBUG[0m [2mgust_lexer::typechecker[0m[2m:[0m 👁️ Namespace Resolution: Lookup 'lexer__Lexer_ctx' -> Resolved: 'lexer__Lexer_ctx' (Current Prefix: 'lexer__')
[2m2026-06-13T02:06:31.092745Z[0m [34mDEBUG[0m [2mgust_lexer::typechecker[0m[2m:[0m 👁️ Namespace Resolution: Lookup 'token.Token' -> Resolved: 'token__Token' (Current Prefix: 'lexer__')
[2m2026-06-13T02:06:31.092754Z[0m [34mDEBUG[0m [2mgust_lexer::typechecker[0m[2m:[0m 👁️ Namespace Resolution: Lookup 'token__Token' -> Resolved: 'token__Token' (Current Prefix: 'lexer__')
[2m2026-06-13T02:06:31.092770Z[0m [34mDEBUG[0m [2mgust_lexer::typechecker[0m[2m:[0m 👁️ Namespace Resolution: Lookup 'TokenType' -> Resolved: 'token__TokenType' (Current Prefix: 'token__')
[2m2026-06-13T02:06:31.092781Z[0m [34mDEBUG[0m [2mgust_lexer::typechecker[0m[2m:[0m 👁️ Namespace Resolution: Lookup 'Span' -> Resolved: 'token__Span' (Current Prefix: 'token__')
[2m2026-06-13T02:06:31.092792Z[0m [34mDEBUG[0m [2mgust_lexer::typechecker[0m[2m:[0m 👁️ Namespace Resolution: Lookup 'token__Token_ctx' -> Resolved: 'token__Token_ctx' (Current Prefix: 'lexer__')
[2m2026-06-13T02:06:31.092803Z[0m [34mDEBUG[0m [2mgust_lexer::typechecker::visitor[0m[2m:[0m 🗄️ Function Pre-Registration: Raw name: 'next_token', Namespaced: 'lexer__next_token', Parameter Count: 2, Params: ["l: RawPointer(Struct(\"lexer__Lexer_ctx\", Some(\"ctx\")))", "tok: RawPointer(Struct(\"token__Token_ctx\", Some(\"ctx\")))"]
[2m2026-06-13T02:06:31.092819Z[0m [34mDEBUG[0m [2mgust_lexer::typechecker[0m[2m:[0m 👁️ Namespace Resolution: Lookup 'Lexer' -> Resolved: 'lexer__Lexer' (Current Prefix: 'lexer__')
[2m2026-06-13T02:06:31.092827Z[0m [34mDEBUG[0m [2mgust_lexer::typechecker[0m[2m:[0m 👁️ Namespace Resolution: Lookup 'lexer__Lexer' -> Resolved: 'lexer__Lexer' (Current Prefix: 'lexer__')
[2m2026-06-13T02:06:31.092843Z[0m [34mDEBUG[0m [2mgust_lexer::typechecker[0m[2m:[0m 👁️ Namespace Resolution: Lookup 'lexer__Lexer_ctx' -> Resolved: 'lexer__Lexer_ctx' (Current Prefix: 'lexer__')
[2m2026-06-13T02:06:31.092853Z[0m [34mDEBUG[0m [2mgust_lexer::typechecker[0m[2m:[0m 👁️ Namespace Resolution: Lookup 'token.Token' -> Resolved: 'token__Token' (Current Prefix: 'lexer__')
[2m2026-06-13T02:06:31.092868Z[0m [34mDEBUG[0m [2mgust_lexer::typechecker[0m[2m:[0m 👁️ Namespace Resolution: Lookup 'token__Token_ctx' -> Resolved: 'token__Token_ctx' (Current Prefix: 'lexer__')
[2m2026-06-13T02:06:31.092877Z[0m [34mDEBUG[0m [2mgust_lexer::typechecker::visitor[0m[2m:[0m 🗄️ Function Pre-Registration: Raw name: 'next_token', Namespaced: 'lexer__next_token', Parameter Count: 1, Params: ["l: RawPointer(Struct(\"lexer__Lexer_ctx\", Some(\"ctx\")))"]
[2m2026-06-13T02:06:31.093205Z[0m [34mDEBUG[0m [2mgust_lexer::typechecker::visitor[0m[2m:[0m 🗄️ Import Alias Mapping Registered (Statement Pass): 'token' -> 'token__' (for path 'token.gst')
[2m2026-06-13T02:06:31.093219Z[0m [34mDEBUG[0m [2mgust_lexer::typechecker[0m[2m:[0m 👁️ Namespace Resolution: Lookup 'Lexer' -> Resolved: 'lexer__Lexer' (Current Prefix: 'lexer__')
[2m2026-06-13T02:06:31.093228Z[0m [34mDEBUG[0m [2mgust_lexer::typechecker[0m[2m:[0m 👁️ Namespace Resolution: Lookup 'lexer__Lexer' -> Resolved: 'lexer__Lexer' (Current Prefix: 'lexer__')
[2m2026-06-13T02:06:31.093386Z[0m [34mDEBUG[0m [2mgust_lexer::typechecker[0m[2m:[0m 👁️ Namespace Resolution: Lookup 'len' -> Resolved: 'len' (Current Prefix: 'lexer__')
[2m2026-06-13T02:06:31.093397Z[0m [34mDEBUG[0m [2mgust_lexer::typechecker::visitor[0m[2m:[0m 👁️ Expression::Call Evaluation Start: Raw Function: 'len', Resolved: 'len', Registry Has Key: false
[2m2026-06-13T02:06:31.093463Z[0m [34mDEBUG[0m [2mgust_lexer::typechecker[0m[2m:[0m 👁️ Namespace Resolution: Lookup 'std.str_byte_at' -> Resolved: 'std_str_byte_at' (Current Prefix: 'lexer__')
[2m2026-06-13T02:06:31.093474Z[0m [34mDEBUG[0m [2mgust_lexer::typechecker::visitor[0m[2m:[0m 👁️ Expression::Call Evaluation Start: Raw Function: 'std.str_byte_at', Resolved: 'std_str_byte_at', Registry Has Key: true
[2m2026-06-13T02:06:31.093496Z[0m [34mDEBUG[0m [2mgust_lexer::typechecker::visitor[0m[2m:[0m 👁️ Call-Site Verification: Raw Function: 'std.str_byte_at', Resolved: 'std_str_byte_at', Expected Params Count: 2, Expected Params: [Str, Int], Actual Args: [("l.input", Str), ("l.read_position", Int)]
[2m2026-06-13T02:06:31.093517Z[0m [34mDEBUG[0m [2mgust_lexer::typechecker[0m[2m:[0m 👁️ Namespace Resolution: Lookup 'std.str_byte_at' -> Resolved: 'std_str_byte_at' (Current Prefix: 'lexer__')
[2m2026-06-13T02:06:31.093596Z[0m [34mDEBUG[0m [2mgust_lexer::typechecker[0m[2m:[0m 👁️ Namespace Resolution: Lookup 'Lexer' -> Resolved: 'lexer__Lexer' (Current Prefix: 'lexer__')
[2m2026-06-13T02:06:31.093607Z[0m [34mDEBUG[0m [2mgust_lexer::typechecker[0m[2m:[0m 👁️ Namespace Resolution: Lookup 'lexer__Lexer' -> Resolved: 'lexer__Lexer' (Current Prefix: 'lexer__')
[2m2026-06-13T02:06:31.093629Z[0m [34mDEBUG[0m [2mgust_lexer::typechecker[0m[2m:[0m 👁️ Namespace Resolution: Lookup 'len' -> Resolved: 'len' (Current Prefix: 'lexer__')
[2m2026-06-13T02:06:31.093638Z[0m [34mDEBUG[0m [2mgust_lexer::typechecker::visitor[0m[2m:[0m 👁️ Expression::Call Evaluation Start: Raw Function: 'len', Resolved: 'len', Registry Has Key: false
[2m2026-06-13T02:06:31.093692Z[0m [34mDEBUG[0m [2mgust_lexer::typechecker[0m[2m:[0m 👁️ Namespace Resolution: Lookup 'std.str_byte_at' -> Resolved: 'std_str_byte_at' (Current Prefix: 'lexer__')
[2m2026-06-13T02:06:31.093702Z[0m [34mDEBUG[0m [2mgust_lexer::typechecker::visitor[0m[2m:[0m 👁️ Expression::Call Evaluation Start: Raw Function: 'std.str_byte_at', Resolved: 'std_str_byte_at', Registry Has Key: true
[2m2026-06-13T02:06:31.093724Z[0m [34mDEBUG[0m [2mgust_lexer::typechecker::visitor[0m[2m:[0m 👁️ Call-Site Verification: Raw Function: 'std.str_byte_at', Resolved: 'std_str_byte_at', Expected Params Count: 2, Expected Params: [Str, Int], Actual Args: [("l.input", Str), ("l.read_position", Int)]
[2m2026-06-13T02:06:31.093742Z[0m [34mDEBUG[0m [2mgust_lexer::typechecker[0m[2m:[0m 👁️ Namespace Resolution: Lookup 'std.str_byte_at' -> Resolved: 'std_str_byte_at' (Current Prefix: 'lexer__')
[2m2026-06-13T02:06:31.093761Z[0m [34mDEBUG[0m [2mgust_lexer::typechecker[0m[2m:[0m 👁️ Namespace Resolution: Lookup 'Lexer' -> Resolved: 'lexer__Lexer' (Current Prefix: 'lexer__')
[2m2026-06-13T02:06:31.093767Z[0m [34mDEBUG[0m [2mgust_lexer::typechecker[0m[2m:[0m 👁️ Namespace Resolution: Lookup 'lexer__Lexer' -> Resolved: 'lexer__Lexer' (Current Prefix: 'lexer__')
[2m2026-06-13T02:06:31.093779Z[0m [34mDEBUG[0m [2mgust_lexer::typechecker[0m[2m:[0m 👁️ Namespace Resolution: Lookup 'std.is_whitespace' -> Resolved: 'std_is_whitespace' (Current Prefix: 'lexer__')
[2m2026-06-13T02:06:31.093785Z[0m [34mDEBUG[0m [2mgust_lexer::typechecker::visitor[0m[2m:[0m 👁️ Expression::Call Evaluation Start: Raw Function: 'std.is_whitespace', Resolved: 'std_is_whitespace', Registry Has Key: true
[2m2026-06-13T02:06:31.093795Z[0m [34mDEBUG[0m [2mgust_lexer::typechecker::visitor[0m[2m:[0m 👁️ Call-Site Verification: Raw Function: 'std.is_whitespace', Resolved: 'std_is_whitespace', Expected Params Count: 1, Expected Params: [Byte], Actual Args: [("l.ch", Byte)]
[2m2026-06-13T02:06:31.093804Z[0m [34mDEBUG[0m [2mgust_lexer::typechecker[0m[2m:[0m 👁️ Namespace Resolution: Lookup 'read_char' -> Resolved: 'lexer__read_char' (Current Prefix: 'lexer__')
[2m2026-06-13T02:06:31.093814Z[0m [34mDEBUG[0m [2mgust_lexer::typechecker::visitor[0m[2m:[0m 👁️ Expression::Call Evaluation Start: Raw Function: 'read_char', Resolved: 'lexer__read_char', Registry Has Key: true
[2m2026-06-13T02:06:31.093868Z[0m [34mDEBUG[0m [2mgust_lexer::typechecker[0m[2m:[0m 👁️ Namespace Resolution: Lookup 'lexer__Lexer_ctx' -> Resolved: 'lexer__Lexer_ctx' (Current Prefix: 'lexer__')
[2m2026-06-13T02:06:31.093879Z[0m [34mDEBUG[0m [2mgust_lexer::typechecker[0m[2m:[0m 👁️ Namespace Resolution: Lookup 'lexer__Lexer_ctx' -> Resolved: 'lexer__Lexer_ctx' (Current Prefix: 'lexer__')
[2m2026-06-13T02:06:31.093891Z[0m [34mDEBUG[0m [2mgust_lexer::typechecker::visitor[0m[2m:[0m 👁️ Call-Site Verification: Raw Function: 'read_char', Resolved: 'lexer__read_char', Expected Params Count: 1, Expected Params: [RawPointer(Struct("lexer__Lexer_ctx", Some("ctx")))], Actual Args: [("l", RawPointer(Struct("lexer__Lexer_ctx", Some("ctx"))))]
[2m2026-06-13T02:06:31.093915Z[0m [34mDEBUG[0m [2mgust_lexer::typechecker[0m[2m:[0m 👁️ Namespace Resolution: Lookup 'Lexer' -> Resolved: 'lexer__Lexer' (Current Prefix: 'lexer__')
[2m2026-06-13T02:06:31.093926Z[0m [34mDEBUG[0m [2mgust_lexer::typechecker[0m[2m:[0m 👁️ Namespace Resolution: Lookup 'lexer__Lexer' -> Resolved: 'lexer__Lexer' (Current Prefix: 'lexer__')
[2m2026-06-13T02:06:31.094008Z[0m [34mDEBUG[0m [2mgust_lexer::typechecker[0m[2m:[0m 👁️ Namespace Resolution: Lookup 'read_char' -> Resolved: 'lexer__read_char' (Current Prefix: 'lexer__')
[2m2026-06-13T02:06:31.094018Z[0m [34mDEBUG[0m [2mgust_lexer::typechecker::visitor[0m[2m:[0m 👁️ Expression::Call Evaluation Start: Raw Function: 'read_char', Resolved: 'lexer__read_char', Registry Has Key: true
[2m2026-06-13T02:06:31.094035Z[0m [34mDEBUG[0m [2mgust_lexer::typechecker[0m[2m:[0m 👁️ Namespace Resolution: Lookup 'lexer__Lexer_ctx' -> Resolved: 'lexer__Lexer_ctx' (Current Prefix: 'lexer__')
[2m2026-06-13T02:06:31.094046Z[0m [34mDEBUG[0m [2mgust_lexer::typechecker[0m[2m:[0m 👁️ Namespace Resolution: Lookup 'lexer__Lexer_ctx' -> Resolved: 'lexer__Lexer_ctx' (Current Prefix: 'lexer__')
[2m2026-06-13T02:06:31.094057Z[0m [34mDEBUG[0m [2mgust_lexer::typechecker::visitor[0m[2m:[0m 👁️ Call-Site Verification: Raw Function: 'read_char', Resolved: 'lexer__read_char', Expected Params Count: 1, Expected Params: [RawPointer(Struct("lexer__Lexer_ctx", Some("ctx")))], Actual Args: [("l", RawPointer(Struct("lexer__Lexer_ctx", Some("ctx"))))]
[2m2026-06-13T02:06:31.094086Z[0m [34mDEBUG[0m [2mgust_lexer::typechecker[0m[2m:[0m 👁️ Namespace Resolution: Lookup 'std.is_alpha' -> Resolved: 'std_is_alpha' (Current Prefix: 'lexer__')
[2m2026-06-13T02:06:31.094097Z[0m [34mDEBUG[0m [2mgust_lexer::typechecker::visitor[0m[2m:[0m 👁️ Expression::Call Evaluation Start: Raw Function: 'std.is_alpha', Resolved: 'std_is_alpha', Registry Has Key: true
[2m2026-06-13T02:06:31.094112Z[0m [34mDEBUG[0m [2mgust_lexer::typechecker::visitor[0m[2m:[0m 👁️ Call-Site Verification: Raw Function: 'std.is_alpha', Resolved: 'std_is_alpha', Expected Params Count: 1, Expected Params: [Byte], Actual Args: [("b", Byte)]
[2m2026-06-13T02:06:31.094126Z[0m [34mDEBUG[0m [2mgust_lexer::typechecker[0m[2m:[0m 👁️ Namespace Resolution: Lookup 'std.is_alpha' -> Resolved: 'std_is_alpha' (Current Prefix: 'lexer__')
[2m2026-06-13T02:06:31.094147Z[0m [34mDEBUG[0m [2mgust_lexer::typechecker[0m[2m:[0m 👁️ Namespace Resolution: Lookup 'std.is_digit' -> Resolved: 'std_is_digit' (Current Prefix: 'lexer__')
[2m2026-06-13T02:06:31.094157Z[0m [34mDEBUG[0m [2mgust_lexer::typechecker::visitor[0m[2m:[0m 👁️ Expression::Call Evaluation Start: Raw Function: 'std.is_digit', Resolved: 'std_is_digit', Registry Has Key: true
[2m2026-06-13T02:06:31.094172Z[0m [34mDEBUG[0m [2mgust_lexer::typechecker::visitor[0m[2m:[0m 👁️ Call-Site Verification: Raw Function: 'std.is_digit', Resolved: 'std_is_digit', Expected Params Count: 1, Expected Params: [Byte], Actual Args: [("b", Byte)]
[2m2026-06-13T02:06:31.094186Z[0m [34mDEBUG[0m [2mgust_lexer::typechecker[0m[2m:[0m 👁️ Namespace Resolution: Lookup 'std.is_digit' -> Resolved: 'std_is_digit' (Current Prefix: 'lexer__')
[2m2026-06-13T02:06:31.094201Z[0m [34mDEBUG[0m [2mgust_lexer::typechecker[0m[2m:[0m 👁️ Namespace Resolution: Lookup 'Lexer' -> Resolved: 'lexer__Lexer' (Current Prefix: 'lexer__')
[2m2026-06-13T02:06:31.094212Z[0m [34mDEBUG[0m [2mgust_lexer::typechecker[0m[2m:[0m 👁️ Namespace Resolution: Lookup 'lexer__Lexer' -> Resolved: 'lexer__Lexer' (Current Prefix: 'lexer__')
[2m2026-06-13T02:06:31.094251Z[0m [34mDEBUG[0m [2mgust_lexer::typechecker[0m[2m:[0m 👁️ Namespace Resolution: Lookup 'is_letter' -> Resolved: 'lexer__is_letter' (Current Prefix: 'lexer__')
[2m2026-06-13T02:06:31.094262Z[0m [34mDEBUG[0m [2mgust_lexer::typechecker::visitor[0m[2m:[0m 👁️ Expression::Call Evaluation Start: Raw Function: 'is_letter', Resolved: 'lexer__is_letter', Registry Has Key: true
[2m2026-06-13T02:06:31.094279Z[0m [34mDEBUG[0m [2mgust_lexer::typechecker::visitor[0m[2m:[0m 👁️ Call-Site Verification: Raw Function: 'is_letter', Resolved: 'lexer__is_letter', Expected Params Count: 1, Expected Params: [Byte], Actual Args: [("l.ch", Byte)]
[2m2026-06-13T02:06:31.094296Z[0m [34mDEBUG[0m [2mgust_lexer::typechecker[0m[2m:[0m 👁️ Namespace Resolution: Lookup 'read_char' -> Resolved: 'lexer__read_char' (Current Prefix: 'lexer__')
[2m2026-06-13T02:06:31.094306Z[0m [34mDEBUG[0m [2mgust_lexer::typechecker::visitor[0m[2m:[0m 👁️ Expression::Call Evaluation Start: Raw Function: 'read_char', Resolved: 'lexer__read_char', Registry Has Key: true
[2m2026-06-13T02:06:31.094322Z[0m [34mDEBUG[0m [2mgust_lexer::typechecker[0m[2m:[0m 👁️ Namespace Resolution: Lookup 'lexer__Lexer_ctx' -> Resolved: 'lexer__Lexer_ctx' (Current Prefix: 'lexer__')
[2m2026-06-13T02:06:31.094333Z[0m [34mDEBUG[0m [2mgust_lexer::typechecker[0m[2m:[0m 👁️ Namespace Resolution: Lookup 'lexer__Lexer_ctx' -> Resolved: 'lexer__Lexer_ctx' (Current Prefix: 'lexer__')
[2m2026-06-13T02:06:31.094348Z[0m [34mDEBUG[0m [2mgust_lexer::typechecker::visitor[0m[2m:[0m 👁️ Call-Site Verification: Raw Function: 'read_char', Resolved: 'lexer__read_char', Expected Params Count: 1, Expected Params: [RawPointer(Struct("lexer__Lexer_ctx", Some("ctx")))], Actual Args: [("l", RawPointer(Struct("lexer__Lexer_ctx", Some("ctx"))))]
[2m2026-06-13T02:06:31.094374Z[0m [34mDEBUG[0m [2mgust_lexer::typechecker[0m[2m:[0m 👁️ Namespace Resolution: Lookup 'is_digit' -> Resolved: 'lexer__is_digit' (Current Prefix: 'lexer__')
[2m2026-06-13T02:06:31.094385Z[0m [34mDEBUG[0m [2mgust_lexer::typechecker::visitor[0m[2m:[0m 👁️ Expression::Call Evaluation Start: Raw Function: 'is_digit', Resolved: 'lexer__is_digit', Registry Has Key: true
[2m2026-06-13T02:06:31.094403Z[0m [34mDEBUG[0m [2mgust_lexer::typechecker::visitor[0m[2m:[0m 👁️ Call-Site Verification: Raw Function: 'is_digit', Resolved: 'lexer__is_digit', Expected Params Count: 1, Expected Params: [Byte], Actual Args: [("l.ch", Byte)]
[2m2026-06-13T02:06:31.094420Z[0m [34mDEBUG[0m [2mgust_lexer::typechecker[0m[2m:[0m 👁️ Namespace Resolution: Lookup 'read_char' -> Resolved: 'lexer__read_char' (Current Prefix: 'lexer__')
[2m2026-06-13T02:06:31.094431Z[0m [34mDEBUG[0m [2mgust_lexer::typechecker::visitor[0m[2m:[0m 👁️ Expression::Call Evaluation Start: Raw Function: 'read_char', Resolved: 'lexer__read_char', Registry Has Key: true
[2m2026-06-13T02:06:31.094447Z[0m [34mDEBUG[0m [2mgust_lexer::typechecker[0m[2m:[0m 👁️ Namespace Resolution: Lookup 'lexer__Lexer_ctx' -> Resolved: 'lexer__Lexer_ctx' (Current Prefix: 'lexer__')
[2m2026-06-13T02:06:31.094459Z[0m [34mDEBUG[0m [2mgust_lexer::typechecker[0m[2m:[0m 👁️ Namespace Resolution: Lookup 'lexer__Lexer_ctx' -> Resolved: 'lexer__Lexer_ctx' (Current Prefix: 'lexer__')
[2m2026-06-13T02:06:31.094470Z[0m [34mDEBUG[0m [2mgust_lexer::typechecker::visitor[0m[2m:[0m 👁️ Call-Site Verification: Raw Function: 'read_char', Resolved: 'lexer__read_char', Expected Params Count: 1, Expected Params: [RawPointer(Struct("lexer__Lexer_ctx", Some("ctx")))], Actual Args: [("l", RawPointer(Struct("lexer__Lexer_ctx", Some("ctx"))))]
[2m2026-06-13T02:06:31.094552Z[0m [34mDEBUG[0m [2mgust_lexer::typechecker[0m[2m:[0m 👁️ Namespace Resolution: Lookup 'std.str_slice' -> Resolved: 'std_str_slice' (Current Prefix: 'lexer__')
[2m2026-06-13T02:06:31.094564Z[0m [34mDEBUG[0m [2mgust_lexer::typechecker::visitor[0m[2m:[0m 👁️ Expression::Call Evaluation Start: Raw Function: 'std.str_slice', Resolved: 'std_str_slice', Registry Has Key: true
[2m2026-06-13T02:06:31.094589Z[0m [34mDEBUG[0m [2mgust_lexer::typechecker::visitor[0m[2m:[0m 👁️ Call-Site Verification: Raw Function: 'std.str_slice', Resolved: 'std_str_slice', Expected Params Count: 3, Expected Params: [Str, Int, Int], Actual Args: [("l.input", Str), ("start_pos", Int), ("l.position", Int)]
[2m2026-06-13T02:06:31.094607Z[0m [34mDEBUG[0m [2mgust_lexer::typechecker[0m[2m:[0m 👁️ Namespace Resolution: Lookup 'std.str_slice' -> Resolved: 'std_str_slice' (Current Prefix: 'lexer__')
[2m2026-06-13T02:06:31.094632Z[0m [34mDEBUG[0m [2mgust_lexer::typechecker[0m[2m:[0m 👁️ Namespace Resolution: Lookup 'Lexer' -> Resolved: 'lexer__Lexer' (Current Prefix: 'lexer__')
[2m2026-06-13T02:06:31.094643Z[0m [34mDEBUG[0m [2mgust_lexer::typechecker[0m[2m:[0m 👁️ Namespace Resolution: Lookup 'lexer__Lexer' -> Resolved: 'lexer__Lexer' (Current Prefix: 'lexer__')
[2m2026-06-13T02:06:31.094676Z[0m [34mDEBUG[0m [2mgust_lexer::typechecker[0m[2m:[0m 👁️ Namespace Resolution: Lookup 'is_digit' -> Resolved: 'lexer__is_digit' (Current Prefix: 'lexer__')
[2m2026-06-13T02:06:31.094687Z[0m [34mDEBUG[0m [2mgust_lexer::typechecker::visitor[0m[2m:[0m 👁️ Expression::Call Evaluation Start: Raw Function: 'is_digit', Resolved: 'lexer__is_digit', Registry Has Key: true
[2m2026-06-13T02:06:31.094704Z[0m [34mDEBUG[0m [2mgust_lexer::typechecker::visitor[0m[2m:[0m 👁️ Call-Site Verification: Raw Function: 'is_digit', Resolved: 'lexer__is_digit', Expected Params Count: 1, Expected Params: [Byte], Actual Args: [("l.ch", Byte)]
[2m2026-06-13T02:06:31.094720Z[0m [34mDEBUG[0m [2mgust_lexer::typechecker[0m[2m:[0m 👁️ Namespace Resolution: Lookup 'read_char' -> Resolved: 'lexer__read_char' (Current Prefix: 'lexer__')
[2m2026-06-13T02:06:31.094730Z[0m [34mDEBUG[0m [2mgust_lexer::typechecker::visitor[0m[2m:[0m 👁️ Expression::Call Evaluation Start: Raw Function: 'read_char', Resolved: 'lexer__read_char', Registry Has Key: true
[2m2026-06-13T02:06:31.094746Z[0m [34mDEBUG[0m [2mgust_lexer::typechecker[0m[2m:[0m 👁️ Namespace Resolution: Lookup 'lexer__Lexer_ctx' -> Resolved: 'lexer__Lexer_ctx' (Current Prefix: 'lexer__')
[2m2026-06-13T02:06:31.094758Z[0m [34mDEBUG[0m [2mgust_lexer::typechecker[0m[2m:[0m 👁️ Namespace Resolution: Lookup 'lexer__Lexer_ctx' -> Resolved: 'lexer__Lexer_ctx' (Current Prefix: 'lexer__')
[2m2026-06-13T02:06:31.094770Z[0m [34mDEBUG[0m [2mgust_lexer::typechecker::visitor[0m[2m:[0m 👁️ Call-Site Verification: Raw Function: 'read_char', Resolved: 'lexer__read_char', Expected Params Count: 1, Expected Params: [RawPointer(Struct("lexer__Lexer_ctx", Some("ctx")))], Actual Args: [("l", RawPointer(Struct("lexer__Lexer_ctx", Some("ctx"))))]
[2m2026-06-13T02:06:31.094791Z[0m [34mDEBUG[0m [2mgust_lexer::typechecker[0m[2m:[0m 👁️ Namespace Resolution: Lookup 'std.str_slice' -> Resolved: 'std_str_slice' (Current Prefix: 'lexer__')
[2m2026-06-13T02:06:31.094802Z[0m [34mDEBUG[0m [2mgust_lexer::typechecker::visitor[0m[2m:[0m 👁️ Expression::Call Evaluation Start: Raw Function: 'std.str_slice', Resolved: 'std_str_slice', Registry Has Key: true
[2m2026-06-13T02:06:31.094826Z[0m [34mDEBUG[0m [2mgust_lexer::typechecker::visitor[0m[2m:[0m 👁️ Call-Site Verification: Raw Function: 'std.str_slice', Resolved: 'std_str_slice', Expected Params Count: 3, Expected Params: [Str, Int, Int], Actual Args: [("l.input", Str), ("start_pos", Int), ("l.position", Int)]
[2m2026-06-13T02:06:31.094844Z[0m [34mDEBUG[0m [2mgust_lexer::typechecker[0m[2m:[0m 👁️ Namespace Resolution: Lookup 'std.str_slice' -> Resolved: 'std_str_slice' (Current Prefix: 'lexer__')
[2m2026-06-13T02:06:31.094869Z[0m [34mDEBUG[0m [2mgust_lexer::typechecker[0m[2m:[0m 👁️ Namespace Resolution: Lookup 'Lexer' -> Resolved: 'lexer__Lexer' (Current Prefix: 'lexer__')
[2m2026-06-13T02:06:31.094879Z[0m [34mDEBUG[0m [2mgust_lexer::typechecker[0m[2m:[0m 👁️ Namespace Resolution: Lookup 'lexer__Lexer' -> Resolved: 'lexer__Lexer' (Current Prefix: 'lexer__')
[2m2026-06-13T02:06:31.094918Z[0m [34mDEBUG[0m [2mgust_lexer::typechecker[0m[2m:[0m 👁️ Namespace Resolution: Lookup 'read_char' -> Resolved: 'lexer__read_char' (Current Prefix: 'lexer__')
[2m2026-06-13T02:06:31.094928Z[0m [34mDEBUG[0m [2mgust_lexer::typechecker::visitor[0m[2m:[0m 👁️ Expression::Call Evaluation Start: Raw Function: 'read_char', Resolved: 'lexer__read_char', Registry Has Key: true
[2m2026-06-13T02:06:31.094944Z[0m [34mDEBUG[0m [2mgust_lexer::typechecker[0m[2m:[0m 👁️ Namespace Resolution: Lookup 'lexer__Lexer_ctx' -> Resolved: 'lexer__Lexer_ctx' (Current Prefix: 'lexer__')
[2m2026-06-13T02:06:31.094956Z[0m [34mDEBUG[0m [2mgust_lexer::typechecker[0m[2m:[0m 👁️ Namespace Resolution: Lookup 'lexer__Lexer_ctx' -> Resolved: 'lexer__Lexer_ctx' (Current Prefix: 'lexer__')
[2m2026-06-13T02:06:31.094969Z[0m [34mDEBUG[0m [2mgust_lexer::typechecker::visitor[0m[2m:[0m 👁️ Call-Site Verification: Raw Function: 'read_char', Resolved: 'lexer__read_char', Expected Params Count: 1, Expected Params: [RawPointer(Struct("lexer__Lexer_ctx", Some("ctx")))], Actual Args: [("l", RawPointer(Struct("lexer__Lexer_ctx", Some("ctx"))))]
[2m2026-06-13T02:06:31.095056Z[0m [34mDEBUG[0m [2mgust_lexer::typechecker[0m[2m:[0m 👁️ Namespace Resolution: Lookup 'std.str_slice' -> Resolved: 'std_str_slice' (Current Prefix: 'lexer__')
[2m2026-06-13T02:06:31.095067Z[0m [34mDEBUG[0m [2mgust_lexer::typechecker::visitor[0m[2m:[0m 👁️ Expression::Call Evaluation Start: Raw Function: 'std.str_slice', Resolved: 'std_str_slice', Registry Has Key: true
[2m2026-06-13T02:06:31.095092Z[0m [34mDEBUG[0m [2mgust_lexer::typechecker::visitor[0m[2m:[0m 👁️ Call-Site Verification: Raw Function: 'std.str_slice', Resolved: 'std_str_slice', Expected Params Count: 3, Expected Params: [Str, Int, Int], Actual Args: [("l.input", Str), ("start_pos", Int), ("l.position", Int)]
[2m2026-06-13T02:06:31.095110Z[0m [34mDEBUG[0m [2mgust_lexer::typechecker[0m[2m:[0m 👁️ Namespace Resolution: Lookup 'std.str_slice' -> Resolved: 'std_str_slice' (Current Prefix: 'lexer__')
[2m2026-06-13T02:06:31.095133Z[0m [34mDEBUG[0m [2mgust_lexer::typechecker[0m[2m:[0m 👁️ Namespace Resolution: Lookup 'read_char' -> Resolved: 'lexer__read_char' (Current Prefix: 'lexer__')
[2m2026-06-13T02:06:31.095144Z[0m [34mDEBUG[0m [2mgust_lexer::typechecker::visitor[0m[2m:[0m 👁️ Expression::Call Evaluation Start: Raw Function: 'read_char', Resolved: 'lexer__read_char', Registry Has Key: true
[2m2026-06-13T02:06:31.095160Z[0m [34mDEBUG[0m [2mgust_lexer::typechecker[0m[2m:[0m 👁️ Namespace Resolution: Lookup 'lexer__Lexer_ctx' -> Resolved: 'lexer__Lexer_ctx' (Current Prefix: 'lexer__')
[2m2026-06-13T02:06:31.095171Z[0m [34mDEBUG[0m [2mgust_lexer::typechecker[0m[2m:[0m 👁️ Namespace Resolution: Lookup 'lexer__Lexer_ctx' -> Resolved: 'lexer__Lexer_ctx' (Current Prefix: 'lexer__')
[2m2026-06-13T02:06:31.095184Z[0m [34mDEBUG[0m [2mgust_lexer::typechecker::visitor[0m[2m:[0m 👁️ Call-Site Verification: Raw Function: 'read_char', Resolved: 'lexer__read_char', Expected Params Count: 1, Expected Params: [RawPointer(Struct("lexer__Lexer_ctx", Some("ctx")))], Actual Args: [("l", RawPointer(Struct("lexer__Lexer_ctx", Some("ctx"))))]
[2m2026-06-13T02:06:31.095224Z[0m [34mDEBUG[0m [2mgust_lexer::typechecker[0m[2m:[0m 👁️ Namespace Resolution: Lookup 'token.TokenType' -> Resolved: 'token__TokenType' (Current Prefix: 'lexer__')
[2m2026-06-13T02:06:31.095239Z[0m [34mDEBUG[0m [2mgust_lexer::typechecker[0m[2m:[0m 👁️ Namespace Resolution: Lookup 'token.TokenType' -> Resolved: 'token__TokenType' (Current Prefix: 'lexer__')
[2m2026-06-13T02:06:31.095250Z[0m [34mDEBUG[0m [2mgust_lexer::typechecker[0m[2m:[0m 👁️ Namespace Resolution: Lookup 'token__TokenType' -> Resolved: 'token__TokenType' (Current Prefix: 'lexer__')
[2m2026-06-13T02:06:31.095262Z[0m [34mDEBUG[0m [2mgust_lexer::typechecker[0m[2m:[0m 👁️ Namespace Resolution: Lookup 'token.TokenType' -> Resolved: 'token__TokenType' (Current Prefix: 'lexer__')
[2m2026-06-13T02:06:31.095273Z[0m [34mDEBUG[0m [2mgust_lexer::typechecker[0m[2m:[0m 👁️ Namespace Resolution: Lookup 'token__TokenType' -> Resolved: 'token__TokenType' (Current Prefix: 'lexer__')
[2m2026-06-13T02:06:31.095289Z[0m [34mDEBUG[0m [2mgust_lexer::typechecker[0m[2m:[0m 👁️ Namespace Resolution: Lookup 'std.str_eq' -> Resolved: 'std_str_eq' (Current Prefix: 'lexer__')
[2m2026-06-13T02:06:31.095300Z[0m [34mDEBUG[0m [2mgust_lexer::typechecker::visitor[0m[2m:[0m 👁️ Expression::Call Evaluation Start: Raw Function: 'std.str_eq', Resolved: 'std_str_eq', Registry Has Key: true
[2m2026-06-13T02:06:31.095316Z[0m [34mDEBUG[0m [2mgust_lexer::typechecker::visitor[0m[2m:[0m 👁️ Call-Site Verification: Raw Function: 'std.str_eq', Resolved: 'std_str_eq', Expected Params Count: 2, Expected Params: [Str, Str], Actual Args: [("literal", Str), ("\"guard\"", Str)]
[2m2026-06-13T02:06:31.095356Z[0m [34mDEBUG[0m [2mgust_lexer::typechecker[0m[2m:[0m 👁️ Namespace Resolution: Lookup 'token__TokenType' -> Resolved: 'token__TokenType' (Current Prefix: 'lexer__')
[2m2026-06-13T02:06:31.095721Z[0m [34mDEBUG[0m [2mgust_lexer::typechecker[0m[2m:[0m 👁️ Namespace Resolution: Lookup 'std.str_eq' -> Resolved: 'std_str_eq' (Current Prefix: 'lexer__')
[2m2026-06-13T02:06:31.095732Z[0m [34mDEBUG[0m [2mgust_lexer::typechecker::visitor[0m[2m:[0m 👁️ Expression::Call Evaluation Start: Raw Function: 'std.str_eq', Resolved: 'std_str_eq', Registry Has Key: true
[2m2026-06-13T02:06:31.095825Z[0m [34mDEBUG[0m [2mgust_lexer::typechecker::visitor[0m[2m:[0m 👁️ Call-Site Verification: Raw Function: 'std.str_eq', Resolved: 'std_str_eq', Expected Params Count: 2, Expected Params: [Str, Str], Actual Args: [("literal", Str), ("\"import\"", Str)]
[2m2026-06-13T02:06:31.095863Z[0m [34mDEBUG[0m [2mgust_lexer::typechecker[0m[2m:[0m 👁️ Namespace Resolution: Lookup 'token__TokenType' -> Resolved: 'token__TokenType' (Current Prefix: 'lexer__')
[2m2026-06-13T02:06:31.096222Z[0m [34mDEBUG[0m [2mgust_lexer::typechecker[0m[2m:[0m 👁️ Namespace Resolution: Lookup 'std.str_eq' -> Resolved: 'std_str_eq' (Current Prefix: 'lexer__')
[2m2026-06-13T02:06:31.096233Z[0m [34mDEBUG[0m [2mgust_lexer::typechecker::visitor[0m[2m:[0m 👁️ Expression::Call Evaluation Start: Raw Function: 'std.str_eq', Resolved: 'std_str_eq', Registry Has Key: true
[2m2026-06-13T02:06:31.096249Z[0m [34mDEBUG[0m [2mgust_lexer::typechecker::visitor[0m[2m:[0m 👁️ Call-Site Verification: Raw Function: 'std.str_eq', Resolved: 'std_str_eq', Expected Params Count: 2, Expected Params: [Str, Str], Actual Args: [("literal", Str), ("\"mut\"", Str)]
[2m2026-06-13T02:06:31.096286Z[0m [34mDEBUG[0m [2mgust_lexer::typechecker[0m[2m:[0m 👁️ Namespace Resolution: Lookup 'token__TokenType' -> Resolved: 'token__TokenType' (Current Prefix: 'lexer__')
[2m2026-06-13T02:06:31.096646Z[0m [34mDEBUG[0m [2mgust_lexer::typechecker[0m[2m:[0m 👁️ Namespace Resolution: Lookup 'std.str_eq' -> Resolved: 'std_str_eq' (Current Prefix: 'lexer__')
[2m2026-06-13T02:06:31.096657Z[0m [34mDEBUG[0m [2mgust_lexer::typechecker::visitor[0m[2m:[0m 👁️ Expression::Call Evaluation Start: Raw Function: 'std.str_eq', Resolved: 'std_str_eq', Registry Has Key: true
[2m2026-06-13T02:06:31.096673Z[0m [34mDEBUG[0m [2mgust_lexer::typechecker::visitor[0m[2m:[0m 👁️ Call-Site Verification: Raw Function: 'std.str_eq', Resolved: 'std_str_eq', Expected Params Count: 2, Expected Params: [Str, Str], Actual Args: [("literal", Str), ("\"func\"", Str)]
[2m2026-06-13T02:06:31.096709Z[0m [34mDEBUG[0m [2mgust_lexer::typechecker[0m[2m:[0m 👁️ Namespace Resolution: Lookup 'token__TokenType' -> Resolved: 'token__TokenType' (Current Prefix: 'lexer__')
[2m2026-06-13T02:06:31.097080Z[0m [34mDEBUG[0m [2mgust_lexer::typechecker[0m[2m:[0m 👁️ Namespace Resolution: Lookup 'std.str_eq' -> Resolved: 'std_str_eq' (Current Prefix: 'lexer__')
[2m2026-06-13T02:06:31.097091Z[0m [34mDEBUG[0m [2mgust_lexer::typechecker::visitor[0m[2m:[0m 👁️ Expression::Call Evaluation Start: Raw Function: 'std.str_eq', Resolved: 'std_str_eq', Registry Has Key: true
[2m2026-06-13T02:06:31.097112Z[0m [34mDEBUG[0m [2mgust_lexer::typechecker::visitor[0m[2m:[0m 👁️ Call-Site Verification: Raw Function: 'std.str_eq', Resolved: 'std_str_eq', Expected Params Count: 2, Expected Params: [Str, Str], Actual Args: [("literal", Str), ("\"defer\"", Str)]
[2m2026-06-13T02:06:31.097147Z[0m [34mDEBUG[0m [2mgust_lexer::typechecker[0m[2m:[0m 👁️ Namespace Resolution: Lookup 'token__TokenType' -> Resolved: 'token__TokenType' (Current Prefix: 'lexer__')
[2m2026-06-13T02:06:31.097464Z[0m [34mDEBUG[0m [2mgust_lexer::typechecker[0m[2m:[0m 👁️ Namespace Resolution: Lookup 'std.str_eq' -> Resolved: 'std_str_eq' (Current Prefix: 'lexer__')
[2m2026-06-13T02:06:31.097474Z[0m [34mDEBUG[0m [2mgust_lexer::typechecker::visitor[0m[2m:[0m 👁️ Expression::Call Evaluation Start: Raw Function: 'std.str_eq', Resolved: 'std_str_eq', Registry Has Key: true
[2m2026-06-13T02:06:31.097489Z[0m [34mDEBUG[0m [2mgust_lexer::typechecker::visitor[0m[2m:[0m 👁️ Call-Site Verification: Raw Function: 'std.str_eq', Resolved: 'std_str_eq', Expected Params Count: 2, Expected Params: [Str, Str], Actual Args: [("literal", Str), ("\"move\"", Str)]
[2m2026-06-13T02:06:31.097521Z[0m [34mDEBUG[0m [2mgust_lexer::typechecker[0m[2m:[0m 👁️ Namespace Resolution: Lookup 'token__TokenType' -> Resolved: 'token__TokenType' (Current Prefix: 'lexer__')
[2m2026-06-13T02:06:31.097842Z[0m [34mDEBUG[0m [2mgust_lexer::typechecker[0m[2m:[0m 👁️ Namespace Resolution: Lookup 'std.str_eq' -> Resolved: 'std_str_eq' (Current Prefix: 'lexer__')
[2m2026-06-13T02:06:31.097852Z[0m [34mDEBUG[0m [2mgust_lexer::typechecker::visitor[0m[2m:[0m 👁️ Expression::Call Evaluation Start: Raw Function: 'std.str_eq', Resolved: 'std_str_eq', Registry Has Key: true
[2m2026-06-13T02:06:31.097866Z[0m [34mDEBUG[0m [2mgust_lexer::typechecker::visitor[0m[2m:[0m 👁️ Call-Site Verification: Raw Function: 'std.str_eq', Resolved: 'std_str_eq', Expected Params Count: 2, Expected Params: [Str, Str], Actual Args: [("literal", Str), ("\"take\"", Str)]
[2m2026-06-13T02:06:31.097898Z[0m [34mDEBUG[0m [2mgust_lexer::typechecker[0m[2m:[0m 👁️ Namespace Resolution: Lookup 'token__TokenType' -> Resolved: 'token__TokenType' (Current Prefix: 'lexer__')
[2m2026-06-13T02:06:31.098222Z[0m [34mDEBUG[0m [2mgust_lexer::typechecker[0m[2m:[0m 👁️ Namespace Resolution: Lookup 'std.str_eq' -> Resolved: 'std_str_eq' (Current Prefix: 'lexer__')
[2m2026-06-13T02:06:31.098232Z[0m [34mDEBUG[0m [2mgust_lexer::typechecker::visitor[0m[2m:[0m 👁️ Expression::Call Evaluation Start: Raw Function: 'std.str_eq', Resolved: 'std_str_eq', Registry Has Key: true
[2m2026-06-13T02:06:31.098247Z[0m [34mDEBUG[0m [2mgust_lexer::typechecker::visitor[0m[2m:[0m 👁️ Call-Site Verification: Raw Function: 'std.str_eq', Resolved: 'std_str_eq', Expected Params Count: 2, Expected Params: [Str, Str], Actual Args: [("literal", Str), ("\"while\"", Str)]
[2m2026-06-13T02:06:31.098279Z[0m [34mDEBUG[0m [2mgust_lexer::typechecker[0m[2m:[0m 👁️ Namespace Resolution: Lookup 'token__TokenType' -> Resolved: 'token__TokenType' (Current Prefix: 'lexer__')
[2m2026-06-13T02:06:31.098597Z[0m [34mDEBUG[0m [2mgust_lexer::typechecker[0m[2m:[0m 👁️ Namespace Resolution: Lookup 'std.str_eq' -> Resolved: 'std_str_eq' (Current Prefix: 'lexer__')
[2m2026-06-13T02:06:31.098606Z[0m [34mDEBUG[0m [2mgust_lexer::typechecker::visitor[0m[2m:[0m 👁️ Expression::Call Evaluation Start: Raw Function: 'std.str_eq', Resolved: 'std_str_eq', Registry Has Key: true
[2m2026-06-13T02:06:31.098620Z[0m [34mDEBUG[0m [2mgust_lexer::typechecker::visitor[0m[2m:[0m 👁️ Call-Site Verification: Raw Function: 'std.str_eq', Resolved: 'std_str_eq', Expected Params Count: 2, Expected Params: [Str, Str], Actual Args: [("literal", Str), ("\"if\"", Str)]
[2m2026-06-13T02:06:31.098652Z[0m [34mDEBUG[0m [2mgust_lexer::typechecker[0m[2m:[0m 👁️ Namespace Resolution: Lookup 'token__TokenType' -> Resolved: 'token__TokenType' (Current Prefix: 'lexer__')
[2m2026-06-13T02:06:31.098958Z[0m [34mDEBUG[0m [2mgust_lexer::typechecker[0m[2m:[0m 👁️ Namespace Resolution: Lookup 'std.str_eq' -> Resolved: 'std_str_eq' (Current Prefix: 'lexer__')
[2m2026-06-13T02:06:31.098967Z[0m [34mDEBUG[0m [2mgust_lexer::typechecker::visitor[0m[2m:[0m 👁️ Expression::Call Evaluation Start: Raw Function: 'std.str_eq', Resolved: 'std_str_eq', Registry Has Key: true
[2m2026-06-13T02:06:31.098980Z[0m [34mDEBUG[0m [2mgust_lexer::typechecker::visitor[0m[2m:[0m 👁️ Call-Site Verification: Raw Function: 'std.str_eq', Resolved: 'std_str_eq', Expected Params Count: 2, Expected Params: [Str, Str], Actual Args: [("literal", Str), ("\"else\"", Str)]
[2m2026-06-13T02:06:31.099013Z[0m [34mDEBUG[0m [2mgust_lexer::typechecker[0m[2m:[0m 👁️ Namespace Resolution: Lookup 'token__TokenType' -> Resolved: 'token__TokenType' (Current Prefix: 'lexer__')
[2m2026-06-13T02:06:31.099334Z[0m [34mDEBUG[0m [2mgust_lexer::typechecker[0m[2m:[0m 👁️ Namespace Resolution: Lookup 'std.str_eq' -> Resolved: 'std_str_eq' (Current Prefix: 'lexer__')
[2m2026-06-13T02:06:31.099344Z[0m [34mDEBUG[0m [2mgust_lexer::typechecker::visitor[0m[2m:[0m 👁️ Expression::Call Evaluation Start: Raw Function: 'std.str_eq', Resolved: 'std_str_eq', Registry Has Key: true
[2m2026-06-13T02:06:31.099358Z[0m [34mDEBUG[0m [2mgust_lexer::typechecker::visitor[0m[2m:[0m 👁️ Call-Site Verification: Raw Function: 'std.str_eq', Resolved: 'std_str_eq', Expected Params Count: 2, Expected Params: [Str, Str], Actual Args: [("literal", Str), ("\"as\"", Str)]
[2m2026-06-13T02:06:31.099391Z[0m [34mDEBUG[0m [2mgust_lexer::typechecker[0m[2m:[0m 👁️ Namespace Resolution: Lookup 'token__TokenType' -> Resolved: 'token__TokenType' (Current Prefix: 'lexer__')
[2m2026-06-13T02:06:31.099701Z[0m [34mDEBUG[0m [2mgust_lexer::typechecker[0m[2m:[0m 👁️ Namespace Resolution: Lookup 'std.str_eq' -> Resolved: 'std_str_eq' (Current Prefix: 'lexer__')
[2m2026-06-13T02:06:31.099711Z[0m [34mDEBUG[0m [2mgust_lexer::typechecker::visitor[0m[2m:[0m 👁️ Expression::Call Evaluation Start: Raw Function: 'std.str_eq', Resolved: 'std_str_eq', Registry Has Key: true
[2m2026-06-13T02:06:31.099725Z[0m [34mDEBUG[0m [2mgust_lexer::typechecker::visitor[0m[2m:[0m 👁️ Call-Site Verification: Raw Function: 'std.str_eq', Resolved: 'std_str_eq', Expected Params Count: 2, Expected Params: [Str, Str], Actual Args: [("literal", Str), ("\"unsafe\"", Str)]
[2m2026-06-13T02:06:31.099757Z[0m [34mDEBUG[0m [2mgust_lexer::typechecker[0m[2m:[0m 👁️ Namespace Resolution: Lookup 'token__TokenType' -> Resolved: 'token__TokenType' (Current Prefix: 'lexer__')
[2m2026-06-13T02:06:31.100062Z[0m [34mDEBUG[0m [2mgust_lexer::typechecker[0m[2m:[0m 👁️ Namespace Resolution: Lookup 'std.str_eq' -> Resolved: 'std_str_eq' (Current Prefix: 'lexer__')
[2m2026-06-13T02:06:31.100071Z[0m [34mDEBUG[0m [2mgust_lexer::typechecker::visitor[0m[2m:[0m 👁️ Expression::Call Evaluation Start: Raw Function: 'std.str_eq', Resolved: 'std_str_eq', Registry Has Key: true
[2m2026-06-13T02:06:31.100085Z[0m [34mDEBUG[0m [2mgust_lexer::typechecker::visitor[0m[2m:[0m 👁️ Call-Site Verification: Raw Function: 'std.str_eq', Resolved: 'std_str_eq', Expected Params Count: 2, Expected Params: [Str, Str], Actual Args: [("literal", Str), ("\"type\"", Str)]
[2m2026-06-13T02:06:31.100117Z[0m [34mDEBUG[0m [2mgust_lexer::typechecker[0m[2m:[0m 👁️ Namespace Resolution: Lookup 'token__TokenType' -> Resolved: 'token__TokenType' (Current Prefix: 'lexer__')
[2m2026-06-13T02:06:31.100433Z[0m [34mDEBUG[0m [2mgust_lexer::typechecker[0m[2m:[0m 👁️ Namespace Resolution: Lookup 'std.str_eq' -> Resolved: 'std_str_eq' (Current Prefix: 'lexer__')
[2m2026-06-13T02:06:31.100442Z[0m [34mDEBUG[0m [2mgust_lexer::typechecker::visitor[0m[2m:[0m 👁️ Expression::Call Evaluation Start: Raw Function: 'std.str_eq', Resolved: 'std_str_eq', Registry Has Key: true
[2m2026-06-13T02:06:31.100455Z[0m [34mDEBUG[0m [2mgust_lexer::typechecker::visitor[0m[2m:[0m 👁️ Call-Site Verification: Raw Function: 'std.str_eq', Resolved: 'std_str_eq', Expected Params Count: 2, Expected Params: [Str, Str], Actual Args: [("literal", Str), ("\"struct\"", Str)]
[2m2026-06-13T02:06:31.100486Z[0m [34mDEBUG[0m [2mgust_lexer::typechecker[0m[2m:[0m 👁️ Namespace Resolution: Lookup 'token__TokenType' -> Resolved: 'token__TokenType' (Current Prefix: 'lexer__')
[2m2026-06-13T02:06:31.100803Z[0m [34mDEBUG[0m [2mgust_lexer::typechecker[0m[2m:[0m 👁️ Namespace Resolution: Lookup 'std.str_eq' -> Resolved: 'std_str_eq' (Current Prefix: 'lexer__')
[2m2026-06-13T02:06:31.100812Z[0m [34mDEBUG[0m [2mgust_lexer::typechecker::visitor[0m[2m:[0m 👁️ Expression::Call Evaluation Start: Raw Function: 'std.str_eq', Resolved: 'std_str_eq', Registry Has Key: true
[2m2026-06-13T02:06:31.100826Z[0m [34mDEBUG[0m [2mgust_lexer::typechecker::visitor[0m[2m:[0m 👁️ Call-Site Verification: Raw Function: 'std.str_eq', Resolved: 'std_str_eq', Expected Params Count: 2, Expected Params: [Str, Str], Actual Args: [("literal", Str), ("\"enum\"", Str)]
[2m2026-06-13T02:06:31.100857Z[0m [34mDEBUG[0m [2mgust_lexer::typechecker[0m[2m:[0m 👁️ Namespace Resolution: Lookup 'token__TokenType' -> Resolved: 'token__TokenType' (Current Prefix: 'lexer__')
[2m2026-06-13T02:06:31.101200Z[0m [34mDEBUG[0m [2mgust_lexer::typechecker[0m[2m:[0m 👁️ Namespace Resolution: Lookup 'std.str_eq' -> Resolved: 'std_str_eq' (Current Prefix: 'lexer__')
[2m2026-06-13T02:06:31.101212Z[0m [34mDEBUG[0m [2mgust_lexer::typechecker::visitor[0m[2m:[0m 👁️ Expression::Call Evaluation Start: Raw Function: 'std.str_eq', Resolved: 'std_str_eq', Registry Has Key: true
[2m2026-06-13T02:06:31.101227Z[0m [34mDEBUG[0m [2mgust_lexer::typechecker::visitor[0m[2m:[0m 👁️ Call-Site Verification: Raw Function: 'std.str_eq', Resolved: 'std_str_eq', Expected Params Count: 2, Expected Params: [Str, Str], Actual Args: [("literal", Str), ("\"match\"", Str)]
[2m2026-06-13T02:06:31.101258Z[0m [34mDEBUG[0m [2mgust_lexer::typechecker[0m[2m:[0m 👁️ Namespace Resolution: Lookup 'token__TokenType' -> Resolved: 'token__TokenType' (Current Prefix: 'lexer__')
[2m2026-06-13T02:06:31.101588Z[0m [34mDEBUG[0m [2mgust_lexer::typechecker[0m[2m:[0m 👁️ Namespace Resolution: Lookup 'std.str_eq' -> Resolved: 'std_str_eq' (Current Prefix: 'lexer__')
[2m2026-06-13T02:06:31.101600Z[0m [34mDEBUG[0m [2mgust_lexer::typechecker::visitor[0m[2m:[0m 👁️ Expression::Call Evaluation Start: Raw Function: 'std.str_eq', Resolved: 'std_str_eq', Registry Has Key: true
[2m2026-06-13T02:06:31.101612Z[0m [34mDEBUG[0m [2mgust_lexer::typechecker::visitor[0m[2m:[0m 👁️ Call-Site Verification: Raw Function: 'std.str_eq', Resolved: 'std_str_eq', Expected Params Count: 2, Expected Params: [Str, Str], Actual Args: [("literal", Str), ("\"return\"", Str)]
[2m2026-06-13T02:06:31.101643Z[0m [34mDEBUG[0m [2mgust_lexer::typechecker[0m[2m:[0m 👁️ Namespace Resolution: Lookup 'token__TokenType' -> Resolved: 'token__TokenType' (Current Prefix: 'lexer__')
[2m2026-06-13T02:06:31.101968Z[0m [34mDEBUG[0m [2mgust_lexer::typechecker[0m[2m:[0m 👁️ Namespace Resolution: Lookup 'std.str_eq' -> Resolved: 'std_str_eq' (Current Prefix: 'lexer__')
[2m2026-06-13T02:06:31.101981Z[0m [34mDEBUG[0m [2mgust_lexer::typechecker::visitor[0m[2m:[0m 👁️ Expression::Call Evaluation Start: Raw Function: 'std.str_eq', Resolved: 'std_str_eq', Registry Has Key: true
[2m2026-06-13T02:06:31.101994Z[0m [34mDEBUG[0m [2mgust_lexer::typechecker::visitor[0m[2m:[0m 👁️ Call-Site Verification: Raw Function: 'std.str_eq', Resolved: 'std_str_eq', Expected Params Count: 2, Expected Params: [Str, Str], Actual Args: [("literal", Str), ("\"empty\"", Str)]
[2m2026-06-13T02:06:31.102025Z[0m [34mDEBUG[0m [2mgust_lexer::typechecker[0m[2m:[0m 👁️ Namespace Resolution: Lookup 'token__TokenType' -> Resolved: 'token__TokenType' (Current Prefix: 'lexer__')
[2m2026-06-13T02:06:31.102346Z[0m [34mDEBUG[0m [2mgust_lexer::typechecker[0m[2m:[0m 👁️ Namespace Resolution: Lookup 'std.str_eq' -> Resolved: 'std_str_eq' (Current Prefix: 'lexer__')
[2m2026-06-13T02:06:31.102358Z[0m [34mDEBUG[0m [2mgust_lexer::typechecker::visitor[0m[2m:[0m 👁️ Expression::Call Evaluation Start: Raw Function: 'std.str_eq', Resolved: 'std_str_eq', Registry Has Key: true
[2m2026-06-13T02:06:31.102371Z[0m [34mDEBUG[0m [2mgust_lexer::typechecker::visitor[0m[2m:[0m 👁️ Call-Site Verification: Raw Function: 'std.str_eq', Resolved: 'std_str_eq', Expected Params Count: 2, Expected Params: [Str, Str], Actual Args: [("literal", Str), ("\"bool\"", Str)]
[2m2026-06-13T02:06:31.102402Z[0m [34mDEBUG[0m [2mgust_lexer::typechecker[0m[2m:[0m 👁️ Namespace Resolution: Lookup 'token__TokenType' -> Resolved: 'token__TokenType' (Current Prefix: 'lexer__')
[2m2026-06-13T02:06:31.102720Z[0m [34mDEBUG[0m [2mgust_lexer::typechecker[0m[2m:[0m 👁️ Namespace Resolution: Lookup 'std.str_eq' -> Resolved: 'std_str_eq' (Current Prefix: 'lexer__')
[2m2026-06-13T02:06:31.102731Z[0m [34mDEBUG[0m [2mgust_lexer::typechecker::visitor[0m[2m:[0m 👁️ Expression::Call Evaluation Start: Raw Function: 'std.str_eq', Resolved: 'std_str_eq', Registry Has Key: true
[2m2026-06-13T02:06:31.102744Z[0m [34mDEBUG[0m [2mgust_lexer::typechecker::visitor[0m[2m:[0m 👁️ Call-Site Verification: Raw Function: 'std.str_eq', Resolved: 'std_str_eq', Expected Params Count: 2, Expected Params: [Str, Str], Actual Args: [("literal", Str), ("\"true\"", Str)]
[2m2026-06-13T02:06:31.102774Z[0m [34mDEBUG[0m [2mgust_lexer::typechecker[0m[2m:[0m 👁️ Namespace Resolution: Lookup 'token__TokenType' -> Resolved: 'token__TokenType' (Current Prefix: 'lexer__')
[2m2026-06-13T02:06:31.103091Z[0m [34mDEBUG[0m [2mgust_lexer::typechecker[0m[2m:[0m 👁️ Namespace Resolution: Lookup 'std.str_eq' -> Resolved: 'std_str_eq' (Current Prefix: 'lexer__')
[2m2026-06-13T02:06:31.103100Z[0m [34mDEBUG[0m [2mgust_lexer::typechecker::visitor[0m[2m:[0m 👁️ Expression::Call Evaluation Start: Raw Function: 'std.str_eq', Resolved: 'std_str_eq', Registry Has Key: true
[2m2026-06-13T02:06:31.103113Z[0m [34mDEBUG[0m [2mgust_lexer::typechecker::visitor[0m[2m:[0m 👁️ Call-Site Verification: Raw Function: 'std.str_eq', Resolved: 'std_str_eq', Expected Params Count: 2, Expected Params: [Str, Str], Actual Args: [("literal", Str), ("\"false\"", Str)]
[2m2026-06-13T02:06:31.103144Z[0m [34mDEBUG[0m [2mgust_lexer::typechecker[0m[2m:[0m 👁️ Namespace Resolution: Lookup 'token__TokenType' -> Resolved: 'token__TokenType' (Current Prefix: 'lexer__')
[2m2026-06-13T02:06:31.103478Z[0m [34mDEBUG[0m [2mgust_lexer::typechecker[0m[2m:[0m 👁️ Namespace Resolution: Lookup 'token__TokenType' -> Resolved: 'token__TokenType' (Current Prefix: 'lexer__')
[2m2026-06-13T02:06:31.103797Z[0m [34mDEBUG[0m [2mgust_lexer::typechecker[0m[2m:[0m 👁️ Namespace Resolution: Lookup 'Lexer' -> Resolved: 'lexer__Lexer' (Current Prefix: 'lexer__')
[2m2026-06-13T02:06:31.103808Z[0m [34mDEBUG[0m [2mgust_lexer::typechecker[0m[2m:[0m 👁️ Namespace Resolution: Lookup 'lexer__Lexer' -> Resolved: 'lexer__Lexer' (Current Prefix: 'lexer__')
[2m2026-06-13T02:06:31.103828Z[0m [34mDEBUG[0m [2mgust_lexer::typechecker[0m[2m:[0m 👁️ Namespace Resolution: Lookup 'token.Token' -> Resolved: 'token__Token' (Current Prefix: 'lexer__')
[2m2026-06-13T02:06:31.103837Z[0m [34mDEBUG[0m [2mgust_lexer::typechecker[0m[2m:[0m 👁️ Namespace Resolution: Lookup 'token__Token' -> Resolved: 'token__Token' (Current Prefix: 'lexer__')
[2m2026-06-13T02:06:31.103855Z[0m [34mDEBUG[0m [2mgust_lexer::typechecker[0m[2m:[0m 👁️ Namespace Resolution: Lookup 'skip_whitespace' -> Resolved: 'lexer__skip_whitespace' (Current Prefix: 'lexer__')
[2m2026-06-13T02:06:31.103864Z[0m [34mDEBUG[0m [2mgust_lexer::typechecker::visitor[0m[2m:[0m 👁️ Expression::Call Evaluation Start: Raw Function: 'skip_whitespace', Resolved: 'lexer__skip_whitespace', Registry Has Key: true
[2m2026-06-13T02:06:31.103877Z[0m [34mDEBUG[0m [2mgust_lexer::typechecker[0m[2m:[0m 👁️ Namespace Resolution: Lookup 'lexer__Lexer_ctx' -> Resolved: 'lexer__Lexer_ctx' (Current Prefix: 'lexer__')
[2m2026-06-13T02:06:31.103886Z[0m [34mDEBUG[0m [2mgust_lexer::typechecker[0m[2m:[0m 👁️ Namespace Resolution: Lookup 'lexer__Lexer_ctx' -> Resolved: 'lexer__Lexer_ctx' (Current Prefix: 'lexer__')
[2m2026-06-13T02:06:31.103897Z[0m [34mDEBUG[0m [2mgust_lexer::typechecker::visitor[0m[2m:[0m 👁️ Call-Site Verification: Raw Function: 'skip_whitespace', Resolved: 'lexer__skip_whitespace', Expected Params Count: 1, Expected Params: [RawPointer(Struct("lexer__Lexer_ctx", Some("ctx")))], Actual Args: [("l", RawPointer(Struct("lexer__Lexer_ctx", Some("ctx"))))]
[2m2026-06-13T02:06:31.103916Z[0m [34mDEBUG[0m [2mgust_lexer::typechecker[0m[2m:[0m 👁️ Namespace Resolution: Lookup 'token.Position' -> Resolved: 'token__Position' (Current Prefix: 'lexer__')
[2m2026-06-13T02:06:31.103925Z[0m [34mDEBUG[0m [2mgust_lexer::typechecker[0m[2m:[0m 👁️ Namespace Resolution: Lookup 'token__Position' -> Resolved: 'token__Position' (Current Prefix: 'lexer__')
[2m2026-06-13T02:06:31.103934Z[0m [34mDEBUG[0m [2mgust_lexer::typechecker[0m[2m:[0m 👁️ Namespace Resolution: Lookup 'token.Position' -> Resolved: 'token__Position' (Current Prefix: 'lexer__')
[2m2026-06-13T02:06:31.103943Z[0m [34mDEBUG[0m [2mgust_lexer::typechecker[0m[2m:[0m 👁️ Namespace Resolution: Lookup 'token__Position' -> Resolved: 'token__Position' (Current Prefix: 'lexer__')
[2m2026-06-13T02:06:31.104010Z[0m [34mDEBUG[0m [2mgust_lexer::typechecker[0m[2m:[0m 👁️ Namespace Resolution: Lookup 'token.TokenType' -> Resolved: 'token__TokenType' (Current Prefix: 'lexer__')
[2m2026-06-13T02:06:31.104019Z[0m [34mDEBUG[0m [2mgust_lexer::typechecker[0m[2m:[0m 👁️ Namespace Resolution: Lookup 'token__TokenType' -> Resolved: 'token__TokenType' (Current Prefix: 'lexer__')
[2m2026-06-13T02:06:31.104028Z[0m [34mDEBUG[0m [2mgust_lexer::typechecker[0m[2m:[0m 👁️ Namespace Resolution: Lookup 'token.TokenType' -> Resolved: 'token__TokenType' (Current Prefix: 'lexer__')
[2m2026-06-13T02:06:31.104037Z[0m [34mDEBUG[0m [2mgust_lexer::typechecker[0m[2m:[0m 👁️ Namespace Resolution: Lookup 'token__TokenType' -> Resolved: 'token__TokenType' (Current Prefix: 'lexer__')
[2m2026-06-13T02:06:31.104076Z[0m [34mDEBUG[0m [2mgust_lexer::typechecker[0m[2m:[0m 👁️ Namespace Resolution: Lookup 'token__TokenType' -> Resolved: 'token__TokenType' (Current Prefix: 'lexer__')
[2m2026-06-13T02:06:31.104301Z[0m [34mDEBUG[0m [2mgust_lexer::typechecker[0m[2m:[0m 👁️ Namespace Resolution: Lookup 'std.str_slice' -> Resolved: 'std_str_slice' (Current Prefix: 'lexer__')
[2m2026-06-13T02:06:31.104312Z[0m [34mDEBUG[0m [2mgust_lexer::typechecker::visitor[0m[2m:[0m 👁️ Expression::Call Evaluation Start: Raw Function: 'std.str_slice', Resolved: 'std_str_slice', Registry Has Key: true
[2m2026-06-13T02:06:31.104337Z[0m [34mDEBUG[0m [2mgust_lexer::typechecker::visitor[0m[2m:[0m 👁️ Call-Site Verification: Raw Function: 'std.str_slice', Resolved: 'std_str_slice', Expected Params Count: 3, Expected Params: [Str, Int, Int], Actual Args: [("l.input", Str), ("start_pos.offset", Int), ("l.position", Int)]
[2m2026-06-13T02:06:31.104355Z[0m [34mDEBUG[0m [2mgust_lexer::typechecker[0m[2m:[0m 👁️ Namespace Resolution: Lookup 'std.str_slice' -> Resolved: 'std_str_slice' (Current Prefix: 'lexer__')
[2m2026-06-13T02:06:31.104377Z[0m [34mDEBUG[0m [2mgust_lexer::typechecker[0m[2m:[0m 👁️ Namespace Resolution: Lookup 'std.str_slice' -> Resolved: 'std_str_slice' (Current Prefix: 'lexer__')
[2m2026-06-13T02:06:31.104400Z[0m [34mDEBUG[0m [2mgust_lexer::typechecker[0m[2m:[0m 👁️ Namespace Resolution: Lookup 'token.Position' -> Resolved: 'token__Position' (Current Prefix: 'lexer__')
[2m2026-06-13T02:06:31.104409Z[0m [34mDEBUG[0m [2mgust_lexer::typechecker[0m[2m:[0m 👁️ Namespace Resolution: Lookup 'token__Position' -> Resolved: 'token__Position' (Current Prefix: 'lexer__')
[2m2026-06-13T02:06:31.104418Z[0m [34mDEBUG[0m [2mgust_lexer::typechecker[0m[2m:[0m 👁️ Namespace Resolution: Lookup 'token.Position' -> Resolved: 'token__Position' (Current Prefix: 'lexer__')
[2m2026-06-13T02:06:31.104427Z[0m [34mDEBUG[0m [2mgust_lexer::typechecker[0m[2m:[0m 👁️ Namespace Resolution: Lookup 'token__Position' -> Resolved: 'token__Position' (Current Prefix: 'lexer__')
[2m2026-06-13T02:06:31.104499Z[0m [34mDEBUG[0m [2mgust_lexer::typechecker[0m[2m:[0m 👁️ Namespace Resolution: Lookup 'token__Span' -> Resolved: 'token__Span' (Current Prefix: 'lexer__')
[2m2026-06-13T02:06:31.104510Z[0m [34mDEBUG[0m [2mgust_lexer::typechecker[0m[2m:[0m 👁️ Namespace Resolution: Lookup 'token__Position' -> Resolved: 'token__Position' (Current Prefix: 'lexer__')
[2m2026-06-13T02:06:31.104529Z[0m [34mDEBUG[0m [2mgust_lexer::typechecker[0m[2m:[0m 👁️ Namespace Resolution: Lookup 'token__Span' -> Resolved: 'token__Span' (Current Prefix: 'lexer__')
[2m2026-06-13T02:06:31.104549Z[0m [34mDEBUG[0m [2mgust_lexer::typechecker[0m[2m:[0m 👁️ Namespace Resolution: Lookup 'token__Span' -> Resolved: 'token__Span' (Current Prefix: 'lexer__')
[2m2026-06-13T02:06:31.104560Z[0m [34mDEBUG[0m [2mgust_lexer::typechecker[0m[2m:[0m 👁️ Namespace Resolution: Lookup 'token__Position' -> Resolved: 'token__Position' (Current Prefix: 'lexer__')
[2m2026-06-13T02:06:31.104578Z[0m [34mDEBUG[0m [2mgust_lexer::typechecker[0m[2m:[0m 👁️ Namespace Resolution: Lookup 'token__Span' -> Resolved: 'token__Span' (Current Prefix: 'lexer__')
[2m2026-06-13T02:06:31.104635Z[0m [34mDEBUG[0m [2mgust_lexer::typechecker[0m[2m:[0m 👁️ Namespace Resolution: Lookup 'peek_char' -> Resolved: 'lexer__peek_char' (Current Prefix: 'lexer__')
[2m2026-06-13T02:06:31.104644Z[0m [34mDEBUG[0m [2mgust_lexer::typechecker::visitor[0m[2m:[0m 👁️ Expression::Call Evaluation Start: Raw Function: 'peek_char', Resolved: 'lexer__peek_char', Registry Has Key: true
[2m2026-06-13T02:06:31.104658Z[0m [34mDEBUG[0m [2mgust_lexer::typechecker[0m[2m:[0m 👁️ Namespace Resolution: Lookup 'lexer__Lexer_ctx' -> Resolved: 'lexer__Lexer_ctx' (Current Prefix: 'lexer__')
[2m2026-06-13T02:06:31.104667Z[0m [34mDEBUG[0m [2mgust_lexer::typechecker[0m[2m:[0m 👁️ Namespace Resolution: Lookup 'lexer__Lexer_ctx' -> Resolved: 'lexer__Lexer_ctx' (Current Prefix: 'lexer__')
[2m2026-06-13T02:06:31.104677Z[0m [34mDEBUG[0m [2mgust_lexer::typechecker::visitor[0m[2m:[0m 👁️ Call-Site Verification: Raw Function: 'peek_char', Resolved: 'lexer__peek_char', Expected Params Count: 1, Expected Params: [RawPointer(Struct("lexer__Lexer_ctx", Some("ctx")))], Actual Args: [("l", RawPointer(Struct("lexer__Lexer_ctx", Some("ctx"))))]
[2m2026-06-13T02:06:31.104697Z[0m [34mDEBUG[0m [2mgust_lexer::typechecker[0m[2m:[0m 👁️ Namespace Resolution: Lookup 'read_char' -> Resolved: 'lexer__read_char' (Current Prefix: 'lexer__')
[2m2026-06-13T02:06:31.104706Z[0m [34mDEBUG[0m [2mgust_lexer::typechecker::visitor[0m[2m:[0m 👁️ Expression::Call Evaluation Start: Raw Function: 'read_char', Resolved: 'lexer__read_char', Registry Has Key: true
[2m2026-06-13T02:06:31.104821Z[0m [34mDEBUG[0m [2mgust_lexer::typechecker[0m[2m:[0m 👁️ Namespace Resolution: Lookup 'lexer__Lexer_ctx' -> Resolved: 'lexer__Lexer_ctx' (Current Prefix: 'lexer__')
[2m2026-06-13T02:06:31.104831Z[0m [34mDEBUG[0m [2mgust_lexer::typechecker[0m[2m:[0m 👁️ Namespace Resolution: Lookup 'lexer__Lexer_ctx' -> Resolved: 'lexer__Lexer_ctx' (Current Prefix: 'lexer__')
[2m2026-06-13T02:06:31.104840Z[0m [34mDEBUG[0m [2mgust_lexer::typechecker::visitor[0m[2m:[0m 👁️ Call-Site Verification: Raw Function: 'read_char', Resolved: 'lexer__read_char', Expected Params Count: 1, Expected Params: [RawPointer(Struct("lexer__Lexer_ctx", Some("ctx")))], Actual Args: [("l", RawPointer(Struct("lexer__Lexer_ctx", Some("ctx"))))]
[2m2026-06-13T02:06:31.104933Z[0m [34mDEBUG[0m [2mgust_lexer::typechecker[0m[2m:[0m 👁️ Namespace Resolution: Lookup 'read_char' -> Resolved: 'lexer__read_char' (Current Prefix: 'lexer__')
[2m2026-06-13T02:06:31.104942Z[0m [34mDEBUG[0m [2mgust_lexer::typechecker::visitor[0m[2m:[0m 👁️ Expression::Call Evaluation Start: Raw Function: 'read_char', Resolved: 'lexer__read_char', Registry Has Key: true
[2m2026-06-13T02:06:31.104955Z[0m [34mDEBUG[0m [2mgust_lexer::typechecker[0m[2m:[0m 👁️ Namespace Resolution: Lookup 'lexer__Lexer_ctx' -> Resolved: 'lexer__Lexer_ctx' (Current Prefix: 'lexer__')
[2m2026-06-13T02:06:31.104965Z[0m [34mDEBUG[0m [2mgust_lexer::typechecker[0m[2m:[0m 👁️ Namespace Resolution: Lookup 'lexer__Lexer_ctx' -> Resolved: 'lexer__Lexer_ctx' (Current Prefix: 'lexer__')
[2m2026-06-13T02:06:31.104974Z[0m [34mDEBUG[0m [2mgust_lexer::typechecker::visitor[0m[2m:[0m 👁️ Call-Site Verification: Raw Function: 'read_char', Resolved: 'lexer__read_char', Expected Params Count: 1, Expected Params: [RawPointer(Struct("lexer__Lexer_ctx", Some("ctx")))], Actual Args: [("l", RawPointer(Struct("lexer__Lexer_ctx", Some("ctx"))))]
[2m2026-06-13T02:06:31.105027Z[0m [34mDEBUG[0m [2mgust_lexer::typechecker[0m[2m:[0m 👁️ Namespace Resolution: Lookup 'peek_char' -> Resolved: 'lexer__peek_char' (Current Prefix: 'lexer__')
[2m2026-06-13T02:06:31.105036Z[0m [34mDEBUG[0m [2mgust_lexer::typechecker::visitor[0m[2m:[0m 👁️ Expression::Call Evaluation Start: Raw Function: 'peek_char', Resolved: 'lexer__peek_char', Registry Has Key: true
[2m2026-06-13T02:06:31.105049Z[0m [34mDEBUG[0m [2mgust_lexer::typechecker[0m[2m:[0m 👁️ Namespace Resolution: Lookup 'lexer__Lexer_ctx' -> Resolved: 'lexer__Lexer_ctx' (Current Prefix: 'lexer__')
[2m2026-06-13T02:06:31.105058Z[0m [34mDEBUG[0m [2mgust_lexer::typechecker[0m[2m:[0m 👁️ Namespace Resolution: Lookup 'lexer__Lexer_ctx' -> Resolved: 'lexer__Lexer_ctx' (Current Prefix: 'lexer__')
[2m2026-06-13T02:06:31.105067Z[0m [34mDEBUG[0m [2mgust_lexer::typechecker::visitor[0m[2m:[0m 👁️ Call-Site Verification: Raw Function: 'peek_char', Resolved: 'lexer__peek_char', Expected Params Count: 1, Expected Params: [RawPointer(Struct("lexer__Lexer_ctx", Some("ctx")))], Actual Args: [("l", RawPointer(Struct("lexer__Lexer_ctx", Some("ctx"))))]
[2m2026-06-13T02:06:31.105094Z[0m [34mDEBUG[0m [2mgust_lexer::typechecker[0m[2m:[0m 👁️ Namespace Resolution: Lookup 'read_char' -> Resolved: 'lexer__read_char' (Current Prefix: 'lexer__')
[2m2026-06-13T02:06:31.105102Z[0m [34mDEBUG[0m [2mgust_lexer::typechecker::visitor[0m[2m:[0m 👁️ Expression::Call Evaluation Start: Raw Function: 'read_char', Resolved: 'lexer__read_char', Registry Has Key: true
[2m2026-06-13T02:06:31.105120Z[0m [34mDEBUG[0m [2mgust_lexer::typechecker[0m[2m:[0m 👁️ Namespace Resolution: Lookup 'lexer__Lexer_ctx' -> Resolved: 'lexer__Lexer_ctx' (Current Prefix: 'lexer__')
[2m2026-06-13T02:06:31.105129Z[0m [34mDEBUG[0m [2mgust_lexer::typechecker[0m[2m:[0m 👁️ Namespace Resolution: Lookup 'lexer__Lexer_ctx' -> Resolved: 'lexer__Lexer_ctx' (Current Prefix: 'lexer__')
[2m2026-06-13T02:06:31.105138Z[0m [34mDEBUG[0m [2mgust_lexer::typechecker::visitor[0m[2m:[0m 👁️ Call-Site Verification: Raw Function: 'read_char', Resolved: 'lexer__read_char', Expected Params Count: 1, Expected Params: [RawPointer(Struct("lexer__Lexer_ctx", Some("ctx")))], Actual Args: [("l", RawPointer(Struct("lexer__Lexer_ctx", Some("ctx"))))]
[2m2026-06-13T02:06:31.105180Z[0m [34mDEBUG[0m [2mgust_lexer::typechecker[0m[2m:[0m 👁️ Namespace Resolution: Lookup 'read_char' -> Resolved: 'lexer__read_char' (Current Prefix: 'lexer__')
[2m2026-06-13T02:06:31.105188Z[0m [34mDEBUG[0m [2mgust_lexer::typechecker::visitor[0m[2m:[0m 👁️ Expression::Call Evaluation Start: Raw Function: 'read_char', Resolved: 'lexer__read_char', Registry Has Key: true
[2m2026-06-13T02:06:31.105200Z[0m [34mDEBUG[0m [2mgust_lexer::typechecker[0m[2m:[0m 👁️ Namespace Resolution: Lookup 'lexer__Lexer_ctx' -> Resolved: 'lexer__Lexer_ctx' (Current Prefix: 'lexer__')
[2m2026-06-13T02:06:31.105208Z[0m [34mDEBUG[0m [2mgust_lexer::typechecker[0m[2m:[0m 👁️ Namespace Resolution: Lookup 'lexer__Lexer_ctx' -> Resolved: 'lexer__Lexer_ctx' (Current Prefix: 'lexer__')
[2m2026-06-13T02:06:31.105216Z[0m [34mDEBUG[0m [2mgust_lexer::typechecker::visitor[0m[2m:[0m 👁️ Call-Site Verification: Raw Function: 'read_char', Resolved: 'lexer__read_char', Expected Params Count: 1, Expected Params: [RawPointer(Struct("lexer__Lexer_ctx", Some("ctx")))], Actual Args: [("l", RawPointer(Struct("lexer__Lexer_ctx", Some("ctx"))))]
[2m2026-06-13T02:06:31.105352Z[0m [34mDEBUG[0m [2mgust_lexer::typechecker[0m[2m:[0m 👁️ Namespace Resolution: Lookup 'read_char' -> Resolved: 'lexer__read_char' (Current Prefix: 'lexer__')
[2m2026-06-13T02:06:31.105360Z[0m [34mDEBUG[0m [2mgust_lexer::typechecker::visitor[0m[2m:[0m 👁️ Expression::Call Evaluation Start: Raw Function: 'read_char', Resolved: 'lexer__read_char', Registry Has Key: true
[2m2026-06-13T02:06:31.105375Z[0m [34mDEBUG[0m [2mgust_lexer::typechecker[0m[2m:[0m 👁️ Namespace Resolution: Lookup 'lexer__Lexer_ctx' -> Resolved: 'lexer__Lexer_ctx' (Current Prefix: 'lexer__')
[2m2026-06-13T02:06:31.105383Z[0m [34mDEBUG[0m [2mgust_lexer::typechecker[0m[2m:[0m 👁️ Namespace Resolution: Lookup 'lexer__Lexer_ctx' -> Resolved: 'lexer__Lexer_ctx' (Current Prefix: 'lexer__')
[2m2026-06-13T02:06:31.105392Z[0m [34mDEBUG[0m [2mgust_lexer::typechecker::visitor[0m[2m:[0m 👁️ Call-Site Verification: Raw Function: 'read_char', Resolved: 'lexer__read_char', Expected Params Count: 1, Expected Params: [RawPointer(Struct("lexer__Lexer_ctx", Some("ctx")))], Actual Args: [("l", RawPointer(Struct("lexer__Lexer_ctx", Some("ctx"))))]
[2m2026-06-13T02:06:31.105469Z[0m [34mDEBUG[0m [2mgust_lexer::typechecker[0m[2m:[0m 👁️ Namespace Resolution: Lookup 'peek_char' -> Resolved: 'lexer__peek_char' (Current Prefix: 'lexer__')
[2m2026-06-13T02:06:31.105478Z[0m [34mDEBUG[0m [2mgust_lexer::typechecker::visitor[0m[2m:[0m 👁️ Expression::Call Evaluation Start: Raw Function: 'peek_char', Resolved: 'lexer__peek_char', Registry Has Key: true
[2m2026-06-13T02:06:31.105489Z[0m [34mDEBUG[0m [2mgust_lexer::typechecker[0m[2m:[0m 👁️ Namespace Resolution: Lookup 'lexer__Lexer_ctx' -> Resolved: 'lexer__Lexer_ctx' (Current Prefix: 'lexer__')
[2m2026-06-13T02:06:31.105498Z[0m [34mDEBUG[0m [2mgust_lexer::typechecker[0m[2m:[0m 👁️ Namespace Resolution: Lookup 'lexer__Lexer_ctx' -> Resolved: 'lexer__Lexer_ctx' (Current Prefix: 'lexer__')
[2m2026-06-13T02:06:31.105506Z[0m [34mDEBUG[0m [2mgust_lexer::typechecker::visitor[0m[2m:[0m 👁️ Call-Site Verification: Raw Function: 'peek_char', Resolved: 'lexer__peek_char', Expected Params Count: 1, Expected Params: [RawPointer(Struct("lexer__Lexer_ctx", Some("ctx")))], Actual Args: [("l", RawPointer(Struct("lexer__Lexer_ctx", Some("ctx"))))]
[2m2026-06-13T02:06:31.105525Z[0m [34mDEBUG[0m [2mgust_lexer::typechecker[0m[2m:[0m 👁️ Namespace Resolution: Lookup 'read_char' -> Resolved: 'lexer__read_char' (Current Prefix: 'lexer__')
[2m2026-06-13T02:06:31.105533Z[0m [34mDEBUG[0m [2mgust_lexer::typechecker::visitor[0m[2m:[0m 👁️ Expression::Call Evaluation Start: Raw Function: 'read_char', Resolved: 'lexer__read_char', Registry Has Key: true
[2m2026-06-13T02:06:31.105545Z[0m [34mDEBUG[0m [2mgust_lexer::typechecker[0m[2m:[0m 👁️ Namespace Resolution: Lookup 'lexer__Lexer_ctx' -> Resolved: 'lexer__Lexer_ctx' (Current Prefix: 'lexer__')
[2m2026-06-13T02:06:31.105553Z[0m [34mDEBUG[0m [2mgust_lexer::typechecker[0m[2m:[0m 👁️ Namespace Resolution: Lookup 'lexer__Lexer_ctx' -> Resolved: 'lexer__Lexer_ctx' (Current Prefix: 'lexer__')
[2m2026-06-13T02:06:31.105561Z[0m [34mDEBUG[0m [2mgust_lexer::typechecker::visitor[0m[2m:[0m 👁️ Call-Site Verification: Raw Function: 'read_char', Resolved: 'lexer__read_char', Expected Params Count: 1, Expected Params: [RawPointer(Struct("lexer__Lexer_ctx", Some("ctx")))], Actual Args: [("l", RawPointer(Struct("lexer__Lexer_ctx", Some("ctx"))))]
[2m2026-06-13T02:06:31.105589Z[0m [34mDEBUG[0m [2mgust_lexer::typechecker[0m[2m:[0m 👁️ Namespace Resolution: Lookup 'read_char' -> Resolved: 'lexer__read_char' (Current Prefix: 'lexer__')
[2m2026-06-13T02:06:31.105597Z[0m [34mDEBUG[0m [2mgust_lexer::typechecker::visitor[0m[2m:[0m 👁️ Expression::Call Evaluation Start: Raw Function: 'read_char', Resolved: 'lexer__read_char', Registry Has Key: true
[2m2026-06-13T02:06:31.105608Z[0m [34mDEBUG[0m [2mgust_lexer::typechecker[0m[2m:[0m 👁️ Namespace Resolution: Lookup 'lexer__Lexer_ctx' -> Resolved: 'lexer__Lexer_ctx' (Current Prefix: 'lexer__')
[2m2026-06-13T02:06:31.105616Z[0m [34mDEBUG[0m [2mgust_lexer::typechecker[0m[2m:[0m 👁️ Namespace Resolution: Lookup 'lexer__Lexer_ctx' -> Resolved: 'lexer__Lexer_ctx' (Current Prefix: 'lexer__')
[2m2026-06-13T02:06:31.105625Z[0m [34mDEBUG[0m [2mgust_lexer::typechecker::visitor[0m[2m:[0m 👁️ Call-Site Verification: Raw Function: 'read_char', Resolved: 'lexer__read_char', Expected Params Count: 1, Expected Params: [RawPointer(Struct("lexer__Lexer_ctx", Some("ctx")))], Actual Args: [("l", RawPointer(Struct("lexer__Lexer_ctx", Some("ctx"))))]
[2m2026-06-13T02:06:31.105662Z[0m [34mDEBUG[0m [2mgust_lexer::typechecker[0m[2m:[0m 👁️ Namespace Resolution: Lookup 'read_char' -> Resolved: 'lexer__read_char' (Current Prefix: 'lexer__')
[2m2026-06-13T02:06:31.105670Z[0m [34mDEBUG[0m [2mgust_lexer::typechecker::visitor[0m[2m:[0m 👁️ Expression::Call Evaluation Start: Raw Function: 'read_char', Resolved: 'lexer__read_char', Registry Has Key: true
[2m2026-06-13T02:06:31.105683Z[0m [34mDEBUG[0m [2mgust_lexer::typechecker[0m[2m:[0m 👁️ Namespace Resolution: Lookup 'lexer__Lexer_ctx' -> Resolved: 'lexer__Lexer_ctx' (Current Prefix: 'lexer__')
[2m2026-06-13T02:06:31.105691Z[0m [34mDEBUG[0m [2mgust_lexer::typechecker[0m[2m:[0m 👁️ Namespace Resolution: Lookup 'lexer__Lexer_ctx' -> Resolved: 'lexer__Lexer_ctx' (Current Prefix: 'lexer__')
[2m2026-06-13T02:06:31.105700Z[0m [34mDEBUG[0m [2mgust_lexer::typechecker::visitor[0m[2m:[0m 👁️ Call-Site Verification: Raw Function: 'read_char', Resolved: 'lexer__read_char', Expected Params Count: 1, Expected Params: [RawPointer(Struct("lexer__Lexer_ctx", Some("ctx")))], Actual Args: [("l", RawPointer(Struct("lexer__Lexer_ctx", Some("ctx"))))]
[2m2026-06-13T02:06:31.105811Z[0m [34mDEBUG[0m [2mgust_lexer::typechecker[0m[2m:[0m 👁️ Namespace Resolution: Lookup 'peek_char' -> Resolved: 'lexer__peek_char' (Current Prefix: 'lexer__')
[2m2026-06-13T02:06:31.105819Z[0m [34mDEBUG[0m [2mgust_lexer::typechecker::visitor[0m[2m:[0m 👁️ Expression::Call Evaluation Start: Raw Function: 'peek_char', Resolved: 'lexer__peek_char', Registry Has Key: true
[2m2026-06-13T02:06:31.105831Z[0m [34mDEBUG[0m [2mgust_lexer::typechecker[0m[2m:[0m 👁️ Namespace Resolution: Lookup 'lexer__Lexer_ctx' -> Resolved: 'lexer__Lexer_ctx' (Current Prefix: 'lexer__')
[2m2026-06-13T02:06:31.105839Z[0m [34mDEBUG[0m [2mgust_lexer::typechecker[0m[2m:[0m 👁️ Namespace Resolution: Lookup 'lexer__Lexer_ctx' -> Resolved: 'lexer__Lexer_ctx' (Current Prefix: 'lexer__')
[2m2026-06-13T02:06:31.105847Z[0m [34mDEBUG[0m [2mgust_lexer::typechecker::visitor[0m[2m:[0m 👁️ Call-Site Verification: Raw Function: 'peek_char', Resolved: 'lexer__peek_char', Expected Params Count: 1, Expected Params: [RawPointer(Struct("lexer__Lexer_ctx", Some("ctx")))], Actual Args: [("l", RawPointer(Struct("lexer__Lexer_ctx", Some("ctx"))))]
[2m2026-06-13T02:06:31.105865Z[0m [34mDEBUG[0m [2mgust_lexer::typechecker[0m[2m:[0m 👁️ Namespace Resolution: Lookup 'read_char' -> Resolved: 'lexer__read_char' (Current Prefix: 'lexer__')
[2m2026-06-13T02:06:31.105873Z[0m [34mDEBUG[0m [2mgust_lexer::typechecker::visitor[0m[2m:[0m 👁️ Expression::Call Evaluation Start: Raw Function: 'read_char', Resolved: 'lexer__read_char', Registry Has Key: true
[2m2026-06-13T02:06:31.105885Z[0m [34mDEBUG[0m [2mgust_lexer::typechecker[0m[2m:[0m 👁️ Namespace Resolution: Lookup 'lexer__Lexer_ctx' -> Resolved: 'lexer__Lexer_ctx' (Current Prefix: 'lexer__')
[2m2026-06-13T02:06:31.105893Z[0m [34mDEBUG[0m [2mgust_lexer::typechecker[0m[2m:[0m 👁️ Namespace Resolution: Lookup 'lexer__Lexer_ctx' -> Resolved: 'lexer__Lexer_ctx' (Current Prefix: 'lexer__')
[2m2026-06-13T02:06:31.105901Z[0m [34mDEBUG[0m [2mgust_lexer::typechecker::visitor[0m[2m:[0m 👁️ Call-Site Verification: Raw Function: 'read_char', Resolved: 'lexer__read_char', Expected Params Count: 1, Expected Params: [RawPointer(Struct("lexer__Lexer_ctx", Some("ctx")))], Actual Args: [("l", RawPointer(Struct("lexer__Lexer_ctx", Some("ctx"))))]
[2m2026-06-13T02:06:31.105923Z[0m [34mDEBUG[0m [2mgust_lexer::typechecker[0m[2m:[0m 👁️ Namespace Resolution: Lookup 'read_char' -> Resolved: 'lexer__read_char' (Current Prefix: 'lexer__')
[2m2026-06-13T02:06:31.105931Z[0m [34mDEBUG[0m [2mgust_lexer::typechecker::visitor[0m[2m:[0m 👁️ Expression::Call Evaluation Start: Raw Function: 'read_char', Resolved: 'lexer__read_char', Registry Has Key: true
[2m2026-06-13T02:06:31.105942Z[0m [34mDEBUG[0m [2mgust_lexer::typechecker[0m[2m:[0m 👁️ Namespace Resolution: Lookup 'lexer__Lexer_ctx' -> Resolved: 'lexer__Lexer_ctx' (Current Prefix: 'lexer__')
[2m2026-06-13T02:06:31.105950Z[0m [34mDEBUG[0m [2mgust_lexer::typechecker[0m[2m:[0m 👁️ Namespace Resolution: Lookup 'lexer__Lexer_ctx' -> Resolved: 'lexer__Lexer_ctx' (Current Prefix: 'lexer__')
[2m2026-06-13T02:06:31.105959Z[0m [34mDEBUG[0m [2mgust_lexer::typechecker::visitor[0m[2m:[0m 👁️ Call-Site Verification: Raw Function: 'read_char', Resolved: 'lexer__read_char', Expected Params Count: 1, Expected Params: [RawPointer(Struct("lexer__Lexer_ctx", Some("ctx")))], Actual Args: [("l", RawPointer(Struct("lexer__Lexer_ctx", Some("ctx"))))]
[2m2026-06-13T02:06:31.106152Z[0m [34mDEBUG[0m [2mgust_lexer::typechecker[0m[2m:[0m 👁️ Namespace Resolution: Lookup 'next_token' -> Resolved: 'lexer__next_token' (Current Prefix: 'lexer__')
[2m2026-06-13T02:06:31.106160Z[0m [34mDEBUG[0m [2mgust_lexer::typechecker::visitor[0m[2m:[0m 👁️ Expression::Call Evaluation Start: Raw Function: 'next_token', Resolved: 'lexer__next_token', Registry Has Key: true
[2m2026-06-13T02:06:31.106172Z[0m [34mDEBUG[0m [2mgust_lexer::typechecker[0m[2m:[0m 👁️ Namespace Resolution: Lookup 'lexer__Lexer_ctx' -> Resolved: 'lexer__Lexer_ctx' (Current Prefix: 'lexer__')
[2m2026-06-13T02:06:31.106180Z[0m [34mDEBUG[0m [2mgust_lexer::typechecker[0m[2m:[0m 👁️ Namespace Resolution: Lookup 'lexer__Lexer_ctx' -> Resolved: 'lexer__Lexer_ctx' (Current Prefix: 'lexer__')
[2m2026-06-13T02:06:31.106192Z[0m [34mDEBUG[0m [2mgust_lexer::typechecker[0m[2m:[0m 👁️ Namespace Resolution: Lookup 'token__Token_ctx' -> Resolved: 'token__Token_ctx' (Current Prefix: 'lexer__')
[2m2026-06-13T02:06:31.106200Z[0m [34mDEBUG[0m [2mgust_lexer::typechecker[0m[2m:[0m 👁️ Namespace Resolution: Lookup 'token__Token_ctx' -> Resolved: 'token__Token_ctx' (Current Prefix: 'lexer__')
[2m2026-06-13T02:06:31.106208Z[0m [34mDEBUG[0m [2mgust_lexer::typechecker::visitor[0m[2m:[0m 👁️ Call-Site Verification: Raw Function: 'next_token', Resolved: 'lexer__next_token', Expected Params Count: 1, Expected Params: [RawPointer(Struct("lexer__Lexer_ctx", Some("ctx")))], Actual Args: [("l", RawPointer(Struct("lexer__Lexer_ctx", Some("ctx")))), ("tok", RawPointer(Struct("token__Token_ctx", Some("ctx"))))]

thread 'test_lexer_view_extraction' (252736) panicked at tests/compile_tests.rs:2441:13:
Typechecking failed: Some(TypeError { kind: ArgumentMismatch, message: "Semantic Error: Function 'lexer__next_token' expects 1 arguments but got 2", span: Some(Span { start: Position { line: 235, column: 17, offset: 6229 }, end: Position { line: 235, column: 35, offset: 6247 } }) })
FAILED
test test_linear_enum_propagation_recognized_as_linear ... [2m2026-06-13T02:06:31.107017Z[0m [34mDEBUG[0m [2mgust_lexer::typechecker::visitor[0m[2m:[0m 🗄️ Stdlib Registered: Alias 'os' maps to prefix 'os_'
[2m2026-06-13T02:06:31.107036Z[0m [34mDEBUG[0m [2mgust_lexer::typechecker::visitor[0m[2m:[0m 🗄️ Stdlib Registered: Alias 'std' maps to prefix 'std_'
[2m2026-06-13T02:06:31.107167Z[0m [34mDEBUG[0m [2mgust_lexer::typechecker[0m[2m:[0m 👁️ Namespace Resolution: Lookup 'MyLinear' -> Resolved: 'MyLinear' (Current Prefix: '')
[2m2026-06-13T02:06:31.107179Z[0m [34mDEBUG[0m [2mgust_lexer::typechecker[0m[2m:[0m 👁️ Namespace Resolution: Lookup 'MyLinear' -> Resolved: 'MyLinear' (Current Prefix: '')
ok
test test_linear_struct_propagation_recognized_as_linear ... [2m2026-06-13T02:06:31.107549Z[0m [34mDEBUG[0m [2mgust_lexer::typechecker::visitor[0m[2m:[0m 🗄️ Stdlib Registered: Alias 'os' maps to prefix 'os_'
[2m2026-06-13T02:06:31.107563Z[0m [34mDEBUG[0m [2mgust_lexer::typechecker::visitor[0m[2m:[0m 🗄️ Stdlib Registered: Alias 'std' maps to prefix 'std_'
ok
test test_lookup_result_c_codegen_emission ... [2m2026-06-13T02:06:31.108209Z[0m [34mDEBUG[0m [2mgust_lexer::typechecker::visitor[0m[2m:[0m 🗄️ Stdlib Registered: Alias 'os' maps to prefix 'os_'
[2m2026-06-13T02:06:31.108243Z[0m [34mDEBUG[0m [2mgust_lexer::typechecker::visitor[0m[2m:[0m 🗄️ Stdlib Registered: Alias 'std' maps to prefix 'std_'
[2m2026-06-13T02:06:31.108619Z[0m [34mDEBUG[0m [2mgust_lexer::typechecker::visitor[0m[2m:[0m 🗄️ Function Pre-Registration: Raw name: 'main', Namespaced: 'main', Parameter Count: 0, Params: []
[2m2026-06-13T02:06:31.108688Z[0m [34mDEBUG[0m [2mgust_lexer::typechecker[0m[2m:[0m 👁️ Namespace Resolution: Lookup 'os.Arena.New' -> Resolved: 'os_Arena.New' (Current Prefix: '')
[2m2026-06-13T02:06:31.108720Z[0m [34mDEBUG[0m [2mgust_lexer::typechecker::visitor[0m[2m:[0m 👁️ Expression::Call Evaluation Start: Raw Function: 'os.Arena.New', Resolved: 'os_Arena.New', Registry Has Key: false
[2m2026-06-13T02:06:31.108778Z[0m [34mDEBUG[0m [2mgust_lexer::typechecker::visitor[0m[2m:[0m 👁️ Expression::Call Evaluation Start: Raw Function: 'ctx.Free', Resolved: 'ctx.Free', Registry Has Key: false
[2m2026-06-13T02:06:31.108842Z[0m [34mDEBUG[0m [2mgust_lexer::typechecker[0m[2m:[0m 👁️ Namespace Resolution: Lookup 'os.HashMapNew' -> Resolved: 'os_HashMapNew' (Current Prefix: '')
[2m2026-06-13T02:06:31.108874Z[0m [34mDEBUG[0m [2mgust_lexer::typechecker::visitor[0m[2m:[0m 👁️ Expression::Call Evaluation Start: Raw Function: 'os.HashMapNew', Resolved: 'os_HashMapNew', Registry Has Key: false
[2m2026-06-13T02:06:31.108919Z[0m [34mDEBUG[0m [2mgust_lexer::typechecker[0m[2m:[0m 👁️ Namespace Resolution: Lookup 'HashMap_Any' -> Resolved: 'HashMap_Any' (Current Prefix: '')
[2m2026-06-13T02:06:31.108954Z[0m [34mDEBUG[0m [2mgust_lexer::typechecker[0m[2m:[0m 👁️ Namespace Resolution: Lookup 'HashMap_Any' -> Resolved: 'HashMap_Any' (Current Prefix: '')
[2m2026-06-13T02:06:31.108992Z[0m [34mDEBUG[0m [2mgust_lexer::typechecker[0m[2m:[0m 👁️ Namespace Resolution: Lookup 'HashMap' -> Resolved: 'HashMap' (Current Prefix: '')
[2m2026-06-13T02:06:31.109024Z[0m [34mDEBUG[0m [2mgust_lexer::typechecker[0m[2m:[0m 👁️ Namespace Resolution: Lookup 'ctx' -> Resolved: 'ctx' (Current Prefix: '')
[2m2026-06-13T02:06:31.109057Z[0m [34mDEBUG[0m [2mgust_lexer::typechecker[0m[2m:[0m 👁️ Namespace Resolution: Lookup 'ctx' -> Resolved: 'ctx' (Current Prefix: '')
[2m2026-06-13T02:06:31.109151Z[0m [34mDEBUG[0m [2mgust_lexer::typechecker[0m[2m:[0m 👁️ Namespace Resolution: Lookup 'HashMap_int_int_ctx' -> Resolved: 'HashMap_int_int_ctx' (Current Prefix: '')
[2m2026-06-13T02:06:31.109172Z[0m [34mDEBUG[0m [2mgust_lexer::typechecker::visitor[0m[2m:[0m 👁️ Expression::Call Evaluation Start: Raw Function: 'map.Get', Resolved: 'map.Get', Registry Has Key: false
[2m2026-06-13T02:06:31.109202Z[0m [34mDEBUG[0m [2mgust_lexer::typechecker[0m[2m:[0m 👁️ Namespace Resolution: Lookup 'LookupResult_int' -> Resolved: 'LookupResult_int' (Current Prefix: '')
[2m2026-06-13T02:06:31.109217Z[0m [34mDEBUG[0m [2mgust_lexer::typechecker[0m[2m:[0m 👁️ Namespace Resolution: Lookup 'LookupResult_int' -> Resolved: 'LookupResult_int' (Current Prefix: '')
ok
test test_malformed_empty_intrinsic_rejected ... ok
test test_match_pattern_destructuring_codegen ... [2m2026-06-13T02:06:31.111639Z[0m [34mDEBUG[0m [2mgust_lexer::typechecker::visitor[0m[2m:[0m 🗄️ Stdlib Registered: Alias 'os' maps to prefix 'os_'
[2m2026-06-13T02:06:31.111655Z[0m [34mDEBUG[0m [2mgust_lexer::typechecker::visitor[0m[2m:[0m 🗄️ Stdlib Registered: Alias 'std' maps to prefix 'std_'
[2m2026-06-13T02:06:31.111841Z[0m [34mDEBUG[0m [2mgust_lexer::typechecker[0m[2m:[0m 👁️ Namespace Resolution: Lookup 'MyEnum' -> Resolved: 'MyEnum' (Current Prefix: '')
[2m2026-06-13T02:06:31.111858Z[0m [34mDEBUG[0m [2mgust_lexer::typechecker[0m[2m:[0m 👁️ Namespace Resolution: Lookup 'MyEnum' -> Resolved: 'MyEnum' (Current Prefix: '')
[2m2026-06-13T02:06:31.111874Z[0m [34mDEBUG[0m [2mgust_lexer::typechecker::visitor[0m[2m:[0m 🗄️ Function Pre-Registration: Raw name: 'process', Namespaced: 'process', Parameter Count: 1, Params: ["e: Struct(\"MyEnum\", None)"]
[2m2026-06-13T02:06:31.111912Z[0m [34mDEBUG[0m [2mgust_lexer::typechecker[0m[2m:[0m 👁️ Namespace Resolution: Lookup 'MyEnum' -> Resolved: 'MyEnum' (Current Prefix: '')
ok
test test_match_pattern_destructuring_compile_pass ... [2m2026-06-13T02:06:31.114521Z[0m [34mDEBUG[0m [2mgust_lexer::typechecker::visitor[0m[2m:[0m 🗄️ Stdlib Registered: Alias 'os' maps to prefix 'os_'
[2m2026-06-13T02:06:31.114531Z[0m [34mDEBUG[0m [2mgust_lexer::typechecker::visitor[0m[2m:[0m 🗄️ Stdlib Registered: Alias 'std' maps to prefix 'std_'
[2m2026-06-13T02:06:31.114643Z[0m [34mDEBUG[0m [2mgust_lexer::typechecker[0m[2m:[0m 👁️ Namespace Resolution: Lookup 'MyEnum' -> Resolved: 'MyEnum' (Current Prefix: '')
[2m2026-06-13T02:06:31.114652Z[0m [34mDEBUG[0m [2mgust_lexer::typechecker[0m[2m:[0m 👁️ Namespace Resolution: Lookup 'MyEnum' -> Resolved: 'MyEnum' (Current Prefix: '')
[2m2026-06-13T02:06:31.114662Z[0m [34mDEBUG[0m [2mgust_lexer::typechecker::visitor[0m[2m:[0m 🗄️ Function Pre-Registration: Raw name: 'process', Namespaced: 'process', Parameter Count: 1, Params: ["e: Struct(\"MyEnum\", None)"]
[2m2026-06-13T02:06:31.114685Z[0m [34mDEBUG[0m [2mgust_lexer::typechecker[0m[2m:[0m 👁️ Namespace Resolution: Lookup 'MyEnum' -> Resolved: 'MyEnum' (Current Prefix: '')
ok
test test_match_pattern_destructuring_field_not_found ... [2m2026-06-13T02:06:31.115125Z[0m [34mDEBUG[0m [2mgust_lexer::typechecker::visitor[0m[2m:[0m 🗄️ Stdlib Registered: Alias 'os' maps to prefix 'os_'
[2m2026-06-13T02:06:31.115132Z[0m [34mDEBUG[0m [2mgust_lexer::typechecker::visitor[0m[2m:[0m 🗄️ Stdlib Registered: Alias 'std' maps to prefix 'std_'
[2m2026-06-13T02:06:31.115250Z[0m [34mDEBUG[0m [2mgust_lexer::typechecker[0m[2m:[0m 👁️ Namespace Resolution: Lookup 'MyEnum' -> Resolved: 'MyEnum' (Current Prefix: '')
[2m2026-06-13T02:06:31.115260Z[0m [34mDEBUG[0m [2mgust_lexer::typechecker[0m[2m:[0m 👁️ Namespace Resolution: Lookup 'MyEnum' -> Resolved: 'MyEnum' (Current Prefix: '')
[2m2026-06-13T02:06:31.115273Z[0m [34mDEBUG[0m [2mgust_lexer::typechecker::visitor[0m[2m:[0m 🗄️ Function Pre-Registration: Raw name: 'process', Namespaced: 'process', Parameter Count: 1, Params: ["e: Struct(\"MyEnum\", None)"]
[2m2026-06-13T02:06:31.115301Z[0m [34mDEBUG[0m [2mgust_lexer::typechecker[0m[2m:[0m 👁️ Namespace Resolution: Lookup 'MyEnum' -> Resolved: 'MyEnum' (Current Prefix: '')
ok
test test_match_pattern_destructuring_origin_invalidated ... [2m2026-06-13T02:06:31.115728Z[0m [34mDEBUG[0m [2mgust_lexer::typechecker::visitor[0m[2m:[0m 🗄️ Stdlib Registered: Alias 'os' maps to prefix 'os_'
[2m2026-06-13T02:06:31.115743Z[0m [34mDEBUG[0m [2mgust_lexer::typechecker::visitor[0m[2m:[0m 🗄️ Stdlib Registered: Alias 'std' maps to prefix 'std_'
[2m2026-06-13T02:06:31.115885Z[0m [34mDEBUG[0m [2mgust_lexer::typechecker::visitor[0m[2m:[0m 🗄️ Function Pre-Registration: Raw name: 'main', Namespaced: 'main', Parameter Count: 0, Params: []
[2m2026-06-13T02:06:31.115920Z[0m [34mDEBUG[0m [2mgust_lexer::typechecker[0m[2m:[0m 👁️ Namespace Resolution: Lookup 'MyEnum' -> Resolved: 'MyEnum' (Current Prefix: '')
[2m2026-06-13T02:06:31.115931Z[0m [34mDEBUG[0m [2mgust_lexer::typechecker[0m[2m:[0m 👁️ Namespace Resolution: Lookup 'MyEnum' -> Resolved: 'MyEnum' (Current Prefix: '')
[2m2026-06-13T02:06:31.115940Z[0m [34mDEBUG[0m [2mgust_lexer::typechecker[0m[2m:[0m 👁️ Namespace Resolution: Lookup 'MyEnum' -> Resolved: 'MyEnum' (Current Prefix: '')
[2m2026-06-13T02:06:31.115949Z[0m [34mDEBUG[0m [2mgust_lexer::typechecker[0m[2m:[0m 👁️ Namespace Resolution: Lookup 'MyEnum' -> Resolved: 'MyEnum' (Current Prefix: '')
[2m2026-06-13T02:06:31.116007Z[0m [34mDEBUG[0m [2mgust_lexer::typechecker[0m[2m:[0m 👁️ Namespace Resolution: Lookup 'MyEnum_VariantA' -> Resolved: 'MyEnum_VariantA' (Current Prefix: '')
[2m2026-06-13T02:06:31.116026Z[0m [34mDEBUG[0m [2mgust_lexer::typechecker[0m[2m:[0m 👁️ Namespace Resolution: Lookup 'MyEnum_VariantA' -> Resolved: 'MyEnum_VariantA' (Current Prefix: '')
[2m2026-06-13T02:06:31.116067Z[0m [34mDEBUG[0m [2mgust_lexer::typechecker[0m[2m:[0m 👁️ Namespace Resolution: Lookup 'MyEnum' -> Resolved: 'MyEnum' (Current Prefix: '')
[2m2026-06-13T02:06:31.116077Z[0m [34mDEBUG[0m [2mgust_lexer::typechecker[0m[2m:[0m 👁️ Namespace Resolution: Lookup 'MyEnum' -> Resolved: 'MyEnum' (Current Prefix: '')
[2m2026-06-13T02:06:31.116093Z[0m [34mDEBUG[0m [2mgust_lexer::typechecker[0m[2m:[0m 👁️ Namespace Resolution: Lookup 'os.LogStr' -> Resolved: 'os_LogStr' (Current Prefix: '')
[2m2026-06-13T02:06:31.116103Z[0m [34mDEBUG[0m [2mgust_lexer::typechecker::visitor[0m[2m:[0m 👁️ Expression::Call Evaluation Start: Raw Function: 'os.LogStr', Resolved: 'os_LogStr', Registry Has Key: false
ok
test test_monomorphized_linear_collection_is_linear ... [2m2026-06-13T02:06:31.116503Z[0m [34mDEBUG[0m [2mgust_lexer::typechecker::visitor[0m[2m:[0m 🗄️ Stdlib Registered: Alias 'os' maps to prefix 'os_'
[2m2026-06-13T02:06:31.116516Z[0m [34mDEBUG[0m [2mgust_lexer::typechecker::visitor[0m[2m:[0m 🗄️ Stdlib Registered: Alias 'std' maps to prefix 'std_'
[2m2026-06-13T02:06:31.116632Z[0m [34mDEBUG[0m [2mgust_lexer::typechecker::visitor[0m[2m:[0m 🗄️ Function Pre-Registration: Raw name: 'main', Namespaced: 'main', Parameter Count: 0, Params: []
[2m2026-06-13T02:06:31.116654Z[0m [34mDEBUG[0m [2mgust_lexer::typechecker[0m[2m:[0m 👁️ Namespace Resolution: Lookup 'Wrapper' -> Resolved: 'Wrapper' (Current Prefix: '')
[2m2026-06-13T02:06:31.116679Z[0m [34mDEBUG[0m [2mgust_lexer::typechecker[0m[2m:[0m 👁️ Namespace Resolution: Lookup 'Wrapper_int_ptr' -> Resolved: 'Wrapper_int_ptr' (Current Prefix: '')
[2m2026-06-13T02:06:31.116688Z[0m [34mDEBUG[0m [2mgust_lexer::typechecker[0m[2m:[0m 👁️ Namespace Resolution: Lookup 'Wrapper' -> Resolved: 'Wrapper' (Current Prefix: '')
[2m2026-06-13T02:06:31.116702Z[0m [34mDEBUG[0m [2mgust_lexer::typechecker[0m[2m:[0m 👁️ Namespace Resolution: Lookup 'Wrapper_int_ptr' -> Resolved: 'Wrapper_int_ptr' (Current Prefix: '')
[2m2026-06-13T02:06:31.116725Z[0m [34mDEBUG[0m [2mgust_lexer::typechecker[0m[2m:[0m 👁️ Namespace Resolution: Lookup 'Wrapper_int_ptr' -> Resolved: 'Wrapper_int_ptr' (Current Prefix: '')
[2m2026-06-13T02:06:31.116735Z[0m [34mDEBUG[0m [2mgust_lexer::typechecker[0m[2m:[0m 👁️ Namespace Resolution: Lookup 'Wrapper_int_ptr' -> Resolved: 'Wrapper_int_ptr' (Current Prefix: '')
ok
test test_monomorphized_linear_move_generates_cleanup ... [2m2026-06-13T02:06:31.117023Z[0m [34mDEBUG[0m [2mgust_lexer::typechecker::visitor[0m[2m:[0m 🗄️ Stdlib Registered: Alias 'os' maps to prefix 'os_'
[2m2026-06-13T02:06:31.117040Z[0m [34mDEBUG[0m [2mgust_lexer::typechecker::visitor[0m[2m:[0m 🗄️ Stdlib Registered: Alias 'std' maps to prefix 'std_'
[2m2026-06-13T02:06:31.117230Z[0m [34mDEBUG[0m [2mgust_lexer::typechecker::visitor[0m[2m:[0m 🗄️ Function Pre-Registration: Raw name: 'main', Namespaced: 'main', Parameter Count: 0, Params: []
[2m2026-06-13T02:06:31.117263Z[0m [34mDEBUG[0m [2mgust_lexer::typechecker[0m[2m:[0m 👁️ Namespace Resolution: Lookup 'MyLinear' -> Resolved: 'MyLinear' (Current Prefix: '')
[2m2026-06-13T02:06:31.117281Z[0m [34mDEBUG[0m [2mgust_lexer::typechecker[0m[2m:[0m 👁️ Namespace Resolution: Lookup 'MyLinear' -> Resolved: 'MyLinear' (Current Prefix: '')
[2m2026-06-13T02:06:31.117294Z[0m [34mDEBUG[0m [2mgust_lexer::typechecker[0m[2m:[0m 👁️ Namespace Resolution: Lookup 'MyLinear' -> Resolved: 'MyLinear' (Current Prefix: '')
[2m2026-06-13T02:06:31.117309Z[0m [34mDEBUG[0m [2mgust_lexer::typechecker[0m[2m:[0m 👁️ Namespace Resolution: Lookup 'MyLinear' -> Resolved: 'MyLinear' (Current Prefix: '')
[2m2026-06-13T02:06:31.117341Z[0m [34mDEBUG[0m [2mgust_lexer::typechecker[0m[2m:[0m 👁️ Namespace Resolution: Lookup 'MyLinear' -> Resolved: 'MyLinear' (Current Prefix: '')
[2m2026-06-13T02:06:31.117355Z[0m [34mDEBUG[0m [2mgust_lexer::typechecker[0m[2m:[0m 👁️ Namespace Resolution: Lookup 'MyLinear' -> Resolved: 'MyLinear' (Current Prefix: '')
ok
test test_monomorphized_pod_collection_is_copyable ... [2m2026-06-13T02:06:31.118836Z[0m [34mDEBUG[0m [2mgust_lexer::typechecker::visitor[0m[2m:[0m 🗄️ Stdlib Registered: Alias 'os' maps to prefix 'os_'
[2m2026-06-13T02:06:31.118850Z[0m [34mDEBUG[0m [2mgust_lexer::typechecker::visitor[0m[2m:[0m 🗄️ Stdlib Registered: Alias 'std' maps to prefix 'std_'
[2m2026-06-13T02:06:31.119001Z[0m [34mDEBUG[0m [2mgust_lexer::typechecker::visitor[0m[2m:[0m 🗄️ Function Pre-Registration: Raw name: 'main', Namespaced: 'main', Parameter Count: 0, Params: []
[2m2026-06-13T02:06:31.119027Z[0m [34mDEBUG[0m [2mgust_lexer::typechecker[0m[2m:[0m 👁️ Namespace Resolution: Lookup 'Wrapper' -> Resolved: 'Wrapper' (Current Prefix: '')
[2m2026-06-13T02:06:31.119053Z[0m [34mDEBUG[0m [2mgust_lexer::typechecker[0m[2m:[0m 👁️ Namespace Resolution: Lookup 'Wrapper_int' -> Resolved: 'Wrapper_int' (Current Prefix: '')
[2m2026-06-13T02:06:31.119064Z[0m [34mDEBUG[0m [2mgust_lexer::typechecker[0m[2m:[0m 👁️ Namespace Resolution: Lookup 'Wrapper' -> Resolved: 'Wrapper' (Current Prefix: '')
[2m2026-06-13T02:06:31.119082Z[0m [34mDEBUG[0m [2mgust_lexer::typechecker[0m[2m:[0m 👁️ Namespace Resolution: Lookup 'Wrapper_int' -> Resolved: 'Wrapper_int' (Current Prefix: '')
[2m2026-06-13T02:06:31.119140Z[0m [34mDEBUG[0m [2mgust_lexer::typechecker[0m[2m:[0m 👁️ Namespace Resolution: Lookup 'Wrapper_int' -> Resolved: 'Wrapper_int' (Current Prefix: '')
[2m2026-06-13T02:06:31.119152Z[0m [34mDEBUG[0m [2mgust_lexer::typechecker[0m[2m:[0m 👁️ Namespace Resolution: Lookup 'Wrapper_int' -> Resolved: 'Wrapper_int' (Current Prefix: '')
[2m2026-06-13T02:06:31.119169Z[0m [34mDEBUG[0m [2mgust_lexer::typechecker[0m[2m:[0m 👁️ Namespace Resolution: Lookup 'os.LogInt' -> Resolved: 'os_LogInt' (Current Prefix: '')
[2m2026-06-13T02:06:31.119182Z[0m [34mDEBUG[0m [2mgust_lexer::typechecker::visitor[0m[2m:[0m 👁️ Expression::Call Evaluation Start: Raw Function: 'os.LogInt', Resolved: 'os_LogInt', Registry Has Key: false
ok
test test_monomorphized_pod_move_generates_no_cleanup ... [2m2026-06-13T02:06:31.119585Z[0m [34mDEBUG[0m [2mgust_lexer::typechecker::visitor[0m[2m:[0m 🗄️ Stdlib Registered: Alias 'os' maps to prefix 'os_'
[2m2026-06-13T02:06:31.119610Z[0m [34mDEBUG[0m [2mgust_lexer::typechecker::visitor[0m[2m:[0m 🗄️ Stdlib Registered: Alias 'std' maps to prefix 'std_'
[2m2026-06-13T02:06:31.119880Z[0m [34mDEBUG[0m [2mgust_lexer::typechecker::visitor[0m[2m:[0m 🗄️ Function Pre-Registration: Raw name: 'main', Namespaced: 'main', Parameter Count: 0, Params: []
[2m2026-06-13T02:06:31.119929Z[0m [34mDEBUG[0m [2mgust_lexer::typechecker[0m[2m:[0m 👁️ Namespace Resolution: Lookup 'MyPod' -> Resolved: 'MyPod' (Current Prefix: '')
[2m2026-06-13T02:06:31.119953Z[0m [34mDEBUG[0m [2mgust_lexer::typechecker[0m[2m:[0m 👁️ Namespace Resolution: Lookup 'MyPod' -> Resolved: 'MyPod' (Current Prefix: '')
[2m2026-06-13T02:06:31.119971Z[0m [34mDEBUG[0m [2mgust_lexer::typechecker[0m[2m:[0m 👁️ Namespace Resolution: Lookup 'MyPod' -> Resolved: 'MyPod' (Current Prefix: '')
[2m2026-06-13T02:06:31.119991Z[0m [34mDEBUG[0m [2mgust_lexer::typechecker[0m[2m:[0m 👁️ Namespace Resolution: Lookup 'MyPod' -> Resolved: 'MyPod' (Current Prefix: '')
[2m2026-06-13T02:06:31.120069Z[0m [34mDEBUG[0m [2mgust_lexer::typechecker[0m[2m:[0m 👁️ Namespace Resolution: Lookup 'MyPod' -> Resolved: 'MyPod' (Current Prefix: '')
[2m2026-06-13T02:06:31.120093Z[0m [34mDEBUG[0m [2mgust_lexer::typechecker[0m[2m:[0m 👁️ Namespace Resolution: Lookup 'MyPod' -> Resolved: 'MyPod' (Current Prefix: '')
ok
test test_monomorphized_take_codegen ... [2m2026-06-13T02:06:31.121772Z[0m [34mDEBUG[0m [2mgust_lexer::typechecker::visitor[0m[2m:[0m 🗄️ Stdlib Registered: Alias 'os' maps to prefix 'os_'
[2m2026-06-13T02:06:31.121788Z[0m [34mDEBUG[0m [2mgust_lexer::typechecker::visitor[0m[2m:[0m 🗄️ Stdlib Registered: Alias 'std' maps to prefix 'std_'
[2m2026-06-13T02:06:31.121974Z[0m [34mDEBUG[0m [2mgust_lexer::typechecker::visitor[0m[2m:[0m 🗄️ Function Pre-Registration: Raw name: 'main', Namespaced: 'main', Parameter Count: 0, Params: []
[2m2026-06-13T02:06:31.122008Z[0m [34mDEBUG[0m [2mgust_lexer::typechecker[0m[2m:[0m 👁️ Namespace Resolution: Lookup 'MyPod' -> Resolved: 'MyPod' (Current Prefix: '')
[2m2026-06-13T02:06:31.122024Z[0m [34mDEBUG[0m [2mgust_lexer::typechecker[0m[2m:[0m 👁️ Namespace Resolution: Lookup 'MyPod' -> Resolved: 'MyPod' (Current Prefix: '')
[2m2026-06-13T02:06:31.122036Z[0m [34mDEBUG[0m [2mgust_lexer::typechecker[0m[2m:[0m 👁️ Namespace Resolution: Lookup 'MyPod' -> Resolved: 'MyPod' (Current Prefix: '')
[2m2026-06-13T02:06:31.122049Z[0m [34mDEBUG[0m [2mgust_lexer::typechecker[0m[2m:[0m 👁️ Namespace Resolution: Lookup 'MyPod' -> Resolved: 'MyPod' (Current Prefix: '')
[2m2026-06-13T02:06:31.122111Z[0m [34mDEBUG[0m [2mgust_lexer::typechecker[0m[2m:[0m 👁️ Namespace Resolution: Lookup 'MyPod' -> Resolved: 'MyPod' (Current Prefix: '')
[2m2026-06-13T02:06:31.122125Z[0m [34mDEBUG[0m [2mgust_lexer::typechecker[0m[2m:[0m 👁️ Namespace Resolution: Lookup 'MyPod' -> Resolved: 'MyPod' (Current Prefix: '')
[2m2026-06-13T02:06:31.122145Z[0m [34mDEBUG[0m [2mgust_lexer::typechecker[0m[2m:[0m 👁️ Namespace Resolution: Lookup 'MyLinear' -> Resolved: 'MyLinear' (Current Prefix: '')
[2m2026-06-13T02:06:31.122158Z[0m [34mDEBUG[0m [2mgust_lexer::typechecker[0m[2m:[0m 👁️ Namespace Resolution: Lookup 'MyLinear' -> Resolved: 'MyLinear' (Current Prefix: '')
[2m2026-06-13T02:06:31.122171Z[0m [34mDEBUG[0m [2mgust_lexer::typechecker[0m[2m:[0m 👁️ Namespace Resolution: Lookup 'MyLinear' -> Resolved: 'MyLinear' (Current Prefix: '')
[2m2026-06-13T02:06:31.122186Z[0m [34mDEBUG[0m [2mgust_lexer::typechecker[0m[2m:[0m 👁️ Namespace Resolution: Lookup 'MyLinear' -> Resolved: 'MyLinear' (Current Prefix: '')
[2m2026-06-13T02:06:31.122208Z[0m [34mDEBUG[0m [2mgust_lexer::typechecker[0m[2m:[0m 👁️ Namespace Resolution: Lookup 'MyLinear' -> Resolved: 'MyLinear' (Current Prefix: '')
[2m2026-06-13T02:06:31.122221Z[0m [34mDEBUG[0m [2mgust_lexer::typechecker[0m[2m:[0m 👁️ Namespace Resolution: Lookup 'MyLinear' -> Resolved: 'MyLinear' (Current Prefix: '')
ok
test test_move_linear_type_invalidates ... [2m2026-06-13T02:06:31.124452Z[0m [34mDEBUG[0m [2mgust_lexer::typechecker::visitor[0m[2m:[0m 🗄️ Stdlib Registered: Alias 'os' maps to prefix 'os_'
[2m2026-06-13T02:06:31.124477Z[0m [34mDEBUG[0m [2mgust_lexer::typechecker::visitor[0m[2m:[0m 🗄️ Stdlib Registered: Alias 'std' maps to prefix 'std_'
[2m2026-06-13T02:06:31.124748Z[0m [34mDEBUG[0m [2mgust_lexer::typechecker::visitor[0m[2m:[0m 🗄️ Function Pre-Registration: Raw name: 'main', Namespaced: 'main', Parameter Count: 0, Params: []
[2m2026-06-13T02:06:31.124796Z[0m [34mDEBUG[0m [2mgust_lexer::typechecker[0m[2m:[0m 👁️ Namespace Resolution: Lookup 'MyLinear' -> Resolved: 'MyLinear' (Current Prefix: '')
[2m2026-06-13T02:06:31.124810Z[0m [34mDEBUG[0m [2mgust_lexer::typechecker[0m[2m:[0m 👁️ Namespace Resolution: Lookup 'MyLinear' -> Resolved: 'MyLinear' (Current Prefix: '')
[2m2026-06-13T02:06:31.124825Z[0m [34mDEBUG[0m [2mgust_lexer::typechecker[0m[2m:[0m 👁️ Namespace Resolution: Lookup 'MyLinear' -> Resolved: 'MyLinear' (Current Prefix: '')
[2m2026-06-13T02:06:31.124838Z[0m [34mDEBUG[0m [2mgust_lexer::typechecker[0m[2m:[0m 👁️ Namespace Resolution: Lookup 'MyLinear' -> Resolved: 'MyLinear' (Current Prefix: '')
[2m2026-06-13T02:06:31.124867Z[0m [34mDEBUG[0m [2mgust_lexer::typechecker[0m[2m:[0m 👁️ Namespace Resolution: Lookup 'MyLinear' -> Resolved: 'MyLinear' (Current Prefix: '')
[2m2026-06-13T02:06:31.124882Z[0m [34mDEBUG[0m [2mgust_lexer::typechecker[0m[2m:[0m 👁️ Namespace Resolution: Lookup 'MyLinear' -> Resolved: 'MyLinear' (Current Prefix: '')
ok
test test_move_pod_type_does_not_invalidate ... [2m2026-06-13T02:06:31.125449Z[0m [34mDEBUG[0m [2mgust_lexer::typechecker::visitor[0m[2m:[0m 🗄️ Stdlib Registered: Alias 'os' maps to prefix 'os_'
[2m2026-06-13T02:06:31.125465Z[0m [34mDEBUG[0m [2mgust_lexer::typechecker::visitor[0m[2m:[0m 🗄️ Stdlib Registered: Alias 'std' maps to prefix 'std_'
[2m2026-06-13T02:06:31.125640Z[0m [34mDEBUG[0m [2mgust_lexer::typechecker::visitor[0m[2m:[0m 🗄️ Function Pre-Registration: Raw name: 'main', Namespaced: 'main', Parameter Count: 0, Params: []
[2m2026-06-13T02:06:31.125671Z[0m [34mDEBUG[0m [2mgust_lexer::typechecker[0m[2m:[0m 👁️ Namespace Resolution: Lookup 'MyPod' -> Resolved: 'MyPod' (Current Prefix: '')
[2m2026-06-13T02:06:31.125684Z[0m [34mDEBUG[0m [2mgust_lexer::typechecker[0m[2m:[0m 👁️ Namespace Resolution: Lookup 'MyPod' -> Resolved: 'MyPod' (Current Prefix: '')
[2m2026-06-13T02:06:31.125696Z[0m [34mDEBUG[0m [2mgust_lexer::typechecker[0m[2m:[0m 👁️ Namespace Resolution: Lookup 'MyPod' -> Resolved: 'MyPod' (Current Prefix: '')
[2m2026-06-13T02:06:31.125709Z[0m [34mDEBUG[0m [2mgust_lexer::typechecker[0m[2m:[0m 👁️ Namespace Resolution: Lookup 'MyPod' -> Resolved: 'MyPod' (Current Prefix: '')
[2m2026-06-13T02:06:31.125772Z[0m [34mDEBUG[0m [2mgust_lexer::typechecker[0m[2m:[0m 👁️ Namespace Resolution: Lookup 'MyPod' -> Resolved: 'MyPod' (Current Prefix: '')
[2m2026-06-13T02:06:31.125787Z[0m [34mDEBUG[0m [2mgust_lexer::typechecker[0m[2m:[0m 👁️ Namespace Resolution: Lookup 'MyPod' -> Resolved: 'MyPod' (Current Prefix: '')
[2m2026-06-13T02:06:31.125806Z[0m [34mDEBUG[0m [2mgust_lexer::typechecker[0m[2m:[0m 👁️ Namespace Resolution: Lookup 'os.LogInt' -> Resolved: 'os_LogInt' (Current Prefix: '')
[2m2026-06-13T02:06:31.125819Z[0m [34mDEBUG[0m [2mgust_lexer::typechecker::visitor[0m[2m:[0m 👁️ Expression::Call Evaluation Start: Raw Function: 'os.LogInt', Resolved: 'os_LogInt', Registry Has Key: false
[2m2026-06-13T02:06:31.125870Z[0m [34mDEBUG[0m [2mgust_lexer::typechecker[0m[2m:[0m 👁️ Namespace Resolution: Lookup 'os.LogInt' -> Resolved: 'os_LogInt' (Current Prefix: '')
[2m2026-06-13T02:06:31.125885Z[0m [34mDEBUG[0m [2mgust_lexer::typechecker::visitor[0m[2m:[0m 👁️ Expression::Call Evaluation Start: Raw Function: 'os.LogInt', Resolved: 'os_LogInt', Registry Has Key: false
ok
test test_move_propagated_linear_enum_invalidates ... [2m2026-06-13T02:06:31.126242Z[0m [34mDEBUG[0m [2mgust_lexer::typechecker::visitor[0m[2m:[0m 🗄️ Stdlib Registered: Alias 'os' maps to prefix 'os_'
[2m2026-06-13T02:06:31.126258Z[0m [34mDEBUG[0m [2mgust_lexer::typechecker::visitor[0m[2m:[0m 🗄️ Stdlib Registered: Alias 'std' maps to prefix 'std_'
[2m2026-06-13T02:06:31.126416Z[0m [34mDEBUG[0m [2mgust_lexer::typechecker[0m[2m:[0m 👁️ Namespace Resolution: Lookup 'MyLinear' -> Resolved: 'MyLinear' (Current Prefix: '')
[2m2026-06-13T02:06:31.126430Z[0m [34mDEBUG[0m [2mgust_lexer::typechecker[0m[2m:[0m 👁️ Namespace Resolution: Lookup 'MyLinear' -> Resolved: 'MyLinear' (Current Prefix: '')
[2m2026-06-13T02:06:31.126451Z[0m [34mDEBUG[0m [2mgust_lexer::typechecker::visitor[0m[2m:[0m 🗄️ Function Pre-Registration: Raw name: 'main', Namespaced: 'main', Parameter Count: 0, Params: []
[2m2026-06-13T02:06:31.126495Z[0m [34mDEBUG[0m [2mgust_lexer::typechecker[0m[2m:[0m 👁️ Namespace Resolution: Lookup 'LinearEnum' -> Resolved: 'LinearEnum' (Current Prefix: '')
[2m2026-06-13T02:06:31.126509Z[0m [34mDEBUG[0m [2mgust_lexer::typechecker[0m[2m:[0m 👁️ Namespace Resolution: Lookup 'LinearEnum' -> Resolved: 'LinearEnum' (Current Prefix: '')
[2m2026-06-13T02:06:31.126521Z[0m [34mDEBUG[0m [2mgust_lexer::typechecker[0m[2m:[0m 👁️ Namespace Resolution: Lookup 'LinearEnum' -> Resolved: 'LinearEnum' (Current Prefix: '')
[2m2026-06-13T02:06:31.126535Z[0m [34mDEBUG[0m [2mgust_lexer::typechecker[0m[2m:[0m 👁️ Namespace Resolution: Lookup 'LinearEnum' -> Resolved: 'LinearEnum' (Current Prefix: '')
[2m2026-06-13T02:06:31.126586Z[0m [34mDEBUG[0m [2mgust_lexer::typechecker[0m[2m:[0m 👁️ Namespace Resolution: Lookup 'LinearEnum' -> Resolved: 'LinearEnum' (Current Prefix: '')
[2m2026-06-13T02:06:31.126593Z[0m [34mDEBUG[0m [2mgust_lexer::typechecker[0m[2m:[0m 👁️ Namespace Resolution: Lookup 'LinearEnum' -> Resolved: 'LinearEnum' (Current Prefix: '')
[2m2026-06-13T02:06:31.126602Z[0m [34mDEBUG[0m [2mgust_lexer::typechecker[0m[2m:[0m 👁️ Namespace Resolution: Lookup 'os.LogInt' -> Resolved: 'os_LogInt' (Current Prefix: '')
[2m2026-06-13T02:06:31.126607Z[0m [34mDEBUG[0m [2mgust_lexer::typechecker::visitor[0m[2m:[0m 👁️ Expression::Call Evaluation Start: Raw Function: 'os.LogInt', Resolved: 'os_LogInt', Registry Has Key: false
ok
test test_move_propagated_linear_struct_invalidates ... [2m2026-06-13T02:06:31.127091Z[0m [34mDEBUG[0m [2mgust_lexer::typechecker::visitor[0m[2m:[0m 🗄️ Stdlib Registered: Alias 'os' maps to prefix 'os_'
[2m2026-06-13T02:06:31.127108Z[0m [34mDEBUG[0m [2mgust_lexer::typechecker::visitor[0m[2m:[0m 🗄️ Stdlib Registered: Alias 'std' maps to prefix 'std_'
[2m2026-06-13T02:06:31.127286Z[0m [34mDEBUG[0m [2mgust_lexer::typechecker[0m[2m:[0m 👁️ Namespace Resolution: Lookup 'MyLinear' -> Resolved: 'MyLinear' (Current Prefix: '')
[2m2026-06-13T02:06:31.127303Z[0m [34mDEBUG[0m [2mgust_lexer::typechecker[0m[2m:[0m 👁️ Namespace Resolution: Lookup 'MyLinear' -> Resolved: 'MyLinear' (Current Prefix: '')
[2m2026-06-13T02:06:31.127328Z[0m [34mDEBUG[0m [2mgust_lexer::typechecker[0m[2m:[0m 👁️ Namespace Resolution: Lookup 'NestedEnum' -> Resolved: 'NestedEnum' (Current Prefix: '')
[2m2026-06-13T02:06:31.127341Z[0m [34mDEBUG[0m [2mgust_lexer::typechecker[0m[2m:[0m 👁️ Namespace Resolution: Lookup 'NestedEnum' -> Resolved: 'NestedEnum' (Current Prefix: '')
[2m2026-06-13T02:06:31.127360Z[0m [34mDEBUG[0m [2mgust_lexer::typechecker::visitor[0m[2m:[0m 🗄️ Function Pre-Registration: Raw name: 'main', Namespaced: 'main', Parameter Count: 0, Params: []
[2m2026-06-13T02:06:31.127420Z[0m [34mDEBUG[0m [2mgust_lexer::typechecker[0m[2m:[0m 👁️ Namespace Resolution: Lookup 'OuterPod' -> Resolved: 'OuterPod' (Current Prefix: '')
[2m2026-06-13T02:06:31.127438Z[0m [34mDEBUG[0m [2mgust_lexer::typechecker[0m[2m:[0m 👁️ Namespace Resolution: Lookup 'OuterPod' -> Resolved: 'OuterPod' (Current Prefix: '')
[2m2026-06-13T02:06:31.127450Z[0m [34mDEBUG[0m [2mgust_lexer::typechecker[0m[2m:[0m 👁️ Namespace Resolution: Lookup 'OuterPod' -> Resolved: 'OuterPod' (Current Prefix: '')
[2m2026-06-13T02:06:31.127463Z[0m [34mDEBUG[0m [2mgust_lexer::typechecker[0m[2m:[0m 👁️ Namespace Resolution: Lookup 'OuterPod' -> Resolved: 'OuterPod' (Current Prefix: '')
[2m2026-06-13T02:06:31.127522Z[0m [34mDEBUG[0m [2mgust_lexer::typechecker[0m[2m:[0m 👁️ Namespace Resolution: Lookup 'OuterPod' -> Resolved: 'OuterPod' (Current Prefix: '')
[2m2026-06-13T02:06:31.127535Z[0m [34mDEBUG[0m [2mgust_lexer::typechecker[0m[2m:[0m 👁️ Namespace Resolution: Lookup 'OuterPod' -> Resolved: 'OuterPod' (Current Prefix: '')
[2m2026-06-13T02:06:31.127554Z[0m [34mDEBUG[0m [2mgust_lexer::typechecker[0m[2m:[0m 👁️ Namespace Resolution: Lookup 'os.LogInt' -> Resolved: 'os_LogInt' (Current Prefix: '')
[2m2026-06-13T02:06:31.127567Z[0m [34mDEBUG[0m [2mgust_lexer::typechecker::visitor[0m[2m:[0m 👁️ Expression::Call Evaluation Start: Raw Function: 'os.LogInt', Resolved: 'os_LogInt', Registry Has Key: false
ok
test test_multi_file_compilation_cycle ... [2m2026-06-13T02:06:31.127857Z[0m [34mDEBUG[0m [2mgust_lexer::parser[0m[2m:[0m 📥 Parsed Import Statement: Path 'b.gst', Alias: 'None'
[2m2026-06-13T02:06:31.127891Z[0m [34mDEBUG[0m [2mgust_lexer::parser[0m[2m:[0m 📥 Parsed Import Statement: Path 'a.gst', Alias: 'None'
ok
test test_multi_file_compilation_success ... [2m2026-06-13T02:06:31.128156Z[0m [34mDEBUG[0m [2mgust_lexer::parser[0m[2m:[0m 📥 Parsed Import Statement: Path 'lib.gst', Alias: 'None'
[2m2026-06-13T02:06:31.128289Z[0m [34mDEBUG[0m [2mgust_lexer::typechecker::visitor[0m[2m:[0m 🗄️ Stdlib Registered: Alias 'os' maps to prefix 'os_'
[2m2026-06-13T02:06:31.128300Z[0m [34mDEBUG[0m [2mgust_lexer::typechecker::visitor[0m[2m:[0m 🗄️ Stdlib Registered: Alias 'std' maps to prefix 'std_'
[2m2026-06-13T02:06:31.128417Z[0m [34mDEBUG[0m [2mgust_lexer::typechecker::visitor[0m[2m:[0m 🗄️ Function Pre-Registration: Raw name: 'helper', Namespaced: 'helper', Parameter Count: 0, Params: []
[2m2026-06-13T02:06:31.128430Z[0m [34mDEBUG[0m [2mgust_lexer::typechecker::visitor[0m[2m:[0m 🗄️ Import Alias Mapping Registered (Pre-pass): 'lib' -> 'lib__' (for path 'lib.gst')
[2m2026-06-13T02:06:31.128439Z[0m [34mDEBUG[0m [2mgust_lexer::typechecker::visitor[0m[2m:[0m 🗄️ Function Pre-Registration: Raw name: 'main', Namespaced: 'main', Parameter Count: 0, Params: []
[2m2026-06-13T02:06:31.128456Z[0m [34mDEBUG[0m [2mgust_lexer::typechecker::visitor[0m[2m:[0m 🗄️ Import Alias Mapping Registered (Statement Pass): 'lib' -> 'lib__' (for path 'lib.gst')
[2m2026-06-13T02:06:31.128474Z[0m [34mDEBUG[0m [2mgust_lexer::typechecker[0m[2m:[0m 👁️ Namespace Resolution: Lookup 'helper' -> Resolved: 'helper' (Current Prefix: '')
[2m2026-06-13T02:06:31.128482Z[0m [34mDEBUG[0m [2mgust_lexer::typechecker::visitor[0m[2m:[0m 👁️ Expression::Call Evaluation Start: Raw Function: 'helper', Resolved: 'helper', Registry Has Key: true
[2m2026-06-13T02:06:31.128494Z[0m [34mDEBUG[0m [2mgust_lexer::typechecker::visitor[0m[2m:[0m 👁️ Call-Site Verification: Raw Function: 'helper', Resolved: 'helper', Expected Params Count: 0, Expected Params: [], Actual Args: []
ok
test test_multiple_syntax_errors_diagnostic_reporting ... ok
test test_mutex_lock_type_safety ... [2m2026-06-13T02:06:31.129377Z[0m [34mDEBUG[0m [2mgust_lexer::typechecker::visitor[0m[2m:[0m 🗄️ Stdlib Registered: Alias 'os' maps to prefix 'os_'
[2m2026-06-13T02:06:31.129396Z[0m [34mDEBUG[0m [2mgust_lexer::typechecker::visitor[0m[2m:[0m 🗄️ Stdlib Registered: Alias 'std' maps to prefix 'std_'
[2m2026-06-13T02:06:31.129575Z[0m [34mDEBUG[0m [2mgust_lexer::typechecker::visitor[0m[2m:[0m 🗄️ Function Pre-Registration: Raw name: 'main', Namespaced: 'main', Parameter Count: 0, Params: []
[2m2026-06-13T02:06:31.129623Z[0m [34mDEBUG[0m [2mgust_lexer::typechecker[0m[2m:[0m 👁️ Namespace Resolution: Lookup 'os.Arena.New' -> Resolved: 'os_Arena.New' (Current Prefix: '')
[2m2026-06-13T02:06:31.129639Z[0m [34mDEBUG[0m [2mgust_lexer::typechecker::visitor[0m[2m:[0m 👁️ Expression::Call Evaluation Start: Raw Function: 'os.Arena.New', Resolved: 'os_Arena.New', Registry Has Key: false
[2m2026-06-13T02:06:31.129665Z[0m [34mDEBUG[0m [2mgust_lexer::typechecker::visitor[0m[2m:[0m 👁️ Expression::Call Evaluation Start: Raw Function: 'ctx.Free', Resolved: 'ctx.Free', Registry Has Key: false
[2m2026-06-13T02:06:31.129697Z[0m [34mDEBUG[0m [2mgust_lexer::typechecker[0m[2m:[0m 👁️ Namespace Resolution: Lookup 'std.MutexNew' -> Resolved: 'std_MutexNew' (Current Prefix: '')
[2m2026-06-13T02:06:31.129713Z[0m [34mDEBUG[0m [2mgust_lexer::typechecker::visitor[0m[2m:[0m 👁️ Expression::Call Evaluation Start: Raw Function: 'std.MutexNew', Resolved: 'std_MutexNew', Registry Has Key: true
[2m2026-06-13T02:06:31.129737Z[0m [34mDEBUG[0m [2mgust_lexer::typechecker::visitor[0m[2m:[0m 👁️ Call-Site Verification: Raw Function: 'std.MutexNew', Resolved: 'std_MutexNew', Expected Params Count: 1, Expected Params: [RawPointer(Arena)], Actual Args: [("ctx", Arena)]
[2m2026-06-13T02:06:31.129765Z[0m [34mDEBUG[0m [2mgust_lexer::typechecker[0m[2m:[0m 👁️ Namespace Resolution: Lookup 'Mutex_Any' -> Resolved: 'Mutex_Any' (Current Prefix: '')
[2m2026-06-13T02:06:31.129781Z[0m [34mDEBUG[0m [2mgust_lexer::typechecker[0m[2m:[0m 👁️ Namespace Resolution: Lookup 'Mutex_Any' -> Resolved: 'Mutex_Any' (Current Prefix: '')
[2m2026-06-13T02:06:31.129799Z[0m [34mDEBUG[0m [2mgust_lexer::typechecker[0m[2m:[0m 👁️ Namespace Resolution: Lookup 'std.Mutex' -> Resolved: 'std_Mutex' (Current Prefix: '')
[2m2026-06-13T02:06:31.129812Z[0m [34mDEBUG[0m [2mgust_lexer::typechecker[0m[2m:[0m 👁️ Namespace Resolution: Lookup 'MyStruct' -> Resolved: 'MyStruct' (Current Prefix: '')
[2m2026-06-13T02:06:31.129827Z[0m [34mDEBUG[0m [2mgust_lexer::typechecker[0m[2m:[0m 👁️ Namespace Resolution: Lookup 'ctx' -> Resolved: 'ctx' (Current Prefix: '')
[2m2026-06-13T02:06:31.129844Z[0m [34mDEBUG[0m [2mgust_lexer::typechecker[0m[2m:[0m 👁️ Namespace Resolution: Lookup 'MyStruct' -> Resolved: 'MyStruct' (Current Prefix: '')
[2m2026-06-13T02:06:31.129857Z[0m [34mDEBUG[0m [2mgust_lexer::typechecker[0m[2m:[0m 👁️ Namespace Resolution: Lookup 'ctx' -> Resolved: 'ctx' (Current Prefix: '')
[2m2026-06-13T02:06:31.129890Z[0m [34mDEBUG[0m [2mgust_lexer::typechecker[0m[2m:[0m 👁️ Namespace Resolution: Lookup 'MyStruct' -> Resolved: 'MyStruct' (Current Prefix: '')
[2m2026-06-13T02:06:31.129913Z[0m [34mDEBUG[0m [2mgust_lexer::typechecker[0m[2m:[0m 👁️ Namespace Resolution: Lookup 'std_Mutex_MyStruct_ctx' -> Resolved: 'std_Mutex_MyStruct_ctx' (Current Prefix: '')
[2m2026-06-13T02:06:31.129936Z[0m [34mDEBUG[0m [2mgust_lexer::typechecker::visitor[0m[2m:[0m 👁️ Expression::Call Evaluation Start: Raw Function: 'm.Lock', Resolved: 'm.Lock', Registry Has Key: false
[2m2026-06-13T02:06:31.129963Z[0m [34mDEBUG[0m [2mgust_lexer::typechecker[0m[2m:[0m 👁️ Namespace Resolution: Lookup 'MyStruct' -> Resolved: 'MyStruct' (Current Prefix: '')
[2m2026-06-13T02:06:31.129979Z[0m [34mDEBUG[0m [2mgust_lexer::typechecker[0m[2m:[0m 👁️ Namespace Resolution: Lookup 'MyStruct' -> Resolved: 'MyStruct' (Current Prefix: '')
[2m2026-06-13T02:06:31.129994Z[0m [34mDEBUG[0m [2mgust_lexer::typechecker[0m[2m:[0m 👁️ Namespace Resolution: Lookup 'MyStruct' -> Resolved: 'MyStruct' (Current Prefix: '')
[2m2026-06-13T02:06:31.130052Z[0m [34mDEBUG[0m [2mgust_lexer::typechecker::visitor[0m[2m:[0m 👁️ Expression::Call Evaluation Start: Raw Function: 'm.Unlock', Resolved: 'm.Unlock', Registry Has Key: false
ok
test test_namespaced_cross_module_typechecking_invalid_alias ... [2m2026-06-13T02:06:31.130458Z[0m [34mDEBUG[0m [2mgust_lexer::parser[0m[2m:[0m 📥 Parsed Import Statement: Path 'lib.gst', Alias: 'Some("b")'
[2m2026-06-13T02:06:31.130898Z[0m [34mDEBUG[0m [2mgust_lexer::typechecker::visitor[0m[2m:[0m 🗄️ Stdlib Registered: Alias 'os' maps to prefix 'os_'
[2m2026-06-13T02:06:31.130930Z[0m [34mDEBUG[0m [2mgust_lexer::typechecker::visitor[0m[2m:[0m 🗄️ Stdlib Registered: Alias 'std' maps to prefix 'std_'
[2m2026-06-13T02:06:31.131340Z[0m [34mDEBUG[0m [2mgust_lexer::typechecker::visitor[0m[2m:[0m 🗄️ Stdlib Registered: Alias 'os' maps to prefix 'os_'
[2m2026-06-13T02:06:31.131370Z[0m [34mDEBUG[0m [2mgust_lexer::typechecker::visitor[0m[2m:[0m 🗄️ Stdlib Registered: Alias 'std' maps to prefix 'std_'
[2m2026-06-13T02:06:31.131598Z[0m [34mDEBUG[0m [2mgust_lexer::typechecker::visitor[0m[2m:[0m 🗄️ Import Alias Mapping Registered (Pre-pass): 'b' -> 'lib__' (for path 'lib.gst')
[2m2026-06-13T02:06:31.131639Z[0m [34mDEBUG[0m [2mgust_lexer::typechecker::visitor[0m[2m:[0m 🗄️ Function Pre-Registration: Raw name: 'main', Namespaced: 'main', Parameter Count: 0, Params: []
[2m2026-06-13T02:06:31.131693Z[0m [34mDEBUG[0m [2mgust_lexer::typechecker::visitor[0m[2m:[0m 🗄️ Import Alias Mapping Registered (Statement Pass): 'b' -> 'lib__' (for path 'lib.gst')
ok
test test_namespaced_cross_module_typechecking_valid ... [2m2026-06-13T02:06:31.132494Z[0m [34mDEBUG[0m [2mgust_lexer::parser[0m[2m:[0m 📥 Parsed Import Statement: Path 'lib.gst', Alias: 'Some("b")'
[2m2026-06-13T02:06:31.132697Z[0m [34mDEBUG[0m [2mgust_lexer::typechecker::visitor[0m[2m:[0m 🗄️ Stdlib Registered: Alias 'os' maps to prefix 'os_'
[2m2026-06-13T02:06:31.132712Z[0m [34mDEBUG[0m [2mgust_lexer::typechecker::visitor[0m[2m:[0m 🗄️ Stdlib Registered: Alias 'std' maps to prefix 'std_'
[2m2026-06-13T02:06:31.132897Z[0m [34mDEBUG[0m [2mgust_lexer::typechecker::visitor[0m[2m:[0m 🗄️ Stdlib Registered: Alias 'os' maps to prefix 'os_'
[2m2026-06-13T02:06:31.132908Z[0m [34mDEBUG[0m [2mgust_lexer::typechecker::visitor[0m[2m:[0m 🗄️ Stdlib Registered: Alias 'std' maps to prefix 'std_'
[2m2026-06-13T02:06:31.133010Z[0m [34mDEBUG[0m [2mgust_lexer::typechecker::visitor[0m[2m:[0m 🗄️ Import Alias Mapping Registered (Pre-pass): 'b' -> 'lib__' (for path 'lib.gst')
[2m2026-06-13T02:06:31.133025Z[0m [34mDEBUG[0m [2mgust_lexer::typechecker::visitor[0m[2m:[0m 🗄️ Function Pre-Registration: Raw name: 'main', Namespaced: 'main', Parameter Count: 0, Params: []
[2m2026-06-13T02:06:31.133047Z[0m [34mDEBUG[0m [2mgust_lexer::typechecker::visitor[0m[2m:[0m 🗄️ Import Alias Mapping Registered (Statement Pass): 'b' -> 'lib__' (for path 'lib.gst')
[2m2026-06-13T02:06:31.133069Z[0m [34mDEBUG[0m [2mgust_lexer::typechecker[0m[2m:[0m 👁️ Namespace Resolution: Lookup 'b.MyStruct' -> Resolved: 'lib__MyStruct' (Current Prefix: '')
[2m2026-06-13T02:06:31.133083Z[0m [34mDEBUG[0m [2mgust_lexer::typechecker[0m[2m:[0m 👁️ Namespace Resolution: Lookup 'lib__MyStruct' -> Resolved: 'lib__MyStruct' (Current Prefix: '')
[2m2026-06-13T02:06:31.133095Z[0m [34mDEBUG[0m [2mgust_lexer::typechecker[0m[2m:[0m 👁️ Namespace Resolution: Lookup 'b.MyStruct' -> Resolved: 'lib__MyStruct' (Current Prefix: '')
[2m2026-06-13T02:06:31.133121Z[0m [34mDEBUG[0m [2mgust_lexer::typechecker[0m[2m:[0m 👁️ Namespace Resolution: Lookup 'lib__MyStruct' -> Resolved: 'lib__MyStruct' (Current Prefix: '')
ok
test test_namespaced_monomorphization ... [2m2026-06-13T02:06:31.133627Z[0m [34mDEBUG[0m [2mgust_lexer::typechecker::visitor[0m[2m:[0m 🗄️ Stdlib Registered: Alias 'os' maps to prefix 'os_'
[2m2026-06-13T02:06:31.133639Z[0m [34mDEBUG[0m [2mgust_lexer::typechecker::visitor[0m[2m:[0m 🗄️ Stdlib Registered: Alias 'std' maps to prefix 'std_'
[2m2026-06-13T02:06:31.133764Z[0m [34mDEBUG[0m [2mgust_lexer::typechecker::visitor[0m[2m:[0m 🗄️ Function Pre-Registration: Raw name: 'main', Namespaced: 'main', Parameter Count: 0, Params: []
[2m2026-06-13T02:06:31.133794Z[0m [34mDEBUG[0m [2mgust_lexer::typechecker[0m[2m:[0m 👁️ Namespace Resolution: Lookup 'os.Arena.New' -> Resolved: 'os_Arena.New' (Current Prefix: '')
[2m2026-06-13T02:06:31.133804Z[0m [34mDEBUG[0m [2mgust_lexer::typechecker::visitor[0m[2m:[0m 👁️ Expression::Call Evaluation Start: Raw Function: 'os.Arena.New', Resolved: 'os_Arena.New', Registry Has Key: false
[2m2026-06-13T02:06:31.133823Z[0m [34mDEBUG[0m [2mgust_lexer::typechecker::visitor[0m[2m:[0m 👁️ Expression::Call Evaluation Start: Raw Function: 'ctx.Free', Resolved: 'ctx.Free', Registry Has Key: false
[2m2026-06-13T02:06:31.133844Z[0m [34mDEBUG[0m [2mgust_lexer::typechecker[0m[2m:[0m 👁️ Namespace Resolution: Lookup 'os.VectorNew' -> Resolved: 'os_VectorNew' (Current Prefix: '')
[2m2026-06-13T02:06:31.133854Z[0m [34mDEBUG[0m [2mgust_lexer::typechecker::visitor[0m[2m:[0m 👁️ Expression::Call Evaluation Start: Raw Function: 'os.VectorNew', Resolved: 'os_VectorNew', Registry Has Key: false
[2m2026-06-13T02:06:31.133868Z[0m [34mDEBUG[0m [2mgust_lexer::typechecker[0m[2m:[0m 👁️ Namespace Resolution: Lookup 'Vector_Any' -> Resolved: 'Vector_Any' (Current Prefix: '')
[2m2026-06-13T02:06:31.133882Z[0m [34mDEBUG[0m [2mgust_lexer::typechecker[0m[2m:[0m 👁️ Namespace Resolution: Lookup 'Vector_Any' -> Resolved: 'Vector_Any' (Current Prefix: '')
[2m2026-06-13T02:06:31.133894Z[0m [34mDEBUG[0m [2mgust_lexer::typechecker[0m[2m:[0m 👁️ Namespace Resolution: Lookup 'std.Vector' -> Resolved: 'std_Vector' (Current Prefix: '')
[2m2026-06-13T02:06:31.133904Z[0m [34mDEBUG[0m [2mgust_lexer::typechecker[0m[2m:[0m 👁️ Namespace Resolution: Lookup 'ctx' -> Resolved: 'ctx' (Current Prefix: '')
[2m2026-06-13T02:06:31.133914Z[0m [34mDEBUG[0m [2mgust_lexer::typechecker[0m[2m:[0m 👁️ Namespace Resolution: Lookup 'ctx' -> Resolved: 'ctx' (Current Prefix: '')
[2m2026-06-13T02:06:31.133948Z[0m [34mDEBUG[0m [2mgust_lexer::typechecker[0m[2m:[0m 👁️ Namespace Resolution: Lookup 'std_Vector_int_ctx' -> Resolved: 'std_Vector_int_ctx' (Current Prefix: '')
[2m2026-06-13T02:06:31.133965Z[0m [34mDEBUG[0m [2mgust_lexer::typechecker[0m[2m:[0m 👁️ Namespace Resolution: Lookup 'os.HashMapNew' -> Resolved: 'os_HashMapNew' (Current Prefix: '')
[2m2026-06-13T02:06:31.133977Z[0m [34mDEBUG[0m [2mgust_lexer::typechecker::visitor[0m[2m:[0m 👁️ Expression::Call Evaluation Start: Raw Function: 'os.HashMapNew', Resolved: 'os_HashMapNew', Registry Has Key: false
[2m2026-06-13T02:06:31.133993Z[0m [34mDEBUG[0m [2mgust_lexer::typechecker[0m[2m:[0m 👁️ Namespace Resolution: Lookup 'HashMap_Any' -> Resolved: 'HashMap_Any' (Current Prefix: '')
[2m2026-06-13T02:06:31.134004Z[0m [34mDEBUG[0m [2mgust_lexer::typechecker[0m[2m:[0m 👁️ Namespace Resolution: Lookup 'HashMap_Any' -> Resolved: 'HashMap_Any' (Current Prefix: '')
[2m2026-06-13T02:06:31.134017Z[0m [34mDEBUG[0m [2mgust_lexer::typechecker[0m[2m:[0m 👁️ Namespace Resolution: Lookup 'std.HashMap' -> Resolved: 'std_HashMap' (Current Prefix: '')
[2m2026-06-13T02:06:31.134026Z[0m [34mDEBUG[0m [2mgust_lexer::typechecker[0m[2m:[0m 👁️ Namespace Resolution: Lookup 'ctx' -> Resolved: 'ctx' (Current Prefix: '')
[2m2026-06-13T02:06:31.134038Z[0m [34mDEBUG[0m [2mgust_lexer::typechecker[0m[2m:[0m 👁️ Namespace Resolution: Lookup 'ctx' -> Resolved: 'ctx' (Current Prefix: '')
[2m2026-06-13T02:06:31.134072Z[0m [34mDEBUG[0m [2mgust_lexer::typechecker[0m[2m:[0m 👁️ Namespace Resolution: Lookup 'std_HashMap_int_int_ctx' -> Resolved: 'std_HashMap_int_int_ctx' (Current Prefix: '')
ok
test test_namespaced_nested_type_resolution ... [2m2026-06-13T02:06:31.134302Z[0m [34mDEBUG[0m [2mgust_lexer::parser[0m[2m:[0m 📥 Parsed Import Statement: Path 'lib.gst', Alias: 'Some("b")'
[2m2026-06-13T02:06:31.134533Z[0m [34mDEBUG[0m [2mgust_lexer::typechecker::visitor[0m[2m:[0m 🗄️ Stdlib Registered: Alias 'os' maps to prefix 'os_'
[2m2026-06-13T02:06:31.134548Z[0m [34mDEBUG[0m [2mgust_lexer::typechecker::visitor[0m[2m:[0m 🗄️ Stdlib Registered: Alias 'std' maps to prefix 'std_'
[2m2026-06-13T02:06:31.134739Z[0m [34mDEBUG[0m [2mgust_lexer::typechecker::visitor[0m[2m:[0m 🗄️ Stdlib Registered: Alias 'os' maps to prefix 'os_'
[2m2026-06-13T02:06:31.134753Z[0m [34mDEBUG[0m [2mgust_lexer::typechecker::visitor[0m[2m:[0m 🗄️ Stdlib Registered: Alias 'std' maps to prefix 'std_'
[2m2026-06-13T02:06:31.134854Z[0m [34mDEBUG[0m [2mgust_lexer::typechecker::visitor[0m[2m:[0m 🗄️ Import Alias Mapping Registered (Pre-pass): 'b' -> 'lib__' (for path 'lib.gst')
[2m2026-06-13T02:06:31.134872Z[0m [34mDEBUG[0m [2mgust_lexer::typechecker::visitor[0m[2m:[0m 🗄️ Function Pre-Registration: Raw name: 'main', Namespaced: 'main', Parameter Count: 0, Params: []
[2m2026-06-13T02:06:31.134895Z[0m [34mDEBUG[0m [2mgust_lexer::typechecker::visitor[0m[2m:[0m 🗄️ Import Alias Mapping Registered (Statement Pass): 'b' -> 'lib__' (for path 'lib.gst')
[2m2026-06-13T02:06:31.134919Z[0m [34mDEBUG[0m [2mgust_lexer::typechecker[0m[2m:[0m 👁️ Namespace Resolution: Lookup 'os.Arena.New' -> Resolved: 'os_Arena.New' (Current Prefix: '')
[2m2026-06-13T02:06:31.134931Z[0m [34mDEBUG[0m [2mgust_lexer::typechecker::visitor[0m[2m:[0m 👁️ Expression::Call Evaluation Start: Raw Function: 'os.Arena.New', Resolved: 'os_Arena.New', Registry Has Key: false
[2m2026-06-13T02:06:31.134957Z[0m [34mDEBUG[0m [2mgust_lexer::typechecker::visitor[0m[2m:[0m 👁️ Expression::Call Evaluation Start: Raw Function: 'ctx.Free', Resolved: 'ctx.Free', Registry Has Key: false
[2m2026-06-13T02:06:31.134984Z[0m [34mDEBUG[0m [2mgust_lexer::typechecker[0m[2m:[0m 👁️ Namespace Resolution: Lookup 'std.VectorNew' -> Resolved: 'std_VectorNew' (Current Prefix: '')
[2m2026-06-13T02:06:31.134997Z[0m [34mDEBUG[0m [2mgust_lexer::typechecker::visitor[0m[2m:[0m 👁️ Expression::Call Evaluation Start: Raw Function: 'std.VectorNew', Resolved: 'std_VectorNew', Registry Has Key: false
[2m2026-06-13T02:06:31.135019Z[0m [34mDEBUG[0m [2mgust_lexer::typechecker[0m[2m:[0m 👁️ Namespace Resolution: Lookup 'Vector_Any' -> Resolved: 'Vector_Any' (Current Prefix: '')
[2m2026-06-13T02:06:31.135034Z[0m [34mDEBUG[0m [2mgust_lexer::typechecker[0m[2m:[0m 👁️ Namespace Resolution: Lookup 'Vector_Any' -> Resolved: 'Vector_Any' (Current Prefix: '')
[2m2026-06-13T02:06:31.135049Z[0m [34mDEBUG[0m [2mgust_lexer::typechecker[0m[2m:[0m 👁️ Namespace Resolution: Lookup 'std.Vector' -> Resolved: 'std_Vector' (Current Prefix: '')
[2m2026-06-13T02:06:31.135062Z[0m [34mDEBUG[0m [2mgust_lexer::typechecker[0m[2m:[0m 👁️ Namespace Resolution: Lookup 'b.MyStruct' -> Resolved: 'lib__MyStruct' (Current Prefix: '')
[2m2026-06-13T02:06:31.135075Z[0m [34mDEBUG[0m [2mgust_lexer::typechecker[0m[2m:[0m 👁️ Namespace Resolution: Lookup 'ctx' -> Resolved: 'ctx' (Current Prefix: '')
[2m2026-06-13T02:06:31.135087Z[0m [34mDEBUG[0m [2mgust_lexer::typechecker[0m[2m:[0m 👁️ Namespace Resolution: Lookup 'lib__MyStruct' -> Resolved: 'lib__MyStruct' (Current Prefix: '')
[2m2026-06-13T02:06:31.135101Z[0m [34mDEBUG[0m [2mgust_lexer::typechecker[0m[2m:[0m 👁️ Namespace Resolution: Lookup 'ctx' -> Resolved: 'ctx' (Current Prefix: '')
[2m2026-06-13T02:06:31.135137Z[0m [34mDEBUG[0m [2mgust_lexer::typechecker[0m[2m:[0m 👁️ Namespace Resolution: Lookup 'lib__MyStruct' -> Resolved: 'lib__MyStruct' (Current Prefix: '')
[2m2026-06-13T02:06:31.135151Z[0m [34mDEBUG[0m [2mgust_lexer::typechecker[0m[2m:[0m 👁️ Namespace Resolution: Lookup 'lib__MyStruct' -> Resolved: 'lib__MyStruct' (Current Prefix: '')
[2m2026-06-13T02:06:31.135175Z[0m [34mDEBUG[0m [2mgust_lexer::typechecker[0m[2m:[0m 👁️ Namespace Resolution: Lookup 'std_Vector_lib__MyStruct_ctx' -> Resolved: 'std_Vector_lib__MyStruct_ctx' (Current Prefix: '')
ok
test test_nested_different_brands_rejected ... [2m2026-06-13T02:06:31.136213Z[0m [34mDEBUG[0m [2mgust_lexer::typechecker::visitor[0m[2m:[0m 🗄️ Stdlib Registered: Alias 'os' maps to prefix 'os_'
[2m2026-06-13T02:06:31.136248Z[0m [34mDEBUG[0m [2mgust_lexer::typechecker::visitor[0m[2m:[0m 🗄️ Stdlib Registered: Alias 'std' maps to prefix 'std_'
[2m2026-06-13T02:06:31.136598Z[0m [34mDEBUG[0m [2mgust_lexer::typechecker::visitor[0m[2m:[0m 🗄️ Function Pre-Registration: Raw name: 'main', Namespaced: 'main', Parameter Count: 0, Params: []
[2m2026-06-13T02:06:31.136612Z[0m [34mDEBUG[0m [2mgust_lexer::typechecker[0m[2m:[0m 👁️ Namespace Resolution: Lookup 'os.Arena.New' -> Resolved: 'os_Arena.New' (Current Prefix: '')
[2m2026-06-13T02:06:31.136618Z[0m [34mDEBUG[0m [2mgust_lexer::typechecker::visitor[0m[2m:[0m 👁️ Expression::Call Evaluation Start: Raw Function: 'os.Arena.New', Resolved: 'os_Arena.New', Registry Has Key: false
[2m2026-06-13T02:06:31.136628Z[0m [34mDEBUG[0m [2mgust_lexer::typechecker::visitor[0m[2m:[0m 👁️ Expression::Call Evaluation Start: Raw Function: 'innerCtx.Free', Resolved: 'innerCtx.Free', Registry Has Key: false
[2m2026-06-13T02:06:31.136640Z[0m [34mDEBUG[0m [2mgust_lexer::typechecker[0m[2m:[0m 👁️ Namespace Resolution: Lookup 'os.Arena.New' -> Resolved: 'os_Arena.New' (Current Prefix: '')
[2m2026-06-13T02:06:31.136645Z[0m [34mDEBUG[0m [2mgust_lexer::typechecker::visitor[0m[2m:[0m 👁️ Expression::Call Evaluation Start: Raw Function: 'os.Arena.New', Resolved: 'os_Arena.New', Registry Has Key: false
[2m2026-06-13T02:06:31.136654Z[0m [34mDEBUG[0m [2mgust_lexer::typechecker::visitor[0m[2m:[0m 👁️ Expression::Call Evaluation Start: Raw Function: 'outerCtx.Free', Resolved: 'outerCtx.Free', Registry Has Key: false
[2m2026-06-13T02:06:31.136663Z[0m [34mDEBUG[0m [2mgust_lexer::typechecker[0m[2m:[0m 👁️ Namespace Resolution: Lookup 'os.VectorNew' -> Resolved: 'os_VectorNew' (Current Prefix: '')
[2m2026-06-13T02:06:31.136669Z[0m [34mDEBUG[0m [2mgust_lexer::typechecker::visitor[0m[2m:[0m 👁️ Expression::Call Evaluation Start: Raw Function: 'os.VectorNew', Resolved: 'os_VectorNew', Registry Has Key: false
[2m2026-06-13T02:06:31.136678Z[0m [34mDEBUG[0m [2mgust_lexer::typechecker[0m[2m:[0m 👁️ Namespace Resolution: Lookup 'Vector_Any' -> Resolved: 'Vector_Any' (Current Prefix: '')
[2m2026-06-13T02:06:31.136684Z[0m [34mDEBUG[0m [2mgust_lexer::typechecker[0m[2m:[0m 👁️ Namespace Resolution: Lookup 'Vector_Any' -> Resolved: 'Vector_Any' (Current Prefix: '')
[2m2026-06-13T02:06:31.136691Z[0m [34mDEBUG[0m [2mgust_lexer::typechecker[0m[2m:[0m 👁️ Namespace Resolution: Lookup 'Vector' -> Resolved: 'Vector' (Current Prefix: '')
[2m2026-06-13T02:06:31.136696Z[0m [34mDEBUG[0m [2mgust_lexer::typechecker[0m[2m:[0m 👁️ Namespace Resolution: Lookup 'Vector' -> Resolved: 'Vector' (Current Prefix: '')
[2m2026-06-13T02:06:31.136701Z[0m [34mDEBUG[0m [2mgust_lexer::typechecker[0m[2m:[0m 👁️ Namespace Resolution: Lookup 'innerCtx' -> Resolved: 'innerCtx' (Current Prefix: '')
[2m2026-06-13T02:06:31.136706Z[0m [34mDEBUG[0m [2mgust_lexer::typechecker[0m[2m:[0m 👁️ Namespace Resolution: Lookup 'outerCtx' -> Resolved: 'outerCtx' (Current Prefix: '')
[2m2026-06-13T02:06:31.136712Z[0m [34mDEBUG[0m [2mgust_lexer::typechecker[0m[2m:[0m 👁️ Namespace Resolution: Lookup 'Vector' -> Resolved: 'Vector' (Current Prefix: '')
[2m2026-06-13T02:06:31.136717Z[0m [34mDEBUG[0m [2mgust_lexer::typechecker[0m[2m:[0m 👁️ Namespace Resolution: Lookup 'innerCtx' -> Resolved: 'innerCtx' (Current Prefix: '')
[2m2026-06-13T02:06:31.136724Z[0m [34mDEBUG[0m [2mgust_lexer::typechecker[0m[2m:[0m 👁️ Namespace Resolution: Lookup 'innerCtx' -> Resolved: 'innerCtx' (Current Prefix: '')
[2m2026-06-13T02:06:31.136740Z[0m [34mDEBUG[0m [2mgust_lexer::typechecker[0m[2m:[0m 👁️ Namespace Resolution: Lookup 'outerCtx' -> Resolved: 'outerCtx' (Current Prefix: '')
ok
test test_nested_mismatched_branded_collection_rejected ... [2m2026-06-13T02:06:31.137342Z[0m [34mDEBUG[0m [2mgust_lexer::typechecker::visitor[0m[2m:[0m 🗄️ Stdlib Registered: Alias 'os' maps to prefix 'os_'
[2m2026-06-13T02:06:31.137354Z[0m [34mDEBUG[0m [2mgust_lexer::typechecker::visitor[0m[2m:[0m 🗄️ Stdlib Registered: Alias 'std' maps to prefix 'std_'
[2m2026-06-13T02:06:31.137457Z[0m [34mDEBUG[0m [2mgust_lexer::typechecker::visitor[0m[2m:[0m 🗄️ Function Pre-Registration: Raw name: 'main', Namespaced: 'main', Parameter Count: 0, Params: []
[2m2026-06-13T02:06:31.137471Z[0m [34mDEBUG[0m [2mgust_lexer::typechecker[0m[2m:[0m 👁️ Namespace Resolution: Lookup 'os.Arena.New' -> Resolved: 'os_Arena.New' (Current Prefix: '')
[2m2026-06-13T02:06:31.137477Z[0m [34mDEBUG[0m [2mgust_lexer::typechecker::visitor[0m[2m:[0m 👁️ Expression::Call Evaluation Start: Raw Function: 'os.Arena.New', Resolved: 'os_Arena.New', Registry Has Key: false
[2m2026-06-13T02:06:31.137489Z[0m [34mDEBUG[0m [2mgust_lexer::typechecker::visitor[0m[2m:[0m 👁️ Expression::Call Evaluation Start: Raw Function: 'innerCtx.Free', Resolved: 'innerCtx.Free', Registry Has Key: false
[2m2026-06-13T02:06:31.137502Z[0m [34mDEBUG[0m [2mgust_lexer::typechecker[0m[2m:[0m 👁️ Namespace Resolution: Lookup 'os.Arena.New' -> Resolved: 'os_Arena.New' (Current Prefix: '')
[2m2026-06-13T02:06:31.137508Z[0m [34mDEBUG[0m [2mgust_lexer::typechecker::visitor[0m[2m:[0m 👁️ Expression::Call Evaluation Start: Raw Function: 'os.Arena.New', Resolved: 'os_Arena.New', Registry Has Key: false
[2m2026-06-13T02:06:31.137518Z[0m [34mDEBUG[0m [2mgust_lexer::typechecker::visitor[0m[2m:[0m 👁️ Expression::Call Evaluation Start: Raw Function: 'outerCtx.Free', Resolved: 'outerCtx.Free', Registry Has Key: false
[2m2026-06-13T02:06:31.137527Z[0m [34mDEBUG[0m [2mgust_lexer::typechecker[0m[2m:[0m 👁️ Namespace Resolution: Lookup 'os.VectorNew' -> Resolved: 'os_VectorNew' (Current Prefix: '')
[2m2026-06-13T02:06:31.137533Z[0m [34mDEBUG[0m [2mgust_lexer::typechecker::visitor[0m[2m:[0m 👁️ Expression::Call Evaluation Start: Raw Function: 'os.VectorNew', Resolved: 'os_VectorNew', Registry Has Key: false
[2m2026-06-13T02:06:31.137543Z[0m [34mDEBUG[0m [2mgust_lexer::typechecker[0m[2m:[0m 👁️ Namespace Resolution: Lookup 'Vector_Any' -> Resolved: 'Vector_Any' (Current Prefix: '')
[2m2026-06-13T02:06:31.137550Z[0m [34mDEBUG[0m [2mgust_lexer::typechecker[0m[2m:[0m 👁️ Namespace Resolution: Lookup 'Vector_Any' -> Resolved: 'Vector_Any' (Current Prefix: '')
[2m2026-06-13T02:06:31.137557Z[0m [34mDEBUG[0m [2mgust_lexer::typechecker[0m[2m:[0m 👁️ Namespace Resolution: Lookup 'Vector' -> Resolved: 'Vector' (Current Prefix: '')
[2m2026-06-13T02:06:31.137562Z[0m [34mDEBUG[0m [2mgust_lexer::typechecker[0m[2m:[0m 👁️ Namespace Resolution: Lookup 'Vector' -> Resolved: 'Vector' (Current Prefix: '')
[2m2026-06-13T02:06:31.137568Z[0m [34mDEBUG[0m [2mgust_lexer::typechecker[0m[2m:[0m 👁️ Namespace Resolution: Lookup 'innerCtx' -> Resolved: 'innerCtx' (Current Prefix: '')
[2m2026-06-13T02:06:31.137574Z[0m [34mDEBUG[0m [2mgust_lexer::typechecker[0m[2m:[0m 👁️ Namespace Resolution: Lookup 'outerCtx' -> Resolved: 'outerCtx' (Current Prefix: '')
[2m2026-06-13T02:06:31.137580Z[0m [34mDEBUG[0m [2mgust_lexer::typechecker[0m[2m:[0m 👁️ Namespace Resolution: Lookup 'Vector' -> Resolved: 'Vector' (Current Prefix: '')
[2m2026-06-13T02:06:31.137586Z[0m [34mDEBUG[0m [2mgust_lexer::typechecker[0m[2m:[0m 👁️ Namespace Resolution: Lookup 'innerCtx' -> Resolved: 'innerCtx' (Current Prefix: '')
[2m2026-06-13T02:06:31.137592Z[0m [34mDEBUG[0m [2mgust_lexer::typechecker[0m[2m:[0m 👁️ Namespace Resolution: Lookup 'innerCtx' -> Resolved: 'innerCtx' (Current Prefix: '')
[2m2026-06-13T02:06:31.137609Z[0m [34mDEBUG[0m [2mgust_lexer::typechecker[0m[2m:[0m 👁️ Namespace Resolution: Lookup 'outerCtx' -> Resolved: 'outerCtx' (Current Prefix: '')
ok
test test_nested_scoping_definite_checks_accepted ... [2m2026-06-13T02:06:31.138111Z[0m [34mDEBUG[0m [2mgust_lexer::typechecker::visitor[0m[2m:[0m 🗄️ Stdlib Registered: Alias 'os' maps to prefix 'os_'
[2m2026-06-13T02:06:31.138128Z[0m [34mDEBUG[0m [2mgust_lexer::typechecker::visitor[0m[2m:[0m 🗄️ Stdlib Registered: Alias 'std' maps to prefix 'std_'
[2m2026-06-13T02:06:31.138262Z[0m [34mDEBUG[0m [2mgust_lexer::typechecker[0m[2m:[0m 👁️ Namespace Resolution: Lookup 'LookupResult_InnerNode' -> Resolved: 'LookupResult_InnerNode' (Current Prefix: '')
[2m2026-06-13T02:06:31.138281Z[0m [34mDEBUG[0m [2mgust_lexer::typechecker[0m[2m:[0m 👁️ Namespace Resolution: Lookup 'LookupResult_InnerNode' -> Resolved: 'LookupResult_InnerNode' (Current Prefix: '')
[2m2026-06-13T02:06:31.138296Z[0m [34mDEBUG[0m [2mgust_lexer::typechecker::visitor[0m[2m:[0m 🗄️ Function Pre-Registration: Raw name: 'main', Namespaced: 'main', Parameter Count: 0, Params: []
[2m2026-06-13T02:06:31.138328Z[0m [34mDEBUG[0m [2mgust_lexer::typechecker[0m[2m:[0m 👁️ Namespace Resolution: Lookup 'os.Arena.New' -> Resolved: 'os_Arena.New' (Current Prefix: '')
[2m2026-06-13T02:06:31.138342Z[0m [34mDEBUG[0m [2mgust_lexer::typechecker::visitor[0m[2m:[0m 👁️ Expression::Call Evaluation Start: Raw Function: 'os.Arena.New', Resolved: 'os_Arena.New', Registry Has Key: false
[2m2026-06-13T02:06:31.138360Z[0m [34mDEBUG[0m [2mgust_lexer::typechecker::visitor[0m[2m:[0m 👁️ Expression::Call Evaluation Start: Raw Function: 'ctx.Free', Resolved: 'ctx.Free', Registry Has Key: false
[2m2026-06-13T02:06:31.138390Z[0m [34mDEBUG[0m [2mgust_lexer::typechecker[0m[2m:[0m 👁️ Namespace Resolution: Lookup 'os.HashMapNew' -> Resolved: 'os_HashMapNew' (Current Prefix: '')
[2m2026-06-13T02:06:31.138401Z[0m [34mDEBUG[0m [2mgust_lexer::typechecker::visitor[0m[2m:[0m 👁️ Expression::Call Evaluation Start: Raw Function: 'os.HashMapNew', Resolved: 'os_HashMapNew', Registry Has Key: false
[2m2026-06-13T02:06:31.138416Z[0m [34mDEBUG[0m [2mgust_lexer::typechecker[0m[2m:[0m 👁️ Namespace Resolution: Lookup 'HashMap_Any' -> Resolved: 'HashMap_Any' (Current Prefix: '')
[2m2026-06-13T02:06:31.138427Z[0m [34mDEBUG[0m [2mgust_lexer::typechecker[0m[2m:[0m 👁️ Namespace Resolution: Lookup 'HashMap_Any' -> Resolved: 'HashMap_Any' (Current Prefix: '')
[2m2026-06-13T02:06:31.138439Z[0m [34mDEBUG[0m [2mgust_lexer::typechecker[0m[2m:[0m 👁️ Namespace Resolution: Lookup 'HashMap' -> Resolved: 'HashMap' (Current Prefix: '')
[2m2026-06-13T02:06:31.138448Z[0m [34mDEBUG[0m [2mgust_lexer::typechecker[0m[2m:[0m 👁️ Namespace Resolution: Lookup 'OuterNode' -> Resolved: 'OuterNode' (Current Prefix: '')
[2m2026-06-13T02:06:31.138457Z[0m [34mDEBUG[0m [2mgust_lexer::typechecker[0m[2m:[0m 👁️ Namespace Resolution: Lookup 'ctx' -> Resolved: 'ctx' (Current Prefix: '')
[2m2026-06-13T02:06:31.138466Z[0m [34mDEBUG[0m [2mgust_lexer::typechecker[0m[2m:[0m 👁️ Namespace Resolution: Lookup 'OuterNode' -> Resolved: 'OuterNode' (Current Prefix: '')
[2m2026-06-13T02:06:31.138475Z[0m [34mDEBUG[0m [2mgust_lexer::typechecker[0m[2m:[0m 👁️ Namespace Resolution: Lookup 'ctx' -> Resolved: 'ctx' (Current Prefix: '')
[2m2026-06-13T02:06:31.138511Z[0m [34mDEBUG[0m [2mgust_lexer::typechecker[0m[2m:[0m 👁️ Namespace Resolution: Lookup 'OuterNode' -> Resolved: 'OuterNode' (Current Prefix: '')
[2m2026-06-13T02:06:31.138521Z[0m [34mDEBUG[0m [2mgust_lexer::typechecker[0m[2m:[0m 👁️ Namespace Resolution: Lookup 'OuterNode' -> Resolved: 'OuterNode' (Current Prefix: '')
[2m2026-06-13T02:06:31.138539Z[0m [34mDEBUG[0m [2mgust_lexer::typechecker[0m[2m:[0m 👁️ Namespace Resolution: Lookup 'HashMap_int_OuterNode_ctx' -> Resolved: 'HashMap_int_OuterNode_ctx' (Current Prefix: '')
[2m2026-06-13T02:06:31.138555Z[0m [34mDEBUG[0m [2mgust_lexer::typechecker::visitor[0m[2m:[0m 👁️ Expression::Call Evaluation Start: Raw Function: 'map.Get', Resolved: 'map.Get', Registry Has Key: false
[2m2026-06-13T02:06:31.138576Z[0m [34mDEBUG[0m [2mgust_lexer::typechecker[0m[2m:[0m 👁️ Namespace Resolution: Lookup 'LookupResult_OuterNode' -> Resolved: 'LookupResult_OuterNode' (Current Prefix: '')
[2m2026-06-13T02:06:31.138587Z[0m [34mDEBUG[0m [2mgust_lexer::typechecker[0m[2m:[0m 👁️ Namespace Resolution: Lookup 'LookupResult_OuterNode' -> Resolved: 'LookupResult_OuterNode' (Current Prefix: '')
[2m2026-06-13T02:06:31.138637Z[0m [34mDEBUG[0m [2mgust_lexer::typechecker[0m[2m:[0m 👁️ Namespace Resolution: Lookup 'LookupResult_InnerNode' -> Resolved: 'LookupResult_InnerNode' (Current Prefix: '')
[2m2026-06-13T02:06:31.138658Z[0m [34mDEBUG[0m [2mgust_lexer::typechecker[0m[2m:[0m 👁️ Namespace Resolution: Lookup 'os.LogInt' -> Resolved: 'os_LogInt' (Current Prefix: '')
[2m2026-06-13T02:06:31.138670Z[0m [34mDEBUG[0m [2mgust_lexer::typechecker::visitor[0m[2m:[0m 👁️ Expression::Call Evaluation Start: Raw Function: 'os.LogInt', Resolved: 'os_LogInt', Registry Has Key: false
[2m2026-06-13T02:06:31.138702Z[0m [34mDEBUG[0m [2mgust_lexer::typechecker[0m[2m:[0m 👁️ Namespace Resolution: Lookup 'LookupResult_InnerNode' -> Resolved: 'LookupResult_InnerNode' (Current Prefix: '')
ok
test test_nested_scoping_definite_checks_rejected ... [2m2026-06-13T02:06:31.139408Z[0m [34mDEBUG[0m [2mgust_lexer::typechecker::visitor[0m[2m:[0m 🗄️ Stdlib Registered: Alias 'os' maps to prefix 'os_'
[2m2026-06-13T02:06:31.139421Z[0m [34mDEBUG[0m [2mgust_lexer::typechecker::visitor[0m[2m:[0m 🗄️ Stdlib Registered: Alias 'std' maps to prefix 'std_'
[2m2026-06-13T02:06:31.139542Z[0m [34mDEBUG[0m [2mgust_lexer::typechecker[0m[2m:[0m 👁️ Namespace Resolution: Lookup 'LookupResult_InnerNode' -> Resolved: 'LookupResult_InnerNode' (Current Prefix: '')
[2m2026-06-13T02:06:31.139557Z[0m [34mDEBUG[0m [2mgust_lexer::typechecker[0m[2m:[0m 👁️ Namespace Resolution: Lookup 'LookupResult_InnerNode' -> Resolved: 'LookupResult_InnerNode' (Current Prefix: '')
[2m2026-06-13T02:06:31.139572Z[0m [34mDEBUG[0m [2mgust_lexer::typechecker::visitor[0m[2m:[0m 🗄️ Function Pre-Registration: Raw name: 'main', Namespaced: 'main', Parameter Count: 0, Params: []
[2m2026-06-13T02:06:31.139601Z[0m [34mDEBUG[0m [2mgust_lexer::typechecker[0m[2m:[0m 👁️ Namespace Resolution: Lookup 'os.Arena.New' -> Resolved: 'os_Arena.New' (Current Prefix: '')
[2m2026-06-13T02:06:31.139640Z[0m [34mDEBUG[0m [2mgust_lexer::typechecker::visitor[0m[2m:[0m 👁️ Expression::Call Evaluation Start: Raw Function: 'os.Arena.New', Resolved: 'os_Arena.New', Registry Has Key: false
[2m2026-06-13T02:06:31.139657Z[0m [34mDEBUG[0m [2mgust_lexer::typechecker::visitor[0m[2m:[0m 👁️ Expression::Call Evaluation Start: Raw Function: 'ctx.Free', Resolved: 'ctx.Free', Registry Has Key: false
[2m2026-06-13T02:06:31.139672Z[0m [34mDEBUG[0m [2mgust_lexer::typechecker[0m[2m:[0m 👁️ Namespace Resolution: Lookup 'os.HashMapNew' -> Resolved: 'os_HashMapNew' (Current Prefix: '')
[2m2026-06-13T02:06:31.139678Z[0m [34mDEBUG[0m [2mgust_lexer::typechecker::visitor[0m[2m:[0m 👁️ Expression::Call Evaluation Start: Raw Function: 'os.HashMapNew', Resolved: 'os_HashMapNew', Registry Has Key: false
[2m2026-06-13T02:06:31.139688Z[0m [34mDEBUG[0m [2mgust_lexer::typechecker[0m[2m:[0m 👁️ Namespace Resolution: Lookup 'HashMap_Any' -> Resolved: 'HashMap_Any' (Current Prefix: '')
[2m2026-06-13T02:06:31.139694Z[0m [34mDEBUG[0m [2mgust_lexer::typechecker[0m[2m:[0m 👁️ Namespace Resolution: Lookup 'HashMap_Any' -> Resolved: 'HashMap_Any' (Current Prefix: '')
[2m2026-06-13T02:06:31.139701Z[0m [34mDEBUG[0m [2mgust_lexer::typechecker[0m[2m:[0m 👁️ Namespace Resolution: Lookup 'HashMap' -> Resolved: 'HashMap' (Current Prefix: '')
[2m2026-06-13T02:06:31.139707Z[0m [34mDEBUG[0m [2mgust_lexer::typechecker[0m[2m:[0m 👁️ Namespace Resolution: Lookup 'OuterNode' -> Resolved: 'OuterNode' (Current Prefix: '')
[2m2026-06-13T02:06:31.139713Z[0m [34mDEBUG[0m [2mgust_lexer::typechecker[0m[2m:[0m 👁️ Namespace Resolution: Lookup 'ctx' -> Resolved: 'ctx' (Current Prefix: '')
[2m2026-06-13T02:06:31.139720Z[0m [34mDEBUG[0m [2mgust_lexer::typechecker[0m[2m:[0m 👁️ Namespace Resolution: Lookup 'OuterNode' -> Resolved: 'OuterNode' (Current Prefix: '')
[2m2026-06-13T02:06:31.139725Z[0m [34mDEBUG[0m [2mgust_lexer::typechecker[0m[2m:[0m 👁️ Namespace Resolution: Lookup 'ctx' -> Resolved: 'ctx' (Current Prefix: '')
[2m2026-06-13T02:06:31.139748Z[0m [34mDEBUG[0m [2mgust_lexer::typechecker[0m[2m:[0m 👁️ Namespace Resolution: Lookup 'OuterNode' -> Resolved: 'OuterNode' (Current Prefix: '')
[2m2026-06-13T02:06:31.139755Z[0m [34mDEBUG[0m [2mgust_lexer::typechecker[0m[2m:[0m 👁️ Namespace Resolution: Lookup 'OuterNode' -> Resolved: 'OuterNode' (Current Prefix: '')
[2m2026-06-13T02:06:31.139766Z[0m [34mDEBUG[0m [2mgust_lexer::typechecker[0m[2m:[0m 👁️ Namespace Resolution: Lookup 'HashMap_int_OuterNode_ctx' -> Resolved: 'HashMap_int_OuterNode_ctx' (Current Prefix: '')
[2m2026-06-13T02:06:31.139777Z[0m [34mDEBUG[0m [2mgust_lexer::typechecker::visitor[0m[2m:[0m 👁️ Expression::Call Evaluation Start: Raw Function: 'map.Get', Resolved: 'map.Get', Registry Has Key: false
[2m2026-06-13T02:06:31.139801Z[0m [34mDEBUG[0m [2mgust_lexer::typechecker[0m[2m:[0m 👁️ Namespace Resolution: Lookup 'LookupResult_OuterNode' -> Resolved: 'LookupResult_OuterNode' (Current Prefix: '')
[2m2026-06-13T02:06:31.139814Z[0m [34mDEBUG[0m [2mgust_lexer::typechecker[0m[2m:[0m 👁️ Namespace Resolution: Lookup 'LookupResult_OuterNode' -> Resolved: 'LookupResult_OuterNode' (Current Prefix: '')
[2m2026-06-13T02:06:31.139838Z[0m [34mDEBUG[0m [2mgust_lexer::typechecker[0m[2m:[0m 👁️ Namespace Resolution: Lookup 'os.LogInt' -> Resolved: 'os_LogInt' (Current Prefix: '')
[2m2026-06-13T02:06:31.139849Z[0m [34mDEBUG[0m [2mgust_lexer::typechecker::visitor[0m[2m:[0m 👁️ Expression::Call Evaluation Start: Raw Function: 'os.LogInt', Resolved: 'os_LogInt', Registry Has Key: false
[2m2026-06-13T02:06:31.139894Z[0m [34mDEBUG[0m [2mgust_lexer::typechecker[0m[2m:[0m 👁️ Namespace Resolution: Lookup 'LookupResult_InnerNode' -> Resolved: 'LookupResult_InnerNode' (Current Prefix: '')
ok
test test_os_dir_and_entry_layouts ... [2m2026-06-13T02:06:31.140253Z[0m [34mDEBUG[0m [2mgust_lexer::typechecker::visitor[0m[2m:[0m 🗄️ Stdlib Registered: Alias 'os' maps to prefix 'os_'
[2m2026-06-13T02:06:31.140262Z[0m [34mDEBUG[0m [2mgust_lexer::typechecker::visitor[0m[2m:[0m 🗄️ Stdlib Registered: Alias 'std' maps to prefix 'std_'
[2m2026-06-13T02:06:31.140335Z[0m [34mDEBUG[0m [2mgust_lexer::typechecker::visitor[0m[2m:[0m 🗄️ Function Pre-Registration: Raw name: 'main', Namespaced: 'main', Parameter Count: 0, Params: []
[2m2026-06-13T02:06:31.140348Z[0m [34mDEBUG[0m [2mgust_lexer::typechecker[0m[2m:[0m 👁️ Namespace Resolution: Lookup 'os.Arena.New' -> Resolved: 'os_Arena.New' (Current Prefix: '')
[2m2026-06-13T02:06:31.140356Z[0m [34mDEBUG[0m [2mgust_lexer::typechecker::visitor[0m[2m:[0m 👁️ Expression::Call Evaluation Start: Raw Function: 'os.Arena.New', Resolved: 'os_Arena.New', Registry Has Key: false
[2m2026-06-13T02:06:31.140366Z[0m [34mDEBUG[0m [2mgust_lexer::typechecker::visitor[0m[2m:[0m 👁️ Expression::Call Evaluation Start: Raw Function: 'ctx.Free', Resolved: 'ctx.Free', Registry Has Key: false
[2m2026-06-13T02:06:31.140379Z[0m [34mDEBUG[0m [2mgust_lexer::typechecker[0m[2m:[0m 👁️ Namespace Resolution: Lookup 'os.Dir' -> Resolved: 'os_Dir' (Current Prefix: '')
[2m2026-06-13T02:06:31.140392Z[0m [34mDEBUG[0m [2mgust_lexer::typechecker[0m[2m:[0m 👁️ Namespace Resolution: Lookup 'os_Dir_ctx' -> Resolved: 'os_Dir_ctx' (Current Prefix: '')
[2m2026-06-13T02:06:31.140398Z[0m [34mDEBUG[0m [2mgust_lexer::typechecker[0m[2m:[0m 👁️ Namespace Resolution: Lookup 'os.Dir' -> Resolved: 'os_Dir' (Current Prefix: '')
[2m2026-06-13T02:06:31.140407Z[0m [34mDEBUG[0m [2mgust_lexer::typechecker[0m[2m:[0m 👁️ Namespace Resolution: Lookup 'os_Dir_ctx' -> Resolved: 'os_Dir_ctx' (Current Prefix: '')
[2m2026-06-13T02:06:31.140416Z[0m [34mDEBUG[0m [2mgust_lexer::typechecker[0m[2m:[0m 👁️ Namespace Resolution: Lookup 'os.DirEntry' -> Resolved: 'os_DirEntry' (Current Prefix: '')
[2m2026-06-13T02:06:31.140428Z[0m [34mDEBUG[0m [2mgust_lexer::typechecker[0m[2m:[0m 👁️ Namespace Resolution: Lookup 'os_DirEntry_ctx' -> Resolved: 'os_DirEntry_ctx' (Current Prefix: '')
[2m2026-06-13T02:06:31.140434Z[0m [34mDEBUG[0m [2mgust_lexer::typechecker[0m[2m:[0m 👁️ Namespace Resolution: Lookup 'os.DirEntry' -> Resolved: 'os_DirEntry' (Current Prefix: '')
[2m2026-06-13T02:06:31.140444Z[0m [34mDEBUG[0m [2mgust_lexer::typechecker[0m[2m:[0m 👁️ Namespace Resolution: Lookup 'os_DirEntry_ctx' -> Resolved: 'os_DirEntry_ctx' (Current Prefix: '')
[2m2026-06-13T02:06:31.140451Z[0m [34mDEBUG[0m [2mgust_lexer::typechecker[0m[2m:[0m 👁️ Namespace Resolution: Lookup 'os.CloseDir' -> Resolved: 'os_CloseDir' (Current Prefix: '')
[2m2026-06-13T02:06:31.140457Z[0m [34mDEBUG[0m [2mgust_lexer::typechecker::visitor[0m[2m:[0m 👁️ Expression::Call Evaluation Start: Raw Function: 'os.CloseDir', Resolved: 'os_CloseDir', Registry Has Key: true
ok
test test_os_directory_ffi_type_checking ... [2m2026-06-13T02:06:31.140818Z[0m [34mDEBUG[0m [2mgust_lexer::typechecker::visitor[0m[2m:[0m 🗄️ Stdlib Registered: Alias 'os' maps to prefix 'os_'
[2m2026-06-13T02:06:31.140827Z[0m [34mDEBUG[0m [2mgust_lexer::typechecker::visitor[0m[2m:[0m 🗄️ Stdlib Registered: Alias 'std' maps to prefix 'std_'
[2m2026-06-13T02:06:31.140918Z[0m [34mDEBUG[0m [2mgust_lexer::typechecker::visitor[0m[2m:[0m 🗄️ Function Pre-Registration: Raw name: 'main', Namespaced: 'main', Parameter Count: 0, Params: []
[2m2026-06-13T02:06:31.140936Z[0m [34mDEBUG[0m [2mgust_lexer::typechecker[0m[2m:[0m 👁️ Namespace Resolution: Lookup 'os.Arena.New' -> Resolved: 'os_Arena.New' (Current Prefix: '')
[2m2026-06-13T02:06:31.140945Z[0m [34mDEBUG[0m [2mgust_lexer::typechecker::visitor[0m[2m:[0m 👁️ Expression::Call Evaluation Start: Raw Function: 'os.Arena.New', Resolved: 'os_Arena.New', Registry Has Key: false
[2m2026-06-13T02:06:31.140958Z[0m [34mDEBUG[0m [2mgust_lexer::typechecker::visitor[0m[2m:[0m 👁️ Expression::Call Evaluation Start: Raw Function: 'ctx.Free', Resolved: 'ctx.Free', Registry Has Key: false
[2m2026-06-13T02:06:31.140974Z[0m [34mDEBUG[0m [2mgust_lexer::typechecker[0m[2m:[0m 👁️ Namespace Resolution: Lookup 'os.OpenDir' -> Resolved: 'os_OpenDir' (Current Prefix: '')
[2m2026-06-13T02:06:31.140983Z[0m [34mDEBUG[0m [2mgust_lexer::typechecker::visitor[0m[2m:[0m 👁️ Expression::Call Evaluation Start: Raw Function: 'os.OpenDir', Resolved: 'os_OpenDir', Registry Has Key: true
[2m2026-06-13T02:06:31.141004Z[0m [34mDEBUG[0m [2mgust_lexer::typechecker[0m[2m:[0m 👁️ Namespace Resolution: Lookup 'LookupResult_os_Dir_ctx' -> Resolved: 'LookupResult_os_Dir_ctx' (Current Prefix: '')
[2m2026-06-13T02:06:31.141013Z[0m [34mDEBUG[0m [2mgust_lexer::typechecker[0m[2m:[0m 👁️ Namespace Resolution: Lookup 'LookupResult_os_Dir_ctx' -> Resolved: 'LookupResult_os_Dir_ctx' (Current Prefix: '')
[2m2026-06-13T02:06:31.141020Z[0m [34mDEBUG[0m [2mgust_lexer::typechecker[0m[2m:[0m 👁️ Namespace Resolution: Lookup 'os.OpenDir' -> Resolved: 'os_OpenDir' (Current Prefix: '')
[2m2026-06-13T02:06:31.141050Z[0m [34mDEBUG[0m [2mgust_lexer::typechecker[0m[2m:[0m 👁️ Namespace Resolution: Lookup 'os_Dir_ctx' -> Resolved: 'os_Dir_ctx' (Current Prefix: '')
[2m2026-06-13T02:06:31.141058Z[0m [34mDEBUG[0m [2mgust_lexer::typechecker[0m[2m:[0m 👁️ Namespace Resolution: Lookup 'os_Dir_ctx' -> Resolved: 'os_Dir_ctx' (Current Prefix: '')
[2m2026-06-13T02:06:31.141069Z[0m [34mDEBUG[0m [2mgust_lexer::typechecker[0m[2m:[0m 👁️ Namespace Resolution: Lookup 'os.ReadDir' -> Resolved: 'os_ReadDir' (Current Prefix: '')
[2m2026-06-13T02:06:31.141078Z[0m [34mDEBUG[0m [2mgust_lexer::typechecker::visitor[0m[2m:[0m 👁️ Expression::Call Evaluation Start: Raw Function: 'os.ReadDir', Resolved: 'os_ReadDir', Registry Has Key: true
[2m2026-06-13T02:06:31.141101Z[0m [34mDEBUG[0m [2mgust_lexer::typechecker[0m[2m:[0m 👁️ Namespace Resolution: Lookup 'LookupResult_os_DirEntry_ctx' -> Resolved: 'LookupResult_os_DirEntry_ctx' (Current Prefix: '')
[2m2026-06-13T02:06:31.141117Z[0m [34mDEBUG[0m [2mgust_lexer::typechecker[0m[2m:[0m 👁️ Namespace Resolution: Lookup 'LookupResult_os_DirEntry_ctx' -> Resolved: 'LookupResult_os_DirEntry_ctx' (Current Prefix: '')
[2m2026-06-13T02:06:31.141125Z[0m [34mDEBUG[0m [2mgust_lexer::typechecker[0m[2m:[0m 👁️ Namespace Resolution: Lookup 'os.ReadDir' -> Resolved: 'os_ReadDir' (Current Prefix: '')
[2m2026-06-13T02:06:31.141200Z[0m [34mDEBUG[0m [2mgust_lexer::typechecker[0m[2m:[0m 👁️ Namespace Resolution: Lookup 'os.CloseDir' -> Resolved: 'os_CloseDir' (Current Prefix: '')
[2m2026-06-13T02:06:31.141210Z[0m [34mDEBUG[0m [2mgust_lexer::typechecker::visitor[0m[2m:[0m 👁️ Expression::Call Evaluation Start: Raw Function: 'os.CloseDir', Resolved: 'os_CloseDir', Registry Has Key: true
[2m2026-06-13T02:06:31.141458Z[0m [34mDEBUG[0m [2mgust_lexer::typechecker::visitor[0m[2m:[0m 🗄️ Stdlib Registered: Alias 'os' maps to prefix 'os_'
[2m2026-06-13T02:06:31.141467Z[0m [34mDEBUG[0m [2mgust_lexer::typechecker::visitor[0m[2m:[0m 🗄️ Stdlib Registered: Alias 'std' maps to prefix 'std_'
[2m2026-06-13T02:06:31.141557Z[0m [34mDEBUG[0m [2mgust_lexer::typechecker::visitor[0m[2m:[0m 🗄️ Function Pre-Registration: Raw name: 'main', Namespaced: 'main', Parameter Count: 0, Params: []
[2m2026-06-13T02:06:31.141571Z[0m [34mDEBUG[0m [2mgust_lexer::typechecker[0m[2m:[0m 👁️ Namespace Resolution: Lookup 'os.Arena.New' -> Resolved: 'os_Arena.New' (Current Prefix: '')
[2m2026-06-13T02:06:31.141580Z[0m [34mDEBUG[0m [2mgust_lexer::typechecker::visitor[0m[2m:[0m 👁️ Expression::Call Evaluation Start: Raw Function: 'os.Arena.New', Resolved: 'os_Arena.New', Registry Has Key: false
[2m2026-06-13T02:06:31.141593Z[0m [34mDEBUG[0m [2mgust_lexer::typechecker::visitor[0m[2m:[0m 👁️ Expression::Call Evaluation Start: Raw Function: 'ctx1.Free', Resolved: 'ctx1.Free', Registry Has Key: false
[2m2026-06-13T02:06:31.141606Z[0m [34mDEBUG[0m [2mgust_lexer::typechecker[0m[2m:[0m 👁️ Namespace Resolution: Lookup 'os.Arena.New' -> Resolved: 'os_Arena.New' (Current Prefix: '')
[2m2026-06-13T02:06:31.141614Z[0m [34mDEBUG[0m [2mgust_lexer::typechecker::visitor[0m[2m:[0m 👁️ Expression::Call Evaluation Start: Raw Function: 'os.Arena.New', Resolved: 'os_Arena.New', Registry Has Key: false
[2m2026-06-13T02:06:31.141635Z[0m [34mDEBUG[0m [2mgust_lexer::typechecker::visitor[0m[2m:[0m 👁️ Expression::Call Evaluation Start: Raw Function: 'ctx2.Free', Resolved: 'ctx2.Free', Registry Has Key: false
[2m2026-06-13T02:06:31.141648Z[0m [34mDEBUG[0m [2mgust_lexer::typechecker[0m[2m:[0m 👁️ Namespace Resolution: Lookup 'os.OpenDir' -> Resolved: 'os_OpenDir' (Current Prefix: '')
[2m2026-06-13T02:06:31.141657Z[0m [34mDEBUG[0m [2mgust_lexer::typechecker::visitor[0m[2m:[0m 👁️ Expression::Call Evaluation Start: Raw Function: 'os.OpenDir', Resolved: 'os_OpenDir', Registry Has Key: true
[2m2026-06-13T02:06:31.141680Z[0m [34mDEBUG[0m [2mgust_lexer::typechecker[0m[2m:[0m 👁️ Namespace Resolution: Lookup 'LookupResult_os_Dir_ctx1' -> Resolved: 'LookupResult_os_Dir_ctx1' (Current Prefix: '')
[2m2026-06-13T02:06:31.141690Z[0m [34mDEBUG[0m [2mgust_lexer::typechecker[0m[2m:[0m 👁️ Namespace Resolution: Lookup 'LookupResult_os_Dir_ctx1' -> Resolved: 'LookupResult_os_Dir_ctx1' (Current Prefix: '')
[2m2026-06-13T02:06:31.141700Z[0m [34mDEBUG[0m [2mgust_lexer::typechecker[0m[2m:[0m 👁️ Namespace Resolution: Lookup 'os.OpenDir' -> Resolved: 'os_OpenDir' (Current Prefix: '')
[2m2026-06-13T02:06:31.141722Z[0m [34mDEBUG[0m [2mgust_lexer::typechecker[0m[2m:[0m 👁️ Namespace Resolution: Lookup 'os.ReadDir' -> Resolved: 'os_ReadDir' (Current Prefix: '')
[2m2026-06-13T02:06:31.141729Z[0m [34mDEBUG[0m [2mgust_lexer::typechecker::visitor[0m[2m:[0m 👁️ Expression::Call Evaluation Start: Raw Function: 'os.ReadDir', Resolved: 'os_ReadDir', Registry Has Key: true
[2m2026-06-13T02:06:31.141951Z[0m [34mDEBUG[0m [2mgust_lexer::typechecker::visitor[0m[2m:[0m 🗄️ Stdlib Registered: Alias 'os' maps to prefix 'os_'
[2m2026-06-13T02:06:31.141957Z[0m [34mDEBUG[0m [2mgust_lexer::typechecker::visitor[0m[2m:[0m 🗄️ Stdlib Registered: Alias 'std' maps to prefix 'std_'
[2m2026-06-13T02:06:31.142046Z[0m [34mDEBUG[0m [2mgust_lexer::typechecker::visitor[0m[2m:[0m 🗄️ Function Pre-Registration: Raw name: 'main', Namespaced: 'main', Parameter Count: 0, Params: []
[2m2026-06-13T02:06:31.142059Z[0m [34mDEBUG[0m [2mgust_lexer::typechecker[0m[2m:[0m 👁️ Namespace Resolution: Lookup 'os.Arena.New' -> Resolved: 'os_Arena.New' (Current Prefix: '')
[2m2026-06-13T02:06:31.142065Z[0m [34mDEBUG[0m [2mgust_lexer::typechecker::visitor[0m[2m:[0m 👁️ Expression::Call Evaluation Start: Raw Function: 'os.Arena.New', Resolved: 'os_Arena.New', Registry Has Key: false
[2m2026-06-13T02:06:31.142078Z[0m [34mDEBUG[0m [2mgust_lexer::typechecker::visitor[0m[2m:[0m 👁️ Expression::Call Evaluation Start: Raw Function: 'ctx.Free', Resolved: 'ctx.Free', Registry Has Key: false
[2m2026-06-13T02:06:31.142089Z[0m [34mDEBUG[0m [2mgust_lexer::typechecker[0m[2m:[0m 👁️ Namespace Resolution: Lookup 'os.OpenDir' -> Resolved: 'os_OpenDir' (Current Prefix: '')
[2m2026-06-13T02:06:31.142095Z[0m [34mDEBUG[0m [2mgust_lexer::typechecker::visitor[0m[2m:[0m 👁️ Expression::Call Evaluation Start: Raw Function: 'os.OpenDir', Resolved: 'os_OpenDir', Registry Has Key: true
[2m2026-06-13T02:06:31.142114Z[0m [34mDEBUG[0m [2mgust_lexer::typechecker[0m[2m:[0m 👁️ Namespace Resolution: Lookup 'LookupResult_os_Dir_ctx' -> Resolved: 'LookupResult_os_Dir_ctx' (Current Prefix: '')
[2m2026-06-13T02:06:31.142122Z[0m [34mDEBUG[0m [2mgust_lexer::typechecker[0m[2m:[0m 👁️ Namespace Resolution: Lookup 'LookupResult_os_Dir_ctx' -> Resolved: 'LookupResult_os_Dir_ctx' (Current Prefix: '')
[2m2026-06-13T02:06:31.142130Z[0m [34mDEBUG[0m [2mgust_lexer::typechecker[0m[2m:[0m 👁️ Namespace Resolution: Lookup 'os.OpenDir' -> Resolved: 'os_OpenDir' (Current Prefix: '')
[2m2026-06-13T02:06:31.142154Z[0m [34mDEBUG[0m [2mgust_lexer::typechecker[0m[2m:[0m 👁️ Namespace Resolution: Lookup 'os.CloseDir' -> Resolved: 'os_CloseDir' (Current Prefix: '')
[2m2026-06-13T02:06:31.142161Z[0m [34mDEBUG[0m [2mgust_lexer::typechecker::visitor[0m[2m:[0m 👁️ Expression::Call Evaluation Start: Raw Function: 'os.CloseDir', Resolved: 'os_CloseDir', Registry Has Key: true
ok
test test_path_join_arena_moved_rejected ... [2m2026-06-13T02:06:31.142615Z[0m [34mDEBUG[0m [2mgust_lexer::typechecker::visitor[0m[2m:[0m 🗄️ Stdlib Registered: Alias 'os' maps to prefix 'os_'
[2m2026-06-13T02:06:31.142622Z[0m [34mDEBUG[0m [2mgust_lexer::typechecker::visitor[0m[2m:[0m 🗄️ Stdlib Registered: Alias 'std' maps to prefix 'std_'
[2m2026-06-13T02:06:31.142743Z[0m [34mDEBUG[0m [2mgust_lexer::typechecker::visitor[0m[2m:[0m 🗄️ Function Pre-Registration: Raw name: 'main', Namespaced: 'main', Parameter Count: 0, Params: []
[2m2026-06-13T02:06:31.142763Z[0m [34mDEBUG[0m [2mgust_lexer::typechecker[0m[2m:[0m 👁️ Namespace Resolution: Lookup 'os.Arena.New' -> Resolved: 'os_Arena.New' (Current Prefix: '')
[2m2026-06-13T02:06:31.142772Z[0m [34mDEBUG[0m [2mgust_lexer::typechecker::visitor[0m[2m:[0m 👁️ Expression::Call Evaluation Start: Raw Function: 'os.Arena.New', Resolved: 'os_Arena.New', Registry Has Key: false
[2m2026-06-13T02:06:31.142813Z[0m [34mDEBUG[0m [2mgust_lexer::typechecker[0m[2m:[0m 👁️ Namespace Resolution: Lookup 'os.path_join' -> Resolved: 'os_path_join' (Current Prefix: '')
[2m2026-06-13T02:06:31.142823Z[0m [34mDEBUG[0m [2mgust_lexer::typechecker::visitor[0m[2m:[0m 👁️ Expression::Call Evaluation Start: Raw Function: 'os.path_join', Resolved: 'os_path_join', Registry Has Key: true
ok
test test_path_join_typechecker_valid ... [2m2026-06-13T02:06:31.143347Z[0m [34mDEBUG[0m [2mgust_lexer::typechecker::visitor[0m[2m:[0m 🗄️ Stdlib Registered: Alias 'os' maps to prefix 'os_'
[2m2026-06-13T02:06:31.143355Z[0m [34mDEBUG[0m [2mgust_lexer::typechecker::visitor[0m[2m:[0m 🗄️ Stdlib Registered: Alias 'std' maps to prefix 'std_'
[2m2026-06-13T02:06:31.143575Z[0m [34mDEBUG[0m [2mgust_lexer::typechecker::visitor[0m[2m:[0m 🗄️ Function Pre-Registration: Raw name: 'main', Namespaced: 'main', Parameter Count: 0, Params: []
[2m2026-06-13T02:06:31.143592Z[0m [34mDEBUG[0m [2mgust_lexer::typechecker[0m[2m:[0m 👁️ Namespace Resolution: Lookup 'os.Arena.New' -> Resolved: 'os_Arena.New' (Current Prefix: '')
[2m2026-06-13T02:06:31.143600Z[0m [34mDEBUG[0m [2mgust_lexer::typechecker::visitor[0m[2m:[0m 👁️ Expression::Call Evaluation Start: Raw Function: 'os.Arena.New', Resolved: 'os_Arena.New', Registry Has Key: false
[2m2026-06-13T02:06:31.143610Z[0m [34mDEBUG[0m [2mgust_lexer::typechecker::visitor[0m[2m:[0m 👁️ Expression::Call Evaluation Start: Raw Function: 'ctx.Free', Resolved: 'ctx.Free', Registry Has Key: false
[2m2026-06-13T02:06:31.143624Z[0m [34mDEBUG[0m [2mgust_lexer::typechecker[0m[2m:[0m 👁️ Namespace Resolution: Lookup 'os.path_join' -> Resolved: 'os_path_join' (Current Prefix: '')
[2m2026-06-13T02:06:31.143630Z[0m [34mDEBUG[0m [2mgust_lexer::typechecker::visitor[0m[2m:[0m 👁️ Expression::Call Evaluation Start: Raw Function: 'os.path_join', Resolved: 'os_path_join', Registry Has Key: true
[2m2026-06-13T02:06:31.143641Z[0m [34mDEBUG[0m [2mgust_lexer::typechecker::visitor[0m[2m:[0m 👁️ Call-Site Verification: Raw Function: 'os.path_join', Resolved: 'os_path_join', Expected Params Count: 3, Expected Params: [Str, Str, RawPointer(Arena)], Actual Args: [("\"a\"", Str), ("\"b\"", Str), ("ctx", Arena)]
[2m2026-06-13T02:06:31.143654Z[0m [34mDEBUG[0m [2mgust_lexer::typechecker[0m[2m:[0m 👁️ Namespace Resolution: Lookup 'os.path_join' -> Resolved: 'os_path_join' (Current Prefix: '')
ok
test test_pod_enum_propagation_recognized_as_copyable ... [2m2026-06-13T02:06:31.144421Z[0m [34mDEBUG[0m [2mgust_lexer::typechecker::visitor[0m[2m:[0m 🗄️ Stdlib Registered: Alias 'os' maps to prefix 'os_'
[2m2026-06-13T02:06:31.144431Z[0m [34mDEBUG[0m [2mgust_lexer::typechecker::visitor[0m[2m:[0m 🗄️ Stdlib Registered: Alias 'std' maps to prefix 'std_'
[2m2026-06-13T02:06:31.144563Z[0m [34mDEBUG[0m [2mgust_lexer::typechecker[0m[2m:[0m 👁️ Namespace Resolution: Lookup 'MyPod' -> Resolved: 'MyPod' (Current Prefix: '')
[2m2026-06-13T02:06:31.144578Z[0m [34mDEBUG[0m [2mgust_lexer::typechecker[0m[2m:[0m 👁️ Namespace Resolution: Lookup 'MyPod' -> Resolved: 'MyPod' (Current Prefix: '')
ok
test test_pod_struct_propagation_recognized_as_copyable ... [2m2026-06-13T02:06:31.145094Z[0m [34mDEBUG[0m [2mgust_lexer::typechecker::visitor[0m[2m:[0m 🗄️ Stdlib Registered: Alias 'os' maps to prefix 'os_'
[2m2026-06-13T02:06:31.145141Z[0m [34mDEBUG[0m [2mgust_lexer::typechecker::visitor[0m[2m:[0m 🗄️ Stdlib Registered: Alias 'std' maps to prefix 'std_'
ok
test test_pool_type_checking_invalid ... [2m2026-06-13T02:06:31.146265Z[0m [34mDEBUG[0m [2mgust_lexer::typechecker::visitor[0m[2m:[0m 🗄️ Stdlib Registered: Alias 'os' maps to prefix 'os_'
[2m2026-06-13T02:06:31.146303Z[0m [34mDEBUG[0m [2mgust_lexer::typechecker::visitor[0m[2m:[0m 🗄️ Stdlib Registered: Alias 'std' maps to prefix 'std_'
[2m2026-06-13T02:06:31.146683Z[0m [34mDEBUG[0m [2mgust_lexer::typechecker::visitor[0m[2m:[0m 🗄️ Function Pre-Registration: Raw name: 'main', Namespaced: 'main', Parameter Count: 0, Params: []
[2m2026-06-13T02:06:31.146760Z[0m [34mDEBUG[0m [2mgust_lexer::typechecker[0m[2m:[0m 👁️ Namespace Resolution: Lookup 'os.Arena.New' -> Resolved: 'os_Arena.New' (Current Prefix: '')
[2m2026-06-13T02:06:31.146794Z[0m [34mDEBUG[0m [2mgust_lexer::typechecker::visitor[0m[2m:[0m 👁️ Expression::Call Evaluation Start: Raw Function: 'os.Arena.New', Resolved: 'os_Arena.New', Registry Has Key: false
[2m2026-06-13T02:06:31.146855Z[0m [34mDEBUG[0m [2mgust_lexer::typechecker::visitor[0m[2m:[0m 👁️ Expression::Call Evaluation Start: Raw Function: 'ctx.Free', Resolved: 'ctx.Free', Registry Has Key: false
[2m2026-06-13T02:06:31.146920Z[0m [34mDEBUG[0m [2mgust_lexer::typechecker[0m[2m:[0m 👁️ Namespace Resolution: Lookup 'std.PoolNew' -> Resolved: 'std_PoolNew' (Current Prefix: '')
[2m2026-06-13T02:06:31.146953Z[0m [34mDEBUG[0m [2mgust_lexer::typechecker::visitor[0m[2m:[0m 👁️ Expression::Call Evaluation Start: Raw Function: 'std.PoolNew', Resolved: 'std_PoolNew', Registry Has Key: false
[2m2026-06-13T02:06:31.147005Z[0m [34mDEBUG[0m [2mgust_lexer::typechecker[0m[2m:[0m 👁️ Namespace Resolution: Lookup 'Pool_Any' -> Resolved: 'Pool_Any' (Current Prefix: '')
[2m2026-06-13T02:06:31.147041Z[0m [34mDEBUG[0m [2mgust_lexer::typechecker[0m[2m:[0m 👁️ Namespace Resolution: Lookup 'Pool_Any' -> Resolved: 'Pool_Any' (Current Prefix: '')
[2m2026-06-13T02:06:31.147083Z[0m [34mDEBUG[0m [2mgust_lexer::typechecker[0m[2m:[0m 👁️ Namespace Resolution: Lookup 'std.Pool' -> Resolved: 'std_Pool' (Current Prefix: '')
[2m2026-06-13T02:06:31.147114Z[0m [34mDEBUG[0m [2mgust_lexer::typechecker[0m[2m:[0m 👁️ Namespace Resolution: Lookup 'Node' -> Resolved: 'Node' (Current Prefix: '')
[2m2026-06-13T02:06:31.147144Z[0m [34mDEBUG[0m [2mgust_lexer::typechecker[0m[2m:[0m 👁️ Namespace Resolution: Lookup 'ctx' -> Resolved: 'ctx' (Current Prefix: '')
[2m2026-06-13T02:06:31.147175Z[0m [34mDEBUG[0m [2mgust_lexer::typechecker[0m[2m:[0m 👁️ Namespace Resolution: Lookup 'Node' -> Resolved: 'Node' (Current Prefix: '')
[2m2026-06-13T02:06:31.147207Z[0m [34mDEBUG[0m [2mgust_lexer::typechecker[0m[2m:[0m 👁️ Namespace Resolution: Lookup 'ctx' -> Resolved: 'ctx' (Current Prefix: '')
[2m2026-06-13T02:06:31.147292Z[0m [34mDEBUG[0m [2mgust_lexer::typechecker[0m[2m:[0m 👁️ Namespace Resolution: Lookup 'Node' -> Resolved: 'Node' (Current Prefix: '')
[2m2026-06-13T02:06:31.147325Z[0m [34mDEBUG[0m [2mgust_lexer::typechecker[0m[2m:[0m 👁️ Namespace Resolution: Lookup 'Node' -> Resolved: 'Node' (Current Prefix: '')
[2m2026-06-13T02:06:31.147387Z[0m [34mDEBUG[0m [2mgust_lexer::typechecker[0m[2m:[0m 👁️ Namespace Resolution: Lookup 'std_Pool_Node_ctx' -> Resolved: 'std_Pool_Node_ctx' (Current Prefix: '')
[2m2026-06-13T02:06:31.147443Z[0m [34mDEBUG[0m [2mgust_lexer::typechecker::visitor[0m[2m:[0m 👁️ Expression::Call Evaluation Start: Raw Function: 'pool.Alloc', Resolved: 'pool.Alloc', Registry Has Key: false
[2m2026-06-13T02:06:31.147709Z[0m [34mDEBUG[0m [2mgust_lexer::typechecker::visitor[0m[2m:[0m 🗄️ Stdlib Registered: Alias 'os' maps to prefix 'os_'
[2m2026-06-13T02:06:31.147717Z[0m [34mDEBUG[0m [2mgust_lexer::typechecker::visitor[0m[2m:[0m 🗄️ Stdlib Registered: Alias 'std' maps to prefix 'std_'
[2m2026-06-13T02:06:31.147791Z[0m [34mDEBUG[0m [2mgust_lexer::typechecker::visitor[0m[2m:[0m 🗄️ Function Pre-Registration: Raw name: 'main', Namespaced: 'main', Parameter Count: 0, Params: []
[2m2026-06-13T02:06:31.147804Z[0m [34mDEBUG[0m [2mgust_lexer::typechecker[0m[2m:[0m 👁️ Namespace Resolution: Lookup 'os.Arena.New' -> Resolved: 'os_Arena.New' (Current Prefix: '')
[2m2026-06-13T02:06:31.147810Z[0m [34mDEBUG[0m [2mgust_lexer::typechecker::visitor[0m[2m:[0m 👁️ Expression::Call Evaluation Start: Raw Function: 'os.Arena.New', Resolved: 'os_Arena.New', Registry Has Key: false
[2m2026-06-13T02:06:31.147820Z[0m [34mDEBUG[0m [2mgust_lexer::typechecker::visitor[0m[2m:[0m 👁️ Expression::Call Evaluation Start: Raw Function: 'ctx.Free', Resolved: 'ctx.Free', Registry Has Key: false
[2m2026-06-13T02:06:31.147841Z[0m [34mDEBUG[0m [2mgust_lexer::typechecker[0m[2m:[0m 👁️ Namespace Resolution: Lookup 'std.PoolNew' -> Resolved: 'std_PoolNew' (Current Prefix: '')
[2m2026-06-13T02:06:31.147855Z[0m [34mDEBUG[0m [2mgust_lexer::typechecker::visitor[0m[2m:[0m 👁️ Expression::Call Evaluation Start: Raw Function: 'std.PoolNew', Resolved: 'std_PoolNew', Registry Has Key: false
[2m2026-06-13T02:06:31.147879Z[0m [34mDEBUG[0m [2mgust_lexer::typechecker[0m[2m:[0m 👁️ Namespace Resolution: Lookup 'Pool_Any' -> Resolved: 'Pool_Any' (Current Prefix: '')
[2m2026-06-13T02:06:31.147896Z[0m [34mDEBUG[0m [2mgust_lexer::typechecker[0m[2m:[0m 👁️ Namespace Resolution: Lookup 'Pool_Any' -> Resolved: 'Pool_Any' (Current Prefix: '')
[2m2026-06-13T02:06:31.147915Z[0m [34mDEBUG[0m [2mgust_lexer::typechecker[0m[2m:[0m 👁️ Namespace Resolution: Lookup 'std.Pool' -> Resolved: 'std_Pool' (Current Prefix: '')
[2m2026-06-13T02:06:31.147928Z[0m [34mDEBUG[0m [2mgust_lexer::typechecker[0m[2m:[0m 👁️ Namespace Resolution: Lookup 'Node' -> Resolved: 'Node' (Current Prefix: '')
[2m2026-06-13T02:06:31.147940Z[0m [34mDEBUG[0m [2mgust_lexer::typechecker[0m[2m:[0m 👁️ Namespace Resolution: Lookup 'ctx' -> Resolved: 'ctx' (Current Prefix: '')
[2m2026-06-13T02:06:31.147954Z[0m [34mDEBUG[0m [2mgust_lexer::typechecker[0m[2m:[0m 👁️ Namespace Resolution: Lookup 'Node' -> Resolved: 'Node' (Current Prefix: '')
[2m2026-06-13T02:06:31.147967Z[0m [34mDEBUG[0m [2mgust_lexer::typechecker[0m[2m:[0m 👁️ Namespace Resolution: Lookup 'ctx' -> Resolved: 'ctx' (Current Prefix: '')
[2m2026-06-13T02:06:31.148000Z[0m [34mDEBUG[0m [2mgust_lexer::typechecker[0m[2m:[0m 👁️ Namespace Resolution: Lookup 'Node' -> Resolved: 'Node' (Current Prefix: '')
[2m2026-06-13T02:06:31.148016Z[0m [34mDEBUG[0m [2mgust_lexer::typechecker[0m[2m:[0m 👁️ Namespace Resolution: Lookup 'Node' -> Resolved: 'Node' (Current Prefix: '')
[2m2026-06-13T02:06:31.148043Z[0m [34mDEBUG[0m [2mgust_lexer::typechecker[0m[2m:[0m 👁️ Namespace Resolution: Lookup 'std_Pool_Node_ctx' -> Resolved: 'std_Pool_Node_ctx' (Current Prefix: '')
[2m2026-06-13T02:06:31.148066Z[0m [34mDEBUG[0m [2mgust_lexer::typechecker::visitor[0m[2m:[0m 👁️ Expression::Call Evaluation Start: Raw Function: 'pool.Free', Resolved: 'pool.Free', Registry Has Key: false
ok
test test_pool_type_checking_valid ... [2m2026-06-13T02:06:31.148497Z[0m [34mDEBUG[0m [2mgust_lexer::typechecker::visitor[0m[2m:[0m 🗄️ Stdlib Registered: Alias 'os' maps to prefix 'os_'
[2m2026-06-13T02:06:31.148509Z[0m [34mDEBUG[0m [2mgust_lexer::typechecker::visitor[0m[2m:[0m 🗄️ Stdlib Registered: Alias 'std' maps to prefix 'std_'
[2m2026-06-13T02:06:31.148615Z[0m [34mDEBUG[0m [2mgust_lexer::typechecker::visitor[0m[2m:[0m 🗄️ Function Pre-Registration: Raw name: 'main', Namespaced: 'main', Parameter Count: 0, Params: []
[2m2026-06-13T02:06:31.148633Z[0m [34mDEBUG[0m [2mgust_lexer::typechecker[0m[2m:[0m 👁️ Namespace Resolution: Lookup 'os.Arena.New' -> Resolved: 'os_Arena.New' (Current Prefix: '')
[2m2026-06-13T02:06:31.148639Z[0m [34mDEBUG[0m [2mgust_lexer::typechecker::visitor[0m[2m:[0m 👁️ Expression::Call Evaluation Start: Raw Function: 'os.Arena.New', Resolved: 'os_Arena.New', Registry Has Key: false
[2m2026-06-13T02:06:31.148651Z[0m [34mDEBUG[0m [2mgust_lexer::typechecker::visitor[0m[2m:[0m 👁️ Expression::Call Evaluation Start: Raw Function: 'ctx.Free', Resolved: 'ctx.Free', Registry Has Key: false
[2m2026-06-13T02:06:31.148666Z[0m [34mDEBUG[0m [2mgust_lexer::typechecker[0m[2m:[0m 👁️ Namespace Resolution: Lookup 'std.PoolNew' -> Resolved: 'std_PoolNew' (Current Prefix: '')
[2m2026-06-13T02:06:31.148673Z[0m [34mDEBUG[0m [2mgust_lexer::typechecker::visitor[0m[2m:[0m 👁️ Expression::Call Evaluation Start: Raw Function: 'std.PoolNew', Resolved: 'std_PoolNew', Registry Has Key: false
[2m2026-06-13T02:06:31.148684Z[0m [34mDEBUG[0m [2mgust_lexer::typechecker[0m[2m:[0m 👁️ Namespace Resolution: Lookup 'Pool_Any' -> Resolved: 'Pool_Any' (Current Prefix: '')
[2m2026-06-13T02:06:31.148691Z[0m [34mDEBUG[0m [2mgust_lexer::typechecker[0m[2m:[0m 👁️ Namespace Resolution: Lookup 'Pool_Any' -> Resolved: 'Pool_Any' (Current Prefix: '')
[2m2026-06-13T02:06:31.148699Z[0m [34mDEBUG[0m [2mgust_lexer::typechecker[0m[2m:[0m 👁️ Namespace Resolution: Lookup 'std.Pool' -> Resolved: 'std_Pool' (Current Prefix: '')
[2m2026-06-13T02:06:31.148705Z[0m [34mDEBUG[0m [2mgust_lexer::typechecker[0m[2m:[0m 👁️ Namespace Resolution: Lookup 'Node' -> Resolved: 'Node' (Current Prefix: '')
[2m2026-06-13T02:06:31.148710Z[0m [34mDEBUG[0m [2mgust_lexer::typechecker[0m[2m:[0m 👁️ Namespace Resolution: Lookup 'ctx' -> Resolved: 'ctx' (Current Prefix: '')
[2m2026-06-13T02:06:31.148717Z[0m [34mDEBUG[0m [2mgust_lexer::typechecker[0m[2m:[0m 👁️ Namespace Resolution: Lookup 'Node' -> Resolved: 'Node' (Current Prefix: '')
[2m2026-06-13T02:06:31.148723Z[0m [34mDEBUG[0m [2mgust_lexer::typechecker[0m[2m:[0m 👁️ Namespace Resolution: Lookup 'ctx' -> Resolved: 'ctx' (Current Prefix: '')
[2m2026-06-13T02:06:31.148744Z[0m [34mDEBUG[0m [2mgust_lexer::typechecker[0m[2m:[0m 👁️ Namespace Resolution: Lookup 'Node' -> Resolved: 'Node' (Current Prefix: '')
[2m2026-06-13T02:06:31.148755Z[0m [34mDEBUG[0m [2mgust_lexer::typechecker[0m[2m:[0m 👁️ Namespace Resolution: Lookup 'Node' -> Resolved: 'Node' (Current Prefix: '')
[2m2026-06-13T02:06:31.148773Z[0m [34mDEBUG[0m [2mgust_lexer::typechecker[0m[2m:[0m 👁️ Namespace Resolution: Lookup 'std_Pool_Node_ctx' -> Resolved: 'std_Pool_Node_ctx' (Current Prefix: '')
[2m2026-06-13T02:06:31.148789Z[0m [34mDEBUG[0m [2mgust_lexer::typechecker[0m[2m:[0m 👁️ Namespace Resolution: Lookup 'Node' -> Resolved: 'Node' (Current Prefix: '')
[2m2026-06-13T02:06:31.148797Z[0m [34mDEBUG[0m [2mgust_lexer::typechecker[0m[2m:[0m 👁️ Namespace Resolution: Lookup 'Node' -> Resolved: 'Node' (Current Prefix: '')
[2m2026-06-13T02:06:31.148806Z[0m [34mDEBUG[0m [2mgust_lexer::typechecker[0m[2m:[0m 👁️ Namespace Resolution: Lookup 'Node' -> Resolved: 'Node' (Current Prefix: '')
[2m2026-06-13T02:06:31.148816Z[0m [34mDEBUG[0m [2mgust_lexer::typechecker[0m[2m:[0m 👁️ Namespace Resolution: Lookup 'Node' -> Resolved: 'Node' (Current Prefix: '')
[2m2026-06-13T02:06:31.148839Z[0m [34mDEBUG[0m [2mgust_lexer::typechecker::visitor[0m[2m:[0m 👁️ Expression::Call Evaluation Start: Raw Function: 'pool.Alloc', Resolved: 'pool.Alloc', Registry Has Key: false
[2m2026-06-13T02:06:31.148857Z[0m [34mDEBUG[0m [2mgust_lexer::typechecker[0m[2m:[0m 👁️ Namespace Resolution: Lookup 'Node' -> Resolved: 'Node' (Current Prefix: '')
[2m2026-06-13T02:06:31.148869Z[0m [34mDEBUG[0m [2mgust_lexer::typechecker[0m[2m:[0m 👁️ Namespace Resolution: Lookup 'Node' -> Resolved: 'Node' (Current Prefix: '')
[2m2026-06-13T02:06:31.148889Z[0m [34mDEBUG[0m [2mgust_lexer::typechecker::visitor[0m[2m:[0m 👁️ Expression::Call Evaluation Start: Raw Function: 'pool.Free', Resolved: 'pool.Free', Registry Has Key: false
ok
test test_rc_and_graph_type_checking_invalid ... [2m2026-06-13T02:06:31.149422Z[0m [34mDEBUG[0m [2mgust_lexer::typechecker::visitor[0m[2m:[0m 🗄️ Stdlib Registered: Alias 'os' maps to prefix 'os_'
[2m2026-06-13T02:06:31.149440Z[0m [34mDEBUG[0m [2mgust_lexer::typechecker::visitor[0m[2m:[0m 🗄️ Stdlib Registered: Alias 'std' maps to prefix 'std_'
[2m2026-06-13T02:06:31.149613Z[0m [34mDEBUG[0m [2mgust_lexer::typechecker::visitor[0m[2m:[0m 🗄️ Function Pre-Registration: Raw name: 'main', Namespaced: 'main', Parameter Count: 0, Params: []
[2m2026-06-13T02:06:31.149647Z[0m [34mDEBUG[0m [2mgust_lexer::typechecker[0m[2m:[0m 👁️ Namespace Resolution: Lookup 'os.Arena.New' -> Resolved: 'os_Arena.New' (Current Prefix: '')
[2m2026-06-13T02:06:31.149662Z[0m [34mDEBUG[0m [2mgust_lexer::typechecker::visitor[0m[2m:[0m 👁️ Expression::Call Evaluation Start: Raw Function: 'os.Arena.New', Resolved: 'os_Arena.New', Registry Has Key: false
[2m2026-06-13T02:06:31.149687Z[0m [34mDEBUG[0m [2mgust_lexer::typechecker::visitor[0m[2m:[0m 👁️ Expression::Call Evaluation Start: Raw Function: 'ctx1.Free', Resolved: 'ctx1.Free', Registry Has Key: false
[2m2026-06-13T02:06:31.149717Z[0m [34mDEBUG[0m [2mgust_lexer::typechecker[0m[2m:[0m 👁️ Namespace Resolution: Lookup 'os.Arena.New' -> Resolved: 'os_Arena.New' (Current Prefix: '')
[2m2026-06-13T02:06:31.149732Z[0m [34mDEBUG[0m [2mgust_lexer::typechecker::visitor[0m[2m:[0m 👁️ Expression::Call Evaluation Start: Raw Function: 'os.Arena.New', Resolved: 'os_Arena.New', Registry Has Key: false
[2m2026-06-13T02:06:31.149754Z[0m [34mDEBUG[0m [2mgust_lexer::typechecker::visitor[0m[2m:[0m 👁️ Expression::Call Evaluation Start: Raw Function: 'ctx2.Free', Resolved: 'ctx2.Free', Registry Has Key: false
[2m2026-06-13T02:06:31.149780Z[0m [34mDEBUG[0m [2mgust_lexer::typechecker[0m[2m:[0m 👁️ Namespace Resolution: Lookup 'std.PoolNew' -> Resolved: 'std_PoolNew' (Current Prefix: '')
[2m2026-06-13T02:06:31.149795Z[0m [34mDEBUG[0m [2mgust_lexer::typechecker::visitor[0m[2m:[0m 👁️ Expression::Call Evaluation Start: Raw Function: 'std.PoolNew', Resolved: 'std_PoolNew', Registry Has Key: false
[2m2026-06-13T02:06:31.149813Z[0m [34mDEBUG[0m [2mgust_lexer::typechecker[0m[2m:[0m 👁️ Namespace Resolution: Lookup 'Pool_Any' -> Resolved: 'Pool_Any' (Current Prefix: '')
[2m2026-06-13T02:06:31.149830Z[0m [34mDEBUG[0m [2mgust_lexer::typechecker[0m[2m:[0m 👁️ Namespace Resolution: Lookup 'Pool_Any' -> Resolved: 'Pool_Any' (Current Prefix: '')
[2m2026-06-13T02:06:31.149846Z[0m [34mDEBUG[0m [2mgust_lexer::typechecker[0m[2m:[0m 👁️ Namespace Resolution: Lookup 'std.Pool' -> Resolved: 'std_Pool' (Current Prefix: '')
[2m2026-06-13T02:06:31.149861Z[0m [34mDEBUG[0m [2mgust_lexer::typechecker[0m[2m:[0m 👁️ Namespace Resolution: Lookup 'std.RcNode' -> Resolved: 'std_RcNode' (Current Prefix: '')
[2m2026-06-13T02:06:31.149875Z[0m [34mDEBUG[0m [2mgust_lexer::typechecker[0m[2m:[0m 👁️ Namespace Resolution: Lookup 'ctx1' -> Resolved: 'ctx1' (Current Prefix: '')
[2m2026-06-13T02:06:31.149887Z[0m [34mDEBUG[0m [2mgust_lexer::typechecker[0m[2m:[0m 👁️ Namespace Resolution: Lookup 'std_RcNode' -> Resolved: 'std_RcNode' (Current Prefix: '')
[2m2026-06-13T02:06:31.149916Z[0m [34mDEBUG[0m [2mgust_lexer::typechecker[0m[2m:[0m 👁️ Namespace Resolution: Lookup 'Node' -> Resolved: 'Node' (Current Prefix: '')
[2m2026-06-13T02:06:31.149937Z[0m [34mDEBUG[0m [2mgust_lexer::typechecker[0m[2m:[0m 👁️ Namespace Resolution: Lookup 'ctx1' -> Resolved: 'ctx1' (Current Prefix: '')
[2m2026-06-13T02:06:31.149976Z[0m [34mDEBUG[0m [2mgust_lexer::typechecker[0m[2m:[0m 👁️ Namespace Resolution: Lookup 'std_RcNode_Node' -> Resolved: 'std_RcNode_Node' (Current Prefix: '')
[2m2026-06-13T02:06:31.149992Z[0m [34mDEBUG[0m [2mgust_lexer::typechecker[0m[2m:[0m 👁️ Namespace Resolution: Lookup 'std_RcNode_Node' -> Resolved: 'std_RcNode_Node' (Current Prefix: '')
[2m2026-06-13T02:06:31.150021Z[0m [34mDEBUG[0m [2mgust_lexer::typechecker[0m[2m:[0m 👁️ Namespace Resolution: Lookup 'std_Pool_std_RcNode_Node_ctx1' -> Resolved: 'std_Pool_std_RcNode_Node_ctx1' (Current Prefix: '')
[2m2026-06-13T02:06:31.150052Z[0m [34mDEBUG[0m [2mgust_lexer::typechecker[0m[2m:[0m 👁️ Namespace Resolution: Lookup 'Node' -> Resolved: 'Node' (Current Prefix: '')
[2m2026-06-13T02:06:31.150067Z[0m [34mDEBUG[0m [2mgust_lexer::typechecker[0m[2m:[0m 👁️ Namespace Resolution: Lookup 'Node' -> Resolved: 'Node' (Current Prefix: '')
[2m2026-06-13T02:06:31.150079Z[0m [34mDEBUG[0m [2mgust_lexer::typechecker[0m[2m:[0m 👁️ Namespace Resolution: Lookup 'Node' -> Resolved: 'Node' (Current Prefix: '')
[2m2026-06-13T02:06:31.150091Z[0m [34mDEBUG[0m [2mgust_lexer::typechecker[0m[2m:[0m 👁️ Namespace Resolution: Lookup 'Node' -> Resolved: 'Node' (Current Prefix: '')
[2m2026-06-13T02:06:31.150115Z[0m [34mDEBUG[0m [2mgust_lexer::typechecker[0m[2m:[0m 👁️ Namespace Resolution: Lookup 'std.RcNew' -> Resolved: 'std_RcNew' (Current Prefix: '')
[2m2026-06-13T02:06:31.150127Z[0m [34mDEBUG[0m [2mgust_lexer::typechecker::visitor[0m[2m:[0m 👁️ Expression::Call Evaluation Start: Raw Function: 'std.RcNew', Resolved: 'std_RcNew', Registry Has Key: false
[2m2026-06-13T02:06:31.150158Z[0m [34mDEBUG[0m [2mgust_lexer::typechecker[0m[2m:[0m 👁️ Namespace Resolution: Lookup 'std_Rc_Node_ctx1' -> Resolved: 'std_Rc_Node_ctx1' (Current Prefix: '')
[2m2026-06-13T02:06:31.150173Z[0m [34mDEBUG[0m [2mgust_lexer::typechecker[0m[2m:[0m 👁️ Namespace Resolution: Lookup 'std_Rc_Node_ctx1' -> Resolved: 'std_Rc_Node_ctx1' (Current Prefix: '')
[2m2026-06-13T02:06:31.150191Z[0m [34mDEBUG[0m [2mgust_lexer::typechecker[0m[2m:[0m 👁️ Namespace Resolution: Lookup 'std.Rc' -> Resolved: 'std_Rc' (Current Prefix: '')
[2m2026-06-13T02:06:31.150203Z[0m [34mDEBUG[0m [2mgust_lexer::typechecker[0m[2m:[0m 👁️ Namespace Resolution: Lookup 'Node' -> Resolved: 'Node' (Current Prefix: '')
[2m2026-06-13T02:06:31.150215Z[0m [34mDEBUG[0m [2mgust_lexer::typechecker[0m[2m:[0m 👁️ Namespace Resolution: Lookup 'ctx2' -> Resolved: 'ctx2' (Current Prefix: '')
[2m2026-06-13T02:06:31.150227Z[0m [34mDEBUG[0m [2mgust_lexer::typechecker[0m[2m:[0m 👁️ Namespace Resolution: Lookup 'Node' -> Resolved: 'Node' (Current Prefix: '')
[2m2026-06-13T02:06:31.150239Z[0m [34mDEBUG[0m [2mgust_lexer::typechecker[0m[2m:[0m 👁️ Namespace Resolution: Lookup 'ctx2' -> Resolved: 'ctx2' (Current Prefix: '')
[2m2026-06-13T02:06:31.150270Z[0m [34mDEBUG[0m [2mgust_lexer::typechecker[0m[2m:[0m 👁️ Namespace Resolution: Lookup 'std_RcNode_Node' -> Resolved: 'std_RcNode_Node' (Current Prefix: '')
[2m2026-06-13T02:06:31.150291Z[0m [34mDEBUG[0m [2mgust_lexer::typechecker[0m[2m:[0m 👁️ Namespace Resolution: Lookup 'std.Pool' -> Resolved: 'std_Pool' (Current Prefix: '')
[2m2026-06-13T02:06:31.150307Z[0m [34mDEBUG[0m [2mgust_lexer::typechecker[0m[2m:[0m 👁️ Namespace Resolution: Lookup 'std_RcNode_Node' -> Resolved: 'std_RcNode_Node' (Current Prefix: '')
[2m2026-06-13T02:06:31.150320Z[0m [34mDEBUG[0m [2mgust_lexer::typechecker[0m[2m:[0m 👁️ Namespace Resolution: Lookup 'ctx2' -> Resolved: 'ctx2' (Current Prefix: '')
[2m2026-06-13T02:06:31.150332Z[0m [34mDEBUG[0m [2mgust_lexer::typechecker[0m[2m:[0m 👁️ Namespace Resolution: Lookup 'std_Pool' -> Resolved: 'std_Pool' (Current Prefix: '')
[2m2026-06-13T02:06:31.150347Z[0m [34mDEBUG[0m [2mgust_lexer::typechecker[0m[2m:[0m 👁️ Namespace Resolution: Lookup 'std_RcNode_Node' -> Resolved: 'std_RcNode_Node' (Current Prefix: '')
[2m2026-06-13T02:06:31.150360Z[0m [34mDEBUG[0m [2mgust_lexer::typechecker[0m[2m:[0m 👁️ Namespace Resolution: Lookup 'ctx2' -> Resolved: 'ctx2' (Current Prefix: '')
[2m2026-06-13T02:06:31.150372Z[0m [34mDEBUG[0m [2mgust_lexer::typechecker[0m[2m:[0m 👁️ Namespace Resolution: Lookup 'std_RcNode_Node' -> Resolved: 'std_RcNode_Node' (Current Prefix: '')
[2m2026-06-13T02:06:31.150386Z[0m [34mDEBUG[0m [2mgust_lexer::typechecker[0m[2m:[0m 👁️ Namespace Resolution: Lookup 'ctx2' -> Resolved: 'ctx2' (Current Prefix: '')
[2m2026-06-13T02:06:31.150423Z[0m [34mDEBUG[0m [2mgust_lexer::typechecker[0m[2m:[0m 👁️ Namespace Resolution: Lookup 'std_RcNode_Node' -> Resolved: 'std_RcNode_Node' (Current Prefix: '')
[2m2026-06-13T02:06:31.150438Z[0m [34mDEBUG[0m [2mgust_lexer::typechecker[0m[2m:[0m 👁️ Namespace Resolution: Lookup 'std_RcNode_Node' -> Resolved: 'std_RcNode_Node' (Current Prefix: '')
[2m2026-06-13T02:06:31.150469Z[0m [34mDEBUG[0m [2mgust_lexer::typechecker[0m[2m:[0m 👁️ Namespace Resolution: Lookup 'std_Rc_Node_ctx2' -> Resolved: 'std_Rc_Node_ctx2' (Current Prefix: '')
[2m2026-06-13T02:06:31.150912Z[0m [34mDEBUG[0m [2mgust_lexer::typechecker::visitor[0m[2m:[0m 🗄️ Stdlib Registered: Alias 'os' maps to prefix 'os_'
[2m2026-06-13T02:06:31.150927Z[0m [34mDEBUG[0m [2mgust_lexer::typechecker::visitor[0m[2m:[0m 🗄️ Stdlib Registered: Alias 'std' maps to prefix 'std_'
[2m2026-06-13T02:06:31.151099Z[0m [34mDEBUG[0m [2mgust_lexer::typechecker::visitor[0m[2m:[0m 🗄️ Function Pre-Registration: Raw name: 'main', Namespaced: 'main', Parameter Count: 0, Params: []
[2m2026-06-13T02:06:31.151127Z[0m [34mDEBUG[0m [2mgust_lexer::typechecker[0m[2m:[0m 👁️ Namespace Resolution: Lookup 'os.Arena.New' -> Resolved: 'os_Arena.New' (Current Prefix: '')
[2m2026-06-13T02:06:31.151140Z[0m [34mDEBUG[0m [2mgust_lexer::typechecker::visitor[0m[2m:[0m 👁️ Expression::Call Evaluation Start: Raw Function: 'os.Arena.New', Resolved: 'os_Arena.New', Registry Has Key: false
[2m2026-06-13T02:06:31.151164Z[0m [34mDEBUG[0m [2mgust_lexer::typechecker::visitor[0m[2m:[0m 👁️ Expression::Call Evaluation Start: Raw Function: 'ctx.Free', Resolved: 'ctx.Free', Registry Has Key: false
[2m2026-06-13T02:06:31.151186Z[0m [34mDEBUG[0m [2mgust_lexer::typechecker[0m[2m:[0m 👁️ Namespace Resolution: Lookup 'std.GraphNew' -> Resolved: 'std_GraphNew' (Current Prefix: '')
[2m2026-06-13T02:06:31.151198Z[0m [34mDEBUG[0m [2mgust_lexer::typechecker::visitor[0m[2m:[0m 👁️ Expression::Call Evaluation Start: Raw Function: 'std.GraphNew', Resolved: 'std_GraphNew', Registry Has Key: false
[2m2026-06-13T02:06:31.151220Z[0m [34mDEBUG[0m [2mgust_lexer::typechecker[0m[2m:[0m 👁️ Namespace Resolution: Lookup 'std_Graph_Any' -> Resolved: 'std_Graph_Any' (Current Prefix: '')
[2m2026-06-13T02:06:31.151235Z[0m [34mDEBUG[0m [2mgust_lexer::typechecker[0m[2m:[0m 👁️ Namespace Resolution: Lookup 'std_Graph_Any' -> Resolved: 'std_Graph_Any' (Current Prefix: '')
[2m2026-06-13T02:06:31.151251Z[0m [34mDEBUG[0m [2mgust_lexer::typechecker[0m[2m:[0m 👁️ Namespace Resolution: Lookup 'std.Graph' -> Resolved: 'std_Graph' (Current Prefix: '')
[2m2026-06-13T02:06:31.151264Z[0m [34mDEBUG[0m [2mgust_lexer::typechecker[0m[2m:[0m 👁️ Namespace Resolution: Lookup 'Node' -> Resolved: 'Node' (Current Prefix: '')
[2m2026-06-13T02:06:31.151276Z[0m [34mDEBUG[0m [2mgust_lexer::typechecker[0m[2m:[0m 👁️ Namespace Resolution: Lookup 'ctx' -> Resolved: 'ctx' (Current Prefix: '')
[2m2026-06-13T02:06:31.151288Z[0m [34mDEBUG[0m [2mgust_lexer::typechecker[0m[2m:[0m 👁️ Namespace Resolution: Lookup 'Node' -> Resolved: 'Node' (Current Prefix: '')
[2m2026-06-13T02:06:31.151301Z[0m [34mDEBUG[0m [2mgust_lexer::typechecker[0m[2m:[0m 👁️ Namespace Resolution: Lookup 'ctx' -> Resolved: 'ctx' (Current Prefix: '')
[2m2026-06-13T02:06:31.151335Z[0m [34mDEBUG[0m [2mgust_lexer::typechecker[0m[2m:[0m 👁️ Namespace Resolution: Lookup 'std.Pool' -> Resolved: 'std_Pool' (Current Prefix: '')
[2m2026-06-13T02:06:31.151348Z[0m [34mDEBUG[0m [2mgust_lexer::typechecker[0m[2m:[0m 👁️ Namespace Resolution: Lookup 'std_GraphNode_Node_ctx' -> Resolved: 'std_GraphNode_Node_ctx' (Current Prefix: '')
[2m2026-06-13T02:06:31.151361Z[0m [34mDEBUG[0m [2mgust_lexer::typechecker[0m[2m:[0m 👁️ Namespace Resolution: Lookup 'ctx' -> Resolved: 'ctx' (Current Prefix: '')
[2m2026-06-13T02:06:31.151373Z[0m [34mDEBUG[0m [2mgust_lexer::typechecker[0m[2m:[0m 👁️ Namespace Resolution: Lookup 'std_GraphNode_Node_ctx' -> Resolved: 'std_GraphNode_Node_ctx' (Current Prefix: '')
[2m2026-06-13T02:06:31.151404Z[0m [34mDEBUG[0m [2mgust_lexer::typechecker[0m[2m:[0m 👁️ Namespace Resolution: Lookup 'Node' -> Resolved: 'Node' (Current Prefix: '')
[2m2026-06-13T02:06:31.151420Z[0m [34mDEBUG[0m [2mgust_lexer::typechecker[0m[2m:[0m 👁️ Namespace Resolution: Lookup 'std.Vector' -> Resolved: 'std_Vector' (Current Prefix: '')
[2m2026-06-13T02:06:31.151433Z[0m [34mDEBUG[0m [2mgust_lexer::typechecker[0m[2m:[0m 👁️ Namespace Resolution: Lookup 'ctx' -> Resolved: 'ctx' (Current Prefix: '')
[2m2026-06-13T02:06:31.151445Z[0m [34mDEBUG[0m [2mgust_lexer::typechecker[0m[2m:[0m 👁️ Namespace Resolution: Lookup 'ctx' -> Resolved: 'ctx' (Current Prefix: '')
[2m2026-06-13T02:06:31.151482Z[0m [34mDEBUG[0m [2mgust_lexer::typechecker[0m[2m:[0m 👁️ Namespace Resolution: Lookup 'ctx' -> Resolved: 'ctx' (Current Prefix: '')
[2m2026-06-13T02:06:31.151524Z[0m [34mDEBUG[0m [2mgust_lexer::typechecker[0m[2m:[0m 👁️ Namespace Resolution: Lookup 'std_GraphNode_Node_ctx' -> Resolved: 'std_GraphNode_Node_ctx' (Current Prefix: '')
[2m2026-06-13T02:06:31.151539Z[0m [34mDEBUG[0m [2mgust_lexer::typechecker[0m[2m:[0m 👁️ Namespace Resolution: Lookup 'std_GraphNode_Node_ctx' -> Resolved: 'std_GraphNode_Node_ctx' (Current Prefix: '')
[2m2026-06-13T02:06:31.151571Z[0m [34mDEBUG[0m [2mgust_lexer::typechecker[0m[2m:[0m 👁️ Namespace Resolution: Lookup 'std_Graph_Node_ctx' -> Resolved: 'std_Graph_Node_ctx' (Current Prefix: '')
[2m2026-06-13T02:06:31.151593Z[0m [34mDEBUG[0m [2mgust_lexer::typechecker[0m[2m:[0m 👁️ Namespace Resolution: Lookup 'Node' -> Resolved: 'Node' (Current Prefix: '')
[2m2026-06-13T02:06:31.151606Z[0m [34mDEBUG[0m [2mgust_lexer::typechecker[0m[2m:[0m 👁️ Namespace Resolution: Lookup 'Node' -> Resolved: 'Node' (Current Prefix: '')
[2m2026-06-13T02:06:31.151618Z[0m [34mDEBUG[0m [2mgust_lexer::typechecker[0m[2m:[0m 👁️ Namespace Resolution: Lookup 'Node' -> Resolved: 'Node' (Current Prefix: '')
[2m2026-06-13T02:06:31.151630Z[0m [34mDEBUG[0m [2mgust_lexer::typechecker[0m[2m:[0m 👁️ Namespace Resolution: Lookup 'Node' -> Resolved: 'Node' (Current Prefix: '')
[2m2026-06-13T02:06:31.151647Z[0m [34mDEBUG[0m [2mgust_lexer::typechecker::visitor[0m[2m:[0m 👁️ Expression::Call Evaluation Start: Raw Function: 'graph.AddNode', Resolved: 'graph.AddNode', Registry Has Key: false
[2m2026-06-13T02:06:31.151696Z[0m [34mDEBUG[0m [2mgust_lexer::typechecker::visitor[0m[2m:[0m 👁️ Expression::Call Evaluation Start: Raw Function: 'graph.AddEdge', Resolved: 'graph.AddEdge', Registry Has Key: false
ok
test test_rc_and_graph_type_checking_valid ... [2m2026-06-13T02:06:31.152460Z[0m [34mDEBUG[0m [2mgust_lexer::typechecker::visitor[0m[2m:[0m 🗄️ Stdlib Registered: Alias 'os' maps to prefix 'os_'
[2m2026-06-13T02:06:31.152476Z[0m [34mDEBUG[0m [2mgust_lexer::typechecker::visitor[0m[2m:[0m 🗄️ Stdlib Registered: Alias 'std' maps to prefix 'std_'
[2m2026-06-13T02:06:31.152650Z[0m [34mDEBUG[0m [2mgust_lexer::typechecker::visitor[0m[2m:[0m 🗄️ Function Pre-Registration: Raw name: 'main', Namespaced: 'main', Parameter Count: 0, Params: []
[2m2026-06-13T02:06:31.152683Z[0m [34mDEBUG[0m [2mgust_lexer::typechecker[0m[2m:[0m 👁️ Namespace Resolution: Lookup 'os.Arena.New' -> Resolved: 'os_Arena.New' (Current Prefix: '')
[2m2026-06-13T02:06:31.152698Z[0m [34mDEBUG[0m [2mgust_lexer::typechecker::visitor[0m[2m:[0m 👁️ Expression::Call Evaluation Start: Raw Function: 'os.Arena.New', Resolved: 'os_Arena.New', Registry Has Key: false
[2m2026-06-13T02:06:31.152723Z[0m [34mDEBUG[0m [2mgust_lexer::typechecker::visitor[0m[2m:[0m 👁️ Expression::Call Evaluation Start: Raw Function: 'ctx.Free', Resolved: 'ctx.Free', Registry Has Key: false
[2m2026-06-13T02:06:31.152758Z[0m [34mDEBUG[0m [2mgust_lexer::typechecker[0m[2m:[0m 👁️ Namespace Resolution: Lookup 'std.PoolNew' -> Resolved: 'std_PoolNew' (Current Prefix: '')
[2m2026-06-13T02:06:31.152771Z[0m [34mDEBUG[0m [2mgust_lexer::typechecker::visitor[0m[2m:[0m 👁️ Expression::Call Evaluation Start: Raw Function: 'std.PoolNew', Resolved: 'std_PoolNew', Registry Has Key: false
[2m2026-06-13T02:06:31.152793Z[0m [34mDEBUG[0m [2mgust_lexer::typechecker[0m[2m:[0m 👁️ Namespace Resolution: Lookup 'Pool_Any' -> Resolved: 'Pool_Any' (Current Prefix: '')
[2m2026-06-13T02:06:31.152810Z[0m [34mDEBUG[0m [2mgust_lexer::typechecker[0m[2m:[0m 👁️ Namespace Resolution: Lookup 'Pool_Any' -> Resolved: 'Pool_Any' (Current Prefix: '')
[2m2026-06-13T02:06:31.152826Z[0m [34mDEBUG[0m [2mgust_lexer::typechecker[0m[2m:[0m 👁️ Namespace Resolution: Lookup 'std.Pool' -> Resolved: 'std_Pool' (Current Prefix: '')
[2m2026-06-13T02:06:31.152839Z[0m [34mDEBUG[0m [2mgust_lexer::typechecker[0m[2m:[0m 👁️ Namespace Resolution: Lookup 'std.RcNode' -> Resolved: 'std_RcNode' (Current Prefix: '')
[2m2026-06-13T02:06:31.152852Z[0m [34mDEBUG[0m [2mgust_lexer::typechecker[0m[2m:[0m 👁️ Namespace Resolution: Lookup 'ctx' -> Resolved: 'ctx' (Current Prefix: '')
[2m2026-06-13T02:06:31.152865Z[0m [34mDEBUG[0m [2mgust_lexer::typechecker[0m[2m:[0m 👁️ Namespace Resolution: Lookup 'std_RcNode' -> Resolved: 'std_RcNode' (Current Prefix: '')
[2m2026-06-13T02:06:31.152890Z[0m [34mDEBUG[0m [2mgust_lexer::typechecker[0m[2m:[0m 👁️ Namespace Resolution: Lookup 'Node' -> Resolved: 'Node' (Current Prefix: '')
[2m2026-06-13T02:06:31.152909Z[0m [34mDEBUG[0m [2mgust_lexer::typechecker[0m[2m:[0m 👁️ Namespace Resolution: Lookup 'ctx' -> Resolved: 'ctx' (Current Prefix: '')
[2m2026-06-13T02:06:31.152947Z[0m [34mDEBUG[0m [2mgust_lexer::typechecker[0m[2m:[0m 👁️ Namespace Resolution: Lookup 'std_RcNode_Node' -> Resolved: 'std_RcNode_Node' (Current Prefix: '')
[2m2026-06-13T02:06:31.152963Z[0m [34mDEBUG[0m [2mgust_lexer::typechecker[0m[2m:[0m 👁️ Namespace Resolution: Lookup 'std_RcNode_Node' -> Resolved: 'std_RcNode_Node' (Current Prefix: '')
[2m2026-06-13T02:06:31.152991Z[0m [34mDEBUG[0m [2mgust_lexer::typechecker[0m[2m:[0m 👁️ Namespace Resolution: Lookup 'std_Pool_std_RcNode_Node_ctx' -> Resolved: 'std_Pool_std_RcNode_Node_ctx' (Current Prefix: '')
[2m2026-06-13T02:06:31.153016Z[0m [34mDEBUG[0m [2mgust_lexer::typechecker[0m[2m:[0m 👁️ Namespace Resolution: Lookup 'Node' -> Resolved: 'Node' (Current Prefix: '')
[2m2026-06-13T02:06:31.153031Z[0m [34mDEBUG[0m [2mgust_lexer::typechecker[0m[2m:[0m 👁️ Namespace Resolution: Lookup 'Node' -> Resolved: 'Node' (Current Prefix: '')
[2m2026-06-13T02:06:31.153043Z[0m [34mDEBUG[0m [2mgust_lexer::typechecker[0m[2m:[0m 👁️ Namespace Resolution: Lookup 'Node' -> Resolved: 'Node' (Current Prefix: '')
[2m2026-06-13T02:06:31.153055Z[0m [34mDEBUG[0m [2mgust_lexer::typechecker[0m[2m:[0m 👁️ Namespace Resolution: Lookup 'Node' -> Resolved: 'Node' (Current Prefix: '')
[2m2026-06-13T02:06:31.153087Z[0m [34mDEBUG[0m [2mgust_lexer::typechecker[0m[2m:[0m 👁️ Namespace Resolution: Lookup 'std.RcNew' -> Resolved: 'std_RcNew' (Current Prefix: '')
[2m2026-06-13T02:06:31.153102Z[0m [34mDEBUG[0m [2mgust_lexer::typechecker::visitor[0m[2m:[0m 👁️ Expression::Call Evaluation Start: Raw Function: 'std.RcNew', Resolved: 'std_RcNew', Registry Has Key: false
[2m2026-06-13T02:06:31.153140Z[0m [34mDEBUG[0m [2mgust_lexer::typechecker[0m[2m:[0m 👁️ Namespace Resolution: Lookup 'std_Rc_Node_ctx' -> Resolved: 'std_Rc_Node_ctx' (Current Prefix: '')
[2m2026-06-13T02:06:31.153155Z[0m [34mDEBUG[0m [2mgust_lexer::typechecker[0m[2m:[0m 👁️ Namespace Resolution: Lookup 'std_Rc_Node_ctx' -> Resolved: 'std_Rc_Node_ctx' (Current Prefix: '')
[2m2026-06-13T02:06:31.153177Z[0m [34mDEBUG[0m [2mgust_lexer::typechecker[0m[2m:[0m 👁️ Namespace Resolution: Lookup 'std.Rc' -> Resolved: 'std_Rc' (Current Prefix: '')
[2m2026-06-13T02:06:31.153190Z[0m [34mDEBUG[0m [2mgust_lexer::typechecker[0m[2m:[0m 👁️ Namespace Resolution: Lookup 'Node' -> Resolved: 'Node' (Current Prefix: '')
[2m2026-06-13T02:06:31.153202Z[0m [34mDEBUG[0m [2mgust_lexer::typechecker[0m[2m:[0m 👁️ Namespace Resolution: Lookup 'ctx' -> Resolved: 'ctx' (Current Prefix: '')
[2m2026-06-13T02:06:31.153214Z[0m [34mDEBUG[0m [2mgust_lexer::typechecker[0m[2m:[0m 👁️ Namespace Resolution: Lookup 'Node' -> Resolved: 'Node' (Current Prefix: '')
[2m2026-06-13T02:06:31.153226Z[0m [34mDEBUG[0m [2mgust_lexer::typechecker[0m[2m:[0m 👁️ Namespace Resolution: Lookup 'ctx' -> Resolved: 'ctx' (Current Prefix: '')
[2m2026-06-13T02:06:31.153257Z[0m [34mDEBUG[0m [2mgust_lexer::typechecker[0m[2m:[0m 👁️ Namespace Resolution: Lookup 'std_RcNode_Node' -> Resolved: 'std_RcNode_Node' (Current Prefix: '')
[2m2026-06-13T02:06:31.153277Z[0m [34mDEBUG[0m [2mgust_lexer::typechecker[0m[2m:[0m 👁️ Namespace Resolution: Lookup 'std.Pool' -> Resolved: 'std_Pool' (Current Prefix: '')
[2m2026-06-13T02:06:31.153293Z[0m [34mDEBUG[0m [2mgust_lexer::typechecker[0m[2m:[0m 👁️ Namespace Resolution: Lookup 'std_RcNode_Node' -> Resolved: 'std_RcNode_Node' (Current Prefix: '')
[2m2026-06-13T02:06:31.153317Z[0m [34mDEBUG[0m [2mgust_lexer::typechecker[0m[2m:[0m 👁️ Namespace Resolution: Lookup 'ctx' -> Resolved: 'ctx' (Current Prefix: '')
[2m2026-06-13T02:06:31.153329Z[0m [34mDEBUG[0m [2mgust_lexer::typechecker[0m[2m:[0m 👁️ Namespace Resolution: Lookup 'std_Pool' -> Resolved: 'std_Pool' (Current Prefix: '')
[2m2026-06-13T02:06:31.153341Z[0m [34mDEBUG[0m [2mgust_lexer::typechecker[0m[2m:[0m 👁️ Namespace Resolution: Lookup 'std_RcNode_Node' -> Resolved: 'std_RcNode_Node' (Current Prefix: '')
[2m2026-06-13T02:06:31.153354Z[0m [34mDEBUG[0m [2mgust_lexer::typechecker[0m[2m:[0m 👁️ Namespace Resolution: Lookup 'ctx' -> Resolved: 'ctx' (Current Prefix: '')
[2m2026-06-13T02:06:31.153366Z[0m [34mDEBUG[0m [2mgust_lexer::typechecker[0m[2m:[0m 👁️ Namespace Resolution: Lookup 'std_RcNode_Node' -> Resolved: 'std_RcNode_Node' (Current Prefix: '')
[2m2026-06-13T02:06:31.153380Z[0m [34mDEBUG[0m [2mgust_lexer::typechecker[0m[2m:[0m 👁️ Namespace Resolution: Lookup 'ctx' -> Resolved: 'ctx' (Current Prefix: '')
[2m2026-06-13T02:06:31.153418Z[0m [34mDEBUG[0m [2mgust_lexer::typechecker[0m[2m:[0m 👁️ Namespace Resolution: Lookup 'std_Rc_Node_ctx' -> Resolved: 'std_Rc_Node_ctx' (Current Prefix: '')
[2m2026-06-13T02:06:31.153444Z[0m [34mDEBUG[0m [2mgust_lexer::typechecker::visitor[0m[2m:[0m 👁️ Expression::Call Evaluation Start: Raw Function: 'rc.Clone', Resolved: 'rc.Clone', Registry Has Key: false
[2m2026-06-13T02:06:31.153473Z[0m [34mDEBUG[0m [2mgust_lexer::typechecker[0m[2m:[0m 👁️ Namespace Resolution: Lookup 'std_Rc_Node_ctx' -> Resolved: 'std_Rc_Node_ctx' (Current Prefix: '')
[2m2026-06-13T02:06:31.153489Z[0m [34mDEBUG[0m [2mgust_lexer::typechecker[0m[2m:[0m 👁️ Namespace Resolution: Lookup 'std_Rc_Node_ctx' -> Resolved: 'std_Rc_Node_ctx' (Current Prefix: '')
[2m2026-06-13T02:06:31.153513Z[0m [34mDEBUG[0m [2mgust_lexer::typechecker::visitor[0m[2m:[0m 👁️ Expression::Call Evaluation Start: Raw Function: 'rc.Get', Resolved: 'rc.Get', Registry Has Key: false
[2m2026-06-13T02:06:31.153536Z[0m [34mDEBUG[0m [2mgust_lexer::typechecker[0m[2m:[0m 👁️ Namespace Resolution: Lookup 'Node' -> Resolved: 'Node' (Current Prefix: '')
[2m2026-06-13T02:06:31.153552Z[0m [34mDEBUG[0m [2mgust_lexer::typechecker[0m[2m:[0m 👁️ Namespace Resolution: Lookup 'Node' -> Resolved: 'Node' (Current Prefix: '')
[2m2026-06-13T02:06:31.153567Z[0m [34mDEBUG[0m [2mgust_lexer::typechecker[0m[2m:[0m 👁️ Namespace Resolution: Lookup 'Node' -> Resolved: 'Node' (Current Prefix: '')
[2m2026-06-13T02:06:31.153590Z[0m [34mDEBUG[0m [2mgust_lexer::typechecker[0m[2m:[0m 👁️ Namespace Resolution: Lookup 'os.LogInt' -> Resolved: 'os_LogInt' (Current Prefix: '')
[2m2026-06-13T02:06:31.153602Z[0m [34mDEBUG[0m [2mgust_lexer::typechecker::visitor[0m[2m:[0m 👁️ Expression::Call Evaluation Start: Raw Function: 'os.LogInt', Resolved: 'os_LogInt', Registry Has Key: false
[2m2026-06-13T02:06:31.153636Z[0m [34mDEBUG[0m [2mgust_lexer::typechecker::visitor[0m[2m:[0m 👁️ Expression::Call Evaluation Start: Raw Function: 'cloned_rc.Release', Resolved: 'cloned_rc.Release', Registry Has Key: false
[2m2026-06-13T02:06:31.153659Z[0m [34mDEBUG[0m [2mgust_lexer::typechecker::visitor[0m[2m:[0m 👁️ Expression::Call Evaluation Start: Raw Function: 'rc.Release', Resolved: 'rc.Release', Registry Has Key: false
[2m2026-06-13T02:06:31.153680Z[0m [34mDEBUG[0m [2mgust_lexer::typechecker[0m[2m:[0m 👁️ Namespace Resolution: Lookup 'std.GraphNew' -> Resolved: 'std_GraphNew' (Current Prefix: '')
[2m2026-06-13T02:06:31.153693Z[0m [34mDEBUG[0m [2mgust_lexer::typechecker::visitor[0m[2m:[0m 👁️ Expression::Call Evaluation Start: Raw Function: 'std.GraphNew', Resolved: 'std_GraphNew', Registry Has Key: false
[2m2026-06-13T02:06:31.153713Z[0m [34mDEBUG[0m [2mgust_lexer::typechecker[0m[2m:[0m 👁️ Namespace Resolution: Lookup 'std_Graph_Any' -> Resolved: 'std_Graph_Any' (Current Prefix: '')
[2m2026-06-13T02:06:31.153728Z[0m [34mDEBUG[0m [2mgust_lexer::typechecker[0m[2m:[0m 👁️ Namespace Resolution: Lookup 'std_Graph_Any' -> Resolved: 'std_Graph_Any' (Current Prefix: '')
[2m2026-06-13T02:06:31.153745Z[0m [34mDEBUG[0m [2mgust_lexer::typechecker[0m[2m:[0m 👁️ Namespace Resolution: Lookup 'std.Graph' -> Resolved: 'std_Graph' (Current Prefix: '')
[2m2026-06-13T02:06:31.153757Z[0m [34mDEBUG[0m [2mgust_lexer::typechecker[0m[2m:[0m 👁️ Namespace Resolution: Lookup 'Node' -> Resolved: 'Node' (Current Prefix: '')
[2m2026-06-13T02:06:31.153768Z[0m [34mDEBUG[0m [2mgust_lexer::typechecker[0m[2m:[0m 👁️ Namespace Resolution: Lookup 'ctx' -> Resolved: 'ctx' (Current Prefix: '')
[2m2026-06-13T02:06:31.153780Z[0m [34mDEBUG[0m [2mgust_lexer::typechecker[0m[2m:[0m 👁️ Namespace Resolution: Lookup 'Node' -> Resolved: 'Node' (Current Prefix: '')
[2m2026-06-13T02:06:31.153792Z[0m [34mDEBUG[0m [2mgust_lexer::typechecker[0m[2m:[0m 👁️ Namespace Resolution: Lookup 'ctx' -> Resolved: 'ctx' (Current Prefix: '')
[2m2026-06-13T02:06:31.153823Z[0m [34mDEBUG[0m [2mgust_lexer::typechecker[0m[2m:[0m 👁️ Namespace Resolution: Lookup 'std.Pool' -> Resolved: 'std_Pool' (Current Prefix: '')
[2m2026-06-13T02:06:31.153836Z[0m [34mDEBUG[0m [2mgust_lexer::typechecker[0m[2m:[0m 👁️ Namespace Resolution: Lookup 'std_GraphNode_Node_ctx' -> Resolved: 'std_GraphNode_Node_ctx' (Current Prefix: '')
[2m2026-06-13T02:06:31.153850Z[0m [34mDEBUG[0m [2mgust_lexer::typechecker[0m[2m:[0m 👁️ Namespace Resolution: Lookup 'ctx' -> Resolved: 'ctx' (Current Prefix: '')
[2m2026-06-13T02:06:31.153862Z[0m [34mDEBUG[0m [2mgust_lexer::typechecker[0m[2m:[0m 👁️ Namespace Resolution: Lookup 'std_GraphNode_Node_ctx' -> Resolved: 'std_GraphNode_Node_ctx' (Current Prefix: '')
[2m2026-06-13T02:06:31.153897Z[0m [34mDEBUG[0m [2mgust_lexer::typechecker[0m[2m:[0m 👁️ Namespace Resolution: Lookup 'Node' -> Resolved: 'Node' (Current Prefix: '')
[2m2026-06-13T02:06:31.153912Z[0m [34mDEBUG[0m [2mgust_lexer::typechecker[0m[2m:[0m 👁️ Namespace Resolution: Lookup 'std.Vector' -> Resolved: 'std_Vector' (Current Prefix: '')
[2m2026-06-13T02:06:31.153925Z[0m [34mDEBUG[0m [2mgust_lexer::typechecker[0m[2m:[0m 👁️ Namespace Resolution: Lookup 'ctx' -> Resolved: 'ctx' (Current Prefix: '')
[2m2026-06-13T02:06:31.153938Z[0m [34mDEBUG[0m [2mgust_lexer::typechecker[0m[2m:[0m 👁️ Namespace Resolution: Lookup 'ctx' -> Resolved: 'ctx' (Current Prefix: '')
[2m2026-06-13T02:06:31.153974Z[0m [34mDEBUG[0m [2mgust_lexer::typechecker[0m[2m:[0m 👁️ Namespace Resolution: Lookup 'ctx' -> Resolved: 'ctx' (Current Prefix: '')
[2m2026-06-13T02:06:31.154014Z[0m [34mDEBUG[0m [2mgust_lexer::typechecker[0m[2m:[0m 👁️ Namespace Resolution: Lookup 'std_GraphNode_Node_ctx' -> Resolved: 'std_GraphNode_Node_ctx' (Current Prefix: '')
[2m2026-06-13T02:06:31.154029Z[0m [34mDEBUG[0m [2mgust_lexer::typechecker[0m[2m:[0m 👁️ Namespace Resolution: Lookup 'std_GraphNode_Node_ctx' -> Resolved: 'std_GraphNode_Node_ctx' (Current Prefix: '')
[2m2026-06-13T02:06:31.154062Z[0m [34mDEBUG[0m [2mgust_lexer::typechecker[0m[2m:[0m 👁️ Namespace Resolution: Lookup 'std_Graph_Node_ctx' -> Resolved: 'std_Graph_Node_ctx' (Current Prefix: '')
[2m2026-06-13T02:06:31.154085Z[0m [34mDEBUG[0m [2mgust_lexer::typechecker::visitor[0m[2m:[0m 👁️ Expression::Call Evaluation Start: Raw Function: 'graph.AddNode', Resolved: 'graph.AddNode', Registry Has Key: false
[2m2026-06-13T02:06:31.154154Z[0m [34mDEBUG[0m [2mgust_lexer::typechecker::visitor[0m[2m:[0m 👁️ Expression::Call Evaluation Start: Raw Function: 'graph.AddNode', Resolved: 'graph.AddNode', Registry Has Key: false
[2m2026-06-13T02:06:31.154195Z[0m [34mDEBUG[0m [2mgust_lexer::typechecker::visitor[0m[2m:[0m 👁️ Expression::Call Evaluation Start: Raw Function: 'graph.AddEdge', Resolved: 'graph.AddEdge', Registry Has Key: false
[2m2026-06-13T02:06:31.154227Z[0m [34mDEBUG[0m [2mgust_lexer::typechecker::visitor[0m[2m:[0m 👁️ Expression::Call Evaluation Start: Raw Function: 'graph.GetNode', Resolved: 'graph.GetNode', Registry Has Key: false
[2m2026-06-13T02:06:31.154255Z[0m [34mDEBUG[0m [2mgust_lexer::typechecker[0m[2m:[0m 👁️ Namespace Resolution: Lookup 'Node' -> Resolved: 'Node' (Current Prefix: '')
[2m2026-06-13T02:06:31.154268Z[0m [34mDEBUG[0m [2mgust_lexer::typechecker[0m[2m:[0m 👁️ Namespace Resolution: Lookup 'Node' -> Resolved: 'Node' (Current Prefix: '')
[2m2026-06-13T02:06:31.154280Z[0m [34mDEBUG[0m [2mgust_lexer::typechecker[0m[2m:[0m 👁️ Namespace Resolution: Lookup 'Node' -> Resolved: 'Node' (Current Prefix: '')
[2m2026-06-13T02:06:31.154302Z[0m [34mDEBUG[0m [2mgust_lexer::typechecker[0m[2m:[0m 👁️ Namespace Resolution: Lookup 'os.LogInt' -> Resolved: 'os_LogInt' (Current Prefix: '')
[2m2026-06-13T02:06:31.154314Z[0m [34mDEBUG[0m [2mgust_lexer::typechecker::visitor[0m[2m:[0m 👁️ Expression::Call Evaluation Start: Raw Function: 'os.LogInt', Resolved: 'os_LogInt', Registry Has Key: false
ok
test test_reinitialized_inout_parameter_accepted ... [2m2026-06-13T02:06:31.154946Z[0m [34mDEBUG[0m [2mgust_lexer::typechecker::visitor[0m[2m:[0m 🗄️ Stdlib Registered: Alias 'os' maps to prefix 'os_'
[2m2026-06-13T02:06:31.154966Z[0m [34mDEBUG[0m [2mgust_lexer::typechecker::visitor[0m[2m:[0m 🗄️ Stdlib Registered: Alias 'std' maps to prefix 'std_'
[2m2026-06-13T02:06:31.155183Z[0m [34mDEBUG[0m [2mgust_lexer::typechecker[0m[2m:[0m 👁️ Namespace Resolution: Lookup 'Node' -> Resolved: 'Node' (Current Prefix: '')
[2m2026-06-13T02:06:31.155202Z[0m [34mDEBUG[0m [2mgust_lexer::typechecker[0m[2m:[0m 👁️ Namespace Resolution: Lookup 'Node' -> Resolved: 'Node' (Current Prefix: '')
[2m2026-06-13T02:06:31.155218Z[0m [34mDEBUG[0m [2mgust_lexer::typechecker[0m[2m:[0m 👁️ Namespace Resolution: Lookup 'Node' -> Resolved: 'Node' (Current Prefix: '')
[2m2026-06-13T02:06:31.155238Z[0m [34mDEBUG[0m [2mgust_lexer::typechecker::visitor[0m[2m:[0m 🗄️ Function Pre-Registration: Raw name: 'process', Namespaced: 'process', Parameter Count: 1, Params: ["p: RawPointer(Struct(\"Node\", None))"]
[2m2026-06-13T02:06:31.155272Z[0m [34mDEBUG[0m [2mgust_lexer::typechecker[0m[2m:[0m 👁️ Namespace Resolution: Lookup 'Node' -> Resolved: 'Node' (Current Prefix: '')
[2m2026-06-13T02:06:31.155289Z[0m [34mDEBUG[0m [2mgust_lexer::typechecker[0m[2m:[0m 👁️ Namespace Resolution: Lookup 'Node' -> Resolved: 'Node' (Current Prefix: '')
[2m2026-06-13T02:06:31.155325Z[0m [34mDEBUG[0m [2mgust_lexer::typechecker[0m[2m:[0m 👁️ Namespace Resolution: Lookup 'Node' -> Resolved: 'Node' (Current Prefix: '')
[2m2026-06-13T02:06:31.155343Z[0m [34mDEBUG[0m [2mgust_lexer::typechecker[0m[2m:[0m 👁️ Namespace Resolution: Lookup 'Node' -> Resolved: 'Node' (Current Prefix: '')
[2m2026-06-13T02:06:31.155359Z[0m [34mDEBUG[0m [2mgust_lexer::typechecker[0m[2m:[0m 👁️ Namespace Resolution: Lookup 'Node' -> Resolved: 'Node' (Current Prefix: '')
[2m2026-06-13T02:06:31.155387Z[0m [34mDEBUG[0m [2mgust_lexer::typechecker[0m[2m:[0m 👁️ Namespace Resolution: Lookup 'Node' -> Resolved: 'Node' (Current Prefix: '')
[2m2026-06-13T02:06:31.155402Z[0m [34mDEBUG[0m [2mgust_lexer::typechecker[0m[2m:[0m 👁️ Namespace Resolution: Lookup 'Node' -> Resolved: 'Node' (Current Prefix: '')
[2m2026-06-13T02:06:31.155418Z[0m [34mDEBUG[0m [2mgust_lexer::typechecker[0m[2m:[0m 👁️ Namespace Resolution: Lookup 'Node' -> Resolved: 'Node' (Current Prefix: '')
ok
test test_return_local_variable_view_rejected ... [2m2026-06-13T02:06:31.155786Z[0m [34mDEBUG[0m [2mgust_lexer::typechecker::visitor[0m[2m:[0m 🗄️ Stdlib Registered: Alias 'os' maps to prefix 'os_'
[2m2026-06-13T02:06:31.155796Z[0m [34mDEBUG[0m [2mgust_lexer::typechecker::visitor[0m[2m:[0m 🗄️ Stdlib Registered: Alias 'std' maps to prefix 'std_'
[2m2026-06-13T02:06:31.155898Z[0m [34mDEBUG[0m [2mgust_lexer::typechecker::visitor[0m[2m:[0m 🗄️ Function Pre-Registration: Raw name: 'leak', Namespaced: 'leak', Parameter Count: 0, Params: []
[2m2026-06-13T02:06:31.155910Z[0m [34mDEBUG[0m [2mgust_lexer::typechecker::visitor[0m[2m:[0m 🗄️ Function Pre-Registration: Raw name: 'main', Namespaced: 'main', Parameter Count: 0, Params: []
ok
test test_return_parameter_view_accepted ... [2m2026-06-13T02:06:31.156342Z[0m [34mDEBUG[0m [2mgust_lexer::typechecker::visitor[0m[2m:[0m 🗄️ Stdlib Registered: Alias 'os' maps to prefix 'os_'
[2m2026-06-13T02:06:31.156359Z[0m [34mDEBUG[0m [2mgust_lexer::typechecker::visitor[0m[2m:[0m 🗄️ Stdlib Registered: Alias 'std' maps to prefix 'std_'
[2m2026-06-13T02:06:31.156532Z[0m [34mDEBUG[0m [2mgust_lexer::typechecker::visitor[0m[2m:[0m 🗄️ Function Pre-Registration: Raw name: 'pass', Namespaced: 'pass', Parameter Count: 1, Params: ["p: Str"]
[2m2026-06-13T02:06:31.156552Z[0m [34mDEBUG[0m [2mgust_lexer::typechecker::visitor[0m[2m:[0m 🗄️ Function Pre-Registration: Raw name: 'main', Namespaced: 'main', Parameter Count: 0, Params: []
ok
test test_return_static_literal_view_accepted ... [2m2026-06-13T02:06:31.157096Z[0m [34mDEBUG[0m [2mgust_lexer::typechecker::visitor[0m[2m:[0m 🗄️ Stdlib Registered: Alias 'os' maps to prefix 'os_'
[2m2026-06-13T02:06:31.157125Z[0m [34mDEBUG[0m [2mgust_lexer::typechecker::visitor[0m[2m:[0m 🗄️ Stdlib Registered: Alias 'std' maps to prefix 'std_'
[2m2026-06-13T02:06:31.157295Z[0m [34mDEBUG[0m [2mgust_lexer::typechecker::visitor[0m[2m:[0m 🗄️ Function Pre-Registration: Raw name: 'constant', Namespaced: 'constant', Parameter Count: 0, Params: []
[2m2026-06-13T02:06:31.157315Z[0m [34mDEBUG[0m [2mgust_lexer::typechecker::visitor[0m[2m:[0m 🗄️ Function Pre-Registration: Raw name: 'main', Namespaced: 'main', Parameter Count: 0, Params: []
ok
test test_safe_branding_substitution ... [2m2026-06-13T02:06:31.157713Z[0m [34mDEBUG[0m [2mgust_lexer::typechecker::visitor[0m[2m:[0m 🗄️ Stdlib Registered: Alias 'os' maps to prefix 'os_'
[2m2026-06-13T02:06:31.157725Z[0m [34mDEBUG[0m [2mgust_lexer::typechecker::visitor[0m[2m:[0m 🗄️ Stdlib Registered: Alias 'std' maps to prefix 'std_'
[2m2026-06-13T02:06:31.157840Z[0m [34mDEBUG[0m [2mgust_lexer::typechecker[0m[2m:[0m 👁️ Namespace Resolution: Lookup 'Node' -> Resolved: 'Node' (Current Prefix: '')
[2m2026-06-13T02:06:31.157859Z[0m [34mDEBUG[0m [2mgust_lexer::typechecker[0m[2m:[0m 👁️ Namespace Resolution: Lookup 'Node_ctx' -> Resolved: 'Node_ctx' (Current Prefix: '')
[2m2026-06-13T02:06:31.157870Z[0m [34mDEBUG[0m [2mgust_lexer::typechecker::visitor[0m[2m:[0m 🗄️ Function Pre-Registration: Raw name: 'update', Namespaced: 'update', Parameter Count: 2, Params: ["ctx: RawPointer(Arena)", "n: Index(\"Node_ctx\", Some(\"ctx\"))"]
[2m2026-06-13T02:06:31.157884Z[0m [34mDEBUG[0m [2mgust_lexer::typechecker::visitor[0m[2m:[0m 🗄️ Function Pre-Registration: Raw name: 'main', Namespaced: 'main', Parameter Count: 0, Params: []
[2m2026-06-13T02:06:31.157903Z[0m [34mDEBUG[0m [2mgust_lexer::typechecker[0m[2m:[0m 👁️ Namespace Resolution: Lookup 'Node' -> Resolved: 'Node' (Current Prefix: '')
[2m2026-06-13T02:06:31.157939Z[0m [34mDEBUG[0m [2mgust_lexer::typechecker[0m[2m:[0m 👁️ Namespace Resolution: Lookup 'os.Arena.New' -> Resolved: 'os_Arena.New' (Current Prefix: '')
[2m2026-06-13T02:06:31.157947Z[0m [34mDEBUG[0m [2mgust_lexer::typechecker::visitor[0m[2m:[0m 👁️ Expression::Call Evaluation Start: Raw Function: 'os.Arena.New', Resolved: 'os_Arena.New', Registry Has Key: false
[2m2026-06-13T02:06:31.157957Z[0m [34mDEBUG[0m [2mgust_lexer::typechecker::visitor[0m[2m:[0m 👁️ Expression::Call Evaluation Start: Raw Function: 'c.Free', Resolved: 'c.Free', Registry Has Key: false
[2m2026-06-13T02:06:31.157965Z[0m [34mDEBUG[0m [2mgust_lexer::typechecker[0m[2m:[0m 👁️ Namespace Resolution: Lookup 'os.ArenaAlloc' -> Resolved: 'os_ArenaAlloc' (Current Prefix: '')
[2m2026-06-13T02:06:31.157971Z[0m [34mDEBUG[0m [2mgust_lexer::typechecker::visitor[0m[2m:[0m 👁️ Expression::Call Evaluation Start: Raw Function: 'os.ArenaAlloc', Resolved: 'os_ArenaAlloc', Registry Has Key: false
[2m2026-06-13T02:06:31.157979Z[0m [34mDEBUG[0m [2mgust_lexer::typechecker[0m[2m:[0m 👁️ Namespace Resolution: Lookup 'Any' -> Resolved: 'Any' (Current Prefix: '')
[2m2026-06-13T02:06:31.157985Z[0m [34mDEBUG[0m [2mgust_lexer::typechecker[0m[2m:[0m 👁️ Namespace Resolution: Lookup 'Any' -> Resolved: 'Any' (Current Prefix: '')
[2m2026-06-13T02:06:31.157992Z[0m [34mDEBUG[0m [2mgust_lexer::typechecker[0m[2m:[0m 👁️ Namespace Resolution: Lookup 'Node' -> Resolved: 'Node' (Current Prefix: '')
[2m2026-06-13T02:06:31.158004Z[0m [34mDEBUG[0m [2mgust_lexer::typechecker[0m[2m:[0m 👁️ Namespace Resolution: Lookup 'Node_c' -> Resolved: 'Node_c' (Current Prefix: '')
[2m2026-06-13T02:06:31.158012Z[0m [34mDEBUG[0m [2mgust_lexer::typechecker[0m[2m:[0m 👁️ Namespace Resolution: Lookup 'update' -> Resolved: 'update' (Current Prefix: '')
[2m2026-06-13T02:06:31.158017Z[0m [34mDEBUG[0m [2mgust_lexer::typechecker::visitor[0m[2m:[0m 👁️ Expression::Call Evaluation Start: Raw Function: 'update', Resolved: 'update', Registry Has Key: true
[2m2026-06-13T02:06:31.158030Z[0m [34mDEBUG[0m [2mgust_lexer::typechecker[0m[2m:[0m 👁️ Namespace Resolution: Lookup 'Node_c' -> Resolved: 'Node_c' (Current Prefix: '')
[2m2026-06-13T02:06:31.158036Z[0m [34mDEBUG[0m [2mgust_lexer::typechecker::visitor[0m[2m:[0m 👁️ Call-Site Verification: Raw Function: 'update', Resolved: 'update', Expected Params Count: 2, Expected Params: [RawPointer(Arena), Index("Node_ctx", Some("ctx"))], Actual Args: [("c", Arena), ("n", Index("Node_c", Some("c")))]
ok
test test_safety_double_move_rejected ... [2m2026-06-13T02:06:31.158366Z[0m [34mDEBUG[0m [2mgust_lexer::typechecker::visitor[0m[2m:[0m 🗄️ Stdlib Registered: Alias 'os' maps to prefix 'os_'
[2m2026-06-13T02:06:31.158373Z[0m [34mDEBUG[0m [2mgust_lexer::typechecker::visitor[0m[2m:[0m 🗄️ Stdlib Registered: Alias 'std' maps to prefix 'std_'
[2m2026-06-13T02:06:31.158450Z[0m [34mDEBUG[0m [2mgust_lexer::typechecker::visitor[0m[2m:[0m 🗄️ Function Pre-Registration: Raw name: 'main', Namespaced: 'main', Parameter Count: 0, Params: []
[2m2026-06-13T02:06:31.158464Z[0m [34mDEBUG[0m [2mgust_lexer::typechecker[0m[2m:[0m 👁️ Namespace Resolution: Lookup 'os.MockPayload' -> Resolved: 'os_MockPayload' (Current Prefix: '')
[2m2026-06-13T02:06:31.158470Z[0m [34mDEBUG[0m [2mgust_lexer::typechecker::visitor[0m[2m:[0m 👁️ Expression::Call Evaluation Start: Raw Function: 'os.MockPayload', Resolved: 'os_MockPayload', Registry Has Key: false
[2m2026-06-13T02:06:31.158478Z[0m [34mDEBUG[0m [2mgust_lexer::typechecker[0m[2m:[0m 👁️ Namespace Resolution: Lookup 'os.MockPayload' -> Resolved: 'os_MockPayload' (Current Prefix: '')
ok
test test_safety_escape_rejected ... [2m2026-06-13T02:06:31.158802Z[0m [34mDEBUG[0m [2mgust_lexer::typechecker::visitor[0m[2m:[0m 🗄️ Stdlib Registered: Alias 'os' maps to prefix 'os_'
[2m2026-06-13T02:06:31.158813Z[0m [34mDEBUG[0m [2mgust_lexer::typechecker::visitor[0m[2m:[0m 🗄️ Stdlib Registered: Alias 'std' maps to prefix 'std_'
[2m2026-06-13T02:06:31.158913Z[0m [34mDEBUG[0m [2mgust_lexer::typechecker::visitor[0m[2m:[0m 🗄️ Function Pre-Registration: Raw name: 'main', Namespaced: 'main', Parameter Count: 0, Params: []
[2m2026-06-13T02:06:31.158931Z[0m [34mDEBUG[0m [2mgust_lexer::typechecker[0m[2m:[0m 👁️ Namespace Resolution: Lookup 'os.Arena.New' -> Resolved: 'os_Arena.New' (Current Prefix: '')
[2m2026-06-13T02:06:31.158939Z[0m [34mDEBUG[0m [2mgust_lexer::typechecker::visitor[0m[2m:[0m 👁️ Expression::Call Evaluation Start: Raw Function: 'os.Arena.New', Resolved: 'os_Arena.New', Registry Has Key: false
[2m2026-06-13T02:06:31.158953Z[0m [34mDEBUG[0m [2mgust_lexer::typechecker::visitor[0m[2m:[0m 👁️ Expression::Call Evaluation Start: Raw Function: 'ctx.Free', Resolved: 'ctx.Free', Registry Has Key: false
[2m2026-06-13T02:06:31.158972Z[0m [34mDEBUG[0m [2mgust_lexer::typechecker[0m[2m:[0m 👁️ Namespace Resolution: Lookup 'os.MockPayload' -> Resolved: 'os_MockPayload' (Current Prefix: '')
[2m2026-06-13T02:06:31.158979Z[0m [34mDEBUG[0m [2mgust_lexer::typechecker::visitor[0m[2m:[0m 👁️ Expression::Call Evaluation Start: Raw Function: 'os.MockPayload', Resolved: 'os_MockPayload', Registry Has Key: false
[2m2026-06-13T02:06:31.158990Z[0m [34mDEBUG[0m [2mgust_lexer::typechecker[0m[2m:[0m 👁️ Namespace Resolution: Lookup 'os.MockPayload' -> Resolved: 'os_MockPayload' (Current Prefix: '')
[2m2026-06-13T02:06:31.159007Z[0m [34mDEBUG[0m [2mgust_lexer::typechecker[0m[2m:[0m 👁️ Namespace Resolution: Lookup 'Node' -> Resolved: 'Node' (Current Prefix: '')
[2m2026-06-13T02:06:31.159023Z[0m [34mDEBUG[0m [2mgust_lexer::typechecker[0m[2m:[0m 👁️ Namespace Resolution: Lookup 'Node_ctx' -> Resolved: 'Node_ctx' (Current Prefix: '')
[2m2026-06-13T02:06:31.159033Z[0m [34mDEBUG[0m [2mgust_lexer::typechecker[0m[2m:[0m 👁️ Namespace Resolution: Lookup 'CastResult_Node_ctx' -> Resolved: 'CastResult_Node_ctx' (Current Prefix: '')
[2m2026-06-13T02:06:31.159045Z[0m [34mDEBUG[0m [2mgust_lexer::typechecker[0m[2m:[0m 👁️ Namespace Resolution: Lookup 'CastResult_Node_ctx' -> Resolved: 'CastResult_Node_ctx' (Current Prefix: '')
ok
test test_scratch_assignment_to_branded_field_rejected ... [2m2026-06-13T02:06:31.159394Z[0m [34mDEBUG[0m [2mgust_lexer::typechecker::visitor[0m[2m:[0m 🗄️ Stdlib Registered: Alias 'os' maps to prefix 'os_'
[2m2026-06-13T02:06:31.159406Z[0m [34mDEBUG[0m [2mgust_lexer::typechecker::visitor[0m[2m:[0m 🗄️ Stdlib Registered: Alias 'std' maps to prefix 'std_'
[2m2026-06-13T02:06:31.159519Z[0m [34mDEBUG[0m [2mgust_lexer::typechecker::visitor[0m[2m:[0m 🗄️ Function Pre-Registration: Raw name: 'main', Namespaced: 'main', Parameter Count: 0, Params: []
[2m2026-06-13T02:06:31.159540Z[0m [34mDEBUG[0m [2mgust_lexer::typechecker[0m[2m:[0m 👁️ Namespace Resolution: Lookup 'os.Arena.New' -> Resolved: 'os_Arena.New' (Current Prefix: '')
[2m2026-06-13T02:06:31.159549Z[0m [34mDEBUG[0m [2mgust_lexer::typechecker::visitor[0m[2m:[0m 👁️ Expression::Call Evaluation Start: Raw Function: 'os.Arena.New', Resolved: 'os_Arena.New', Registry Has Key: false
[2m2026-06-13T02:06:31.159566Z[0m [34mDEBUG[0m [2mgust_lexer::typechecker::visitor[0m[2m:[0m 👁️ Expression::Call Evaluation Start: Raw Function: 'ctx.Free', Resolved: 'ctx.Free', Registry Has Key: false
[2m2026-06-13T02:06:31.159588Z[0m [34mDEBUG[0m [2mgust_lexer::typechecker[0m[2m:[0m 👁️ Namespace Resolution: Lookup 'os.ArenaAlloc' -> Resolved: 'os_ArenaAlloc' (Current Prefix: '')
[2m2026-06-13T02:06:31.159597Z[0m [34mDEBUG[0m [2mgust_lexer::typechecker::visitor[0m[2m:[0m 👁️ Expression::Call Evaluation Start: Raw Function: 'os.ArenaAlloc', Resolved: 'os_ArenaAlloc', Registry Has Key: false
[2m2026-06-13T02:06:31.159611Z[0m [34mDEBUG[0m [2mgust_lexer::typechecker[0m[2m:[0m 👁️ Namespace Resolution: Lookup 'Any' -> Resolved: 'Any' (Current Prefix: '')
[2m2026-06-13T02:06:31.159620Z[0m [34mDEBUG[0m [2mgust_lexer::typechecker[0m[2m:[0m 👁️ Namespace Resolution: Lookup 'Any' -> Resolved: 'Any' (Current Prefix: '')
[2m2026-06-13T02:06:31.159630Z[0m [34mDEBUG[0m [2mgust_lexer::typechecker[0m[2m:[0m 👁️ Namespace Resolution: Lookup 'Node' -> Resolved: 'Node' (Current Prefix: '')
[2m2026-06-13T02:06:31.159648Z[0m [34mDEBUG[0m [2mgust_lexer::typechecker[0m[2m:[0m 👁️ Namespace Resolution: Lookup 'Node_ctx' -> Resolved: 'Node_ctx' (Current Prefix: '')
[2m2026-06-13T02:06:31.159661Z[0m [34mDEBUG[0m [2mgust_lexer::typechecker[0m[2m:[0m 👁️ Namespace Resolution: Lookup 'os.ScratchAlloc' -> Resolved: 'os_ScratchAlloc' (Current Prefix: '')
[2m2026-06-13T02:06:31.159669Z[0m [34mDEBUG[0m [2mgust_lexer::typechecker::visitor[0m[2m:[0m 👁️ Expression::Call Evaluation Start: Raw Function: 'os.ScratchAlloc', Resolved: 'os_ScratchAlloc', Registry Has Key: true
[2m2026-06-13T02:06:31.159681Z[0m [34mDEBUG[0m [2mgust_lexer::typechecker::visitor[0m[2m:[0m 👁️ Call-Site Verification: Raw Function: 'os.ScratchAlloc', Resolved: 'os_ScratchAlloc', Expected Params Count: 1, Expected Params: [Int], Actual Args: [("10", Int)]
[2m2026-06-13T02:06:31.159696Z[0m [34mDEBUG[0m [2mgust_lexer::typechecker[0m[2m:[0m 👁️ Namespace Resolution: Lookup 'os.ScratchAlloc' -> Resolved: 'os_ScratchAlloc' (Current Prefix: '')
ok
test test_scratch_cloned_to_arena_accepted ... [2m2026-06-13T02:06:31.160089Z[0m [34mDEBUG[0m [2mgust_lexer::typechecker::visitor[0m[2m:[0m 🗄️ Stdlib Registered: Alias 'os' maps to prefix 'os_'
[2m2026-06-13T02:06:31.160100Z[0m [34mDEBUG[0m [2mgust_lexer::typechecker::visitor[0m[2m:[0m 🗄️ Stdlib Registered: Alias 'std' maps to prefix 'std_'
[2m2026-06-13T02:06:31.160212Z[0m [34mDEBUG[0m [2mgust_lexer::typechecker::visitor[0m[2m:[0m 🗄️ Function Pre-Registration: Raw name: 'main', Namespaced: 'main', Parameter Count: 0, Params: []
[2m2026-06-13T02:06:31.160232Z[0m [34mDEBUG[0m [2mgust_lexer::typechecker[0m[2m:[0m 👁️ Namespace Resolution: Lookup 'os.Arena.New' -> Resolved: 'os_Arena.New' (Current Prefix: '')
[2m2026-06-13T02:06:31.160241Z[0m [34mDEBUG[0m [2mgust_lexer::typechecker::visitor[0m[2m:[0m 👁️ Expression::Call Evaluation Start: Raw Function: 'os.Arena.New', Resolved: 'os_Arena.New', Registry Has Key: false
[2m2026-06-13T02:06:31.160256Z[0m [34mDEBUG[0m [2mgust_lexer::typechecker::visitor[0m[2m:[0m 👁️ Expression::Call Evaluation Start: Raw Function: 'ctx.Free', Resolved: 'ctx.Free', Registry Has Key: false
[2m2026-06-13T02:06:31.160274Z[0m [34mDEBUG[0m [2mgust_lexer::typechecker[0m[2m:[0m 👁️ Namespace Resolution: Lookup 'os.ArenaAlloc' -> Resolved: 'os_ArenaAlloc' (Current Prefix: '')
[2m2026-06-13T02:06:31.160283Z[0m [34mDEBUG[0m [2mgust_lexer::typechecker::visitor[0m[2m:[0m 👁️ Expression::Call Evaluation Start: Raw Function: 'os.ArenaAlloc', Resolved: 'os_ArenaAlloc', Registry Has Key: false
[2m2026-06-13T02:06:31.160296Z[0m [34mDEBUG[0m [2mgust_lexer::typechecker[0m[2m:[0m 👁️ Namespace Resolution: Lookup 'Any' -> Resolved: 'Any' (Current Prefix: '')
[2m2026-06-13T02:06:31.160305Z[0m [34mDEBUG[0m [2mgust_lexer::typechecker[0m[2m:[0m 👁️ Namespace Resolution: Lookup 'Any' -> Resolved: 'Any' (Current Prefix: '')
[2m2026-06-13T02:06:31.160322Z[0m [34mDEBUG[0m [2mgust_lexer::typechecker[0m[2m:[0m 👁️ Namespace Resolution: Lookup 'Node' -> Resolved: 'Node' (Current Prefix: '')
[2m2026-06-13T02:06:31.160337Z[0m [34mDEBUG[0m [2mgust_lexer::typechecker[0m[2m:[0m 👁️ Namespace Resolution: Lookup 'Any' -> Resolved: 'Any' (Current Prefix: '')
[2m2026-06-13T02:06:31.160348Z[0m [34mDEBUG[0m [2mgust_lexer::typechecker[0m[2m:[0m 👁️ Namespace Resolution: Lookup 'Node_ctx' -> Resolved: 'Node_ctx' (Current Prefix: '')
[2m2026-06-13T02:06:31.160361Z[0m [34mDEBUG[0m [2mgust_lexer::typechecker[0m[2m:[0m 👁️ Namespace Resolution: Lookup 'os.ArenaAlloc' -> Resolved: 'os_ArenaAlloc' (Current Prefix: '')
[2m2026-06-13T02:06:31.160369Z[0m [34mDEBUG[0m [2mgust_lexer::typechecker::visitor[0m[2m:[0m 👁️ Expression::Call Evaluation Start: Raw Function: 'os.ArenaAlloc', Resolved: 'os_ArenaAlloc', Registry Has Key: false
[2m2026-06-13T02:06:31.160384Z[0m [34mDEBUG[0m [2mgust_lexer::typechecker[0m[2m:[0m 👁️ Namespace Resolution: Lookup 'Any' -> Resolved: 'Any' (Current Prefix: '')
[2m2026-06-13T02:06:31.160396Z[0m [34mDEBUG[0m [2mgust_lexer::typechecker[0m[2m:[0m 👁️ Namespace Resolution: Lookup 'Any' -> Resolved: 'Any' (Current Prefix: '')
[2m2026-06-13T02:06:31.160410Z[0m [34mDEBUG[0m [2mgust_lexer::typechecker[0m[2m:[0m 👁️ Namespace Resolution: Lookup 'Any' -> Resolved: 'Any' (Current Prefix: '')
[2m2026-06-13T02:06:31.160426Z[0m [34mDEBUG[0m [2mgust_lexer::typechecker[0m[2m:[0m 👁️ Namespace Resolution: Lookup 'Any' -> Resolved: 'Any' (Current Prefix: '')
[2m2026-06-13T02:06:31.160446Z[0m [34mDEBUG[0m [2mgust_lexer::typechecker[0m[2m:[0m 👁️ Namespace Resolution: Lookup 'std.Clone' -> Resolved: 'std_Clone' (Current Prefix: '')
[2m2026-06-13T02:06:31.160459Z[0m [34mDEBUG[0m [2mgust_lexer::typechecker::visitor[0m[2m:[0m 👁️ Expression::Call Evaluation Start: Raw Function: 'std.Clone', Resolved: 'std_Clone', Registry Has Key: true
[2m2026-06-13T02:06:31.160483Z[0m [34mDEBUG[0m [2mgust_lexer::typechecker[0m[2m:[0m 👁️ Namespace Resolution: Lookup 'Any' -> Resolved: 'Any' (Current Prefix: '')
[2m2026-06-13T02:06:31.160495Z[0m [34mDEBUG[0m [2mgust_lexer::typechecker[0m[2m:[0m 👁️ Namespace Resolution: Lookup 'Any' -> Resolved: 'Any' (Current Prefix: '')
[2m2026-06-13T02:06:31.160549Z[0m [34mDEBUG[0m [2mgust_lexer::typechecker[0m[2m:[0m 👁️ Namespace Resolution: Lookup 'Any' -> Resolved: 'Any' (Current Prefix: '')
ok
test test_scratch_return_rejected ... [2m2026-06-13T02:06:31.160941Z[0m [34mDEBUG[0m [2mgust_lexer::typechecker::visitor[0m[2m:[0m 🗄️ Stdlib Registered: Alias 'os' maps to prefix 'os_'
[2m2026-06-13T02:06:31.160951Z[0m [34mDEBUG[0m [2mgust_lexer::typechecker::visitor[0m[2m:[0m 🗄️ Stdlib Registered: Alias 'std' maps to prefix 'std_'
[2m2026-06-13T02:06:31.161064Z[0m [34mDEBUG[0m [2mgust_lexer::typechecker::visitor[0m[2m:[0m 🗄️ Function Pre-Registration: Raw name: 'test_leak', Namespaced: 'test_leak', Parameter Count: 0, Params: []
[2m2026-06-13T02:06:31.161075Z[0m [34mDEBUG[0m [2mgust_lexer::typechecker::visitor[0m[2m:[0m 🗄️ Function Pre-Registration: Raw name: 'main', Namespaced: 'main', Parameter Count: 0, Params: []
[2m2026-06-13T02:06:31.161094Z[0m [34mDEBUG[0m [2mgust_lexer::typechecker[0m[2m:[0m 👁️ Namespace Resolution: Lookup 'os.ScratchAlloc' -> Resolved: 'os_ScratchAlloc' (Current Prefix: '')
[2m2026-06-13T02:06:31.161103Z[0m [34mDEBUG[0m [2mgust_lexer::typechecker::visitor[0m[2m:[0m 👁️ Expression::Call Evaluation Start: Raw Function: 'os.ScratchAlloc', Resolved: 'os_ScratchAlloc', Registry Has Key: true
[2m2026-06-13T02:06:31.161128Z[0m [34mDEBUG[0m [2mgust_lexer::typechecker::visitor[0m[2m:[0m 👁️ Call-Site Verification: Raw Function: 'os.ScratchAlloc', Resolved: 'os_ScratchAlloc', Expected Params Count: 1, Expected Params: [Int], Actual Args: [("10", Int)]
[2m2026-06-13T02:06:31.161143Z[0m [34mDEBUG[0m [2mgust_lexer::typechecker[0m[2m:[0m 👁️ Namespace Resolution: Lookup 'os.ScratchAlloc' -> Resolved: 'os_ScratchAlloc' (Current Prefix: '')
ok
test test_scratchpad_origin_propagation ... [2m2026-06-13T02:06:31.161351Z[0m [34mDEBUG[0m [2mgust_lexer::typechecker::visitor[0m[2m:[0m 🗄️ Stdlib Registered: Alias 'os' maps to prefix 'os_'
[2m2026-06-13T02:06:31.161360Z[0m [34mDEBUG[0m [2mgust_lexer::typechecker::visitor[0m[2m:[0m 🗄️ Stdlib Registered: Alias 'std' maps to prefix 'std_'
[2m2026-06-13T02:06:31.161467Z[0m [34mDEBUG[0m [2mgust_lexer::typechecker::visitor[0m[2m:[0m 🗄️ Function Pre-Registration: Raw name: 'main', Namespaced: 'main', Parameter Count: 0, Params: []
[2m2026-06-13T02:06:31.161491Z[0m [34mDEBUG[0m [2mgust_lexer::typechecker[0m[2m:[0m 👁️ Namespace Resolution: Lookup 'os.ScratchAlloc' -> Resolved: 'os_ScratchAlloc' (Current Prefix: '')
[2m2026-06-13T02:06:31.161500Z[0m [34mDEBUG[0m [2mgust_lexer::typechecker::visitor[0m[2m:[0m 👁️ Expression::Call Evaluation Start: Raw Function: 'os.ScratchAlloc', Resolved: 'os_ScratchAlloc', Registry Has Key: true
[2m2026-06-13T02:06:31.161515Z[0m [34mDEBUG[0m [2mgust_lexer::typechecker::visitor[0m[2m:[0m 👁️ Call-Site Verification: Raw Function: 'os.ScratchAlloc', Resolved: 'os_ScratchAlloc', Expected Params Count: 1, Expected Params: [Int], Actual Args: [("10", Int)]
[2m2026-06-13T02:06:31.161528Z[0m [34mDEBUG[0m [2mgust_lexer::typechecker[0m[2m:[0m 👁️ Namespace Resolution: Lookup 'os.ScratchAlloc' -> Resolved: 'os_ScratchAlloc' (Current Prefix: '')
ok
test test_self_hosted_ast_compilation ... [2m2026-06-13T02:06:31.161743Z[0m [34mDEBUG[0m [2mgust_lexer::parser[0m[2m:[0m 📥 Parsed Import Statement: Path 'token.gst', Alias: 'Some("token")'
[2m2026-06-13T02:06:31.161756Z[0m [34mDEBUG[0m [2mgust_lexer::parser[0m[2m:[0m 📥 Parsed Import Statement: Path 'ast.gst', Alias: 'Some("ast")'
[2m2026-06-13T02:06:31.162103Z[0m [34mDEBUG[0m [2mgust_lexer::parser[0m[2m:[0m 📥 Parsed Import Statement: Path 'token.gst', Alias: 'Some("token")'
[2m2026-06-13T02:06:31.162479Z[0m [34mDEBUG[0m [2mgust_lexer::typechecker::visitor[0m[2m:[0m 🗄️ Stdlib Registered: Alias 'os' maps to prefix 'os_'
[2m2026-06-13T02:06:31.162486Z[0m [34mDEBUG[0m [2mgust_lexer::typechecker::visitor[0m[2m:[0m 🗄️ Stdlib Registered: Alias 'std' maps to prefix 'std_'
[2m2026-06-13T02:06:31.162637Z[0m [34mDEBUG[0m [2mgust_lexer::typechecker[0m[2m:[0m 👁️ Namespace Resolution: Lookup 'Position' -> Resolved: 'token__Position' (Current Prefix: 'token__')
[2m2026-06-13T02:06:31.162645Z[0m [34mDEBUG[0m [2mgust_lexer::typechecker[0m[2m:[0m 👁️ Namespace Resolution: Lookup 'token__Position' -> Resolved: 'token__Position' (Current Prefix: 'token__')
[2m2026-06-13T02:06:31.162652Z[0m [34mDEBUG[0m [2mgust_lexer::typechecker[0m[2m:[0m 👁️ Namespace Resolution: Lookup 'Position' -> Resolved: 'token__Position' (Current Prefix: 'token__')
[2m2026-06-13T02:06:31.162657Z[0m [34mDEBUG[0m [2mgust_lexer::typechecker[0m[2m:[0m 👁️ Namespace Resolution: Lookup 'token__Position' -> Resolved: 'token__Position' (Current Prefix: 'token__')
[2m2026-06-13T02:06:31.162670Z[0m [34mDEBUG[0m [2mgust_lexer::typechecker[0m[2m:[0m 👁️ Namespace Resolution: Lookup 'Position' -> Resolved: 'token__Position' (Current Prefix: 'token__')
[2m2026-06-13T02:06:31.162677Z[0m [34mDEBUG[0m [2mgust_lexer::typechecker[0m[2m:[0m 👁️ Namespace Resolution: Lookup 'token__Position' -> Resolved: 'token__Position' (Current Prefix: 'token__')
[2m2026-06-13T02:06:31.162683Z[0m [34mDEBUG[0m [2mgust_lexer::typechecker[0m[2m:[0m 👁️ Namespace Resolution: Lookup 'Position' -> Resolved: 'token__Position' (Current Prefix: 'token__')
[2m2026-06-13T02:06:31.162688Z[0m [34mDEBUG[0m [2mgust_lexer::typechecker[0m[2m:[0m 👁️ Namespace Resolution: Lookup 'token__Position' -> Resolved: 'token__Position' (Current Prefix: 'token__')
[2m2026-06-13T02:06:31.162892Z[0m [34mDEBUG[0m [2mgust_lexer::typechecker::visitor[0m[2m:[0m 🗄️ Stdlib Registered: Alias 'os' maps to prefix 'os_'
[2m2026-06-13T02:06:31.162899Z[0m [34mDEBUG[0m [2mgust_lexer::typechecker::visitor[0m[2m:[0m 🗄️ Stdlib Registered: Alias 'std' maps to prefix 'std_'
[2m2026-06-13T02:06:31.162966Z[0m [34mDEBUG[0m [2mgust_lexer::typechecker::visitor[0m[2m:[0m 🗄️ Import Alias Mapping Registered (Pre-pass): 'token' -> 'token__' (for path 'token.gst')
[2m2026-06-13T02:06:31.163165Z[0m [34mDEBUG[0m [2mgust_lexer::typechecker::visitor[0m[2m:[0m 🗄️ Import Alias Mapping Registered (Statement Pass): 'token' -> 'token__' (for path 'token.gst')
[2m2026-06-13T02:06:31.163174Z[0m [34mDEBUG[0m [2mgust_lexer::typechecker::visitor[0m[2m:[0m 🗄️ Stdlib Registered: Alias 'os' maps to prefix 'os_'
[2m2026-06-13T02:06:31.163178Z[0m [34mDEBUG[0m [2mgust_lexer::typechecker::visitor[0m[2m:[0m 🗄️ Stdlib Registered: Alias 'std' maps to prefix 'std_'
[2m2026-06-13T02:06:31.163235Z[0m [34mDEBUG[0m [2mgust_lexer::typechecker::visitor[0m[2m:[0m 🗄️ Import Alias Mapping Registered (Pre-pass): 'token' -> 'token__' (for path 'token.gst')
[2m2026-06-13T02:06:31.163245Z[0m [34mDEBUG[0m [2mgust_lexer::typechecker::visitor[0m[2m:[0m 🗄️ Import Alias Mapping Registered (Pre-pass): 'ast' -> 'ast__' (for path 'ast.gst')
[2m2026-06-13T02:06:31.163255Z[0m [34mDEBUG[0m [2mgust_lexer::typechecker::visitor[0m[2m:[0m 🗄️ Function Pre-Registration: Raw name: 'main', Namespaced: 'main', Parameter Count: 0, Params: []
[2m2026-06-13T02:06:31.163452Z[0m [34mDEBUG[0m [2mgust_lexer::typechecker::visitor[0m[2m:[0m 🗄️ Import Alias Mapping Registered (Statement Pass): 'token' -> 'token__' (for path 'token.gst')
[2m2026-06-13T02:06:31.163462Z[0m [34mDEBUG[0m [2mgust_lexer::typechecker::visitor[0m[2m:[0m 🗄️ Import Alias Mapping Registered (Statement Pass): 'ast' -> 'ast__' (for path 'ast.gst')
[2m2026-06-13T02:06:31.163476Z[0m [34mDEBUG[0m [2mgust_lexer::typechecker[0m[2m:[0m 👁️ Namespace Resolution: Lookup 'os.Arena.New' -> Resolved: 'os_Arena.New' (Current Prefix: '')
[2m2026-06-13T02:06:31.163485Z[0m [34mDEBUG[0m [2mgust_lexer::typechecker::visitor[0m[2m:[0m 👁️ Expression::Call Evaluation Start: Raw Function: 'os.Arena.New', Resolved: 'os_Arena.New', Registry Has Key: false
[2m2026-06-13T02:06:31.163498Z[0m [34mDEBUG[0m [2mgust_lexer::typechecker::visitor[0m[2m:[0m 👁️ Expression::Call Evaluation Start: Raw Function: 'ctx.Free', Resolved: 'ctx.Free', Registry Has Key: false
[2m2026-06-13T02:06:31.163513Z[0m [34mDEBUG[0m [2mgust_lexer::typechecker[0m[2m:[0m 👁️ Namespace Resolution: Lookup 'ast.Program' -> Resolved: 'ast__Program' (Current Prefix: '')
[2m2026-06-13T02:06:31.163527Z[0m [34mDEBUG[0m [2mgust_lexer::typechecker[0m[2m:[0m 👁️ Namespace Resolution: Lookup 'SessionNode' -> Resolved: 'SessionNode' (Current Prefix: 'ast__')
[2m2026-06-13T02:06:31.163537Z[0m [34mDEBUG[0m [2mgust_lexer::typechecker[0m[2m:[0m 👁️ Namespace Resolution: Lookup 'token.Span' -> Resolved: 'token__Span' (Current Prefix: 'ast__')
[2m2026-06-13T02:06:31.163560Z[0m [34mDEBUG[0m [2mgust_lexer::typechecker[0m[2m:[0m 👁️ Namespace Resolution: Lookup 'ast__Program_ctx' -> Resolved: 'ast__Program_ctx' (Current Prefix: '')
[2m2026-06-13T02:06:31.163575Z[0m [34mDEBUG[0m [2mgust_lexer::typechecker[0m[2m:[0m 👁️ Namespace Resolution: Lookup 'ast.Program' -> Resolved: 'ast__Program' (Current Prefix: '')
[2m2026-06-13T02:06:31.163599Z[0m [34mDEBUG[0m [2mgust_lexer::typechecker[0m[2m:[0m 👁️ Namespace Resolution: Lookup 'ast__Program_ctx' -> Resolved: 'ast__Program_ctx' (Current Prefix: '')
[2m2026-06-13T02:06:31.163627Z[0m [34mDEBUG[0m [2mgust_lexer::typechecker[0m[2m:[0m 👁️ Namespace Resolution: Lookup 'SessionNode' -> Resolved: 'SessionNode' (Current Prefix: '')
[2m2026-06-13T02:06:31.163643Z[0m [34mDEBUG[0m [2mgust_lexer::typechecker[0m[2m:[0m 👁️ Namespace Resolution: Lookup 'os.ArenaAlloc' -> Resolved: 'os_ArenaAlloc' (Current Prefix: '')
[2m2026-06-13T02:06:31.163655Z[0m [34mDEBUG[0m [2mgust_lexer::typechecker::visitor[0m[2m:[0m 👁️ Expression::Call Evaluation Start: Raw Function: 'os.ArenaAlloc', Resolved: 'os_ArenaAlloc', Registry Has Key: false
[2m2026-06-13T02:06:31.163678Z[0m [34mDEBUG[0m [2mgust_lexer::typechecker[0m[2m:[0m 👁️ Namespace Resolution: Lookup 'os.ArenaAlloc' -> Resolved: 'os_ArenaAlloc' (Current Prefix: '')
[2m2026-06-13T02:06:31.163696Z[0m [34mDEBUG[0m [2mgust_lexer::typechecker[0m[2m:[0m 👁️ Namespace Resolution: Lookup 'ast.Statement' -> Resolved: 'ast__Statement' (Current Prefix: '')
[2m2026-06-13T02:06:31.163740Z[0m [34mDEBUG[0m [2mgust_lexer::typechecker[0m[2m:[0m 👁️ Namespace Resolution: Lookup 'token.Span' -> Resolved: 'token__Span' (Current Prefix: 'ast__')
[2m2026-06-13T02:06:31.163754Z[0m [34mDEBUG[0m [2mgust_lexer::typechecker[0m[2m:[0m 👁️ Namespace Resolution: Lookup 'token__Span' -> Resolved: 'token__Span' (Current Prefix: 'ast__')
[2m2026-06-13T02:06:31.163772Z[0m [34mDEBUG[0m [2mgust_lexer::typechecker[0m[2m:[0m 👁️ Namespace Resolution: Lookup 'SessionNode' -> Resolved: 'SessionNode' (Current Prefix: 'ast__')
[2m2026-06-13T02:06:31.163786Z[0m [34mDEBUG[0m [2mgust_lexer::typechecker[0m[2m:[0m 👁️ Namespace Resolution: Lookup 'SessionNode' -> Resolved: 'SessionNode' (Current Prefix: 'ast__')
[2m2026-06-13T02:06:31.163800Z[0m [34mDEBUG[0m [2mgust_lexer::typechecker[0m[2m:[0m 👁️ Namespace Resolution: Lookup 'SessionNode' -> Resolved: 'SessionNode' (Current Prefix: 'ast__')
[2m2026-06-13T02:06:31.163812Z[0m [34mDEBUG[0m [2mgust_lexer::typechecker[0m[2m:[0m 👁️ Namespace Resolution: Lookup 'SessionNode' -> Resolved: 'SessionNode' (Current Prefix: 'ast__')
[2m2026-06-13T02:06:31.163827Z[0m [34mDEBUG[0m [2mgust_lexer::typechecker[0m[2m:[0m 👁️ Namespace Resolution: Lookup 'token.Span' -> Resolved: 'token__Span' (Current Prefix: 'ast__')
[2m2026-06-13T02:06:31.163839Z[0m [34mDEBUG[0m [2mgust_lexer::typechecker[0m[2m:[0m 👁️ Namespace Resolution: Lookup 'token__Span' -> Resolved: 'token__Span' (Current Prefix: 'ast__')
[2m2026-06-13T02:06:31.163893Z[0m [34mDEBUG[0m [2mgust_lexer::typechecker[0m[2m:[0m 👁️ Namespace Resolution: Lookup 'SessionNode' -> Resolved: 'SessionNode' (Current Prefix: 'ast__')
[2m2026-06-13T02:06:31.163907Z[0m [34mDEBUG[0m [2mgust_lexer::typechecker[0m[2m:[0m 👁️ Namespace Resolution: Lookup 'SessionNode' -> Resolved: 'SessionNode' (Current Prefix: 'ast__')
[2m2026-06-13T02:06:31.163920Z[0m [34mDEBUG[0m [2mgust_lexer::typechecker[0m[2m:[0m 👁️ Namespace Resolution: Lookup 'SessionNode' -> Resolved: 'SessionNode' (Current Prefix: 'ast__')
[2m2026-06-13T02:06:31.163933Z[0m [34mDEBUG[0m [2mgust_lexer::typechecker[0m[2m:[0m 👁️ Namespace Resolution: Lookup 'SessionNode' -> Resolved: 'SessionNode' (Current Prefix: 'ast__')
[2m2026-06-13T02:06:31.163948Z[0m [34mDEBUG[0m [2mgust_lexer::typechecker[0m[2m:[0m 👁️ Namespace Resolution: Lookup 'token.Span' -> Resolved: 'token__Span' (Current Prefix: 'ast__')
[2m2026-06-13T02:06:31.163960Z[0m [34mDEBUG[0m [2mgust_lexer::typechecker[0m[2m:[0m 👁️ Namespace Resolution: Lookup 'token__Span' -> Resolved: 'token__Span' (Current Prefix: 'ast__')
[2m2026-06-13T02:06:31.163985Z[0m [34mDEBUG[0m [2mgust_lexer::typechecker[0m[2m:[0m 👁️ Namespace Resolution: Lookup 'SessionNode' -> Resolved: 'SessionNode' (Current Prefix: 'ast__')
[2m2026-06-13T02:06:31.164000Z[0m [34mDEBUG[0m [2mgust_lexer::typechecker[0m[2m:[0m 👁️ Namespace Resolution: Lookup 'SessionNode' -> Resolved: 'SessionNode' (Current Prefix: 'ast__')
[2m2026-06-13T02:06:31.164018Z[0m [34mDEBUG[0m [2mgust_lexer::typechecker[0m[2m:[0m 👁️ Namespace Resolution: Lookup 'BlockStatement' -> Resolved: 'ast__BlockStatement' (Current Prefix: 'ast__')
[2m2026-06-13T02:06:31.164045Z[0m [34mDEBUG[0m [2mgust_lexer::typechecker[0m[2m:[0m 👁️ Namespace Resolution: Lookup 'SessionNode' -> Resolved: 'SessionNode' (Current Prefix: 'ast__')
[2m2026-06-13T02:06:31.164064Z[0m [34mDEBUG[0m [2mgust_lexer::typechecker[0m[2m:[0m 👁️ Namespace Resolution: Lookup 'token.Span' -> Resolved: 'token__Span' (Current Prefix: 'ast__')
[2m2026-06-13T02:06:31.164083Z[0m [34mDEBUG[0m [2mgust_lexer::typechecker[0m[2m:[0m 👁️ Namespace Resolution: Lookup 'ast__BlockStatement_ctx' -> Resolved: 'ast__BlockStatement_ctx' (Current Prefix: 'ast__')
[2m2026-06-13T02:06:31.164103Z[0m [34mDEBUG[0m [2mgust_lexer::typechecker[0m[2m:[0m 👁️ Namespace Resolution: Lookup 'token.Span' -> Resolved: 'token__Span' (Current Prefix: 'ast__')
[2m2026-06-13T02:06:31.164117Z[0m [34mDEBUG[0m [2mgust_lexer::typechecker[0m[2m:[0m 👁️ Namespace Resolution: Lookup 'token__Span' -> Resolved: 'token__Span' (Current Prefix: 'ast__')
[2m2026-06-13T02:06:31.164139Z[0m [34mDEBUG[0m [2mgust_lexer::typechecker[0m[2m:[0m 👁️ Namespace Resolution: Lookup 'Expression' -> Resolved: 'ast__Expression' (Current Prefix: 'ast__')
[2m2026-06-13T02:06:31.164183Z[0m [34mDEBUG[0m [2mgust_lexer::typechecker[0m[2m:[0m 👁️ Namespace Resolution: Lookup 'token.Span' -> Resolved: 'token__Span' (Current Prefix: 'ast__')
[2m2026-06-13T02:06:31.164198Z[0m [34mDEBUG[0m [2mgust_lexer::typechecker[0m[2m:[0m 👁️ Namespace Resolution: Lookup 'token__Span' -> Resolved: 'token__Span' (Current Prefix: 'ast__')
[2m2026-06-13T02:06:31.164222Z[0m [34mDEBUG[0m [2mgust_lexer::typechecker[0m[2m:[0m 👁️ Namespace Resolution: Lookup 'token.Span' -> Resolved: 'token__Span' (Current Prefix: 'ast__')
[2m2026-06-13T02:06:31.164236Z[0m [34mDEBUG[0m [2mgust_lexer::typechecker[0m[2m:[0m 👁️ Namespace Resolution: Lookup 'token__Span' -> Resolved: 'token__Span' (Current Prefix: 'ast__')
[2m2026-06-13T02:06:31.164256Z[0m [34mDEBUG[0m [2mgust_lexer::typechecker[0m[2m:[0m 👁️ Namespace Resolution: Lookup 'token.Span' -> Resolved: 'token__Span' (Current Prefix: 'ast__')
[2m2026-06-13T02:06:31.164269Z[0m [34mDEBUG[0m [2mgust_lexer::typechecker[0m[2m:[0m 👁️ Namespace Resolution: Lookup 'token__Span' -> Resolved: 'token__Span' (Current Prefix: 'ast__')
[2m2026-06-13T02:06:31.164278Z[0m [34mDEBUG[0m [2mgust_lexer::typechecker[0m[2m:[0m 👁️ Namespace Resolution: Lookup 'token.Span' -> Resolved: 'token__Span' (Current Prefix: 'ast__')
[2m2026-06-13T02:06:31.164285Z[0m [34mDEBUG[0m [2mgust_lexer::typechecker[0m[2m:[0m 👁️ Namespace Resolution: Lookup 'token__Span' -> Resolved: 'token__Span' (Current Prefix: 'ast__')
[2m2026-06-13T02:06:31.164293Z[0m [34mDEBUG[0m [2mgust_lexer::typechecker[0m[2m:[0m 👁️ Namespace Resolution: Lookup 'Expression' -> Resolved: 'ast__Expression' (Current Prefix: 'ast__')
[2m2026-06-13T02:06:31.164311Z[0m [34mDEBUG[0m [2mgust_lexer::typechecker[0m[2m:[0m 👁️ Namespace Resolution: Lookup 'ast__Expression_ctx' -> Resolved: 'ast__Expression_ctx' (Current Prefix: 'ast__')
[2m2026-06-13T02:06:31.164320Z[0m [34mDEBUG[0m [2mgust_lexer::typechecker[0m[2m:[0m 👁️ Namespace Resolution: Lookup 'token.Span' -> Resolved: 'token__Span' (Current Prefix: 'ast__')
[2m2026-06-13T02:06:31.164326Z[0m [34mDEBUG[0m [2mgust_lexer::typechecker[0m[2m:[0m 👁️ Namespace Resolution: Lookup 'token__Span' -> Resolved: 'token__Span' (Current Prefix: 'ast__')
[2m2026-06-13T02:06:31.164334Z[0m [34mDEBUG[0m [2mgust_lexer::typechecker[0m[2m:[0m 👁️ Namespace Resolution: Lookup 'Expression' -> Resolved: 'ast__Expression' (Current Prefix: 'ast__')
[2m2026-06-13T02:06:31.164353Z[0m [34mDEBUG[0m [2mgust_lexer::typechecker[0m[2m:[0m 👁️ Namespace Resolution: Lookup 'ast__Expression_ctx' -> Resolved: 'ast__Expression_ctx' (Current Prefix: 'ast__')
[2m2026-06-13T02:06:31.164361Z[0m [34mDEBUG[0m [2mgust_lexer::typechecker[0m[2m:[0m 👁️ Namespace Resolution: Lookup 'token.Span' -> Resolved: 'token__Span' (Current Prefix: 'ast__')
[2m2026-06-13T02:06:31.164367Z[0m [34mDEBUG[0m [2mgust_lexer::typechecker[0m[2m:[0m 👁️ Namespace Resolution: Lookup 'token__Span' -> Resolved: 'token__Span' (Current Prefix: 'ast__')
[2m2026-06-13T02:06:31.164376Z[0m [34mDEBUG[0m [2mgust_lexer::typechecker[0m[2m:[0m 👁️ Namespace Resolution: Lookup 'Expression' -> Resolved: 'ast__Expression' (Current Prefix: 'ast__')
[2m2026-06-13T02:06:31.164394Z[0m [34mDEBUG[0m [2mgust_lexer::typechecker[0m[2m:[0m 👁️ Namespace Resolution: Lookup 'ast__Expression_ctx' -> Resolved: 'ast__Expression_ctx' (Current Prefix: 'ast__')
[2m2026-06-13T02:06:31.164402Z[0m [34mDEBUG[0m [2mgust_lexer::typechecker[0m[2m:[0m 👁️ Namespace Resolution: Lookup 'token.Span' -> Resolved: 'token__Span' (Current Prefix: 'ast__')
[2m2026-06-13T02:06:31.164408Z[0m [34mDEBUG[0m [2mgust_lexer::typechecker[0m[2m:[0m 👁️ Namespace Resolution: Lookup 'token__Span' -> Resolved: 'token__Span' (Current Prefix: 'ast__')
[2m2026-06-13T02:06:31.164420Z[0m [34mDEBUG[0m [2mgust_lexer::typechecker[0m[2m:[0m 👁️ Namespace Resolution: Lookup 'Expression' -> Resolved: 'ast__Expression' (Current Prefix: 'ast__')
[2m2026-06-13T02:06:31.164437Z[0m [34mDEBUG[0m [2mgust_lexer::typechecker[0m[2m:[0m 👁️ Namespace Resolution: Lookup 'ast__Expression_ctx' -> Resolved: 'ast__Expression_ctx' (Current Prefix: 'ast__')
[2m2026-06-13T02:06:31.164446Z[0m [34mDEBUG[0m [2mgust_lexer::typechecker[0m[2m:[0m 👁️ Namespace Resolution: Lookup 'token.Span' -> Resolved: 'token__Span' (Current Prefix: 'ast__')
[2m2026-06-13T02:06:31.164452Z[0m [34mDEBUG[0m [2mgust_lexer::typechecker[0m[2m:[0m 👁️ Namespace Resolution: Lookup 'token__Span' -> Resolved: 'token__Span' (Current Prefix: 'ast__')
[2m2026-06-13T02:06:31.164460Z[0m [34mDEBUG[0m [2mgust_lexer::typechecker[0m[2m:[0m 👁️ Namespace Resolution: Lookup 'Expression' -> Resolved: 'ast__Expression' (Current Prefix: 'ast__')
[2m2026-06-13T02:06:31.164495Z[0m [34mDEBUG[0m [2mgust_lexer::typechecker[0m[2m:[0m 👁️ Namespace Resolution: Lookup 'ast__Expression_ctx' -> Resolved: 'ast__Expression_ctx' (Current Prefix: 'ast__')
[2m2026-06-13T02:06:31.164513Z[0m [34mDEBUG[0m [2mgust_lexer::typechecker[0m[2m:[0m 👁️ Namespace Resolution: Lookup 'Expression' -> Resolved: 'ast__Expression' (Current Prefix: 'ast__')
[2m2026-06-13T02:06:31.164552Z[0m [34mDEBUG[0m [2mgust_lexer::typechecker[0m[2m:[0m 👁️ Namespace Resolution: Lookup 'ast__Expression_ctx' -> Resolved: 'ast__Expression_ctx' (Current Prefix: 'ast__')
[2m2026-06-13T02:06:31.164569Z[0m [34mDEBUG[0m [2mgust_lexer::typechecker[0m[2m:[0m 👁️ Namespace Resolution: Lookup 'token.Span' -> Resolved: 'token__Span' (Current Prefix: 'ast__')
[2m2026-06-13T02:06:31.164584Z[0m [34mDEBUG[0m [2mgust_lexer::typechecker[0m[2m:[0m 👁️ Namespace Resolution: Lookup 'token__Span' -> Resolved: 'token__Span' (Current Prefix: 'ast__')
[2m2026-06-13T02:06:31.164603Z[0m [34mDEBUG[0m [2mgust_lexer::typechecker[0m[2m:[0m 👁️ Namespace Resolution: Lookup 'Expression' -> Resolved: 'ast__Expression' (Current Prefix: 'ast__')
[2m2026-06-13T02:06:31.164642Z[0m [34mDEBUG[0m [2mgust_lexer::typechecker[0m[2m:[0m 👁️ Namespace Resolution: Lookup 'ast__Expression_ctx' -> Resolved: 'ast__Expression_ctx' (Current Prefix: 'ast__')
[2m2026-06-13T02:06:31.164662Z[0m [34mDEBUG[0m [2mgust_lexer::typechecker[0m[2m:[0m 👁️ Namespace Resolution: Lookup 'token.Span' -> Resolved: 'token__Span' (Current Prefix: 'ast__')
[2m2026-06-13T02:06:31.164676Z[0m [34mDEBUG[0m [2mgust_lexer::typechecker[0m[2m:[0m 👁️ Namespace Resolution: Lookup 'token__Span' -> Resolved: 'token__Span' (Current Prefix: 'ast__')
[2m2026-06-13T02:06:31.164699Z[0m [34mDEBUG[0m [2mgust_lexer::typechecker[0m[2m:[0m 👁️ Namespace Resolution: Lookup 'Expression' -> Resolved: 'ast__Expression' (Current Prefix: 'ast__')
[2m2026-06-13T02:06:31.164737Z[0m [34mDEBUG[0m [2mgust_lexer::typechecker[0m[2m:[0m 👁️ Namespace Resolution: Lookup 'ast__Expression_ctx' -> Resolved: 'ast__Expression_ctx' (Current Prefix: 'ast__')
[2m2026-06-13T02:06:31.164758Z[0m [34mDEBUG[0m [2mgust_lexer::typechecker[0m[2m:[0m 👁️ Namespace Resolution: Lookup 'Expression' -> Resolved: 'ast__Expression' (Current Prefix: 'ast__')
[2m2026-06-13T02:06:31.164796Z[0m [34mDEBUG[0m [2mgust_lexer::typechecker[0m[2m:[0m 👁️ Namespace Resolution: Lookup 'ast__Expression_ctx' -> Resolved: 'ast__Expression_ctx' (Current Prefix: 'ast__')
[2m2026-06-13T02:06:31.164813Z[0m [34mDEBUG[0m [2mgust_lexer::typechecker[0m[2m:[0m 👁️ Namespace Resolution: Lookup 'token.Span' -> Resolved: 'token__Span' (Current Prefix: 'ast__')
[2m2026-06-13T02:06:31.164828Z[0m [34mDEBUG[0m [2mgust_lexer::typechecker[0m[2m:[0m 👁️ Namespace Resolution: Lookup 'token__Span' -> Resolved: 'token__Span' (Current Prefix: 'ast__')
[2m2026-06-13T02:06:31.164848Z[0m [34mDEBUG[0m [2mgust_lexer::typechecker[0m[2m:[0m 👁️ Namespace Resolution: Lookup 'Expression' -> Resolved: 'ast__Expression' (Current Prefix: 'ast__')
[2m2026-06-13T02:06:31.164880Z[0m [34mDEBUG[0m [2mgust_lexer::typechecker[0m[2m:[0m 👁️ Namespace Resolution: Lookup 'ast__Expression_ctx' -> Resolved: 'ast__Expression_ctx' (Current Prefix: 'ast__')
[2m2026-06-13T02:06:31.164894Z[0m [34mDEBUG[0m [2mgust_lexer::typechecker[0m[2m:[0m 👁️ Namespace Resolution: Lookup 'token.Span' -> Resolved: 'token__Span' (Current Prefix: 'ast__')
[2m2026-06-13T02:06:31.164906Z[0m [34mDEBUG[0m [2mgust_lexer::typechecker[0m[2m:[0m 👁️ Namespace Resolution: Lookup 'token__Span' -> Resolved: 'token__Span' (Current Prefix: 'ast__')
[2m2026-06-13T02:06:31.164921Z[0m [34mDEBUG[0m [2mgust_lexer::typechecker[0m[2m:[0m 👁️ Namespace Resolution: Lookup 'Expression' -> Resolved: 'ast__Expression' (Current Prefix: 'ast__')
[2m2026-06-13T02:06:31.164953Z[0m [34mDEBUG[0m [2mgust_lexer::typechecker[0m[2m:[0m 👁️ Namespace Resolution: Lookup 'ast__Expression_ctx' -> Resolved: 'ast__Expression_ctx' (Current Prefix: 'ast__')
[2m2026-06-13T02:06:31.164967Z[0m [34mDEBUG[0m [2mgust_lexer::typechecker[0m[2m:[0m 👁️ Namespace Resolution: Lookup 'SessionNode' -> Resolved: 'SessionNode' (Current Prefix: 'ast__')
[2m2026-06-13T02:06:31.164980Z[0m [34mDEBUG[0m [2mgust_lexer::typechecker[0m[2m:[0m 👁️ Namespace Resolution: Lookup 'SessionNode' -> Resolved: 'SessionNode' (Current Prefix: 'ast__')
[2m2026-06-13T02:06:31.164992Z[0m [34mDEBUG[0m [2mgust_lexer::typechecker[0m[2m:[0m 👁️ Namespace Resolution: Lookup 'token.Span' -> Resolved: 'token__Span' (Current Prefix: 'ast__')
[2m2026-06-13T02:06:31.165003Z[0m [34mDEBUG[0m [2mgust_lexer::typechecker[0m[2m:[0m 👁️ Namespace Resolution: Lookup 'token__Span' -> Resolved: 'token__Span' (Current Prefix: 'ast__')
[2m2026-06-13T02:06:31.165020Z[0m [34mDEBUG[0m [2mgust_lexer::typechecker[0m[2m:[0m 👁️ Namespace Resolution: Lookup 'token.Span' -> Resolved: 'token__Span' (Current Prefix: 'ast__')
[2m2026-06-13T02:06:31.165032Z[0m [34mDEBUG[0m [2mgust_lexer::typechecker[0m[2m:[0m 👁️ Namespace Resolution: Lookup 'token__Span' -> Resolved: 'token__Span' (Current Prefix: 'ast__')
[2m2026-06-13T02:06:31.165057Z[0m [34mDEBUG[0m [2mgust_lexer::typechecker[0m[2m:[0m 👁️ Namespace Resolution: Lookup 'ast__Expression_ctx' -> Resolved: 'ast__Expression_ctx' (Current Prefix: 'ast__')
[2m2026-06-13T02:06:31.165071Z[0m [34mDEBUG[0m [2mgust_lexer::typechecker[0m[2m:[0m 👁️ Namespace Resolution: Lookup 'token.Span' -> Resolved: 'token__Span' (Current Prefix: 'ast__')
[2m2026-06-13T02:06:31.165081Z[0m [34mDEBUG[0m [2mgust_lexer::typechecker[0m[2m:[0m 👁️ Namespace Resolution: Lookup 'token__Span' -> Resolved: 'token__Span' (Current Prefix: 'ast__')
[2m2026-06-13T02:06:31.165095Z[0m [34mDEBUG[0m [2mgust_lexer::typechecker[0m[2m:[0m 👁️ Namespace Resolution: Lookup 'Expression' -> Resolved: 'ast__Expression' (Current Prefix: 'ast__')
[2m2026-06-13T02:06:31.165137Z[0m [34mDEBUG[0m [2mgust_lexer::typechecker[0m[2m:[0m 👁️ Namespace Resolution: Lookup 'ast__Expression_ctx' -> Resolved: 'ast__Expression_ctx' (Current Prefix: 'ast__')
[2m2026-06-13T02:06:31.165153Z[0m [34mDEBUG[0m [2mgust_lexer::typechecker[0m[2m:[0m 👁️ Namespace Resolution: Lookup 'Expression' -> Resolved: 'ast__Expression' (Current Prefix: 'ast__')
[2m2026-06-13T02:06:31.165186Z[0m [34mDEBUG[0m [2mgust_lexer::typechecker[0m[2m:[0m 👁️ Namespace Resolution: Lookup 'ast__Expression_ctx' -> Resolved: 'ast__Expression_ctx' (Current Prefix: 'ast__')
[2m2026-06-13T02:06:31.165201Z[0m [34mDEBUG[0m [2mgust_lexer::typechecker[0m[2m:[0m 👁️ Namespace Resolution: Lookup 'token.Span' -> Resolved: 'token__Span' (Current Prefix: 'ast__')
[2m2026-06-13T02:06:31.165213Z[0m [34mDEBUG[0m [2mgust_lexer::typechecker[0m[2m:[0m 👁️ Namespace Resolution: Lookup 'token__Span' -> Resolved: 'token__Span' (Current Prefix: 'ast__')
[2m2026-06-13T02:06:31.165230Z[0m [34mDEBUG[0m [2mgust_lexer::typechecker[0m[2m:[0m 👁️ Namespace Resolution: Lookup 'Expression' -> Resolved: 'ast__Expression' (Current Prefix: 'ast__')
[2m2026-06-13T02:06:31.165263Z[0m [34mDEBUG[0m [2mgust_lexer::typechecker[0m[2m:[0m 👁️ Namespace Resolution: Lookup 'ast__Expression_ctx' -> Resolved: 'ast__Expression_ctx' (Current Prefix: 'ast__')
[2m2026-06-13T02:06:31.165279Z[0m [34mDEBUG[0m [2mgust_lexer::typechecker[0m[2m:[0m 👁️ Namespace Resolution: Lookup 'BlockStatement' -> Resolved: 'ast__BlockStatement' (Current Prefix: 'ast__')
[2m2026-06-13T02:06:31.165301Z[0m [34mDEBUG[0m [2mgust_lexer::typechecker[0m[2m:[0m 👁️ Namespace Resolution: Lookup 'ast__BlockStatement_ctx' -> Resolved: 'ast__BlockStatement_ctx' (Current Prefix: 'ast__')
[2m2026-06-13T02:06:31.165315Z[0m [34mDEBUG[0m [2mgust_lexer::typechecker[0m[2m:[0m 👁️ Namespace Resolution: Lookup 'token.Span' -> Resolved: 'token__Span' (Current Prefix: 'ast__')
[2m2026-06-13T02:06:31.165326Z[0m [34mDEBUG[0m [2mgust_lexer::typechecker[0m[2m:[0m 👁️ Namespace Resolution: Lookup 'token__Span' -> Resolved: 'token__Span' (Current Prefix: 'ast__')
[2m2026-06-13T02:06:31.165347Z[0m [34mDEBUG[0m [2mgust_lexer::typechecker[0m[2m:[0m 👁️ Namespace Resolution: Lookup 'Expression' -> Resolved: 'ast__Expression' (Current Prefix: 'ast__')
[2m2026-06-13T02:06:31.165378Z[0m [34mDEBUG[0m [2mgust_lexer::typechecker[0m[2m:[0m 👁️ Namespace Resolution: Lookup 'ast__Expression_ctx' -> Resolved: 'ast__Expression_ctx' (Current Prefix: 'ast__')
[2m2026-06-13T02:06:31.165393Z[0m [34mDEBUG[0m [2mgust_lexer::typechecker[0m[2m:[0m 👁️ Namespace Resolution: Lookup 'BlockStatement' -> Resolved: 'ast__BlockStatement' (Current Prefix: 'ast__')
[2m2026-06-13T02:06:31.165413Z[0m [34mDEBUG[0m [2mgust_lexer::typechecker[0m[2m:[0m 👁️ Namespace Resolution: Lookup 'ast__BlockStatement_ctx' -> Resolved: 'ast__BlockStatement_ctx' (Current Prefix: 'ast__')
[2m2026-06-13T02:06:31.165428Z[0m [34mDEBUG[0m [2mgust_lexer::typechecker[0m[2m:[0m 👁️ Namespace Resolution: Lookup 'BlockStatement' -> Resolved: 'ast__BlockStatement' (Current Prefix: 'ast__')
[2m2026-06-13T02:06:31.165448Z[0m [34mDEBUG[0m [2mgust_lexer::typechecker[0m[2m:[0m 👁️ Namespace Resolution: Lookup 'ast__BlockStatement_ctx' -> Resolved: 'ast__BlockStatement_ctx' (Current Prefix: 'ast__')
[2m2026-06-13T02:06:31.165463Z[0m [34mDEBUG[0m [2mgust_lexer::typechecker[0m[2m:[0m 👁️ Namespace Resolution: Lookup 'token.Span' -> Resolved: 'token__Span' (Current Prefix: 'ast__')
[2m2026-06-13T02:06:31.165474Z[0m [34mDEBUG[0m [2mgust_lexer::typechecker[0m[2m:[0m 👁️ Namespace Resolution: Lookup 'token__Span' -> Resolved: 'token__Span' (Current Prefix: 'ast__')
[2m2026-06-13T02:06:31.165493Z[0m [34mDEBUG[0m [2mgust_lexer::typechecker[0m[2m:[0m 👁️ Namespace Resolution: Lookup 'Expression' -> Resolved: 'ast__Expression' (Current Prefix: 'ast__')
[2m2026-06-13T02:06:31.165526Z[0m [34mDEBUG[0m [2mgust_lexer::typechecker[0m[2m:[0m 👁️ Namespace Resolution: Lookup 'ast__Expression_ctx' -> Resolved: 'ast__Expression_ctx' (Current Prefix: 'ast__')
[2m2026-06-13T02:06:31.165540Z[0m [34mDEBUG[0m [2mgust_lexer::typechecker[0m[2m:[0m 👁️ Namespace Resolution: Lookup 'SessionNode' -> Resolved: 'SessionNode' (Current Prefix: 'ast__')
[2m2026-06-13T02:06:31.165552Z[0m [34mDEBUG[0m [2mgust_lexer::typechecker[0m[2m:[0m 👁️ Namespace Resolution: Lookup 'SessionNode' -> Resolved: 'SessionNode' (Current Prefix: 'ast__')
[2m2026-06-13T02:06:31.165565Z[0m [34mDEBUG[0m [2mgust_lexer::typechecker[0m[2m:[0m 👁️ Namespace Resolution: Lookup 'token.Span' -> Resolved: 'token__Span' (Current Prefix: 'ast__')
[2m2026-06-13T02:06:31.165577Z[0m [34mDEBUG[0m [2mgust_lexer::typechecker[0m[2m:[0m 👁️ Namespace Resolution: Lookup 'token__Span' -> Resolved: 'token__Span' (Current Prefix: 'ast__')
[2m2026-06-13T02:06:31.165594Z[0m [34mDEBUG[0m [2mgust_lexer::typechecker[0m[2m:[0m 👁️ Namespace Resolution: Lookup 'Expression' -> Resolved: 'ast__Expression' (Current Prefix: 'ast__')
[2m2026-06-13T02:06:31.165626Z[0m [34mDEBUG[0m [2mgust_lexer::typechecker[0m[2m:[0m 👁️ Namespace Resolution: Lookup 'ast__Expression_ctx' -> Resolved: 'ast__Expression_ctx' (Current Prefix: 'ast__')
[2m2026-06-13T02:06:31.165642Z[0m [34mDEBUG[0m [2mgust_lexer::typechecker[0m[2m:[0m 👁️ Namespace Resolution: Lookup 'BlockStatement' -> Resolved: 'ast__BlockStatement' (Current Prefix: 'ast__')
[2m2026-06-13T02:06:31.165661Z[0m [34mDEBUG[0m [2mgust_lexer::typechecker[0m[2m:[0m 👁️ Namespace Resolution: Lookup 'ast__BlockStatement_ctx' -> Resolved: 'ast__BlockStatement_ctx' (Current Prefix: 'ast__')
[2m2026-06-13T02:06:31.165673Z[0m [34mDEBUG[0m [2mgust_lexer::typechecker[0m[2m:[0m 👁️ Namespace Resolution: Lookup 'token.Span' -> Resolved: 'token__Span' (Current Prefix: 'ast__')
[2m2026-06-13T02:06:31.165681Z[0m [34mDEBUG[0m [2mgust_lexer::typechecker[0m[2m:[0m 👁️ Namespace Resolution: Lookup 'token__Span' -> Resolved: 'token__Span' (Current Prefix: 'ast__')
[2m2026-06-13T02:06:31.165692Z[0m [34mDEBUG[0m [2mgust_lexer::typechecker[0m[2m:[0m 👁️ Namespace Resolution: Lookup 'BlockStatement' -> Resolved: 'ast__BlockStatement' (Current Prefix: 'ast__')
[2m2026-06-13T02:06:31.165706Z[0m [34mDEBUG[0m [2mgust_lexer::typechecker[0m[2m:[0m 👁️ Namespace Resolution: Lookup 'ast__BlockStatement_ctx' -> Resolved: 'ast__BlockStatement_ctx' (Current Prefix: 'ast__')
[2m2026-06-13T02:06:31.165716Z[0m [34mDEBUG[0m [2mgust_lexer::typechecker[0m[2m:[0m 👁️ Namespace Resolution: Lookup 'token.Span' -> Resolved: 'token__Span' (Current Prefix: 'ast__')
[2m2026-06-13T02:06:31.165726Z[0m [34mDEBUG[0m [2mgust_lexer::typechecker[0m[2m:[0m 👁️ Namespace Resolution: Lookup 'token__Span' -> Resolved: 'token__Span' (Current Prefix: 'ast__')
[2m2026-06-13T02:06:31.165741Z[0m [34mDEBUG[0m [2mgust_lexer::typechecker[0m[2m:[0m 👁️ Namespace Resolution: Lookup 'Expression' -> Resolved: 'ast__Expression' (Current Prefix: 'ast__')
[2m2026-06-13T02:06:31.165774Z[0m [34mDEBUG[0m [2mgust_lexer::typechecker[0m[2m:[0m 👁️ Namespace Resolution: Lookup 'ast__Expression_ctx' -> Resolved: 'ast__Expression_ctx' (Current Prefix: 'ast__')
[2m2026-06-13T02:06:31.165790Z[0m [34mDEBUG[0m [2mgust_lexer::typechecker[0m[2m:[0m 👁️ Namespace Resolution: Lookup 'token.Span' -> Resolved: 'token__Span' (Current Prefix: 'ast__')
[2m2026-06-13T02:06:31.165802Z[0m [34mDEBUG[0m [2mgust_lexer::typechecker[0m[2m:[0m 👁️ Namespace Resolution: Lookup 'token__Span' -> Resolved: 'token__Span' (Current Prefix: 'ast__')
[2m2026-06-13T02:06:31.165819Z[0m [34mDEBUG[0m [2mgust_lexer::typechecker[0m[2m:[0m 👁️ Namespace Resolution: Lookup 'Expression' -> Resolved: 'ast__Expression' (Current Prefix: 'ast__')
[2m2026-06-13T02:06:31.165852Z[0m [34mDEBUG[0m [2mgust_lexer::typechecker[0m[2m:[0m 👁️ Namespace Resolution: Lookup 'ast__Expression_ctx' -> Resolved: 'ast__Expression_ctx' (Current Prefix: 'ast__')
[2m2026-06-13T02:06:31.165867Z[0m [34mDEBUG[0m [2mgust_lexer::typechecker[0m[2m:[0m 👁️ Namespace Resolution: Lookup 'token.Span' -> Resolved: 'token__Span' (Current Prefix: 'ast__')
[2m2026-06-13T02:06:31.165880Z[0m [34mDEBUG[0m [2mgust_lexer::typechecker[0m[2m:[0m 👁️ Namespace Resolution: Lookup 'token__Span' -> Resolved: 'token__Span' (Current Prefix: 'ast__')
[2m2026-06-13T02:06:31.165896Z[0m [34mDEBUG[0m [2mgust_lexer::typechecker[0m[2m:[0m 👁️ Namespace Resolution: Lookup 'Expression' -> Resolved: 'ast__Expression' (Current Prefix: 'ast__')
[2m2026-06-13T02:06:31.165930Z[0m [34mDEBUG[0m [2mgust_lexer::typechecker[0m[2m:[0m 👁️ Namespace Resolution: Lookup 'ast__Expression_ctx' -> Resolved: 'ast__Expression_ctx' (Current Prefix: 'ast__')
[2m2026-06-13T02:06:31.165945Z[0m [34mDEBUG[0m [2mgust_lexer::typechecker[0m[2m:[0m 👁️ Namespace Resolution: Lookup 'token.Span' -> Resolved: 'token__Span' (Current Prefix: 'ast__')
[2m2026-06-13T02:06:31.165958Z[0m [34mDEBUG[0m [2mgust_lexer::typechecker[0m[2m:[0m 👁️ Namespace Resolution: Lookup 'token__Span' -> Resolved: 'token__Span' (Current Prefix: 'ast__')
[2m2026-06-13T02:06:31.165987Z[0m [34mDEBUG[0m [2mgust_lexer::typechecker[0m[2m:[0m 👁️ Namespace Resolution: Lookup 'ast__Statement_ctx' -> Resolved: 'ast__Statement_ctx' (Current Prefix: '')
[2m2026-06-13T02:06:31.166000Z[0m [34mDEBUG[0m [2mgust_lexer::typechecker[0m[2m:[0m 👁️ Namespace Resolution: Lookup 'ast.Statement' -> Resolved: 'ast__Statement' (Current Prefix: '')
[2m2026-06-13T02:06:31.166040Z[0m [34mDEBUG[0m [2mgust_lexer::typechecker[0m[2m:[0m 👁️ Namespace Resolution: Lookup 'ast__Statement_ctx' -> Resolved: 'ast__Statement_ctx' (Current Prefix: '')
[2m2026-06-13T02:06:31.166082Z[0m [34mDEBUG[0m [2mgust_lexer::typechecker[0m[2m:[0m 👁️ Namespace Resolution: Lookup 'ast__Statement_ctx_Expression' -> Resolved: 'ast__Statement_ctx_Expression' (Current Prefix: '')
[2m2026-06-13T02:06:31.166099Z[0m [34mDEBUG[0m [2mgust_lexer::typechecker[0m[2m:[0m 👁️ Namespace Resolution: Lookup 'ast__Expression_ctx' -> Resolved: 'ast__Expression_ctx' (Current Prefix: '')
[2m2026-06-13T02:06:31.166113Z[0m [34mDEBUG[0m [2mgust_lexer::typechecker[0m[2m:[0m 👁️ Namespace Resolution: Lookup 'os.ArenaAlloc' -> Resolved: 'os_ArenaAlloc' (Current Prefix: '')
[2m2026-06-13T02:06:31.166125Z[0m [34mDEBUG[0m [2mgust_lexer::typechecker::visitor[0m[2m:[0m 👁️ Expression::Call Evaluation Start: Raw Function: 'os.ArenaAlloc', Resolved: 'os_ArenaAlloc', Registry Has Key: false
[2m2026-06-13T02:06:31.166148Z[0m [34mDEBUG[0m [2mgust_lexer::typechecker[0m[2m:[0m 👁️ Namespace Resolution: Lookup 'ast__Statement_ctx_Expression' -> Resolved: 'ast__Statement_ctx_Expression' (Current Prefix: '')
[2m2026-06-13T02:06:31.166165Z[0m [34mDEBUG[0m [2mgust_lexer::typechecker[0m[2m:[0m 👁️ Namespace Resolution: Lookup 'os.ArenaAlloc' -> Resolved: 'os_ArenaAlloc' (Current Prefix: '')
[2m2026-06-13T02:06:31.166188Z[0m [34mDEBUG[0m [2mgust_lexer::typechecker[0m[2m:[0m 👁️ Namespace Resolution: Lookup 'ast.Expression' -> Resolved: 'ast__Expression' (Current Prefix: '')
[2m2026-06-13T02:06:31.166222Z[0m [34mDEBUG[0m [2mgust_lexer::typechecker[0m[2m:[0m 👁️ Namespace Resolution: Lookup 'ast__Expression_ctx' -> Resolved: 'ast__Expression_ctx' (Current Prefix: '')
[2m2026-06-13T02:06:31.166235Z[0m [34mDEBUG[0m [2mgust_lexer::typechecker[0m[2m:[0m 👁️ Namespace Resolution: Lookup 'ast.Expression' -> Resolved: 'ast__Expression' (Current Prefix: '')
[2m2026-06-13T02:06:31.166268Z[0m [34mDEBUG[0m [2mgust_lexer::typechecker[0m[2m:[0m 👁️ Namespace Resolution: Lookup 'ast__Expression_ctx' -> Resolved: 'ast__Expression_ctx' (Current Prefix: '')
[2m2026-06-13T02:06:31.166308Z[0m [34mDEBUG[0m [2mgust_lexer::typechecker[0m[2m:[0m 👁️ Namespace Resolution: Lookup 'ast__Expression_ctx_Integer' -> Resolved: 'ast__Expression_ctx_Integer' (Current Prefix: '')
[2m2026-06-13T02:06:31.166329Z[0m [34mDEBUG[0m [2mgust_lexer::typechecker[0m[2m:[0m 👁️ Namespace Resolution: Lookup 'ast__Expression_ctx_Integer' -> Resolved: 'ast__Expression_ctx_Integer' (Current Prefix: '')
ok
test test_self_hosted_domain_model_e2e ... [2m2026-06-13T02:06:31.173546Z[0m [34mDEBUG[0m [2mgust_lexer::parser[0m[2m:[0m 📥 Parsed Import Statement: Path 'token.gst', Alias: 'Some("token")'
[2m2026-06-13T02:06:31.173566Z[0m [34mDEBUG[0m [2mgust_lexer::parser[0m[2m:[0m 📥 Parsed Import Statement: Path 'ast.gst', Alias: 'Some("ast")'
[2m2026-06-13T02:06:31.173577Z[0m [34mDEBUG[0m [2mgust_lexer::parser[0m[2m:[0m 📥 Parsed Import Statement: Path 'errors.gst', Alias: 'Some("errs")'
[2m2026-06-13T02:06:31.174021Z[0m [34mDEBUG[0m [2mgust_lexer::parser[0m[2m:[0m 📥 Parsed Import Statement: Path 'token.gst', Alias: 'Some("token")'
[2m2026-06-13T02:06:31.174530Z[0m [34mDEBUG[0m [2mgust_lexer::parser[0m[2m:[0m 📥 Parsed Import Statement: Path 'token.gst', Alias: 'Some("token")'
[2m2026-06-13T02:06:31.174686Z[0m [34mDEBUG[0m [2mgust_lexer::typechecker::visitor[0m[2m:[0m 🗄️ Stdlib Registered: Alias 'os' maps to prefix 'os_'
[2m2026-06-13T02:06:31.174697Z[0m [34mDEBUG[0m [2mgust_lexer::typechecker::visitor[0m[2m:[0m 🗄️ Stdlib Registered: Alias 'std' maps to prefix 'std_'
[2m2026-06-13T02:06:31.174933Z[0m [34mDEBUG[0m [2mgust_lexer::typechecker[0m[2m:[0m 👁️ Namespace Resolution: Lookup 'Position' -> Resolved: 'token__Position' (Current Prefix: 'token__')
[2m2026-06-13T02:06:31.174949Z[0m [34mDEBUG[0m [2mgust_lexer::typechecker[0m[2m:[0m 👁️ Namespace Resolution: Lookup 'token__Position' -> Resolved: 'token__Position' (Current Prefix: 'token__')
[2m2026-06-13T02:06:31.174959Z[0m [34mDEBUG[0m [2mgust_lexer::typechecker[0m[2m:[0m 👁️ Namespace Resolution: Lookup 'Position' -> Resolved: 'token__Position' (Current Prefix: 'token__')
[2m2026-06-13T02:06:31.174968Z[0m [34mDEBUG[0m [2mgust_lexer::typechecker[0m[2m:[0m 👁️ Namespace Resolution: Lookup 'token__Position' -> Resolved: 'token__Position' (Current Prefix: 'token__')
[2m2026-06-13T02:06:31.174989Z[0m [34mDEBUG[0m [2mgust_lexer::typechecker[0m[2m:[0m 👁️ Namespace Resolution: Lookup 'Position' -> Resolved: 'token__Position' (Current Prefix: 'token__')
[2m2026-06-13T02:06:31.174999Z[0m [34mDEBUG[0m [2mgust_lexer::typechecker[0m[2m:[0m 👁️ Namespace Resolution: Lookup 'token__Position' -> Resolved: 'token__Position' (Current Prefix: 'token__')
[2m2026-06-13T02:06:31.175008Z[0m [34mDEBUG[0m [2mgust_lexer::typechecker[0m[2m:[0m 👁️ Namespace Resolution: Lookup 'Position' -> Resolved: 'token__Position' (Current Prefix: 'token__')
[2m2026-06-13T02:06:31.175017Z[0m [34mDEBUG[0m [2mgust_lexer::typechecker[0m[2m:[0m 👁️ Namespace Resolution: Lookup 'token__Position' -> Resolved: 'token__Position' (Current Prefix: 'token__')
[2m2026-06-13T02:06:31.175323Z[0m [34mDEBUG[0m [2mgust_lexer::typechecker::visitor[0m[2m:[0m 🗄️ Stdlib Registered: Alias 'os' maps to prefix 'os_'
[2m2026-06-13T02:06:31.175333Z[0m [34mDEBUG[0m [2mgust_lexer::typechecker::visitor[0m[2m:[0m 🗄️ Stdlib Registered: Alias 'std' maps to prefix 'std_'
[2m2026-06-13T02:06:31.175404Z[0m [34mDEBUG[0m [2mgust_lexer::typechecker::visitor[0m[2m:[0m 🗄️ Import Alias Mapping Registered (Pre-pass): 'token' -> 'token__' (for path 'token.gst')
[2m2026-06-13T02:06:31.175647Z[0m [34mDEBUG[0m [2mgust_lexer::typechecker::visitor[0m[2m:[0m 🗄️ Import Alias Mapping Registered (Statement Pass): 'token' -> 'token__' (for path 'token.gst')
[2m2026-06-13T02:06:31.175663Z[0m [34mDEBUG[0m [2mgust_lexer::typechecker::visitor[0m[2m:[0m 🗄️ Stdlib Registered: Alias 'os' maps to prefix 'os_'
[2m2026-06-13T02:06:31.175671Z[0m [34mDEBUG[0m [2mgust_lexer::typechecker::visitor[0m[2m:[0m 🗄️ Stdlib Registered: Alias 'std' maps to prefix 'std_'
[2m2026-06-13T02:06:31.175736Z[0m [34mDEBUG[0m [2mgust_lexer::typechecker::visitor[0m[2m:[0m 🗄️ Import Alias Mapping Registered (Pre-pass): 'token' -> 'token__' (for path 'token.gst')
[2m2026-06-13T02:06:31.175992Z[0m [34mDEBUG[0m [2mgust_lexer::typechecker::visitor[0m[2m:[0m 🗄️ Import Alias Mapping Registered (Statement Pass): 'token' -> 'token__' (for path 'token.gst')
[2m2026-06-13T02:06:31.176007Z[0m [34mDEBUG[0m [2mgust_lexer::typechecker::visitor[0m[2m:[0m 🗄️ Stdlib Registered: Alias 'os' maps to prefix 'os_'
[2m2026-06-13T02:06:31.176015Z[0m [34mDEBUG[0m [2mgust_lexer::typechecker::visitor[0m[2m:[0m 🗄️ Stdlib Registered: Alias 'std' maps to prefix 'std_'
[2m2026-06-13T02:06:31.176080Z[0m [34mDEBUG[0m [2mgust_lexer::typechecker::visitor[0m[2m:[0m 🗄️ Import Alias Mapping Registered (Pre-pass): 'token' -> 'token__' (for path 'token.gst')
[2m2026-06-13T02:06:31.176091Z[0m [34mDEBUG[0m [2mgust_lexer::typechecker::visitor[0m[2m:[0m 🗄️ Import Alias Mapping Registered (Pre-pass): 'ast' -> 'ast__' (for path 'ast.gst')
[2m2026-06-13T02:06:31.176100Z[0m [34mDEBUG[0m [2mgust_lexer::typechecker::visitor[0m[2m:[0m 🗄️ Import Alias Mapping Registered (Pre-pass): 'errs' -> 'errors__' (for path 'errors.gst')
[2m2026-06-13T02:06:31.176113Z[0m [34mDEBUG[0m [2mgust_lexer::typechecker::visitor[0m[2m:[0m 🗄️ Function Pre-Registration: Raw name: 'main', Namespaced: 'main', Parameter Count: 0, Params: []
[2m2026-06-13T02:06:31.176326Z[0m [34mDEBUG[0m [2mgust_lexer::typechecker::visitor[0m[2m:[0m 🗄️ Import Alias Mapping Registered (Statement Pass): 'token' -> 'token__' (for path 'token.gst')
[2m2026-06-13T02:06:31.176337Z[0m [34mDEBUG[0m [2mgust_lexer::typechecker::visitor[0m[2m:[0m 🗄️ Import Alias Mapping Registered (Statement Pass): 'ast' -> 'ast__' (for path 'ast.gst')
[2m2026-06-13T02:06:31.176346Z[0m [34mDEBUG[0m [2mgust_lexer::typechecker::visitor[0m[2m:[0m 🗄️ Import Alias Mapping Registered (Statement Pass): 'errs' -> 'errors__' (for path 'errors.gst')
[2m2026-06-13T02:06:31.176362Z[0m [34mDEBUG[0m [2mgust_lexer::typechecker[0m[2m:[0m 👁️ Namespace Resolution: Lookup 'os.Arena.New' -> Resolved: 'os_Arena.New' (Current Prefix: '')
[2m2026-06-13T02:06:31.176371Z[0m [34mDEBUG[0m [2mgust_lexer::typechecker::visitor[0m[2m:[0m 👁️ Expression::Call Evaluation Start: Raw Function: 'os.Arena.New', Resolved: 'os_Arena.New', Registry Has Key: false
[2m2026-06-13T02:06:31.176388Z[0m [34mDEBUG[0m [2mgust_lexer::typechecker::visitor[0m[2m:[0m 👁️ Expression::Call Evaluation Start: Raw Function: 'ctx.Free', Resolved: 'ctx.Free', Registry Has Key: false
[2m2026-06-13T02:06:31.176412Z[0m [34mDEBUG[0m [2mgust_lexer::typechecker[0m[2m:[0m 👁️ Namespace Resolution: Lookup 'ast.Program' -> Resolved: 'ast__Program' (Current Prefix: '')
[2m2026-06-13T02:06:31.176435Z[0m [34mDEBUG[0m [2mgust_lexer::typechecker[0m[2m:[0m 👁️ Namespace Resolution: Lookup 'SessionNode' -> Resolved: 'SessionNode' (Current Prefix: 'ast__')
[2m2026-06-13T02:06:31.176449Z[0m [34mDEBUG[0m [2mgust_lexer::typechecker[0m[2m:[0m 👁️ Namespace Resolution: Lookup 'token.Span' -> Resolved: 'token__Span' (Current Prefix: 'ast__')
[2m2026-06-13T02:06:31.176461Z[0m [34mDEBUG[0m [2mgust_lexer::typechecker[0m[2m:[0m 👁️ Namespace Resolution: Lookup 'ast__Program_ctx' -> Resolved: 'ast__Program_ctx' (Current Prefix: '')
[2m2026-06-13T02:06:31.176471Z[0m [34mDEBUG[0m [2mgust_lexer::typechecker[0m[2m:[0m 👁️ Namespace Resolution: Lookup 'ast.Program' -> Resolved: 'ast__Program' (Current Prefix: '')
[2m2026-06-13T02:06:31.176486Z[0m [34mDEBUG[0m [2mgust_lexer::typechecker[0m[2m:[0m 👁️ Namespace Resolution: Lookup 'ast__Program_ctx' -> Resolved: 'ast__Program_ctx' (Current Prefix: '')
[2m2026-06-13T02:06:31.176506Z[0m [34mDEBUG[0m [2mgust_lexer::typechecker[0m[2m:[0m 👁️ Namespace Resolution: Lookup 'SessionNode' -> Resolved: 'SessionNode' (Current Prefix: '')
[2m2026-06-13T02:06:31.176517Z[0m [34mDEBUG[0m [2mgust_lexer::typechecker[0m[2m:[0m 👁️ Namespace Resolution: Lookup 'os.ArenaAlloc' -> Resolved: 'os_ArenaAlloc' (Current Prefix: '')
[2m2026-06-13T02:06:31.176526Z[0m [34mDEBUG[0m [2mgust_lexer::typechecker::visitor[0m[2m:[0m 👁️ Expression::Call Evaluation Start: Raw Function: 'os.ArenaAlloc', Resolved: 'os_ArenaAlloc', Registry Has Key: false
[2m2026-06-13T02:06:31.176543Z[0m [34mDEBUG[0m [2mgust_lexer::typechecker[0m[2m:[0m 👁️ Namespace Resolution: Lookup 'os.ArenaAlloc' -> Resolved: 'os_ArenaAlloc' (Current Prefix: '')
[2m2026-06-13T02:06:31.176567Z[0m [34mDEBUG[0m [2mgust_lexer::typechecker[0m[2m:[0m 👁️ Namespace Resolution: Lookup 'ast.Statement' -> Resolved: 'ast__Statement' (Current Prefix: '')
[2m2026-06-13T02:06:31.176601Z[0m [34mDEBUG[0m [2mgust_lexer::typechecker[0m[2m:[0m 👁️ Namespace Resolution: Lookup 'token.Span' -> Resolved: 'token__Span' (Current Prefix: 'ast__')
[2m2026-06-13T02:06:31.176612Z[0m [34mDEBUG[0m [2mgust_lexer::typechecker[0m[2m:[0m 👁️ Namespace Resolution: Lookup 'token__Span' -> Resolved: 'token__Span' (Current Prefix: 'ast__')
[2m2026-06-13T02:06:31.176625Z[0m [34mDEBUG[0m [2mgust_lexer::typechecker[0m[2m:[0m 👁️ Namespace Resolution: Lookup 'SessionNode' -> Resolved: 'SessionNode' (Current Prefix: 'ast__')
[2m2026-06-13T02:06:31.176637Z[0m [34mDEBUG[0m [2mgust_lexer::typechecker[0m[2m:[0m 👁️ Namespace Resolution: Lookup 'SessionNode' -> Resolved: 'SessionNode' (Current Prefix: 'ast__')
[2m2026-06-13T02:06:31.176646Z[0m [34mDEBUG[0m [2mgust_lexer::typechecker[0m[2m:[0m 👁️ Namespace Resolution: Lookup 'SessionNode' -> Resolved: 'SessionNode' (Current Prefix: 'ast__')
[2m2026-06-13T02:06:31.176656Z[0m [34mDEBUG[0m [2mgust_lexer::typechecker[0m[2m:[0m 👁️ Namespace Resolution: Lookup 'SessionNode' -> Resolved: 'SessionNode' (Current Prefix: 'ast__')
[2m2026-06-13T02:06:31.176666Z[0m [34mDEBUG[0m [2mgust_lexer::typechecker[0m[2m:[0m 👁️ Namespace Resolution: Lookup 'token.Span' -> Resolved: 'token__Span' (Current Prefix: 'ast__')
[2m2026-06-13T02:06:31.176675Z[0m [34mDEBUG[0m [2mgust_lexer::typechecker[0m[2m:[0m 👁️ Namespace Resolution: Lookup 'token__Span' -> Resolved: 'token__Span' (Current Prefix: 'ast__')
[2m2026-06-13T02:06:31.176689Z[0m [34mDEBUG[0m [2mgust_lexer::typechecker[0m[2m:[0m 👁️ Namespace Resolution: Lookup 'SessionNode' -> Resolved: 'SessionNode' (Current Prefix: 'ast__')
[2m2026-06-13T02:06:31.176699Z[0m [34mDEBUG[0m [2mgust_lexer::typechecker[0m[2m:[0m 👁️ Namespace Resolution: Lookup 'SessionNode' -> Resolved: 'SessionNode' (Current Prefix: 'ast__')
[2m2026-06-13T02:06:31.176709Z[0m [34mDEBUG[0m [2mgust_lexer::typechecker[0m[2m:[0m 👁️ Namespace Resolution: Lookup 'SessionNode' -> Resolved: 'SessionNode' (Current Prefix: 'ast__')
[2m2026-06-13T02:06:31.176718Z[0m [34mDEBUG[0m [2mgust_lexer::typechecker[0m[2m:[0m 👁️ Namespace Resolution: Lookup 'SessionNode' -> Resolved: 'SessionNode' (Current Prefix: 'ast__')
[2m2026-06-13T02:06:31.176728Z[0m [34mDEBUG[0m [2mgust_lexer::typechecker[0m[2m:[0m 👁️ Namespace Resolution: Lookup 'token.Span' -> Resolved: 'token__Span' (Current Prefix: 'ast__')
[2m2026-06-13T02:06:31.176738Z[0m [34mDEBUG[0m [2mgust_lexer::typechecker[0m[2m:[0m 👁️ Namespace Resolution: Lookup 'token__Span' -> Resolved: 'token__Span' (Current Prefix: 'ast__')
[2m2026-06-13T02:06:31.176755Z[0m [34mDEBUG[0m [2mgust_lexer::typechecker[0m[2m:[0m 👁️ Namespace Resolution: Lookup 'SessionNode' -> Resolved: 'SessionNode' (Current Prefix: 'ast__')
[2m2026-06-13T02:06:31.176764Z[0m [34mDEBUG[0m [2mgust_lexer::typechecker[0m[2m:[0m 👁️ Namespace Resolution: Lookup 'SessionNode' -> Resolved: 'SessionNode' (Current Prefix: 'ast__')
[2m2026-06-13T02:06:31.176775Z[0m [34mDEBUG[0m [2mgust_lexer::typechecker[0m[2m:[0m 👁️ Namespace Resolution: Lookup 'BlockStatement' -> Resolved: 'ast__BlockStatement' (Current Prefix: 'ast__')
[2m2026-06-13T02:06:31.176793Z[0m [34mDEBUG[0m [2mgust_lexer::typechecker[0m[2m:[0m 👁️ Namespace Resolution: Lookup 'SessionNode' -> Resolved: 'SessionNode' (Current Prefix: 'ast__')
[2m2026-06-13T02:06:31.176806Z[0m [34mDEBUG[0m [2mgust_lexer::typechecker[0m[2m:[0m 👁️ Namespace Resolution: Lookup 'token.Span' -> Resolved: 'token__Span' (Current Prefix: 'ast__')
[2m2026-06-13T02:06:31.176818Z[0m [34mDEBUG[0m [2mgust_lexer::typechecker[0m[2m:[0m 👁️ Namespace Resolution: Lookup 'ast__BlockStatement_ctx' -> Resolved: 'ast__BlockStatement_ctx' (Current Prefix: 'ast__')
[2m2026-06-13T02:06:31.176831Z[0m [34mDEBUG[0m [2mgust_lexer::typechecker[0m[2m:[0m 👁️ Namespace Resolution: Lookup 'token.Span' -> Resolved: 'token__Span' (Current Prefix: 'ast__')
[2m2026-06-13T02:06:31.176840Z[0m [34mDEBUG[0m [2mgust_lexer::typechecker[0m[2m:[0m 👁️ Namespace Resolution: Lookup 'token__Span' -> Resolved: 'token__Span' (Current Prefix: 'ast__')
[2m2026-06-13T02:06:31.176854Z[0m [34mDEBUG[0m [2mgust_lexer::typechecker[0m[2m:[0m 👁️ Namespace Resolution: Lookup 'Expression' -> Resolved: 'ast__Expression' (Current Prefix: 'ast__')
[2m2026-06-13T02:06:31.176882Z[0m [34mDEBUG[0m [2mgust_lexer::typechecker[0m[2m:[0m 👁️ Namespace Resolution: Lookup 'token.Span' -> Resolved: 'token__Span' (Current Prefix: 'ast__')
[2m2026-06-13T02:06:31.176891Z[0m [34mDEBUG[0m [2mgust_lexer::typechecker[0m[2m:[0m 👁️ Namespace Resolution: Lookup 'token__Span' -> Resolved: 'token__Span' (Current Prefix: 'ast__')
[2m2026-06-13T02:06:31.176904Z[0m [34mDEBUG[0m [2mgust_lexer::typechecker[0m[2m:[0m 👁️ Namespace Resolution: Lookup 'token.Span' -> Resolved: 'token__Span' (Current Prefix: 'ast__')
[2m2026-06-13T02:06:31.176913Z[0m [34mDEBUG[0m [2mgust_lexer::typechecker[0m[2m:[0m 👁️ Namespace Resolution: Lookup 'token__Span' -> Resolved: 'token__Span' (Current Prefix: 'ast__')
[2m2026-06-13T02:06:31.176925Z[0m [34mDEBUG[0m [2mgust_lexer::typechecker[0m[2m:[0m 👁️ Namespace Resolution: Lookup 'token.Span' -> Resolved: 'token__Span' (Current Prefix: 'ast__')
[2m2026-06-13T02:06:31.176934Z[0m [34mDEBUG[0m [2mgust_lexer::typechecker[0m[2m:[0m 👁️ Namespace Resolution: Lookup 'token__Span' -> Resolved: 'token__Span' (Current Prefix: 'ast__')
[2m2026-06-13T02:06:31.176947Z[0m [34mDEBUG[0m [2mgust_lexer::typechecker[0m[2m:[0m 👁️ Namespace Resolution: Lookup 'token.Span' -> Resolved: 'token__Span' (Current Prefix: 'ast__')
[2m2026-06-13T02:06:31.176956Z[0m [34mDEBUG[0m [2mgust_lexer::typechecker[0m[2m:[0m 👁️ Namespace Resolution: Lookup 'token__Span' -> Resolved: 'token__Span' (Current Prefix: 'ast__')
[2m2026-06-13T02:06:31.176968Z[0m [34mDEBUG[0m [2mgust_lexer::typechecker[0m[2m:[0m 👁️ Namespace Resolution: Lookup 'Expression' -> Resolved: 'ast__Expression' (Current Prefix: 'ast__')
[2m2026-06-13T02:06:31.176993Z[0m [34mDEBUG[0m [2mgust_lexer::typechecker[0m[2m:[0m 👁️ Namespace Resolution: Lookup 'ast__Expression_ctx' -> Resolved: 'ast__Expression_ctx' (Current Prefix: 'ast__')
[2m2026-06-13T02:06:31.177004Z[0m [34mDEBUG[0m [2mgust_lexer::typechecker[0m[2m:[0m 👁️ Namespace Resolution: Lookup 'token.Span' -> Resolved: 'token__Span' (Current Prefix: 'ast__')
[2m2026-06-13T02:06:31.177013Z[0m [34mDEBUG[0m [2mgust_lexer::typechecker[0m[2m:[0m 👁️ Namespace Resolution: Lookup 'token__Span' -> Resolved: 'token__Span' (Current Prefix: 'ast__')
[2m2026-06-13T02:06:31.177025Z[0m [34mDEBUG[0m [2mgust_lexer::typechecker[0m[2m:[0m 👁️ Namespace Resolution: Lookup 'Expression' -> Resolved: 'ast__Expression' (Current Prefix: 'ast__')
[2m2026-06-13T02:06:31.177055Z[0m [34mDEBUG[0m [2mgust_lexer::typechecker[0m[2m:[0m 👁️ Namespace Resolution: Lookup 'ast__Expression_ctx' -> Resolved: 'ast__Expression_ctx' (Current Prefix: 'ast__')
[2m2026-06-13T02:06:31.177066Z[0m [34mDEBUG[0m [2mgust_lexer::typechecker[0m[2m:[0m 👁️ Namespace Resolution: Lookup 'token.Span' -> Resolved: 'token__Span' (Current Prefix: 'ast__')
[2m2026-06-13T02:06:31.177075Z[0m [34mDEBUG[0m [2mgust_lexer::typechecker[0m[2m:[0m 👁️ Namespace Resolution: Lookup 'token__Span' -> Resolved: 'token__Span' (Current Prefix: 'ast__')
[2m2026-06-13T02:06:31.177086Z[0m [34mDEBUG[0m [2mgust_lexer::typechecker[0m[2m:[0m 👁️ Namespace Resolution: Lookup 'Expression' -> Resolved: 'ast__Expression' (Current Prefix: 'ast__')
[2m2026-06-13T02:06:31.177125Z[0m [34mDEBUG[0m [2mgust_lexer::typechecker[0m[2m:[0m 👁️ Namespace Resolution: Lookup 'ast__Expression_ctx' -> Resolved: 'ast__Expression_ctx' (Current Prefix: 'ast__')
[2m2026-06-13T02:06:31.177142Z[0m [34mDEBUG[0m [2mgust_lexer::typechecker[0m[2m:[0m 👁️ Namespace Resolution: Lookup 'token.Span' -> Resolved: 'token__Span' (Current Prefix: 'ast__')
[2m2026-06-13T02:06:31.177155Z[0m [34mDEBUG[0m [2mgust_lexer::typechecker[0m[2m:[0m 👁️ Namespace Resolution: Lookup 'token__Span' -> Resolved: 'token__Span' (Current Prefix: 'ast__')
[2m2026-06-13T02:06:31.177179Z[0m [34mDEBUG[0m [2mgust_lexer::typechecker[0m[2m:[0m 👁️ Namespace Resolution: Lookup 'Expression' -> Resolved: 'ast__Expression' (Current Prefix: 'ast__')
[2m2026-06-13T02:06:31.177215Z[0m [34mDEBUG[0m [2mgust_lexer::typechecker[0m[2m:[0m 👁️ Namespace Resolution: Lookup 'ast__Expression_ctx' -> Resolved: 'ast__Expression_ctx' (Current Prefix: 'ast__')
[2m2026-06-13T02:06:31.177235Z[0m [34mDEBUG[0m [2mgust_lexer::typechecker[0m[2m:[0m 👁️ Namespace Resolution: Lookup 'token.Span' -> Resolved: 'token__Span' (Current Prefix: 'ast__')
[2m2026-06-13T02:06:31.177248Z[0m [34mDEBUG[0m [2mgust_lexer::typechecker[0m[2m:[0m 👁️ Namespace Resolution: Lookup 'token__Span' -> Resolved: 'token__Span' (Current Prefix: 'ast__')
[2m2026-06-13T02:06:31.177269Z[0m [34mDEBUG[0m [2mgust_lexer::typechecker[0m[2m:[0m 👁️ Namespace Resolution: Lookup 'Expression' -> Resolved: 'ast__Expression' (Current Prefix: 'ast__')
[2m2026-06-13T02:06:31.177309Z[0m [34mDEBUG[0m [2mgust_lexer::typechecker[0m[2m:[0m 👁️ Namespace Resolution: Lookup 'ast__Expression_ctx' -> Resolved: 'ast__Expression_ctx' (Current Prefix: 'ast__')
[2m2026-06-13T02:06:31.177326Z[0m [34mDEBUG[0m [2mgust_lexer::typechecker[0m[2m:[0m 👁️ Namespace Resolution: Lookup 'Expression' -> Resolved: 'ast__Expression' (Current Prefix: 'ast__')
[2m2026-06-13T02:06:31.177364Z[0m [34mDEBUG[0m [2mgust_lexer::typechecker[0m[2m:[0m 👁️ Namespace Resolution: Lookup 'ast__Expression_ctx' -> Resolved: 'ast__Expression_ctx' (Current Prefix: 'ast__')
[2m2026-06-13T02:06:31.177380Z[0m [34mDEBUG[0m [2mgust_lexer::typechecker[0m[2m:[0m 👁️ Namespace Resolution: Lookup 'token.Span' -> Resolved: 'token__Span' (Current Prefix: 'ast__')
[2m2026-06-13T02:06:31.177393Z[0m [34mDEBUG[0m [2mgust_lexer::typechecker[0m[2m:[0m 👁️ Namespace Resolution: Lookup 'token__Span' -> Resolved: 'token__Span' (Current Prefix: 'ast__')
[2m2026-06-13T02:06:31.177411Z[0m [34mDEBUG[0m [2mgust_lexer::typechecker[0m[2m:[0m 👁️ Namespace Resolution: Lookup 'Expression' -> Resolved: 'ast__Expression' (Current Prefix: 'ast__')
[2m2026-06-13T02:06:31.177449Z[0m [34mDEBUG[0m [2mgust_lexer::typechecker[0m[2m:[0m 👁️ Namespace Resolution: Lookup 'ast__Expression_ctx' -> Resolved: 'ast__Expression_ctx' (Current Prefix: 'ast__')
[2m2026-06-13T02:06:31.177468Z[0m [34mDEBUG[0m [2mgust_lexer::typechecker[0m[2m:[0m 👁️ Namespace Resolution: Lookup 'token.Span' -> Resolved: 'token__Span' (Current Prefix: 'ast__')
[2m2026-06-13T02:06:31.177481Z[0m [34mDEBUG[0m [2mgust_lexer::typechecker[0m[2m:[0m 👁️ Namespace Resolution: Lookup 'token__Span' -> Resolved: 'token__Span' (Current Prefix: 'ast__')
[2m2026-06-13T02:06:31.177503Z[0m [34mDEBUG[0m [2mgust_lexer::typechecker[0m[2m:[0m 👁️ Namespace Resolution: Lookup 'Expression' -> Resolved: 'ast__Expression' (Current Prefix: 'ast__')
[2m2026-06-13T02:06:31.177541Z[0m [34mDEBUG[0m [2mgust_lexer::typechecker[0m[2m:[0m 👁️ Namespace Resolution: Lookup 'ast__Expression_ctx' -> Resolved: 'ast__Expression_ctx' (Current Prefix: 'ast__')
[2m2026-06-13T02:06:31.177557Z[0m [34mDEBUG[0m [2mgust_lexer::typechecker[0m[2m:[0m 👁️ Namespace Resolution: Lookup 'Expression' -> Resolved: 'ast__Expression' (Current Prefix: 'ast__')
[2m2026-06-13T02:06:31.177594Z[0m [34mDEBUG[0m [2mgust_lexer::typechecker[0m[2m:[0m 👁️ Namespace Resolution: Lookup 'ast__Expression_ctx' -> Resolved: 'ast__Expression_ctx' (Current Prefix: 'ast__')
[2m2026-06-13T02:06:31.177610Z[0m [34mDEBUG[0m [2mgust_lexer::typechecker[0m[2m:[0m 👁️ Namespace Resolution: Lookup 'token.Span' -> Resolved: 'token__Span' (Current Prefix: 'ast__')
[2m2026-06-13T02:06:31.177623Z[0m [34mDEBUG[0m [2mgust_lexer::typechecker[0m[2m:[0m 👁️ Namespace Resolution: Lookup 'token__Span' -> Resolved: 'token__Span' (Current Prefix: 'ast__')
[2m2026-06-13T02:06:31.177643Z[0m [34mDEBUG[0m [2mgust_lexer::typechecker[0m[2m:[0m 👁️ Namespace Resolution: Lookup 'Expression' -> Resolved: 'ast__Expression' (Current Prefix: 'ast__')
[2m2026-06-13T02:06:31.177680Z[0m [34mDEBUG[0m [2mgust_lexer::typechecker[0m[2m:[0m 👁️ Namespace Resolution: Lookup 'ast__Expression_ctx' -> Resolved: 'ast__Expression_ctx' (Current Prefix: 'ast__')
[2m2026-06-13T02:06:31.177697Z[0m [34mDEBUG[0m [2mgust_lexer::typechecker[0m[2m:[0m 👁️ Namespace Resolution: Lookup 'token.Span' -> Resolved: 'token__Span' (Current Prefix: 'ast__')
[2m2026-06-13T02:06:31.177711Z[0m [34mDEBUG[0m [2mgust_lexer::typechecker[0m[2m:[0m 👁️ Namespace Resolution: Lookup 'token__Span' -> Resolved: 'token__Span' (Current Prefix: 'ast__')
[2m2026-06-13T02:06:31.177729Z[0m [34mDEBUG[0m [2mgust_lexer::typechecker[0m[2m:[0m 👁️ Namespace Resolution: Lookup 'Expression' -> Resolved: 'ast__Expression' (Current Prefix: 'ast__')
[2m2026-06-13T02:06:31.177765Z[0m [34mDEBUG[0m [2mgust_lexer::typechecker[0m[2m:[0m 👁️ Namespace Resolution: Lookup 'ast__Expression_ctx' -> Resolved: 'ast__Expression_ctx' (Current Prefix: 'ast__')
[2m2026-06-13T02:06:31.177781Z[0m [34mDEBUG[0m [2mgust_lexer::typechecker[0m[2m:[0m 👁️ Namespace Resolution: Lookup 'SessionNode' -> Resolved: 'SessionNode' (Current Prefix: 'ast__')
[2m2026-06-13T02:06:31.177795Z[0m [34mDEBUG[0m [2mgust_lexer::typechecker[0m[2m:[0m 👁️ Namespace Resolution: Lookup 'SessionNode' -> Resolved: 'SessionNode' (Current Prefix: 'ast__')
[2m2026-06-13T02:06:31.177810Z[0m [34mDEBUG[0m [2mgust_lexer::typechecker[0m[2m:[0m 👁️ Namespace Resolution: Lookup 'token.Span' -> Resolved: 'token__Span' (Current Prefix: 'ast__')
[2m2026-06-13T02:06:31.177823Z[0m [34mDEBUG[0m [2mgust_lexer::typechecker[0m[2m:[0m 👁️ Namespace Resolution: Lookup 'token__Span' -> Resolved: 'token__Span' (Current Prefix: 'ast__')
[2m2026-06-13T02:06:31.177841Z[0m [34mDEBUG[0m [2mgust_lexer::typechecker[0m[2m:[0m 👁️ Namespace Resolution: Lookup 'token.Span' -> Resolved: 'token__Span' (Current Prefix: 'ast__')
[2m2026-06-13T02:06:31.177854Z[0m [34mDEBUG[0m [2mgust_lexer::typechecker[0m[2m:[0m 👁️ Namespace Resolution: Lookup 'token__Span' -> Resolved: 'token__Span' (Current Prefix: 'ast__')
[2m2026-06-13T02:06:31.177888Z[0m [34mDEBUG[0m [2mgust_lexer::typechecker[0m[2m:[0m 👁️ Namespace Resolution: Lookup 'ast__Expression_ctx' -> Resolved: 'ast__Expression_ctx' (Current Prefix: 'ast__')
[2m2026-06-13T02:06:31.177907Z[0m [34mDEBUG[0m [2mgust_lexer::typechecker[0m[2m:[0m 👁️ Namespace Resolution: Lookup 'token.Span' -> Resolved: 'token__Span' (Current Prefix: 'ast__')
[2m2026-06-13T02:06:31.177920Z[0m [34mDEBUG[0m [2mgust_lexer::typechecker[0m[2m:[0m 👁️ Namespace Resolution: Lookup 'token__Span' -> Resolved: 'token__Span' (Current Prefix: 'ast__')
[2m2026-06-13T02:06:31.177938Z[0m [34mDEBUG[0m [2mgust_lexer::typechecker[0m[2m:[0m 👁️ Namespace Resolution: Lookup 'Expression' -> Resolved: 'ast__Expression' (Current Prefix: 'ast__')
[2m2026-06-13T02:06:31.177976Z[0m [34mDEBUG[0m [2mgust_lexer::typechecker[0m[2m:[0m 👁️ Namespace Resolution: Lookup 'ast__Expression_ctx' -> Resolved: 'ast__Expression_ctx' (Current Prefix: 'ast__')
[2m2026-06-13T02:06:31.177992Z[0m [34mDEBUG[0m [2mgust_lexer::typechecker[0m[2m:[0m 👁️ Namespace Resolution: Lookup 'Expression' -> Resolved: 'ast__Expression' (Current Prefix: 'ast__')
[2m2026-06-13T02:06:31.178030Z[0m [34mDEBUG[0m [2mgust_lexer::typechecker[0m[2m:[0m 👁️ Namespace Resolution: Lookup 'ast__Expression_ctx' -> Resolved: 'ast__Expression_ctx' (Current Prefix: 'ast__')
[2m2026-06-13T02:06:31.178045Z[0m [34mDEBUG[0m [2mgust_lexer::typechecker[0m[2m:[0m 👁️ Namespace Resolution: Lookup 'token.Span' -> Resolved: 'token__Span' (Current Prefix: 'ast__')
[2m2026-06-13T02:06:31.178058Z[0m [34mDEBUG[0m [2mgust_lexer::typechecker[0m[2m:[0m 👁️ Namespace Resolution: Lookup 'token__Span' -> Resolved: 'token__Span' (Current Prefix: 'ast__')
[2m2026-06-13T02:06:31.178076Z[0m [34mDEBUG[0m [2mgust_lexer::typechecker[0m[2m:[0m 👁️ Namespace Resolution: Lookup 'Expression' -> Resolved: 'ast__Expression' (Current Prefix: 'ast__')
[2m2026-06-13T02:06:31.178112Z[0m [34mDEBUG[0m [2mgust_lexer::typechecker[0m[2m:[0m 👁️ Namespace Resolution: Lookup 'ast__Expression_ctx' -> Resolved: 'ast__Expression_ctx' (Current Prefix: 'ast__')
[2m2026-06-13T02:06:31.178129Z[0m [34mDEBUG[0m [2mgust_lexer::typechecker[0m[2m:[0m 👁️ Namespace Resolution: Lookup 'BlockStatement' -> Resolved: 'ast__BlockStatement' (Current Prefix: 'ast__')
[2m2026-06-13T02:06:31.178153Z[0m [34mDEBUG[0m [2mgust_lexer::typechecker[0m[2m:[0m 👁️ Namespace Resolution: Lookup 'ast__BlockStatement_ctx' -> Resolved: 'ast__BlockStatement_ctx' (Current Prefix: 'ast__')
[2m2026-06-13T02:06:31.178169Z[0m [34mDEBUG[0m [2mgust_lexer::typechecker[0m[2m:[0m 👁️ Namespace Resolution: Lookup 'token.Span' -> Resolved: 'token__Span' (Current Prefix: 'ast__')
[2m2026-06-13T02:06:31.178183Z[0m [34mDEBUG[0m [2mgust_lexer::typechecker[0m[2m:[0m 👁️ Namespace Resolution: Lookup 'token__Span' -> Resolved: 'token__Span' (Current Prefix: 'ast__')
[2m2026-06-13T02:06:31.178206Z[0m [34mDEBUG[0m [2mgust_lexer::typechecker[0m[2m:[0m 👁️ Namespace Resolution: Lookup 'Expression' -> Resolved: 'ast__Expression' (Current Prefix: 'ast__')
[2m2026-06-13T02:06:31.178242Z[0m [34mDEBUG[0m [2mgust_lexer::typechecker[0m[2m:[0m 👁️ Namespace Resolution: Lookup 'ast__Expression_ctx' -> Resolved: 'ast__Expression_ctx' (Current Prefix: 'ast__')
[2m2026-06-13T02:06:31.178259Z[0m [34mDEBUG[0m [2mgust_lexer::typechecker[0m[2m:[0m 👁️ Namespace Resolution: Lookup 'BlockStatement' -> Resolved: 'ast__BlockStatement' (Current Prefix: 'ast__')
[2m2026-06-13T02:06:31.178282Z[0m [34mDEBUG[0m [2mgust_lexer::typechecker[0m[2m:[0m 👁️ Namespace Resolution: Lookup 'ast__BlockStatement_ctx' -> Resolved: 'ast__BlockStatement_ctx' (Current Prefix: 'ast__')
[2m2026-06-13T02:06:31.178299Z[0m [34mDEBUG[0m [2mgust_lexer::typechecker[0m[2m:[0m 👁️ Namespace Resolution: Lookup 'BlockStatement' -> Resolved: 'ast__BlockStatement' (Current Prefix: 'ast__')
[2m2026-06-13T02:06:31.178322Z[0m [34mDEBUG[0m [2mgust_lexer::typechecker[0m[2m:[0m 👁️ Namespace Resolution: Lookup 'ast__BlockStatement_ctx' -> Resolved: 'ast__BlockStatement_ctx' (Current Prefix: 'ast__')
[2m2026-06-13T02:06:31.178338Z[0m [34mDEBUG[0m [2mgust_lexer::typechecker[0m[2m:[0m 👁️ Namespace Resolution: Lookup 'token.Span' -> Resolved: 'token__Span' (Current Prefix: 'ast__')
[2m2026-06-13T02:06:31.178351Z[0m [34mDEBUG[0m [2mgust_lexer::typechecker[0m[2m:[0m 👁️ Namespace Resolution: Lookup 'token__Span' -> Resolved: 'token__Span' (Current Prefix: 'ast__')
[2m2026-06-13T02:06:31.178371Z[0m [34mDEBUG[0m [2mgust_lexer::typechecker[0m[2m:[0m 👁️ Namespace Resolution: Lookup 'Expression' -> Resolved: 'ast__Expression' (Current Prefix: 'ast__')
[2m2026-06-13T02:06:31.178408Z[0m [34mDEBUG[0m [2mgust_lexer::typechecker[0m[2m:[0m 👁️ Namespace Resolution: Lookup 'ast__Expression_ctx' -> Resolved: 'ast__Expression_ctx' (Current Prefix: 'ast__')
[2m2026-06-13T02:06:31.178424Z[0m [34mDEBUG[0m [2mgust_lexer::typechecker[0m[2m:[0m 👁️ Namespace Resolution: Lookup 'SessionNode' -> Resolved: 'SessionNode' (Current Prefix: 'ast__')
[2m2026-06-13T02:06:31.178438Z[0m [34mDEBUG[0m [2mgust_lexer::typechecker[0m[2m:[0m 👁️ Namespace Resolution: Lookup 'SessionNode' -> Resolved: 'SessionNode' (Current Prefix: 'ast__')
[2m2026-06-13T02:06:31.178452Z[0m [34mDEBUG[0m [2mgust_lexer::typechecker[0m[2m:[0m 👁️ Namespace Resolution: Lookup 'token.Span' -> Resolved: 'token__Span' (Current Prefix: 'ast__')
[2m2026-06-13T02:06:31.178465Z[0m [34mDEBUG[0m [2mgust_lexer::typechecker[0m[2m:[0m 👁️ Namespace Resolution: Lookup 'token__Span' -> Resolved: 'token__Span' (Current Prefix: 'ast__')
[2m2026-06-13T02:06:31.178485Z[0m [34mDEBUG[0m [2mgust_lexer::typechecker[0m[2m:[0m 👁️ Namespace Resolution: Lookup 'Expression' -> Resolved: 'ast__Expression' (Current Prefix: 'ast__')
[2m2026-06-13T02:06:31.178522Z[0m [34mDEBUG[0m [2mgust_lexer::typechecker[0m[2m:[0m 👁️ Namespace Resolution: Lookup 'ast__Expression_ctx' -> Resolved: 'ast__Expression_ctx' (Current Prefix: 'ast__')
[2m2026-06-13T02:06:31.178538Z[0m [34mDEBUG[0m [2mgust_lexer::typechecker[0m[2m:[0m 👁️ Namespace Resolution: Lookup 'BlockStatement' -> Resolved: 'ast__BlockStatement' (Current Prefix: 'ast__')
[2m2026-06-13T02:06:31.178561Z[0m [34mDEBUG[0m [2mgust_lexer::typechecker[0m[2m:[0m 👁️ Namespace Resolution: Lookup 'ast__BlockStatement_ctx' -> Resolved: 'ast__BlockStatement_ctx' (Current Prefix: 'ast__')
[2m2026-06-13T02:06:31.178579Z[0m [34mDEBUG[0m [2mgust_lexer::typechecker[0m[2m:[0m 👁️ Namespace Resolution: Lookup 'token.Span' -> Resolved: 'token__Span' (Current Prefix: 'ast__')
[2m2026-06-13T02:06:31.178592Z[0m [34mDEBUG[0m [2mgust_lexer::typechecker[0m[2m:[0m 👁️ Namespace Resolution: Lookup 'token__Span' -> Resolved: 'token__Span' (Current Prefix: 'ast__')
[2m2026-06-13T02:06:31.178609Z[0m [34mDEBUG[0m [2mgust_lexer::typechecker[0m[2m:[0m 👁️ Namespace Resolution: Lookup 'BlockStatement' -> Resolved: 'ast__BlockStatement' (Current Prefix: 'ast__')
[2m2026-06-13T02:06:31.178632Z[0m [34mDEBUG[0m [2mgust_lexer::typechecker[0m[2m:[0m 👁️ Namespace Resolution: Lookup 'ast__BlockStatement_ctx' -> Resolved: 'ast__BlockStatement_ctx' (Current Prefix: 'ast__')
[2m2026-06-13T02:06:31.178649Z[0m [34mDEBUG[0m [2mgust_lexer::typechecker[0m[2m:[0m 👁️ Namespace Resolution: Lookup 'token.Span' -> Resolved: 'token__Span' (Current Prefix: 'ast__')
[2m2026-06-13T02:06:31.178662Z[0m [34mDEBUG[0m [2mgust_lexer::typechecker[0m[2m:[0m 👁️ Namespace Resolution: Lookup 'token__Span' -> Resolved: 'token__Span' (Current Prefix: 'ast__')
[2m2026-06-13T02:06:31.178679Z[0m [34mDEBUG[0m [2mgust_lexer::typechecker[0m[2m:[0m 👁️ Namespace Resolution: Lookup 'Expression' -> Resolved: 'ast__Expression' (Current Prefix: 'ast__')
[2m2026-06-13T02:06:31.178716Z[0m [34mDEBUG[0m [2mgust_lexer::typechecker[0m[2m:[0m 👁️ Namespace Resolution: Lookup 'ast__Expression_ctx' -> Resolved: 'ast__Expression_ctx' (Current Prefix: 'ast__')
[2m2026-06-13T02:06:31.178732Z[0m [34mDEBUG[0m [2mgust_lexer::typechecker[0m[2m:[0m 👁️ Namespace Resolution: Lookup 'token.Span' -> Resolved: 'token__Span' (Current Prefix: 'ast__')
[2m2026-06-13T02:06:31.178745Z[0m [34mDEBUG[0m [2mgust_lexer::typechecker[0m[2m:[0m 👁️ Namespace Resolution: Lookup 'token__Span' -> Resolved: 'token__Span' (Current Prefix: 'ast__')
[2m2026-06-13T02:06:31.178763Z[0m [34mDEBUG[0m [2mgust_lexer::typechecker[0m[2m:[0m 👁️ Namespace Resolution: Lookup 'Expression' -> Resolved: 'ast__Expression' (Current Prefix: 'ast__')
[2m2026-06-13T02:06:31.178799Z[0m [34mDEBUG[0m [2mgust_lexer::typechecker[0m[2m:[0m 👁️ Namespace Resolution: Lookup 'ast__Expression_ctx' -> Resolved: 'ast__Expression_ctx' (Current Prefix: 'ast__')
[2m2026-06-13T02:06:31.178816Z[0m [34mDEBUG[0m [2mgust_lexer::typechecker[0m[2m:[0m 👁️ Namespace Resolution: Lookup 'token.Span' -> Resolved: 'token__Span' (Current Prefix: 'ast__')
[2m2026-06-13T02:06:31.178829Z[0m [34mDEBUG[0m [2mgust_lexer::typechecker[0m[2m:[0m 👁️ Namespace Resolution: Lookup 'token__Span' -> Resolved: 'token__Span' (Current Prefix: 'ast__')
[2m2026-06-13T02:06:31.178846Z[0m [34mDEBUG[0m [2mgust_lexer::typechecker[0m[2m:[0m 👁️ Namespace Resolution: Lookup 'Expression' -> Resolved: 'ast__Expression' (Current Prefix: 'ast__')
[2m2026-06-13T02:06:31.178882Z[0m [34mDEBUG[0m [2mgust_lexer::typechecker[0m[2m:[0m 👁️ Namespace Resolution: Lookup 'ast__Expression_ctx' -> Resolved: 'ast__Expression_ctx' (Current Prefix: 'ast__')
[2m2026-06-13T02:06:31.178899Z[0m [34mDEBUG[0m [2mgust_lexer::typechecker[0m[2m:[0m 👁️ Namespace Resolution: Lookup 'token.Span' -> Resolved: 'token__Span' (Current Prefix: 'ast__')
[2m2026-06-13T02:06:31.178912Z[0m [34mDEBUG[0m [2mgust_lexer::typechecker[0m[2m:[0m 👁️ Namespace Resolution: Lookup 'token__Span' -> Resolved: 'token__Span' (Current Prefix: 'ast__')
[2m2026-06-13T02:06:31.178944Z[0m [34mDEBUG[0m [2mgust_lexer::typechecker[0m[2m:[0m 👁️ Namespace Resolution: Lookup 'ast__Statement_ctx' -> Resolved: 'ast__Statement_ctx' (Current Prefix: '')
[2m2026-06-13T02:06:31.178958Z[0m [34mDEBUG[0m [2mgust_lexer::typechecker[0m[2m:[0m 👁️ Namespace Resolution: Lookup 'ast.Statement' -> Resolved: 'ast__Statement' (Current Prefix: '')
[2m2026-06-13T02:06:31.178999Z[0m [34mDEBUG[0m [2mgust_lexer::typechecker[0m[2m:[0m 👁️ Namespace Resolution: Lookup 'ast__Statement_ctx' -> Resolved: 'ast__Statement_ctx' (Current Prefix: '')
[2m2026-06-13T02:06:31.179046Z[0m [34mDEBUG[0m [2mgust_lexer::typechecker[0m[2m:[0m 👁️ Namespace Resolution: Lookup 'ast__Statement_ctx_Expression' -> Resolved: 'ast__Statement_ctx_Expression' (Current Prefix: '')
[2m2026-06-13T02:06:31.179065Z[0m [34mDEBUG[0m [2mgust_lexer::typechecker[0m[2m:[0m 👁️ Namespace Resolution: Lookup 'ast__Expression_ctx' -> Resolved: 'ast__Expression_ctx' (Current Prefix: '')
[2m2026-06-13T02:06:31.179079Z[0m [34mDEBUG[0m [2mgust_lexer::typechecker[0m[2m:[0m 👁️ Namespace Resolution: Lookup 'os.ArenaAlloc' -> Resolved: 'os_ArenaAlloc' (Current Prefix: '')
[2m2026-06-13T02:06:31.179092Z[0m [34mDEBUG[0m [2mgust_lexer::typechecker::visitor[0m[2m:[0m 👁️ Expression::Call Evaluation Start: Raw Function: 'os.ArenaAlloc', Resolved: 'os_ArenaAlloc', Registry Has Key: false
[2m2026-06-13T02:06:31.179110Z[0m [34mDEBUG[0m [2mgust_lexer::typechecker[0m[2m:[0m 👁️ Namespace Resolution: Lookup 'ast__Statement_ctx_Expression' -> Resolved: 'ast__Statement_ctx_Expression' (Current Prefix: '')
[2m2026-06-13T02:06:31.179117Z[0m [34mDEBUG[0m [2mgust_lexer::typechecker[0m[2m:[0m 👁️ Namespace Resolution: Lookup 'os.ArenaAlloc' -> Resolved: 'os_ArenaAlloc' (Current Prefix: '')
[2m2026-06-13T02:06:31.179136Z[0m [34mDEBUG[0m [2mgust_lexer::typechecker[0m[2m:[0m 👁️ Namespace Resolution: Lookup 'ast__Statement_ctx_Expression' -> Resolved: 'ast__Statement_ctx_Expression' (Current Prefix: '')
[2m2026-06-13T02:06:31.179144Z[0m [34mDEBUG[0m [2mgust_lexer::typechecker[0m[2m:[0m 👁️ Namespace Resolution: Lookup 'token__Span' -> Resolved: 'token__Span' (Current Prefix: '')
[2m2026-06-13T02:06:31.179151Z[0m [34mDEBUG[0m [2mgust_lexer::typechecker[0m[2m:[0m 👁️ Namespace Resolution: Lookup 'token__Position' -> Resolved: 'token__Position' (Current Prefix: '')
[2m2026-06-13T02:06:31.179161Z[0m [34mDEBUG[0m [2mgust_lexer::typechecker[0m[2m:[0m 👁️ Namespace Resolution: Lookup 'ast__Statement_ctx_Expression' -> Resolved: 'ast__Statement_ctx_Expression' (Current Prefix: '')
[2m2026-06-13T02:06:31.179168Z[0m [34mDEBUG[0m [2mgust_lexer::typechecker[0m[2m:[0m 👁️ Namespace Resolution: Lookup 'token__Span' -> Resolved: 'token__Span' (Current Prefix: '')
[2m2026-06-13T02:06:31.179175Z[0m [34mDEBUG[0m [2mgust_lexer::typechecker[0m[2m:[0m 👁️ Namespace Resolution: Lookup 'token__Position' -> Resolved: 'token__Position' (Current Prefix: '')
[2m2026-06-13T02:06:31.179186Z[0m [34mDEBUG[0m [2mgust_lexer::typechecker[0m[2m:[0m 👁️ Namespace Resolution: Lookup 'ast__Statement_ctx_Expression' -> Resolved: 'ast__Statement_ctx_Expression' (Current Prefix: '')
[2m2026-06-13T02:06:31.179193Z[0m [34mDEBUG[0m [2mgust_lexer::typechecker[0m[2m:[0m 👁️ Namespace Resolution: Lookup 'token__Span' -> Resolved: 'token__Span' (Current Prefix: '')
[2m2026-06-13T02:06:31.179200Z[0m [34mDEBUG[0m [2mgust_lexer::typechecker[0m[2m:[0m 👁️ Namespace Resolution: Lookup 'token__Position' -> Resolved: 'token__Position' (Current Prefix: '')
[2m2026-06-13T02:06:31.179223Z[0m [34mDEBUG[0m [2mgust_lexer::typechecker[0m[2m:[0m 👁️ Namespace Resolution: Lookup 'ast__Statement_ctx_Expression' -> Resolved: 'ast__Statement_ctx_Expression' (Current Prefix: '')
[2m2026-06-13T02:06:31.179230Z[0m [34mDEBUG[0m [2mgust_lexer::typechecker[0m[2m:[0m 👁️ Namespace Resolution: Lookup 'token__Span' -> Resolved: 'token__Span' (Current Prefix: '')
[2m2026-06-13T02:06:31.179236Z[0m [34mDEBUG[0m [2mgust_lexer::typechecker[0m[2m:[0m 👁️ Namespace Resolution: Lookup 'token__Position' -> Resolved: 'token__Position' (Current Prefix: '')
[2m2026-06-13T02:06:31.179248Z[0m [34mDEBUG[0m [2mgust_lexer::typechecker[0m[2m:[0m 👁️ Namespace Resolution: Lookup 'ast.Expression' -> Resolved: 'ast__Expression' (Current Prefix: '')
[2m2026-06-13T02:06:31.179264Z[0m [34mDEBUG[0m [2mgust_lexer::typechecker[0m[2m:[0m 👁️ Namespace Resolution: Lookup 'ast__Expression_ctx' -> Resolved: 'ast__Expression_ctx' (Current Prefix: '')
[2m2026-06-13T02:06:31.179270Z[0m [34mDEBUG[0m [2mgust_lexer::typechecker[0m[2m:[0m 👁️ Namespace Resolution: Lookup 'ast.Expression' -> Resolved: 'ast__Expression' (Current Prefix: '')
[2m2026-06-13T02:06:31.179286Z[0m [34mDEBUG[0m [2mgust_lexer::typechecker[0m[2m:[0m 👁️ Namespace Resolution: Lookup 'ast__Expression_ctx' -> Resolved: 'ast__Expression_ctx' (Current Prefix: '')
[2m2026-06-13T02:06:31.179305Z[0m [34mDEBUG[0m [2mgust_lexer::typechecker[0m[2m:[0m 👁️ Namespace Resolution: Lookup 'ast__Expression_ctx_Integer' -> Resolved: 'ast__Expression_ctx_Integer' (Current Prefix: '')
[2m2026-06-13T02:06:31.179315Z[0m [34mDEBUG[0m [2mgust_lexer::typechecker[0m[2m:[0m 👁️ Namespace Resolution: Lookup 'ast__Expression_ctx_Integer' -> Resolved: 'ast__Expression_ctx_Integer' (Current Prefix: '')
[2m2026-06-13T02:06:31.179324Z[0m [34mDEBUG[0m [2mgust_lexer::typechecker[0m[2m:[0m 👁️ Namespace Resolution: Lookup 'os.ArenaAlloc' -> Resolved: 'os_ArenaAlloc' (Current Prefix: '')
[2m2026-06-13T02:06:31.179329Z[0m [34mDEBUG[0m [2mgust_lexer::typechecker::visitor[0m[2m:[0m 👁️ Expression::Call Evaluation Start: Raw Function: 'os.ArenaAlloc', Resolved: 'os_ArenaAlloc', Registry Has Key: false
[2m2026-06-13T02:06:31.179337Z[0m [34mDEBUG[0m [2mgust_lexer::typechecker[0m[2m:[0m 👁️ Namespace Resolution: Lookup 'Any' -> Resolved: 'Any' (Current Prefix: '')
[2m2026-06-13T02:06:31.179343Z[0m [34mDEBUG[0m [2mgust_lexer::typechecker[0m[2m:[0m 👁️ Namespace Resolution: Lookup 'Any' -> Resolved: 'Any' (Current Prefix: '')
[2m2026-06-13T02:06:31.179349Z[0m [34mDEBUG[0m [2mgust_lexer::typechecker[0m[2m:[0m 👁️ Namespace Resolution: Lookup 'errs.CompilerError' -> Resolved: 'errors__CompilerError' (Current Prefix: '')
[2m2026-06-13T02:06:31.179360Z[0m [34mDEBUG[0m [2mgust_lexer::typechecker[0m[2m:[0m 👁️ Namespace Resolution: Lookup 'ErrorKind' -> Resolved: 'errors__ErrorKind' (Current Prefix: 'errors__')
[2m2026-06-13T02:06:31.179368Z[0m [34mDEBUG[0m [2mgust_lexer::typechecker[0m[2m:[0m 👁️ Namespace Resolution: Lookup 'token.Span' -> Resolved: 'token__Span' (Current Prefix: 'errors__')
[2m2026-06-13T02:06:31.179375Z[0m [34mDEBUG[0m [2mgust_lexer::typechecker[0m[2m:[0m 👁️ Namespace Resolution: Lookup 'errors__CompilerError_ctx' -> Resolved: 'errors__CompilerError_ctx' (Current Prefix: '')
[2m2026-06-13T02:06:31.179389Z[0m [34mDEBUG[0m [2mgust_lexer::typechecker[0m[2m:[0m 👁️ Namespace Resolution: Lookup 'errors__ErrorKind' -> Resolved: 'errors__ErrorKind' (Current Prefix: '')
[2m2026-06-13T02:06:31.179402Z[0m [34mDEBUG[0m [2mgust_lexer::typechecker[0m[2m:[0m 👁️ Namespace Resolution: Lookup 'errors__ErrorKind' -> Resolved: 'errors__ErrorKind' (Current Prefix: '')
[2m2026-06-13T02:06:31.179423Z[0m [34mDEBUG[0m [2mgust_lexer::typechecker[0m[2m:[0m 👁️ Namespace Resolution: Lookup 'token__Span' -> Resolved: 'token__Span' (Current Prefix: '')
[2m2026-06-13T02:06:31.179432Z[0m [34mDEBUG[0m [2mgust_lexer::typechecker[0m[2m:[0m 👁️ Namespace Resolution: Lookup 'ast__Statement_ctx_Expression' -> Resolved: 'ast__Statement_ctx_Expression' (Current Prefix: '')
[2m2026-06-13T02:06:31.179440Z[0m [34mDEBUG[0m [2mgust_lexer::typechecker[0m[2m:[0m 👁️ Namespace Resolution: Lookup 'token__Span' -> Resolved: 'token__Span' (Current Prefix: '')
[2m2026-06-13T02:06:31.179462Z[0m [34mDEBUG[0m [2mgust_lexer::typechecker[0m[2m:[0m 👁️ Namespace Resolution: Lookup 'errs.Result' -> Resolved: 'errors__Result' (Current Prefix: '')
[2m2026-06-13T02:06:31.179467Z[0m [34mDEBUG[0m [2mgust_lexer::typechecker[0m[2m:[0m 👁️ Namespace Resolution: Lookup 'ast.Expression' -> Resolved: 'ast__Expression' (Current Prefix: '')
[2m2026-06-13T02:06:31.179473Z[0m [34mDEBUG[0m [2mgust_lexer::typechecker[0m[2m:[0m 👁️ Namespace Resolution: Lookup 'ctx' -> Resolved: 'ctx' (Current Prefix: '')
[2m2026-06-13T02:06:31.179478Z[0m [34mDEBUG[0m [2mgust_lexer::typechecker[0m[2m:[0m 👁️ Namespace Resolution: Lookup 'ast__Expression' -> Resolved: 'ast__Expression' (Current Prefix: '')
[2m2026-06-13T02:06:31.179495Z[0m [34mDEBUG[0m [2mgust_lexer::typechecker[0m[2m:[0m 👁️ Namespace Resolution: Lookup 'ctx' -> Resolved: 'ctx' (Current Prefix: '')
[2m2026-06-13T02:06:31.179508Z[0m [34mDEBUG[0m [2mgust_lexer::typechecker[0m[2m:[0m 👁️ Namespace Resolution: Lookup 'ast__Expression_ctx' -> Resolved: 'ast__Expression_ctx' (Current Prefix: 'errors__')
[2m2026-06-13T02:06:31.179515Z[0m [34mDEBUG[0m [2mgust_lexer::typechecker[0m[2m:[0m 👁️ Namespace Resolution: Lookup 'ast__Expression_ctx' -> Resolved: 'ast__Expression_ctx' (Current Prefix: 'errors__')
[2m2026-06-13T02:06:31.179523Z[0m [34mDEBUG[0m [2mgust_lexer::typechecker[0m[2m:[0m 👁️ Namespace Resolution: Lookup 'CompilerError' -> Resolved: 'errors__CompilerError' (Current Prefix: 'errors__')
[2m2026-06-13T02:06:31.179534Z[0m [34mDEBUG[0m [2mgust_lexer::typechecker[0m[2m:[0m 👁️ Namespace Resolution: Lookup 'errors__CompilerError_ctx' -> Resolved: 'errors__CompilerError_ctx' (Current Prefix: 'errors__')
[2m2026-06-13T02:06:31.179542Z[0m [34mDEBUG[0m [2mgust_lexer::typechecker[0m[2m:[0m 👁️ Namespace Resolution: Lookup 'errors__Result_Index_ast__Expression_ctx_ctx' -> Resolved: 'errors__Result_Index_ast__Expression_ctx_ctx' (Current Prefix: '')
[2m2026-06-13T02:06:31.179550Z[0m [34mDEBUG[0m [2mgust_lexer::typechecker[0m[2m:[0m 👁️ Namespace Resolution: Lookup 'errs.Result' -> Resolved: 'errors__Result' (Current Prefix: '')
[2m2026-06-13T02:06:31.179555Z[0m [34mDEBUG[0m [2mgust_lexer::typechecker[0m[2m:[0m 👁️ Namespace Resolution: Lookup 'ast.Expression' -> Resolved: 'ast__Expression' (Current Prefix: '')
[2m2026-06-13T02:06:31.179560Z[0m [34mDEBUG[0m [2mgust_lexer::typechecker[0m[2m:[0m 👁️ Namespace Resolution: Lookup 'ctx' -> Resolved: 'ctx' (Current Prefix: '')
[2m2026-06-13T02:06:31.179565Z[0m [34mDEBUG[0m [2mgust_lexer::typechecker[0m[2m:[0m 👁️ Namespace Resolution: Lookup 'ast__Expression' -> Resolved: 'ast__Expression' (Current Prefix: '')
[2m2026-06-13T02:06:31.179581Z[0m [34mDEBUG[0m [2mgust_lexer::typechecker[0m[2m:[0m 👁️ Namespace Resolution: Lookup 'ctx' -> Resolved: 'ctx' (Current Prefix: '')
[2m2026-06-13T02:06:31.179592Z[0m [34mDEBUG[0m [2mgust_lexer::typechecker[0m[2m:[0m 👁️ Namespace Resolution: Lookup 'errors__Result_Index_ast__Expression_ctx_ctx' -> Resolved: 'errors__Result_Index_ast__Expression_ctx_ctx' (Current Prefix: '')
[2m2026-06-13T02:06:31.179609Z[0m [34mDEBUG[0m [2mgust_lexer::typechecker[0m[2m:[0m 👁️ Namespace Resolution: Lookup 'errors__Result_Index_ast__Expression_ctx_ctx_Err' -> Resolved: 'errors__Result_Index_ast__Expression_ctx_ctx_Err' (Current Prefix: '')
[2m2026-06-13T02:06:31.179619Z[0m [34mDEBUG[0m [2mgust_lexer::typechecker[0m[2m:[0m 👁️ Namespace Resolution: Lookup 'errors__CompilerError_ctx' -> Resolved: 'errors__CompilerError_ctx' (Current Prefix: '')
[2m2026-06-13T02:06:31.179630Z[0m [34mDEBUG[0m [2mgust_lexer::typechecker[0m[2m:[0m 👁️ Namespace Resolution: Lookup 'errors__Result_Index_ast__Expression_ctx_ctx_Err' -> Resolved: 'errors__Result_Index_ast__Expression_ctx_ctx_Err' (Current Prefix: '')
[2m2026-06-13T02:06:31.179641Z[0m [34mDEBUG[0m [2mgust_lexer::typechecker[0m[2m:[0m 👁️ Namespace Resolution: Lookup 'os.LogInt' -> Resolved: 'os_LogInt' (Current Prefix: '')
[2m2026-06-13T02:06:31.179647Z[0m [34mDEBUG[0m [2mgust_lexer::typechecker::visitor[0m[2m:[0m 👁️ Expression::Call Evaluation Start: Raw Function: 'os.LogInt', Resolved: 'os_LogInt', Registry Has Key: false
[2m2026-06-13T02:06:31.179665Z[0m [34mDEBUG[0m [2mgust_lexer::typechecker[0m[2m:[0m 👁️ Namespace Resolution: Lookup 'errors__Result_Index_ast__Expression_ctx_ctx_Err' -> Resolved: 'errors__Result_Index_ast__Expression_ctx_ctx_Err' (Current Prefix: '')
[2m2026-06-13T02:06:31.179675Z[0m [34mDEBUG[0m [2mgust_lexer::typechecker[0m[2m:[0m 👁️ Namespace Resolution: Lookup 'errors__CompilerError_ctx' -> Resolved: 'errors__CompilerError_ctx' (Current Prefix: '')
[2m2026-06-13T02:06:31.179683Z[0m [34mDEBUG[0m [2mgust_lexer::typechecker[0m[2m:[0m 👁️ Namespace Resolution: Lookup 'errors__ErrorKind' -> Resolved: 'errors__ErrorKind' (Current Prefix: '')
[2m2026-06-13T02:06:31.179692Z[0m [34mDEBUG[0m [2mgust_lexer::typechecker[0m[2m:[0m 👁️ Namespace Resolution: Lookup 'os.LogStr' -> Resolved: 'os_LogStr' (Current Prefix: '')
[2m2026-06-13T02:06:31.179697Z[0m [34mDEBUG[0m [2mgust_lexer::typechecker::visitor[0m[2m:[0m 👁️ Expression::Call Evaluation Start: Raw Function: 'os.LogStr', Resolved: 'os_LogStr', Registry Has Key: false
[2m2026-06-13T02:06:31.179708Z[0m [34mDEBUG[0m [2mgust_lexer::typechecker[0m[2m:[0m 👁️ Namespace Resolution: Lookup 'errors__Result_Index_ast__Expression_ctx_ctx_Err' -> Resolved: 'errors__Result_Index_ast__Expression_ctx_ctx_Err' (Current Prefix: '')
[2m2026-06-13T02:06:31.179716Z[0m [34mDEBUG[0m [2mgust_lexer::typechecker[0m[2m:[0m 👁️ Namespace Resolution: Lookup 'errors__CompilerError_ctx' -> Resolved: 'errors__CompilerError_ctx' (Current Prefix: '')
ok
test test_self_hosted_lexer_compilation ... [2m2026-06-13T02:06:31.792530Z[0m [34mDEBUG[0m [2mgust_lexer::parser[0m[2m:[0m 📥 Parsed Import Statement: Path 'token.gst', Alias: 'Some("token")'
[2m2026-06-13T02:06:31.792560Z[0m [34mDEBUG[0m [2mgust_lexer::parser[0m[2m:[0m 📥 Parsed Import Statement: Path 'lexer.gst', Alias: 'Some("lexer")'
[2m2026-06-13T02:06:31.793079Z[0m [34mDEBUG[0m [2mgust_lexer::parser[0m[2m:[0m 📥 Parsed Import Statement: Path 'token.gst', Alias: 'Some("token")'
[2m2026-06-13T02:06:31.794698Z[0m [34mDEBUG[0m [2mgust_lexer::typechecker::visitor[0m[2m:[0m 🗄️ Stdlib Registered: Alias 'os' maps to prefix 'os_'
[2m2026-06-13T02:06:31.794709Z[0m [34mDEBUG[0m [2mgust_lexer::typechecker::visitor[0m[2m:[0m 🗄️ Stdlib Registered: Alias 'std' maps to prefix 'std_'
[2m2026-06-13T02:06:31.794932Z[0m [34mDEBUG[0m [2mgust_lexer::typechecker[0m[2m:[0m 👁️ Namespace Resolution: Lookup 'Position' -> Resolved: 'token__Position' (Current Prefix: 'token__')
[2m2026-06-13T02:06:31.794946Z[0m [34mDEBUG[0m [2mgust_lexer::typechecker[0m[2m:[0m 👁️ Namespace Resolution: Lookup 'token__Position' -> Resolved: 'token__Position' (Current Prefix: 'token__')
[2m2026-06-13T02:06:31.794959Z[0m [34mDEBUG[0m [2mgust_lexer::typechecker[0m[2m:[0m 👁️ Namespace Resolution: Lookup 'Position' -> Resolved: 'token__Position' (Current Prefix: 'token__')
[2m2026-06-13T02:06:31.794967Z[0m [34mDEBUG[0m [2mgust_lexer::typechecker[0m[2m:[0m 👁️ Namespace Resolution: Lookup 'token__Position' -> Resolved: 'token__Position' (Current Prefix: 'token__')
[2m2026-06-13T02:06:31.794986Z[0m [34mDEBUG[0m [2mgust_lexer::typechecker[0m[2m:[0m 👁️ Namespace Resolution: Lookup 'Position' -> Resolved: 'token__Position' (Current Prefix: 'token__')
[2m2026-06-13T02:06:31.794994Z[0m [34mDEBUG[0m [2mgust_lexer::typechecker[0m[2m:[0m 👁️ Namespace Resolution: Lookup 'token__Position' -> Resolved: 'token__Position' (Current Prefix: 'token__')
[2m2026-06-13T02:06:31.795003Z[0m [34mDEBUG[0m [2mgust_lexer::typechecker[0m[2m:[0m 👁️ Namespace Resolution: Lookup 'Position' -> Resolved: 'token__Position' (Current Prefix: 'token__')
[2m2026-06-13T02:06:31.795011Z[0m [34mDEBUG[0m [2mgust_lexer::typechecker[0m[2m:[0m 👁️ Namespace Resolution: Lookup 'token__Position' -> Resolved: 'token__Position' (Current Prefix: 'token__')
[2m2026-06-13T02:06:31.795281Z[0m [34mDEBUG[0m [2mgust_lexer::typechecker::visitor[0m[2m:[0m 🗄️ Stdlib Registered: Alias 'os' maps to prefix 'os_'
[2m2026-06-13T02:06:31.795288Z[0m [34mDEBUG[0m [2mgust_lexer::typechecker::visitor[0m[2m:[0m 🗄️ Stdlib Registered: Alias 'std' maps to prefix 'std_'
[2m2026-06-13T02:06:31.795349Z[0m [34mDEBUG[0m [2mgust_lexer::typechecker::visitor[0m[2m:[0m 🗄️ Import Alias Mapping Registered (Pre-pass): 'token' -> 'token__' (for path 'token.gst')
[2m2026-06-13T02:06:31.795362Z[0m [34mDEBUG[0m [2mgust_lexer::typechecker[0m[2m:[0m 👁️ Namespace Resolution: Lookup 'Lexer' -> Resolved: 'lexer__Lexer' (Current Prefix: 'lexer__')
[2m2026-06-13T02:06:31.795370Z[0m [34mDEBUG[0m [2mgust_lexer::typechecker[0m[2m:[0m 👁️ Namespace Resolution: Lookup 'lexer__Lexer' -> Resolved: 'lexer__Lexer' (Current Prefix: 'lexer__')
[2m2026-06-13T02:06:31.795400Z[0m [34mDEBUG[0m [2mgust_lexer::typechecker[0m[2m:[0m 👁️ Namespace Resolution: Lookup 'lexer__Lexer_ctx' -> Resolved: 'lexer__Lexer_ctx' (Current Prefix: 'lexer__')
[2m2026-06-13T02:06:31.795413Z[0m [34mDEBUG[0m [2mgust_lexer::typechecker::visitor[0m[2m:[0m 🗄️ Function Pre-Registration: Raw name: 'read_char', Namespaced: 'lexer__read_char', Parameter Count: 1, Params: ["l: RawPointer(Struct(\"lexer__Lexer_ctx\", Some(\"ctx\")))"]
[2m2026-06-13T02:06:31.795427Z[0m [34mDEBUG[0m [2mgust_lexer::typechecker[0m[2m:[0m 👁️ Namespace Resolution: Lookup 'Lexer' -> Resolved: 'lexer__Lexer' (Current Prefix: 'lexer__')
[2m2026-06-13T02:06:31.795434Z[0m [34mDEBUG[0m [2mgust_lexer::typechecker[0m[2m:[0m 👁️ Namespace Resolution: Lookup 'lexer__Lexer' -> Resolved: 'lexer__Lexer' (Current Prefix: 'lexer__')
[2m2026-06-13T02:06:31.795448Z[0m [34mDEBUG[0m [2mgust_lexer::typechecker[0m[2m:[0m 👁️ Namespace Resolution: Lookup 'lexer__Lexer_ctx' -> Resolved: 'lexer__Lexer_ctx' (Current Prefix: 'lexer__')
[2m2026-06-13T02:06:31.795458Z[0m [34mDEBUG[0m [2mgust_lexer::typechecker::visitor[0m[2m:[0m 🗄️ Function Pre-Registration: Raw name: 'peek_char', Namespaced: 'lexer__peek_char', Parameter Count: 1, Params: ["l: RawPointer(Struct(\"lexer__Lexer_ctx\", Some(\"ctx\")))"]
[2m2026-06-13T02:06:31.795470Z[0m [34mDEBUG[0m [2mgust_lexer::typechecker[0m[2m:[0m 👁️ Namespace Resolution: Lookup 'Lexer' -> Resolved: 'lexer__Lexer' (Current Prefix: 'lexer__')
[2m2026-06-13T02:06:31.795478Z[0m [34mDEBUG[0m [2mgust_lexer::typechecker[0m[2m:[0m 👁️ Namespace Resolution: Lookup 'lexer__Lexer' -> Resolved: 'lexer__Lexer' (Current Prefix: 'lexer__')
[2m2026-06-13T02:06:31.795491Z[0m [34mDEBUG[0m [2mgust_lexer::typechecker[0m[2m:[0m 👁️ Namespace Resolution: Lookup 'lexer__Lexer_ctx' -> Resolved: 'lexer__Lexer_ctx' (Current Prefix: 'lexer__')
[2m2026-06-13T02:06:31.795500Z[0m [34mDEBUG[0m [2mgust_lexer::typechecker::visitor[0m[2m:[0m 🗄️ Function Pre-Registration: Raw name: 'skip_whitespace', Namespaced: 'lexer__skip_whitespace', Parameter Count: 1, Params: ["l: RawPointer(Struct(\"lexer__Lexer_ctx\", Some(\"ctx\")))"]
[2m2026-06-13T02:06:31.795512Z[0m [34mDEBUG[0m [2mgust_lexer::typechecker[0m[2m:[0m 👁️ Namespace Resolution: Lookup 'Lexer' -> Resolved: 'lexer__Lexer' (Current Prefix: 'lexer__')
[2m2026-06-13T02:06:31.795520Z[0m [34mDEBUG[0m [2mgust_lexer::typechecker[0m[2m:[0m 👁️ Namespace Resolution: Lookup 'lexer__Lexer' -> Resolved: 'lexer__Lexer' (Current Prefix: 'lexer__')
[2m2026-06-13T02:06:31.795533Z[0m [34mDEBUG[0m [2mgust_lexer::typechecker[0m[2m:[0m 👁️ Namespace Resolution: Lookup 'lexer__Lexer_ctx' -> Resolved: 'lexer__Lexer_ctx' (Current Prefix: 'lexer__')
[2m2026-06-13T02:06:31.795543Z[0m [34mDEBUG[0m [2mgust_lexer::typechecker::visitor[0m[2m:[0m 🗄️ Function Pre-Registration: Raw name: 'init_lexer', Namespaced: 'lexer__init_lexer', Parameter Count: 2, Params: ["l: RawPointer(Struct(\"lexer__Lexer_ctx\", Some(\"ctx\")))", "input: Str"]
[2m2026-06-13T02:06:31.795556Z[0m [34mDEBUG[0m [2mgust_lexer::typechecker::visitor[0m[2m:[0m 🗄️ Function Pre-Registration: Raw name: 'is_letter', Namespaced: 'lexer__is_letter', Parameter Count: 1, Params: ["b: Byte"]
[2m2026-06-13T02:06:31.795575Z[0m [34mDEBUG[0m [2mgust_lexer::typechecker::visitor[0m[2m:[0m 🗄️ Function Pre-Registration: Raw name: 'is_digit', Namespaced: 'lexer__is_digit', Parameter Count: 1, Params: ["b: Byte"]
[2m2026-06-13T02:06:31.795585Z[0m [34mDEBUG[0m [2mgust_lexer::typechecker[0m[2m:[0m 👁️ Namespace Resolution: Lookup 'Lexer' -> Resolved: 'lexer__Lexer' (Current Prefix: 'lexer__')
[2m2026-06-13T02:06:31.795594Z[0m [34mDEBUG[0m [2mgust_lexer::typechecker[0m[2m:[0m 👁️ Namespace Resolution: Lookup 'lexer__Lexer' -> Resolved: 'lexer__Lexer' (Current Prefix: 'lexer__')
[2m2026-06-13T02:06:31.795608Z[0m [34mDEBUG[0m [2mgust_lexer::typechecker[0m[2m:[0m 👁️ Namespace Resolution: Lookup 'lexer__Lexer_ctx' -> Resolved: 'lexer__Lexer_ctx' (Current Prefix: 'lexer__')
[2m2026-06-13T02:06:31.795618Z[0m [34mDEBUG[0m [2mgust_lexer::typechecker::visitor[0m[2m:[0m 🗄️ Function Pre-Registration: Raw name: 'read_identifier', Namespaced: 'lexer__read_identifier', Parameter Count: 1, Params: ["l: RawPointer(Struct(\"lexer__Lexer_ctx\", Some(\"ctx\")))"]
[2m2026-06-13T02:06:31.795630Z[0m [34mDEBUG[0m [2mgust_lexer::typechecker[0m[2m:[0m 👁️ Namespace Resolution: Lookup 'Lexer' -> Resolved: 'lexer__Lexer' (Current Prefix: 'lexer__')
[2m2026-06-13T02:06:31.795638Z[0m [34mDEBUG[0m [2mgust_lexer::typechecker[0m[2m:[0m 👁️ Namespace Resolution: Lookup 'lexer__Lexer' -> Resolved: 'lexer__Lexer' (Current Prefix: 'lexer__')
[2m2026-06-13T02:06:31.795651Z[0m [34mDEBUG[0m [2mgust_lexer::typechecker[0m[2m:[0m 👁️ Namespace Resolution: Lookup 'lexer__Lexer_ctx' -> Resolved: 'lexer__Lexer_ctx' (Current Prefix: 'lexer__')
[2m2026-06-13T02:06:31.795660Z[0m [34mDEBUG[0m [2mgust_lexer::typechecker::visitor[0m[2m:[0m 🗄️ Function Pre-Registration: Raw name: 'read_number', Namespaced: 'lexer__read_number', Parameter Count: 1, Params: ["l: RawPointer(Struct(\"lexer__Lexer_ctx\", Some(\"ctx\")))"]
[2m2026-06-13T02:06:31.795672Z[0m [34mDEBUG[0m [2mgust_lexer::typechecker[0m[2m:[0m 👁️ Namespace Resolution: Lookup 'Lexer' -> Resolved: 'lexer__Lexer' (Current Prefix: 'lexer__')
[2m2026-06-13T02:06:31.795682Z[0m [34mDEBUG[0m [2mgust_lexer::typechecker[0m[2m:[0m 👁️ Namespace Resolution: Lookup 'lexer__Lexer' -> Resolved: 'lexer__Lexer' (Current Prefix: 'lexer__')
[2m2026-06-13T02:06:31.795695Z[0m [34mDEBUG[0m [2mgust_lexer::typechecker[0m[2m:[0m 👁️ Namespace Resolution: Lookup 'lexer__Lexer_ctx' -> Resolved: 'lexer__Lexer_ctx' (Current Prefix: 'lexer__')
[2m2026-06-13T02:06:31.795707Z[0m [34mDEBUG[0m [2mgust_lexer::typechecker::visitor[0m[2m:[0m 🗄️ Function Pre-Registration: Raw name: 'read_string', Namespaced: 'lexer__read_string', Parameter Count: 1, Params: ["l: RawPointer(Struct(\"lexer__Lexer_ctx\", Some(\"ctx\")))"]
[2m2026-06-13T02:06:31.795721Z[0m [34mDEBUG[0m [2mgust_lexer::typechecker[0m[2m:[0m 👁️ Namespace Resolution: Lookup 'token.TokenType' -> Resolved: 'token__TokenType' (Current Prefix: 'lexer__')
[2m2026-06-13T02:06:31.795727Z[0m [34mDEBUG[0m [2mgust_lexer::typechecker[0m[2m:[0m 👁️ Namespace Resolution: Lookup 'token__TokenType' -> Resolved: 'token__TokenType' (Current Prefix: 'lexer__')
[2m2026-06-13T02:06:31.795733Z[0m [34mDEBUG[0m [2mgust_lexer::typechecker::visitor[0m[2m:[0m 🗄️ Function Pre-Registration: Raw name: 'lookup_ident', Namespaced: 'lexer__lookup_ident', Parameter Count: 1, Params: ["literal: Str"]
[2m2026-06-13T02:06:31.795740Z[0m [34mDEBUG[0m [2mgust_lexer::typechecker[0m[2m:[0m 👁️ Namespace Resolution: Lookup 'Lexer' -> Resolved: 'lexer__Lexer' (Current Prefix: 'lexer__')
[2m2026-06-13T02:06:31.795746Z[0m [34mDEBUG[0m [2mgust_lexer::typechecker[0m[2m:[0m 👁️ Namespace Resolution: Lookup 'lexer__Lexer' -> Resolved: 'lexer__Lexer' (Current Prefix: 'lexer__')
[2m2026-06-13T02:06:31.795755Z[0m [34mDEBUG[0m [2mgust_lexer::typechecker[0m[2m:[0m 👁️ Namespace Resolution: Lookup 'lexer__Lexer_ctx' -> Resolved: 'lexer__Lexer_ctx' (Current Prefix: 'lexer__')
[2m2026-06-13T02:06:31.795762Z[0m [34mDEBUG[0m [2mgust_lexer::typechecker[0m[2m:[0m 👁️ Namespace Resolution: Lookup 'token.Token' -> Resolved: 'token__Token' (Current Prefix: 'lexer__')
[2m2026-06-13T02:06:31.795767Z[0m [34mDEBUG[0m [2mgust_lexer::typechecker[0m[2m:[0m 👁️ Namespace Resolution: Lookup 'token__Token' -> Resolved: 'token__Token' (Current Prefix: 'lexer__')
[2m2026-06-13T02:06:31.795778Z[0m [34mDEBUG[0m [2mgust_lexer::typechecker[0m[2m:[0m 👁️ Namespace Resolution: Lookup 'TokenType' -> Resolved: 'token__TokenType' (Current Prefix: 'token__')
[2m2026-06-13T02:06:31.795786Z[0m [34mDEBUG[0m [2mgust_lexer::typechecker[0m[2m:[0m 👁️ Namespace Resolution: Lookup 'Span' -> Resolved: 'token__Span' (Current Prefix: 'token__')
[2m2026-06-13T02:06:31.795793Z[0m [34mDEBUG[0m [2mgust_lexer::typechecker[0m[2m:[0m 👁️ Namespace Resolution: Lookup 'token__Token_ctx' -> Resolved: 'token__Token_ctx' (Current Prefix: 'lexer__')
[2m2026-06-13T02:06:31.795800Z[0m [34mDEBUG[0m [2mgust_lexer::typechecker::visitor[0m[2m:[0m 🗄️ Function Pre-Registration: Raw name: 'next_token', Namespaced: 'lexer__next_token', Parameter Count: 2, Params: ["l: RawPointer(Struct(\"lexer__Lexer_ctx\", Some(\"ctx\")))", "tok: RawPointer(Struct(\"token__Token_ctx\", Some(\"ctx\")))"]
[2m2026-06-13T02:06:31.795810Z[0m [34mDEBUG[0m [2mgust_lexer::typechecker[0m[2m:[0m 👁️ Namespace Resolution: Lookup 'Lexer' -> Resolved: 'lexer__Lexer' (Current Prefix: 'lexer__')
[2m2026-06-13T02:06:31.795815Z[0m [34mDEBUG[0m [2mgust_lexer::typechecker[0m[2m:[0m 👁️ Namespace Resolution: Lookup 'lexer__Lexer' -> Resolved: 'lexer__Lexer' (Current Prefix: 'lexer__')
[2m2026-06-13T02:06:31.795830Z[0m [34mDEBUG[0m [2mgust_lexer::typechecker[0m[2m:[0m 👁️ Namespace Resolution: Lookup 'lexer__Lexer_ctx' -> Resolved: 'lexer__Lexer_ctx' (Current Prefix: 'lexer__')
[2m2026-06-13T02:06:31.795837Z[0m [34mDEBUG[0m [2mgust_lexer::typechecker[0m[2m:[0m 👁️ Namespace Resolution: Lookup 'token.Token' -> Resolved: 'token__Token' (Current Prefix: 'lexer__')
[2m2026-06-13T02:06:31.795850Z[0m [34mDEBUG[0m [2mgust_lexer::typechecker[0m[2m:[0m 👁️ Namespace Resolution: Lookup 'token__Token_ctx' -> Resolved: 'token__Token_ctx' (Current Prefix: 'lexer__')
[2m2026-06-13T02:06:31.795858Z[0m [34mDEBUG[0m [2mgust_lexer::typechecker::visitor[0m[2m:[0m 🗄️ Function Pre-Registration: Raw name: 'next_token', Namespaced: 'lexer__next_token', Parameter Count: 1, Params: ["l: RawPointer(Struct(\"lexer__Lexer_ctx\", Some(\"ctx\")))"]
[2m2026-06-13T02:06:31.796132Z[0m [34mDEBUG[0m [2mgust_lexer::typechecker::visitor[0m[2m:[0m 🗄️ Import Alias Mapping Registered (Statement Pass): 'token' -> 'token__' (for path 'token.gst')
[2m2026-06-13T02:06:31.796140Z[0m [34mDEBUG[0m [2mgust_lexer::typechecker[0m[2m:[0m 👁️ Namespace Resolution: Lookup 'Lexer' -> Resolved: 'lexer__Lexer' (Current Prefix: 'lexer__')
[2m2026-06-13T02:06:31.796146Z[0m [34mDEBUG[0m [2mgust_lexer::typechecker[0m[2m:[0m 👁️ Namespace Resolution: Lookup 'lexer__Lexer' -> Resolved: 'lexer__Lexer' (Current Prefix: 'lexer__')
[2m2026-06-13T02:06:31.796248Z[0m [34mDEBUG[0m [2mgust_lexer::typechecker[0m[2m:[0m 👁️ Namespace Resolution: Lookup 'len' -> Resolved: 'len' (Current Prefix: 'lexer__')
[2m2026-06-13T02:06:31.796255Z[0m [34mDEBUG[0m [2mgust_lexer::typechecker::visitor[0m[2m:[0m 👁️ Expression::Call Evaluation Start: Raw Function: 'len', Resolved: 'len', Registry Has Key: false
[2m2026-06-13T02:06:31.796296Z[0m [34mDEBUG[0m [2mgust_lexer::typechecker[0m[2m:[0m 👁️ Namespace Resolution: Lookup 'std.str_byte_at' -> Resolved: 'std_str_byte_at' (Current Prefix: 'lexer__')
[2m2026-06-13T02:06:31.796305Z[0m [34mDEBUG[0m [2mgust_lexer::typechecker::visitor[0m[2m:[0m 👁️ Expression::Call Evaluation Start: Raw Function: 'std.str_byte_at', Resolved: 'std_str_byte_at', Registry Has Key: true
[2m2026-06-13T02:06:31.796318Z[0m [34mDEBUG[0m [2mgust_lexer::typechecker::visitor[0m[2m:[0m 👁️ Call-Site Verification: Raw Function: 'std.str_byte_at', Resolved: 'std_str_byte_at', Expected Params Count: 2, Expected Params: [Str, Int], Actual Args: [("l.input", Str), ("l.read_position", Int)]
[2m2026-06-13T02:06:31.796331Z[0m [34mDEBUG[0m [2mgust_lexer::typechecker[0m[2m:[0m 👁️ Namespace Resolution: Lookup 'std.str_byte_at' -> Resolved: 'std_str_byte_at' (Current Prefix: 'lexer__')
[2m2026-06-13T02:06:31.796378Z[0m [34mDEBUG[0m [2mgust_lexer::typechecker[0m[2m:[0m 👁️ Namespace Resolution: Lookup 'Lexer' -> Resolved: 'lexer__Lexer' (Current Prefix: 'lexer__')
[2m2026-06-13T02:06:31.796384Z[0m [34mDEBUG[0m [2mgust_lexer::typechecker[0m[2m:[0m 👁️ Namespace Resolution: Lookup 'lexer__Lexer' -> Resolved: 'lexer__Lexer' (Current Prefix: 'lexer__')
[2m2026-06-13T02:06:31.796396Z[0m [34mDEBUG[0m [2mgust_lexer::typechecker[0m[2m:[0m 👁️ Namespace Resolution: Lookup 'len' -> Resolved: 'len' (Current Prefix: 'lexer__')
[2m2026-06-13T02:06:31.796401Z[0m [34mDEBUG[0m [2mgust_lexer::typechecker::visitor[0m[2m:[0m 👁️ Expression::Call Evaluation Start: Raw Function: 'len', Resolved: 'len', Registry Has Key: false
[2m2026-06-13T02:06:31.796433Z[0m [34mDEBUG[0m [2mgust_lexer::typechecker[0m[2m:[0m 👁️ Namespace Resolution: Lookup 'std.str_byte_at' -> Resolved: 'std_str_byte_at' (Current Prefix: 'lexer__')
[2m2026-06-13T02:06:31.796439Z[0m [34mDEBUG[0m [2mgust_lexer::typechecker::visitor[0m[2m:[0m 👁️ Expression::Call Evaluation Start: Raw Function: 'std.str_byte_at', Resolved: 'std_str_byte_at', Registry Has Key: true
[2m2026-06-13T02:06:31.796451Z[0m [34mDEBUG[0m [2mgust_lexer::typechecker::visitor[0m[2m:[0m 👁️ Call-Site Verification: Raw Function: 'std.str_byte_at', Resolved: 'std_str_byte_at', Expected Params Count: 2, Expected Params: [Str, Int], Actual Args: [("l.input", Str), ("l.read_position", Int)]
[2m2026-06-13T02:06:31.796461Z[0m [34mDEBUG[0m [2mgust_lexer::typechecker[0m[2m:[0m 👁️ Namespace Resolution: Lookup 'std.str_byte_at' -> Resolved: 'std_str_byte_at' (Current Prefix: 'lexer__')
[2m2026-06-13T02:06:31.796473Z[0m [34mDEBUG[0m [2mgust_lexer::typechecker[0m[2m:[0m 👁️ Namespace Resolution: Lookup 'Lexer' -> Resolved: 'lexer__Lexer' (Current Prefix: 'lexer__')
[2m2026-06-13T02:06:31.796479Z[0m [34mDEBUG[0m [2mgust_lexer::typechecker[0m[2m:[0m 👁️ Namespace Resolution: Lookup 'lexer__Lexer' -> Resolved: 'lexer__Lexer' (Current Prefix: 'lexer__')
[2m2026-06-13T02:06:31.796491Z[0m [34mDEBUG[0m [2mgust_lexer::typechecker[0m[2m:[0m 👁️ Namespace Resolution: Lookup 'std.is_whitespace' -> Resolved: 'std_is_whitespace' (Current Prefix: 'lexer__')
[2m2026-06-13T02:06:31.796497Z[0m [34mDEBUG[0m [2mgust_lexer::typechecker::visitor[0m[2m:[0m 👁️ Expression::Call Evaluation Start: Raw Function: 'std.is_whitespace', Resolved: 'std_is_whitespace', Registry Has Key: true
[2m2026-06-13T02:06:31.796506Z[0m [34mDEBUG[0m [2mgust_lexer::typechecker::visitor[0m[2m:[0m 👁️ Call-Site Verification: Raw Function: 'std.is_whitespace', Resolved: 'std_is_whitespace', Expected Params Count: 1, Expected Params: [Byte], Actual Args: [("l.ch", Byte)]
[2m2026-06-13T02:06:31.796515Z[0m [34mDEBUG[0m [2mgust_lexer::typechecker[0m[2m:[0m 👁️ Namespace Resolution: Lookup 'read_char' -> Resolved: 'lexer__read_char' (Current Prefix: 'lexer__')
[2m2026-06-13T02:06:31.796521Z[0m [34mDEBUG[0m [2mgust_lexer::typechecker::visitor[0m[2m:[0m 👁️ Expression::Call Evaluation Start: Raw Function: 'read_char', Resolved: 'lexer__read_char', Registry Has Key: true
[2m2026-06-13T02:06:31.796553Z[0m [34mDEBUG[0m [2mgust_lexer::typechecker[0m[2m:[0m 👁️ Namespace Resolution: Lookup 'lexer__Lexer_ctx' -> Resolved: 'lexer__Lexer_ctx' (Current Prefix: 'lexer__')
[2m2026-06-13T02:06:31.796559Z[0m [34mDEBUG[0m [2mgust_lexer::typechecker[0m[2m:[0m 👁️ Namespace Resolution: Lookup 'lexer__Lexer_ctx' -> Resolved: 'lexer__Lexer_ctx' (Current Prefix: 'lexer__')
[2m2026-06-13T02:06:31.796566Z[0m [34mDEBUG[0m [2mgust_lexer::typechecker::visitor[0m[2m:[0m 👁️ Call-Site Verification: Raw Function: 'read_char', Resolved: 'lexer__read_char', Expected Params Count: 1, Expected Params: [RawPointer(Struct("lexer__Lexer_ctx", Some("ctx")))], Actual Args: [("l", RawPointer(Struct("lexer__Lexer_ctx", Some("ctx"))))]
[2m2026-06-13T02:06:31.796581Z[0m [34mDEBUG[0m [2mgust_lexer::typechecker[0m[2m:[0m 👁️ Namespace Resolution: Lookup 'Lexer' -> Resolved: 'lexer__Lexer' (Current Prefix: 'lexer__')
[2m2026-06-13T02:06:31.796588Z[0m [34mDEBUG[0m [2mgust_lexer::typechecker[0m[2m:[0m 👁️ Namespace Resolution: Lookup 'lexer__Lexer' -> Resolved: 'lexer__Lexer' (Current Prefix: 'lexer__')
[2m2026-06-13T02:06:31.796647Z[0m [34mDEBUG[0m [2mgust_lexer::typechecker[0m[2m:[0m 👁️ Namespace Resolution: Lookup 'read_char' -> Resolved: 'lexer__read_char' (Current Prefix: 'lexer__')
[2m2026-06-13T02:06:31.796655Z[0m [34mDEBUG[0m [2mgust_lexer::typechecker::visitor[0m[2m:[0m 👁️ Expression::Call Evaluation Start: Raw Function: 'read_char', Resolved: 'lexer__read_char', Registry Has Key: true
[2m2026-06-13T02:06:31.796667Z[0m [34mDEBUG[0m [2mgust_lexer::typechecker[0m[2m:[0m 👁️ Namespace Resolution: Lookup 'lexer__Lexer_ctx' -> Resolved: 'lexer__Lexer_ctx' (Current Prefix: 'lexer__')
[2m2026-06-13T02:06:31.796675Z[0m [34mDEBUG[0m [2mgust_lexer::typechecker[0m[2m:[0m 👁️ Namespace Resolution: Lookup 'lexer__Lexer_ctx' -> Resolved: 'lexer__Lexer_ctx' (Current Prefix: 'lexer__')
[2m2026-06-13T02:06:31.796684Z[0m [34mDEBUG[0m [2mgust_lexer::typechecker::visitor[0m[2m:[0m 👁️ Call-Site Verification: Raw Function: 'read_char', Resolved: 'lexer__read_char', Expected Params Count: 1, Expected Params: [RawPointer(Struct("lexer__Lexer_ctx", Some("ctx")))], Actual Args: [("l", RawPointer(Struct("lexer__Lexer_ctx", Some("ctx"))))]
[2m2026-06-13T02:06:31.796707Z[0m [34mDEBUG[0m [2mgust_lexer::typechecker[0m[2m:[0m 👁️ Namespace Resolution: Lookup 'std.is_alpha' -> Resolved: 'std_is_alpha' (Current Prefix: 'lexer__')
[2m2026-06-13T02:06:31.796714Z[0m [34mDEBUG[0m [2mgust_lexer::typechecker::visitor[0m[2m:[0m 👁️ Expression::Call Evaluation Start: Raw Function: 'std.is_alpha', Resolved: 'std_is_alpha', Registry Has Key: true
[2m2026-06-13T02:06:31.796726Z[0m [34mDEBUG[0m [2mgust_lexer::typechecker::visitor[0m[2m:[0m 👁️ Call-Site Verification: Raw Function: 'std.is_alpha', Resolved: 'std_is_alpha', Expected Params Count: 1, Expected Params: [Byte], Actual Args: [("b", Byte)]
[2m2026-06-13T02:06:31.796737Z[0m [34mDEBUG[0m [2mgust_lexer::typechecker[0m[2m:[0m 👁️ Namespace Resolution: Lookup 'std.is_alpha' -> Resolved: 'std_is_alpha' (Current Prefix: 'lexer__')
[2m2026-06-13T02:06:31.796753Z[0m [34mDEBUG[0m [2mgust_lexer::typechecker[0m[2m:[0m 👁️ Namespace Resolution: Lookup 'std.is_digit' -> Resolved: 'std_is_digit' (Current Prefix: 'lexer__')
[2m2026-06-13T02:06:31.796761Z[0m [34mDEBUG[0m [2mgust_lexer::typechecker::visitor[0m[2m:[0m 👁️ Expression::Call Evaluation Start: Raw Function: 'std.is_digit', Resolved: 'std_is_digit', Registry Has Key: true
[2m2026-06-13T02:06:31.796773Z[0m [34mDEBUG[0m [2mgust_lexer::typechecker::visitor[0m[2m:[0m 👁️ Call-Site Verification: Raw Function: 'std.is_digit', Resolved: 'std_is_digit', Expected Params Count: 1, Expected Params: [Byte], Actual Args: [("b", Byte)]
[2m2026-06-13T02:06:31.796784Z[0m [34mDEBUG[0m [2mgust_lexer::typechecker[0m[2m:[0m 👁️ Namespace Resolution: Lookup 'std.is_digit' -> Resolved: 'std_is_digit' (Current Prefix: 'lexer__')
[2m2026-06-13T02:06:31.796796Z[0m [34mDEBUG[0m [2mgust_lexer::typechecker[0m[2m:[0m 👁️ Namespace Resolution: Lookup 'Lexer' -> Resolved: 'lexer__Lexer' (Current Prefix: 'lexer__')
[2m2026-06-13T02:06:31.796804Z[0m [34mDEBUG[0m [2mgust_lexer::typechecker[0m[2m:[0m 👁️ Namespace Resolution: Lookup 'lexer__Lexer' -> Resolved: 'lexer__Lexer' (Current Prefix: 'lexer__')
[2m2026-06-13T02:06:31.796835Z[0m [34mDEBUG[0m [2mgust_lexer::typechecker[0m[2m:[0m 👁️ Namespace Resolution: Lookup 'is_letter' -> Resolved: 'lexer__is_letter' (Current Prefix: 'lexer__')
[2m2026-06-13T02:06:31.796843Z[0m [34mDEBUG[0m [2mgust_lexer::typechecker::visitor[0m[2m:[0m 👁️ Expression::Call Evaluation Start: Raw Function: 'is_letter', Resolved: 'lexer__is_letter', Registry Has Key: true
[2m2026-06-13T02:06:31.796856Z[0m [34mDEBUG[0m [2mgust_lexer::typechecker::visitor[0m[2m:[0m 👁️ Call-Site Verification: Raw Function: 'is_letter', Resolved: 'lexer__is_letter', Expected Params Count: 1, Expected Params: [Byte], Actual Args: [("l.ch", Byte)]
[2m2026-06-13T02:06:31.796869Z[0m [34mDEBUG[0m [2mgust_lexer::typechecker[0m[2m:[0m 👁️ Namespace Resolution: Lookup 'read_char' -> Resolved: 'lexer__read_char' (Current Prefix: 'lexer__')
[2m2026-06-13T02:06:31.796877Z[0m [34mDEBUG[0m [2mgust_lexer::typechecker::visitor[0m[2m:[0m 👁️ Expression::Call Evaluation Start: Raw Function: 'read_char', Resolved: 'lexer__read_char', Registry Has Key: true
[2m2026-06-13T02:06:31.796889Z[0m [34mDEBUG[0m [2mgust_lexer::typechecker[0m[2m:[0m 👁️ Namespace Resolution: Lookup 'lexer__Lexer_ctx' -> Resolved: 'lexer__Lexer_ctx' (Current Prefix: 'lexer__')
[2m2026-06-13T02:06:31.796897Z[0m [34mDEBUG[0m [2mgust_lexer::typechecker[0m[2m:[0m 👁️ Namespace Resolution: Lookup 'lexer__Lexer_ctx' -> Resolved: 'lexer__Lexer_ctx' (Current Prefix: 'lexer__')
[2m2026-06-13T02:06:31.796906Z[0m [34mDEBUG[0m [2mgust_lexer::typechecker::visitor[0m[2m:[0m 👁️ Call-Site Verification: Raw Function: 'read_char', Resolved: 'lexer__read_char', Expected Params Count: 1, Expected Params: [RawPointer(Struct("lexer__Lexer_ctx", Some("ctx")))], Actual Args: [("l", RawPointer(Struct("lexer__Lexer_ctx", Some("ctx"))))]
[2m2026-06-13T02:06:31.796924Z[0m [34mDEBUG[0m [2mgust_lexer::typechecker[0m[2m:[0m 👁️ Namespace Resolution: Lookup 'is_digit' -> Resolved: 'lexer__is_digit' (Current Prefix: 'lexer__')
[2m2026-06-13T02:06:31.796932Z[0m [34mDEBUG[0m [2mgust_lexer::typechecker::visitor[0m[2m:[0m 👁️ Expression::Call Evaluation Start: Raw Function: 'is_digit', Resolved: 'lexer__is_digit', Registry Has Key: true
[2m2026-06-13T02:06:31.796945Z[0m [34mDEBUG[0m [2mgust_lexer::typechecker::visitor[0m[2m:[0m 👁️ Call-Site Verification: Raw Function: 'is_digit', Resolved: 'lexer__is_digit', Expected Params Count: 1, Expected Params: [Byte], Actual Args: [("l.ch", Byte)]
[2m2026-06-13T02:06:31.796957Z[0m [34mDEBUG[0m [2mgust_lexer::typechecker[0m[2m:[0m 👁️ Namespace Resolution: Lookup 'read_char' -> Resolved: 'lexer__read_char' (Current Prefix: 'lexer__')
[2m2026-06-13T02:06:31.796965Z[0m [34mDEBUG[0m [2mgust_lexer::typechecker::visitor[0m[2m:[0m 👁️ Expression::Call Evaluation Start: Raw Function: 'read_char', Resolved: 'lexer__read_char', Registry Has Key: true
[2m2026-06-13T02:06:31.796976Z[0m [34mDEBUG[0m [2mgust_lexer::typechecker[0m[2m:[0m 👁️ Namespace Resolution: Lookup 'lexer__Lexer_ctx' -> Resolved: 'lexer__Lexer_ctx' (Current Prefix: 'lexer__')
[2m2026-06-13T02:06:31.796984Z[0m [34mDEBUG[0m [2mgust_lexer::typechecker[0m[2m:[0m 👁️ Namespace Resolution: Lookup 'lexer__Lexer_ctx' -> Resolved: 'lexer__Lexer_ctx' (Current Prefix: 'lexer__')
[2m2026-06-13T02:06:31.796993Z[0m [34mDEBUG[0m [2mgust_lexer::typechecker::visitor[0m[2m:[0m 👁️ Call-Site Verification: Raw Function: 'read_char', Resolved: 'lexer__read_char', Expected Params Count: 1, Expected Params: [RawPointer(Struct("lexer__Lexer_ctx", Some("ctx")))], Actual Args: [("l", RawPointer(Struct("lexer__Lexer_ctx", Some("ctx"))))]
[2m2026-06-13T02:06:31.797057Z[0m [34mDEBUG[0m [2mgust_lexer::typechecker[0m[2m:[0m 👁️ Namespace Resolution: Lookup 'std.str_slice' -> Resolved: 'std_str_slice' (Current Prefix: 'lexer__')
[2m2026-06-13T02:06:31.797065Z[0m [34mDEBUG[0m [2mgust_lexer::typechecker::visitor[0m[2m:[0m 👁️ Expression::Call Evaluation Start: Raw Function: 'std.str_slice', Resolved: 'std_str_slice', Registry Has Key: true
[2m2026-06-13T02:06:31.797084Z[0m [34mDEBUG[0m [2mgust_lexer::typechecker::visitor[0m[2m:[0m 👁️ Call-Site Verification: Raw Function: 'std.str_slice', Resolved: 'std_str_slice', Expected Params Count: 3, Expected Params: [Str, Int, Int], Actual Args: [("l.input", Str), ("start_pos", Int), ("l.position", Int)]
[2m2026-06-13T02:06:31.797097Z[0m [34mDEBUG[0m [2mgust_lexer::typechecker[0m[2m:[0m 👁️ Namespace Resolution: Lookup 'std.str_slice' -> Resolved: 'std_str_slice' (Current Prefix: 'lexer__')
[2m2026-06-13T02:06:31.797945Z[0m [34mDEBUG[0m [2mgust_lexer::typechecker[0m[2m:[0m 👁️ Namespace Resolution: Lookup 'Lexer' -> Resolved: 'lexer__Lexer' (Current Prefix: 'lexer__')
[2m2026-06-13T02:06:31.797955Z[0m [34mDEBUG[0m [2mgust_lexer::typechecker[0m[2m:[0m 👁️ Namespace Resolution: Lookup 'lexer__Lexer' -> Resolved: 'lexer__Lexer' (Current Prefix: 'lexer__')
[2m2026-06-13T02:06:31.797981Z[0m [34mDEBUG[0m [2mgust_lexer::typechecker[0m[2m:[0m 👁️ Namespace Resolution: Lookup 'is_digit' -> Resolved: 'lexer__is_digit' (Current Prefix: 'lexer__')
[2m2026-06-13T02:06:31.797989Z[0m [34mDEBUG[0m [2mgust_lexer::typechecker::visitor[0m[2m:[0m 👁️ Expression::Call Evaluation Start: Raw Function: 'is_digit', Resolved: 'lexer__is_digit', Registry Has Key: true
[2m2026-06-13T02:06:31.798001Z[0m [34mDEBUG[0m [2mgust_lexer::typechecker::visitor[0m[2m:[0m 👁️ Call-Site Verification: Raw Function: 'is_digit', Resolved: 'lexer__is_digit', Expected Params Count: 1, Expected Params: [Byte], Actual Args: [("l.ch", Byte)]
[2m2026-06-13T02:06:31.798009Z[0m [34mDEBUG[0m [2mgust_lexer::typechecker[0m[2m:[0m 👁️ Namespace Resolution: Lookup 'read_char' -> Resolved: 'lexer__read_char' (Current Prefix: 'lexer__')
[2m2026-06-13T02:06:31.798015Z[0m [34mDEBUG[0m [2mgust_lexer::typechecker::visitor[0m[2m:[0m 👁️ Expression::Call Evaluation Start: Raw Function: 'read_char', Resolved: 'lexer__read_char', Registry Has Key: true
[2m2026-06-13T02:06:31.798023Z[0m [34mDEBUG[0m [2mgust_lexer::typechecker[0m[2m:[0m 👁️ Namespace Resolution: Lookup 'lexer__Lexer_ctx' -> Resolved: 'lexer__Lexer_ctx' (Current Prefix: 'lexer__')
[2m2026-06-13T02:06:31.798029Z[0m [34mDEBUG[0m [2mgust_lexer::typechecker[0m[2m:[0m 👁️ Namespace Resolution: Lookup 'lexer__Lexer_ctx' -> Resolved: 'lexer__Lexer_ctx' (Current Prefix: 'lexer__')
[2m2026-06-13T02:06:31.798036Z[0m [34mDEBUG[0m [2mgust_lexer::typechecker::visitor[0m[2m:[0m 👁️ Call-Site Verification: Raw Function: 'read_char', Resolved: 'lexer__read_char', Expected Params Count: 1, Expected Params: [RawPointer(Struct("lexer__Lexer_ctx", Some("ctx")))], Actual Args: [("l", RawPointer(Struct("lexer__Lexer_ctx", Some("ctx"))))]
[2m2026-06-13T02:06:31.798047Z[0m [34mDEBUG[0m [2mgust_lexer::typechecker[0m[2m:[0m 👁️ Namespace Resolution: Lookup 'std.str_slice' -> Resolved: 'std_str_slice' (Current Prefix: 'lexer__')
[2m2026-06-13T02:06:31.798053Z[0m [34mDEBUG[0m [2mgust_lexer::typechecker::visitor[0m[2m:[0m 👁️ Expression::Call Evaluation Start: Raw Function: 'std.str_slice', Resolved: 'std_str_slice', Registry Has Key: true
[2m2026-06-13T02:06:31.798066Z[0m [34mDEBUG[0m [2mgust_lexer::typechecker::visitor[0m[2m:[0m 👁️ Call-Site Verification: Raw Function: 'std.str_slice', Resolved: 'std_str_slice', Expected Params Count: 3, Expected Params: [Str, Int, Int], Actual Args: [("l.input", Str), ("start_pos", Int), ("l.position", Int)]
[2m2026-06-13T02:06:31.798076Z[0m [34mDEBUG[0m [2mgust_lexer::typechecker[0m[2m:[0m 👁️ Namespace Resolution: Lookup 'std.str_slice' -> Resolved: 'std_str_slice' (Current Prefix: 'lexer__')
[2m2026-06-13T02:06:31.798089Z[0m [34mDEBUG[0m [2mgust_lexer::typechecker[0m[2m:[0m 👁️ Namespace Resolution: Lookup 'Lexer' -> Resolved: 'lexer__Lexer' (Current Prefix: 'lexer__')
[2m2026-06-13T02:06:31.798095Z[0m [34mDEBUG[0m [2mgust_lexer::typechecker[0m[2m:[0m 👁️ Namespace Resolution: Lookup 'lexer__Lexer' -> Resolved: 'lexer__Lexer' (Current Prefix: 'lexer__')
[2m2026-06-13T02:06:31.798117Z[0m [34mDEBUG[0m [2mgust_lexer::typechecker[0m[2m:[0m 👁️ Namespace Resolution: Lookup 'read_char' -> Resolved: 'lexer__read_char' (Current Prefix: 'lexer__')
[2m2026-06-13T02:06:31.798123Z[0m [34mDEBUG[0m [2mgust_lexer::typechecker::visitor[0m[2m:[0m 👁️ Expression::Call Evaluation Start: Raw Function: 'read_char', Resolved: 'lexer__read_char', Registry Has Key: true
[2m2026-06-13T02:06:31.798131Z[0m [34mDEBUG[0m [2mgust_lexer::typechecker[0m[2m:[0m 👁️ Namespace Resolution: Lookup 'lexer__Lexer_ctx' -> Resolved: 'lexer__Lexer_ctx' (Current Prefix: 'lexer__')
[2m2026-06-13T02:06:31.798137Z[0m [34mDEBUG[0m [2mgust_lexer::typechecker[0m[2m:[0m 👁️ Namespace Resolution: Lookup 'lexer__Lexer_ctx' -> Resolved: 'lexer__Lexer_ctx' (Current Prefix: 'lexer__')
[2m2026-06-13T02:06:31.798143Z[0m [34mDEBUG[0m [2mgust_lexer::typechecker::visitor[0m[2m:[0m 👁️ Call-Site Verification: Raw Function: 'read_char', Resolved: 'lexer__read_char', Expected Params Count: 1, Expected Params: [RawPointer(Struct("lexer__Lexer_ctx", Some("ctx")))], Actual Args: [("l", RawPointer(Struct("lexer__Lexer_ctx", Some("ctx"))))]
[2m2026-06-13T02:06:31.798194Z[0m [34mDEBUG[0m [2mgust_lexer::typechecker[0m[2m:[0m 👁️ Namespace Resolution: Lookup 'std.str_slice' -> Resolved: 'std_str_slice' (Current Prefix: 'lexer__')
[2m2026-06-13T02:06:31.798200Z[0m [34mDEBUG[0m [2mgust_lexer::typechecker::visitor[0m[2m:[0m 👁️ Expression::Call Evaluation Start: Raw Function: 'std.str_slice', Resolved: 'std_str_slice', Registry Has Key: true
[2m2026-06-13T02:06:31.798214Z[0m [34mDEBUG[0m [2mgust_lexer::typechecker::visitor[0m[2m:[0m 👁️ Call-Site Verification: Raw Function: 'std.str_slice', Resolved: 'std_str_slice', Expected Params Count: 3, Expected Params: [Str, Int, Int], Actual Args: [("l.input", Str), ("start_pos", Int), ("l.position", Int)]
[2m2026-06-13T02:06:31.798223Z[0m [34mDEBUG[0m [2mgust_lexer::typechecker[0m[2m:[0m 👁️ Namespace Resolution: Lookup 'std.str_slice' -> Resolved: 'std_str_slice' (Current Prefix: 'lexer__')
[2m2026-06-13T02:06:31.798238Z[0m [34mDEBUG[0m [2mgust_lexer::typechecker[0m[2m:[0m 👁️ Namespace Resolution: Lookup 'read_char' -> Resolved: 'lexer__read_char' (Current Prefix: 'lexer__')
[2m2026-06-13T02:06:31.798244Z[0m [34mDEBUG[0m [2mgust_lexer::typechecker::visitor[0m[2m:[0m 👁️ Expression::Call Evaluation Start: Raw Function: 'read_char', Resolved: 'lexer__read_char', Registry Has Key: true
[2m2026-06-13T02:06:31.798254Z[0m [34mDEBUG[0m [2mgust_lexer::typechecker[0m[2m:[0m 👁️ Namespace Resolution: Lookup 'lexer__Lexer_ctx' -> Resolved: 'lexer__Lexer_ctx' (Current Prefix: 'lexer__')
[2m2026-06-13T02:06:31.798261Z[0m [34mDEBUG[0m [2mgust_lexer::typechecker[0m[2m:[0m 👁️ Namespace Resolution: Lookup 'lexer__Lexer_ctx' -> Resolved: 'lexer__Lexer_ctx' (Current Prefix: 'lexer__')
[2m2026-06-13T02:06:31.798268Z[0m [34mDEBUG[0m [2mgust_lexer::typechecker::visitor[0m[2m:[0m 👁️ Call-Site Verification: Raw Function: 'read_char', Resolved: 'lexer__read_char', Expected Params Count: 1, Expected Params: [RawPointer(Struct("lexer__Lexer_ctx", Some("ctx")))], Actual Args: [("l", RawPointer(Struct("lexer__Lexer_ctx", Some("ctx"))))]
[2m2026-06-13T02:06:31.798297Z[0m [34mDEBUG[0m [2mgust_lexer::typechecker[0m[2m:[0m 👁️ Namespace Resolution: Lookup 'token.TokenType' -> Resolved: 'token__TokenType' (Current Prefix: 'lexer__')
[2m2026-06-13T02:06:31.798307Z[0m [34mDEBUG[0m [2mgust_lexer::typechecker[0m[2m:[0m 👁️ Namespace Resolution: Lookup 'token.TokenType' -> Resolved: 'token__TokenType' (Current Prefix: 'lexer__')
[2m2026-06-13T02:06:31.798315Z[0m [34mDEBUG[0m [2mgust_lexer::typechecker[0m[2m:[0m 👁️ Namespace Resolution: Lookup 'token__TokenType' -> Resolved: 'token__TokenType' (Current Prefix: 'lexer__')
[2m2026-06-13T02:06:31.798327Z[0m [34mDEBUG[0m [2mgust_lexer::typechecker[0m[2m:[0m 👁️ Namespace Resolution: Lookup 'token.TokenType' -> Resolved: 'token__TokenType' (Current Prefix: 'lexer__')
[2m2026-06-13T02:06:31.798334Z[0m [34mDEBUG[0m [2mgust_lexer::typechecker[0m[2m:[0m 👁️ Namespace Resolution: Lookup 'token__TokenType' -> Resolved: 'token__TokenType' (Current Prefix: 'lexer__')
[2m2026-06-13T02:06:31.798345Z[0m [34mDEBUG[0m [2mgust_lexer::typechecker[0m[2m:[0m 👁️ Namespace Resolution: Lookup 'std.str_eq' -> Resolved: 'std_str_eq' (Current Prefix: 'lexer__')
[2m2026-06-13T02:06:31.798351Z[0m [34mDEBUG[0m [2mgust_lexer::typechecker::visitor[0m[2m:[0m 👁️ Expression::Call Evaluation Start: Raw Function: 'std.str_eq', Resolved: 'std_str_eq', Registry Has Key: true
[2m2026-06-13T02:06:31.798362Z[0m [34mDEBUG[0m [2mgust_lexer::typechecker::visitor[0m[2m:[0m 👁️ Call-Site Verification: Raw Function: 'std.str_eq', Resolved: 'std_str_eq', Expected Params Count: 2, Expected Params: [Str, Str], Actual Args: [("literal", Str), ("\"guard\"", Str)]
[2m2026-06-13T02:06:31.798390Z[0m [34mDEBUG[0m [2mgust_lexer::typechecker[0m[2m:[0m 👁️ Namespace Resolution: Lookup 'token__TokenType' -> Resolved: 'token__TokenType' (Current Prefix: 'lexer__')
[2m2026-06-13T02:06:31.798609Z[0m [34mDEBUG[0m [2mgust_lexer::typechecker[0m[2m:[0m 👁️ Namespace Resolution: Lookup 'std.str_eq' -> Resolved: 'std_str_eq' (Current Prefix: 'lexer__')
[2m2026-06-13T02:06:31.798615Z[0m [34mDEBUG[0m [2mgust_lexer::typechecker::visitor[0m[2m:[0m 👁️ Expression::Call Evaluation Start: Raw Function: 'std.str_eq', Resolved: 'std_str_eq', Registry Has Key: true
[2m2026-06-13T02:06:31.798671Z[0m [34mDEBUG[0m [2mgust_lexer::typechecker::visitor[0m[2m:[0m 👁️ Call-Site Verification: Raw Function: 'std.str_eq', Resolved: 'std_str_eq', Expected Params Count: 2, Expected Params: [Str, Str], Actual Args: [("literal", Str), ("\"import\"", Str)]
[2m2026-06-13T02:06:31.798695Z[0m [34mDEBUG[0m [2mgust_lexer::typechecker[0m[2m:[0m 👁️ Namespace Resolution: Lookup 'token__TokenType' -> Resolved: 'token__TokenType' (Current Prefix: 'lexer__')
[2m2026-06-13T02:06:31.798954Z[0m [34mDEBUG[0m [2mgust_lexer::typechecker[0m[2m:[0m 👁️ Namespace Resolution: Lookup 'std.str_eq' -> Resolved: 'std_str_eq' (Current Prefix: 'lexer__')
[2m2026-06-13T02:06:31.798960Z[0m [34mDEBUG[0m [2mgust_lexer::typechecker::visitor[0m[2m:[0m 👁️ Expression::Call Evaluation Start: Raw Function: 'std.str_eq', Resolved: 'std_str_eq', Registry Has Key: true
[2m2026-06-13T02:06:31.798968Z[0m [34mDEBUG[0m [2mgust_lexer::typechecker::visitor[0m[2m:[0m 👁️ Call-Site Verification: Raw Function: 'std.str_eq', Resolved: 'std_str_eq', Expected Params Count: 2, Expected Params: [Str, Str], Actual Args: [("literal", Str), ("\"mut\"", Str)]
[2m2026-06-13T02:06:31.798988Z[0m [34mDEBUG[0m [2mgust_lexer::typechecker[0m[2m:[0m 👁️ Namespace Resolution: Lookup 'token__TokenType' -> Resolved: 'token__TokenType' (Current Prefix: 'lexer__')
[2m2026-06-13T02:06:31.799230Z[0m [34mDEBUG[0m [2mgust_lexer::typechecker[0m[2m:[0m 👁️ Namespace Resolution: Lookup 'std.str_eq' -> Resolved: 'std_str_eq' (Current Prefix: 'lexer__')
[2m2026-06-13T02:06:31.799237Z[0m [34mDEBUG[0m [2mgust_lexer::typechecker::visitor[0m[2m:[0m 👁️ Expression::Call Evaluation Start: Raw Function: 'std.str_eq', Resolved: 'std_str_eq', Registry Has Key: true
[2m2026-06-13T02:06:31.799247Z[0m [34mDEBUG[0m [2mgust_lexer::typechecker::visitor[0m[2m:[0m 👁️ Call-Site Verification: Raw Function: 'std.str_eq', Resolved: 'std_str_eq', Expected Params Count: 2, Expected Params: [Str, Str], Actual Args: [("literal", Str), ("\"func\"", Str)]
[2m2026-06-13T02:06:31.799272Z[0m [34mDEBUG[0m [2mgust_lexer::typechecker[0m[2m:[0m 👁️ Namespace Resolution: Lookup 'token__TokenType' -> Resolved: 'token__TokenType' (Current Prefix: 'lexer__')
[2m2026-06-13T02:06:31.799527Z[0m [34mDEBUG[0m [2mgust_lexer::typechecker[0m[2m:[0m 👁️ Namespace Resolution: Lookup 'std.str_eq' -> Resolved: 'std_str_eq' (Current Prefix: 'lexer__')
[2m2026-06-13T02:06:31.799537Z[0m [34mDEBUG[0m [2mgust_lexer::typechecker::visitor[0m[2m:[0m 👁️ Expression::Call Evaluation Start: Raw Function: 'std.str_eq', Resolved: 'std_str_eq', Registry Has Key: true
[2m2026-06-13T02:06:31.799547Z[0m [34mDEBUG[0m [2mgust_lexer::typechecker::visitor[0m[2m:[0m 👁️ Call-Site Verification: Raw Function: 'std.str_eq', Resolved: 'std_str_eq', Expected Params Count: 2, Expected Params: [Str, Str], Actual Args: [("literal", Str), ("\"defer\"", Str)]
[2m2026-06-13T02:06:31.799572Z[0m [34mDEBUG[0m [2mgust_lexer::typechecker[0m[2m:[0m 👁️ Namespace Resolution: Lookup 'token__TokenType' -> Resolved: 'token__TokenType' (Current Prefix: 'lexer__')
[2m2026-06-13T02:06:31.799827Z[0m [34mDEBUG[0m [2mgust_lexer::typechecker[0m[2m:[0m 👁️ Namespace Resolution: Lookup 'std.str_eq' -> Resolved: 'std_str_eq' (Current Prefix: 'lexer__')
[2m2026-06-13T02:06:31.799834Z[0m [34mDEBUG[0m [2mgust_lexer::typechecker::visitor[0m[2m:[0m 👁️ Expression::Call Evaluation Start: Raw Function: 'std.str_eq', Resolved: 'std_str_eq', Registry Has Key: true
[2m2026-06-13T02:06:31.799844Z[0m [34mDEBUG[0m [2mgust_lexer::typechecker::visitor[0m[2m:[0m 👁️ Call-Site Verification: Raw Function: 'std.str_eq', Resolved: 'std_str_eq', Expected Params Count: 2, Expected Params: [Str, Str], Actual Args: [("literal", Str), ("\"move\"", Str)]
[2m2026-06-13T02:06:31.799869Z[0m [34mDEBUG[0m [2mgust_lexer::typechecker[0m[2m:[0m 👁️ Namespace Resolution: Lookup 'token__TokenType' -> Resolved: 'token__TokenType' (Current Prefix: 'lexer__')
[2m2026-06-13T02:06:31.800125Z[0m [34mDEBUG[0m [2mgust_lexer::typechecker[0m[2m:[0m 👁️ Namespace Resolution: Lookup 'std.str_eq' -> Resolved: 'std_str_eq' (Current Prefix: 'lexer__')
[2m2026-06-13T02:06:31.800132Z[0m [34mDEBUG[0m [2mgust_lexer::typechecker::visitor[0m[2m:[0m 👁️ Expression::Call Evaluation Start: Raw Function: 'std.str_eq', Resolved: 'std_str_eq', Registry Has Key: true
[2m2026-06-13T02:06:31.800142Z[0m [34mDEBUG[0m [2mgust_lexer::typechecker::visitor[0m[2m:[0m 👁️ Call-Site Verification: Raw Function: 'std.str_eq', Resolved: 'std_str_eq', Expected Params Count: 2, Expected Params: [Str, Str], Actual Args: [("literal", Str), ("\"take\"", Str)]
[2m2026-06-13T02:06:31.800167Z[0m [34mDEBUG[0m [2mgust_lexer::typechecker[0m[2m:[0m 👁️ Namespace Resolution: Lookup 'token__TokenType' -> Resolved: 'token__TokenType' (Current Prefix: 'lexer__')
[2m2026-06-13T02:06:31.800427Z[0m [34mDEBUG[0m [2mgust_lexer::typechecker[0m[2m:[0m 👁️ Namespace Resolution: Lookup 'std.str_eq' -> Resolved: 'std_str_eq' (Current Prefix: 'lexer__')
[2m2026-06-13T02:06:31.800434Z[0m [34mDEBUG[0m [2mgust_lexer::typechecker::visitor[0m[2m:[0m 👁️ Expression::Call Evaluation Start: Raw Function: 'std.str_eq', Resolved: 'std_str_eq', Registry Has Key: true
[2m2026-06-13T02:06:31.800443Z[0m [34mDEBUG[0m [2mgust_lexer::typechecker::visitor[0m[2m:[0m 👁️ Call-Site Verification: Raw Function: 'std.str_eq', Resolved: 'std_str_eq', Expected Params Count: 2, Expected Params: [Str, Str], Actual Args: [("literal", Str), ("\"while\"", Str)]
[2m2026-06-13T02:06:31.800463Z[0m [34mDEBUG[0m [2mgust_lexer::typechecker[0m[2m:[0m 👁️ Namespace Resolution: Lookup 'token__TokenType' -> Resolved: 'token__TokenType' (Current Prefix: 'lexer__')
[2m2026-06-13T02:06:31.800708Z[0m [34mDEBUG[0m [2mgust_lexer::typechecker[0m[2m:[0m 👁️ Namespace Resolution: Lookup 'std.str_eq' -> Resolved: 'std_str_eq' (Current Prefix: 'lexer__')
[2m2026-06-13T02:06:31.800714Z[0m [34mDEBUG[0m [2mgust_lexer::typechecker::visitor[0m[2m:[0m 👁️ Expression::Call Evaluation Start: Raw Function: 'std.str_eq', Resolved: 'std_str_eq', Registry Has Key: true
[2m2026-06-13T02:06:31.800722Z[0m [34mDEBUG[0m [2mgust_lexer::typechecker::visitor[0m[2m:[0m 👁️ Call-Site Verification: Raw Function: 'std.str_eq', Resolved: 'std_str_eq', Expected Params Count: 2, Expected Params: [Str, Str], Actual Args: [("literal", Str), ("\"if\"", Str)]
[2m2026-06-13T02:06:31.800742Z[0m [34mDEBUG[0m [2mgust_lexer::typechecker[0m[2m:[0m 👁️ Namespace Resolution: Lookup 'token__TokenType' -> Resolved: 'token__TokenType' (Current Prefix: 'lexer__')
[2m2026-06-13T02:06:31.800961Z[0m [34mDEBUG[0m [2mgust_lexer::typechecker[0m[2m:[0m 👁️ Namespace Resolution: Lookup 'std.str_eq' -> Resolved: 'std_str_eq' (Current Prefix: 'lexer__')
[2m2026-06-13T02:06:31.800967Z[0m [34mDEBUG[0m [2mgust_lexer::typechecker::visitor[0m[2m:[0m 👁️ Expression::Call Evaluation Start: Raw Function: 'std.str_eq', Resolved: 'std_str_eq', Registry Has Key: true
[2m2026-06-13T02:06:31.800975Z[0m [34mDEBUG[0m [2mgust_lexer::typechecker::visitor[0m[2m:[0m 👁️ Call-Site Verification: Raw Function: 'std.str_eq', Resolved: 'std_str_eq', Expected Params Count: 2, Expected Params: [Str, Str], Actual Args: [("literal", Str), ("\"else\"", Str)]
[2m2026-06-13T02:06:31.800995Z[0m [34mDEBUG[0m [2mgust_lexer::typechecker[0m[2m:[0m 👁️ Namespace Resolution: Lookup 'token__TokenType' -> Resolved: 'token__TokenType' (Current Prefix: 'lexer__')
[2m2026-06-13T02:06:31.801234Z[0m [34mDEBUG[0m [2mgust_lexer::typechecker[0m[2m:[0m 👁️ Namespace Resolution: Lookup 'std.str_eq' -> Resolved: 'std_str_eq' (Current Prefix: 'lexer__')
[2m2026-06-13T02:06:31.801240Z[0m [34mDEBUG[0m [2mgust_lexer::typechecker::visitor[0m[2m:[0m 👁️ Expression::Call Evaluation Start: Raw Function: 'std.str_eq', Resolved: 'std_str_eq', Registry Has Key: true
[2m2026-06-13T02:06:31.801249Z[0m [34mDEBUG[0m [2mgust_lexer::typechecker::visitor[0m[2m:[0m 👁️ Call-Site Verification: Raw Function: 'std.str_eq', Resolved: 'std_str_eq', Expected Params Count: 2, Expected Params: [Str, Str], Actual Args: [("literal", Str), ("\"as\"", Str)]
[2m2026-06-13T02:06:31.801269Z[0m [34mDEBUG[0m [2mgust_lexer::typechecker[0m[2m:[0m 👁️ Namespace Resolution: Lookup 'token__TokenType' -> Resolved: 'token__TokenType' (Current Prefix: 'lexer__')
[2m2026-06-13T02:06:31.801473Z[0m [34mDEBUG[0m [2mgust_lexer::typechecker[0m[2m:[0m 👁️ Namespace Resolution: Lookup 'std.str_eq' -> Resolved: 'std_str_eq' (Current Prefix: 'lexer__')
[2m2026-06-13T02:06:31.801479Z[0m [34mDEBUG[0m [2mgust_lexer::typechecker::visitor[0m[2m:[0m 👁️ Expression::Call Evaluation Start: Raw Function: 'std.str_eq', Resolved: 'std_str_eq', Registry Has Key: true
[2m2026-06-13T02:06:31.801488Z[0m [34mDEBUG[0m [2mgust_lexer::typechecker::visitor[0m[2m:[0m 👁️ Call-Site Verification: Raw Function: 'std.str_eq', Resolved: 'std_str_eq', Expected Params Count: 2, Expected Params: [Str, Str], Actual Args: [("literal", Str), ("\"unsafe\"", Str)]
[2m2026-06-13T02:06:31.801508Z[0m [34mDEBUG[0m [2mgust_lexer::typechecker[0m[2m:[0m 👁️ Namespace Resolution: Lookup 'token__TokenType' -> Resolved: 'token__TokenType' (Current Prefix: 'lexer__')
[2m2026-06-13T02:06:31.801714Z[0m [34mDEBUG[0m [2mgust_lexer::typechecker[0m[2m:[0m 👁️ Namespace Resolution: Lookup 'std.str_eq' -> Resolved: 'std_str_eq' (Current Prefix: 'lexer__')
[2m2026-06-13T02:06:31.801719Z[0m [34mDEBUG[0m [2mgust_lexer::typechecker::visitor[0m[2m:[0m 👁️ Expression::Call Evaluation Start: Raw Function: 'std.str_eq', Resolved: 'std_str_eq', Registry Has Key: true
[2m2026-06-13T02:06:31.801727Z[0m [34mDEBUG[0m [2mgust_lexer::typechecker::visitor[0m[2m:[0m 👁️ Call-Site Verification: Raw Function: 'std.str_eq', Resolved: 'std_str_eq', Expected Params Count: 2, Expected Params: [Str, Str], Actual Args: [("literal", Str), ("\"type\"", Str)]
[2m2026-06-13T02:06:31.801747Z[0m [34mDEBUG[0m [2mgust_lexer::typechecker[0m[2m:[0m 👁️ Namespace Resolution: Lookup 'token__TokenType' -> Resolved: 'token__TokenType' (Current Prefix: 'lexer__')
[2m2026-06-13T02:06:31.801953Z[0m [34mDEBUG[0m [2mgust_lexer::typechecker[0m[2m:[0m 👁️ Namespace Resolution: Lookup 'std.str_eq' -> Resolved: 'std_str_eq' (Current Prefix: 'lexer__')
[2m2026-06-13T02:06:31.801961Z[0m [34mDEBUG[0m [2mgust_lexer::typechecker::visitor[0m[2m:[0m 👁️ Expression::Call Evaluation Start: Raw Function: 'std.str_eq', Resolved: 'std_str_eq', Registry Has Key: true
[2m2026-06-13T02:06:31.801969Z[0m [34mDEBUG[0m [2mgust_lexer::typechecker::visitor[0m[2m:[0m 👁️ Call-Site Verification: Raw Function: 'std.str_eq', Resolved: 'std_str_eq', Expected Params Count: 2, Expected Params: [Str, Str], Actual Args: [("literal", Str), ("\"struct\"", Str)]
[2m2026-06-13T02:06:31.801989Z[0m [34mDEBUG[0m [2mgust_lexer::typechecker[0m[2m:[0m 👁️ Namespace Resolution: Lookup 'token__TokenType' -> Resolved: 'token__TokenType' (Current Prefix: 'lexer__')
[2m2026-06-13T02:06:31.802194Z[0m [34mDEBUG[0m [2mgust_lexer::typechecker[0m[2m:[0m 👁️ Namespace Resolution: Lookup 'std.str_eq' -> Resolved: 'std_str_eq' (Current Prefix: 'lexer__')
[2m2026-06-13T02:06:31.802201Z[0m [34mDEBUG[0m [2mgust_lexer::typechecker::visitor[0m[2m:[0m 👁️ Expression::Call Evaluation Start: Raw Function: 'std.str_eq', Resolved: 'std_str_eq', Registry Has Key: true
[2m2026-06-13T02:06:31.802210Z[0m [34mDEBUG[0m [2mgust_lexer::typechecker::visitor[0m[2m:[0m 👁️ Call-Site Verification: Raw Function: 'std.str_eq', Resolved: 'std_str_eq', Expected Params Count: 2, Expected Params: [Str, Str], Actual Args: [("literal", Str), ("\"enum\"", Str)]
[2m2026-06-13T02:06:31.802230Z[0m [34mDEBUG[0m [2mgust_lexer::typechecker[0m[2m:[0m 👁️ Namespace Resolution: Lookup 'token__TokenType' -> Resolved: 'token__TokenType' (Current Prefix: 'lexer__')
[2m2026-06-13T02:06:31.802435Z[0m [34mDEBUG[0m [2mgust_lexer::typechecker[0m[2m:[0m 👁️ Namespace Resolution: Lookup 'std.str_eq' -> Resolved: 'std_str_eq' (Current Prefix: 'lexer__')
[2m2026-06-13T02:06:31.802443Z[0m [34mDEBUG[0m [2mgust_lexer::typechecker::visitor[0m[2m:[0m 👁️ Expression::Call Evaluation Start: Raw Function: 'std.str_eq', Resolved: 'std_str_eq', Registry Has Key: true
[2m2026-06-13T02:06:31.802451Z[0m [34mDEBUG[0m [2mgust_lexer::typechecker::visitor[0m[2m:[0m 👁️ Call-Site Verification: Raw Function: 'std.str_eq', Resolved: 'std_str_eq', Expected Params Count: 2, Expected Params: [Str, Str], Actual Args: [("literal", Str), ("\"match\"", Str)]
[2m2026-06-13T02:06:31.802471Z[0m [34mDEBUG[0m [2mgust_lexer::typechecker[0m[2m:[0m 👁️ Namespace Resolution: Lookup 'token__TokenType' -> Resolved: 'token__TokenType' (Current Prefix: 'lexer__')
[2m2026-06-13T02:06:31.802679Z[0m [34mDEBUG[0m [2mgust_lexer::typechecker[0m[2m:[0m 👁️ Namespace Resolution: Lookup 'std.str_eq' -> Resolved: 'std_str_eq' (Current Prefix: 'lexer__')
[2m2026-06-13T02:06:31.802686Z[0m [34mDEBUG[0m [2mgust_lexer::typechecker::visitor[0m[2m:[0m 👁️ Expression::Call Evaluation Start: Raw Function: 'std.str_eq', Resolved: 'std_str_eq', Registry Has Key: true
[2m2026-06-13T02:06:31.802695Z[0m [34mDEBUG[0m [2mgust_lexer::typechecker::visitor[0m[2m:[0m 👁️ Call-Site Verification: Raw Function: 'std.str_eq', Resolved: 'std_str_eq', Expected Params Count: 2, Expected Params: [Str, Str], Actual Args: [("literal", Str), ("\"return\"", Str)]
[2m2026-06-13T02:06:31.802715Z[0m [34mDEBUG[0m [2mgust_lexer::typechecker[0m[2m:[0m 👁️ Namespace Resolution: Lookup 'token__TokenType' -> Resolved: 'token__TokenType' (Current Prefix: 'lexer__')
[2m2026-06-13T02:06:31.802922Z[0m [34mDEBUG[0m [2mgust_lexer::typechecker[0m[2m:[0m 👁️ Namespace Resolution: Lookup 'std.str_eq' -> Resolved: 'std_str_eq' (Current Prefix: 'lexer__')
[2m2026-06-13T02:06:31.802930Z[0m [34mDEBUG[0m [2mgust_lexer::typechecker::visitor[0m[2m:[0m 👁️ Expression::Call Evaluation Start: Raw Function: 'std.str_eq', Resolved: 'std_str_eq', Registry Has Key: true
[2m2026-06-13T02:06:31.802939Z[0m [34mDEBUG[0m [2mgust_lexer::typechecker::visitor[0m[2m:[0m 👁️ Call-Site Verification: Raw Function: 'std.str_eq', Resolved: 'std_str_eq', Expected Params Count: 2, Expected Params: [Str, Str], Actual Args: [("literal", Str), ("\"empty\"", Str)]
[2m2026-06-13T02:06:31.802959Z[0m [34mDEBUG[0m [2mgust_lexer::typechecker[0m[2m:[0m 👁️ Namespace Resolution: Lookup 'token__TokenType' -> Resolved: 'token__TokenType' (Current Prefix: 'lexer__')
[2m2026-06-13T02:06:31.803165Z[0m [34mDEBUG[0m [2mgust_lexer::typechecker[0m[2m:[0m 👁️ Namespace Resolution: Lookup 'std.str_eq' -> Resolved: 'std_str_eq' (Current Prefix: 'lexer__')
[2m2026-06-13T02:06:31.803172Z[0m [34mDEBUG[0m [2mgust_lexer::typechecker::visitor[0m[2m:[0m 👁️ Expression::Call Evaluation Start: Raw Function: 'std.str_eq', Resolved: 'std_str_eq', Registry Has Key: true
[2m2026-06-13T02:06:31.803181Z[0m [34mDEBUG[0m [2mgust_lexer::typechecker::visitor[0m[2m:[0m 👁️ Call-Site Verification: Raw Function: 'std.str_eq', Resolved: 'std_str_eq', Expected Params Count: 2, Expected Params: [Str, Str], Actual Args: [("literal", Str), ("\"bool\"", Str)]
[2m2026-06-13T02:06:31.803201Z[0m [34mDEBUG[0m [2mgust_lexer::typechecker[0m[2m:[0m 👁️ Namespace Resolution: Lookup 'token__TokenType' -> Resolved: 'token__TokenType' (Current Prefix: 'lexer__')
[2m2026-06-13T02:06:31.803406Z[0m [34mDEBUG[0m [2mgust_lexer::typechecker[0m[2m:[0m 👁️ Namespace Resolution: Lookup 'std.str_eq' -> Resolved: 'std_str_eq' (Current Prefix: 'lexer__')
[2m2026-06-13T02:06:31.803414Z[0m [34mDEBUG[0m [2mgust_lexer::typechecker::visitor[0m[2m:[0m 👁️ Expression::Call Evaluation Start: Raw Function: 'std.str_eq', Resolved: 'std_str_eq', Registry Has Key: true
[2m2026-06-13T02:06:31.803422Z[0m [34mDEBUG[0m [2mgust_lexer::typechecker::visitor[0m[2m:[0m 👁️ Call-Site Verification: Raw Function: 'std.str_eq', Resolved: 'std_str_eq', Expected Params Count: 2, Expected Params: [Str, Str], Actual Args: [("literal", Str), ("\"true\"", Str)]
[2m2026-06-13T02:06:31.803442Z[0m [34mDEBUG[0m [2mgust_lexer::typechecker[0m[2m:[0m 👁️ Namespace Resolution: Lookup 'token__TokenType' -> Resolved: 'token__TokenType' (Current Prefix: 'lexer__')
[2m2026-06-13T02:06:31.803648Z[0m [34mDEBUG[0m [2mgust_lexer::typechecker[0m[2m:[0m 👁️ Namespace Resolution: Lookup 'std.str_eq' -> Resolved: 'std_str_eq' (Current Prefix: 'lexer__')
[2m2026-06-13T02:06:31.803654Z[0m [34mDEBUG[0m [2mgust_lexer::typechecker::visitor[0m[2m:[0m 👁️ Expression::Call Evaluation Start: Raw Function: 'std.str_eq', Resolved: 'std_str_eq', Registry Has Key: true
[2m2026-06-13T02:06:31.803663Z[0m [34mDEBUG[0m [2mgust_lexer::typechecker::visitor[0m[2m:[0m 👁️ Call-Site Verification: Raw Function: 'std.str_eq', Resolved: 'std_str_eq', Expected Params Count: 2, Expected Params: [Str, Str], Actual Args: [("literal", Str), ("\"false\"", Str)]
[2m2026-06-13T02:06:31.803683Z[0m [34mDEBUG[0m [2mgust_lexer::typechecker[0m[2m:[0m 👁️ Namespace Resolution: Lookup 'token__TokenType' -> Resolved: 'token__TokenType' (Current Prefix: 'lexer__')
[2m2026-06-13T02:06:31.803900Z[0m [34mDEBUG[0m [2mgust_lexer::typechecker[0m[2m:[0m 👁️ Namespace Resolution: Lookup 'token__TokenType' -> Resolved: 'token__TokenType' (Current Prefix: 'lexer__')
[2m2026-06-13T02:06:31.804106Z[0m [34mDEBUG[0m [2mgust_lexer::typechecker[0m[2m:[0m 👁️ Namespace Resolution: Lookup 'Lexer' -> Resolved: 'lexer__Lexer' (Current Prefix: 'lexer__')
[2m2026-06-13T02:06:31.804114Z[0m [34mDEBUG[0m [2mgust_lexer::typechecker[0m[2m:[0m 👁️ Namespace Resolution: Lookup 'lexer__Lexer' -> Resolved: 'lexer__Lexer' (Current Prefix: 'lexer__')
[2m2026-06-13T02:06:31.804126Z[0m [34mDEBUG[0m [2mgust_lexer::typechecker[0m[2m:[0m 👁️ Namespace Resolution: Lookup 'token.Token' -> Resolved: 'token__Token' (Current Prefix: 'lexer__')
[2m2026-06-13T02:06:31.804132Z[0m [34mDEBUG[0m [2mgust_lexer::typechecker[0m[2m:[0m 👁️ Namespace Resolution: Lookup 'token__Token' -> Resolved: 'token__Token' (Current Prefix: 'lexer__')
[2m2026-06-13T02:06:31.804143Z[0m [34mDEBUG[0m [2mgust_lexer::typechecker[0m[2m:[0m 👁️ Namespace Resolution: Lookup 'skip_whitespace' -> Resolved: 'lexer__skip_whitespace' (Current Prefix: 'lexer__')
[2m2026-06-13T02:06:31.804149Z[0m [34mDEBUG[0m [2mgust_lexer::typechecker::visitor[0m[2m:[0m 👁️ Expression::Call Evaluation Start: Raw Function: 'skip_whitespace', Resolved: 'lexer__skip_whitespace', Registry Has Key: true
[2m2026-06-13T02:06:31.804158Z[0m [34mDEBUG[0m [2mgust_lexer::typechecker[0m[2m:[0m 👁️ Namespace Resolution: Lookup 'lexer__Lexer_ctx' -> Resolved: 'lexer__Lexer_ctx' (Current Prefix: 'lexer__')
[2m2026-06-13T02:06:31.804164Z[0m [34mDEBUG[0m [2mgust_lexer::typechecker[0m[2m:[0m 👁️ Namespace Resolution: Lookup 'lexer__Lexer_ctx' -> Resolved: 'lexer__Lexer_ctx' (Current Prefix: 'lexer__')
[2m2026-06-13T02:06:31.804170Z[0m [34mDEBUG[0m [2mgust_lexer::typechecker::visitor[0m[2m:[0m 👁️ Call-Site Verification: Raw Function: 'skip_whitespace', Resolved: 'lexer__skip_whitespace', Expected Params Count: 1, Expected Params: [RawPointer(Struct("lexer__Lexer_ctx", Some("ctx")))], Actual Args: [("l", RawPointer(Struct("lexer__Lexer_ctx", Some("ctx"))))]
[2m2026-06-13T02:06:31.804182Z[0m [34mDEBUG[0m [2mgust_lexer::typechecker[0m[2m:[0m 👁️ Namespace Resolution: Lookup 'token.Position' -> Resolved: 'token__Position' (Current Prefix: 'lexer__')
[2m2026-06-13T02:06:31.804188Z[0m [34mDEBUG[0m [2mgust_lexer::typechecker[0m[2m:[0m 👁️ Namespace Resolution: Lookup 'token__Position' -> Resolved: 'token__Position' (Current Prefix: 'lexer__')
[2m2026-06-13T02:06:31.804194Z[0m [34mDEBUG[0m [2mgust_lexer::typechecker[0m[2m:[0m 👁️ Namespace Resolution: Lookup 'token.Position' -> Resolved: 'token__Position' (Current Prefix: 'lexer__')
[2m2026-06-13T02:06:31.804200Z[0m [34mDEBUG[0m [2mgust_lexer::typechecker[0m[2m:[0m 👁️ Namespace Resolution: Lookup 'token__Position' -> Resolved: 'token__Position' (Current Prefix: 'lexer__')
[2m2026-06-13T02:06:31.804244Z[0m [34mDEBUG[0m [2mgust_lexer::typechecker[0m[2m:[0m 👁️ Namespace Resolution: Lookup 'token.TokenType' -> Resolved: 'token__TokenType' (Current Prefix: 'lexer__')
[2m2026-06-13T02:06:31.804250Z[0m [34mDEBUG[0m [2mgust_lexer::typechecker[0m[2m:[0m 👁️ Namespace Resolution: Lookup 'token__TokenType' -> Resolved: 'token__TokenType' (Current Prefix: 'lexer__')
[2m2026-06-13T02:06:31.804256Z[0m [34mDEBUG[0m [2mgust_lexer::typechecker[0m[2m:[0m 👁️ Namespace Resolution: Lookup 'token.TokenType' -> Resolved: 'token__TokenType' (Current Prefix: 'lexer__')
[2m2026-06-13T02:06:31.804262Z[0m [34mDEBUG[0m [2mgust_lexer::typechecker[0m[2m:[0m 👁️ Namespace Resolution: Lookup 'token__TokenType' -> Resolved: 'token__TokenType' (Current Prefix: 'lexer__')
[2m2026-06-13T02:06:31.804287Z[0m [34mDEBUG[0m [2mgust_lexer::typechecker[0m[2m:[0m 👁️ Namespace Resolution: Lookup 'token__TokenType' -> Resolved: 'token__TokenType' (Current Prefix: 'lexer__')
[2m2026-06-13T02:06:31.804432Z[0m [34mDEBUG[0m [2mgust_lexer::typechecker[0m[2m:[0m 👁️ Namespace Resolution: Lookup 'std.str_slice' -> Resolved: 'std_str_slice' (Current Prefix: 'lexer__')
[2m2026-06-13T02:06:31.804438Z[0m [34mDEBUG[0m [2mgust_lexer::typechecker::visitor[0m[2m:[0m 👁️ Expression::Call Evaluation Start: Raw Function: 'std.str_slice', Resolved: 'std_str_slice', Registry Has Key: true
[2m2026-06-13T02:06:31.804454Z[0m [34mDEBUG[0m [2mgust_lexer::typechecker::visitor[0m[2m:[0m 👁️ Call-Site Verification: Raw Function: 'std.str_slice', Resolved: 'std_str_slice', Expected Params Count: 3, Expected Params: [Str, Int, Int], Actual Args: [("l.input", Str), ("start_pos.offset", Int), ("l.position", Int)]
[2m2026-06-13T02:06:31.804466Z[0m [34mDEBUG[0m [2mgust_lexer::typechecker[0m[2m:[0m 👁️ Namespace Resolution: Lookup 'std.str_slice' -> Resolved: 'std_str_slice' (Current Prefix: 'lexer__')
[2m2026-06-13T02:06:31.804480Z[0m [34mDEBUG[0m [2mgust_lexer::typechecker[0m[2m:[0m 👁️ Namespace Resolution: Lookup 'std.str_slice' -> Resolved: 'std_str_slice' (Current Prefix: 'lexer__')
[2m2026-06-13T02:06:31.804495Z[0m [34mDEBUG[0m [2mgust_lexer::typechecker[0m[2m:[0m 👁️ Namespace Resolution: Lookup 'token.Position' -> Resolved: 'token__Position' (Current Prefix: 'lexer__')
[2m2026-06-13T02:06:31.804501Z[0m [34mDEBUG[0m [2mgust_lexer::typechecker[0m[2m:[0m 👁️ Namespace Resolution: Lookup 'token__Position' -> Resolved: 'token__Position' (Current Prefix: 'lexer__')
[2m2026-06-13T02:06:31.804507Z[0m [34mDEBUG[0m [2mgust_lexer::typechecker[0m[2m:[0m 👁️ Namespace Resolution: Lookup 'token.Position' -> Resolved: 'token__Position' (Current Prefix: 'lexer__')
[2m2026-06-13T02:06:31.804513Z[0m [34mDEBUG[0m [2mgust_lexer::typechecker[0m[2m:[0m 👁️ Namespace Resolution: Lookup 'token__Position' -> Resolved: 'token__Position' (Current Prefix: 'lexer__')
[2m2026-06-13T02:06:31.804560Z[0m [34mDEBUG[0m [2mgust_lexer::typechecker[0m[2m:[0m 👁️ Namespace Resolution: Lookup 'token__Span' -> Resolved: 'token__Span' (Current Prefix: 'lexer__')
[2m2026-06-13T02:06:31.804568Z[0m [34mDEBUG[0m [2mgust_lexer::typechecker[0m[2m:[0m 👁️ Namespace Resolution: Lookup 'token__Position' -> Resolved: 'token__Position' (Current Prefix: 'lexer__')
[2m2026-06-13T02:06:31.804580Z[0m [34mDEBUG[0m [2mgust_lexer::typechecker[0m[2m:[0m 👁️ Namespace Resolution: Lookup 'token__Span' -> Resolved: 'token__Span' (Current Prefix: 'lexer__')
[2m2026-06-13T02:06:31.804594Z[0m [34mDEBUG[0m [2mgust_lexer::typechecker[0m[2m:[0m 👁️ Namespace Resolution: Lookup 'token__Span' -> Resolved: 'token__Span' (Current Prefix: 'lexer__')
[2m2026-06-13T02:06:31.804601Z[0m [34mDEBUG[0m [2mgust_lexer::typechecker[0m[2m:[0m 👁️ Namespace Resolution: Lookup 'token__Position' -> Resolved: 'token__Position' (Current Prefix: 'lexer__')
[2m2026-06-13T02:06:31.804613Z[0m [34mDEBUG[0m [2mgust_lexer::typechecker[0m[2m:[0m 👁️ Namespace Resolution: Lookup 'token__Span' -> Resolved: 'token__Span' (Current Prefix: 'lexer__')
[2m2026-06-13T02:06:31.804650Z[0m [34mDEBUG[0m [2mgust_lexer::typechecker[0m[2m:[0m 👁️ Namespace Resolution: Lookup 'peek_char' -> Resolved: 'lexer__peek_char' (Current Prefix: 'lexer__')
[2m2026-06-13T02:06:31.804656Z[0m [34mDEBUG[0m [2mgust_lexer::typechecker::visitor[0m[2m:[0m 👁️ Expression::Call Evaluation Start: Raw Function: 'peek_char', Resolved: 'lexer__peek_char', Registry Has Key: true
[2m2026-06-13T02:06:31.804665Z[0m [34mDEBUG[0m [2mgust_lexer::typechecker[0m[2m:[0m 👁️ Namespace Resolution: Lookup 'lexer__Lexer_ctx' -> Resolved: 'lexer__Lexer_ctx' (Current Prefix: 'lexer__')
[2m2026-06-13T02:06:31.804671Z[0m [34mDEBUG[0m [2mgust_lexer::typechecker[0m[2m:[0m 👁️ Namespace Resolution: Lookup 'lexer__Lexer_ctx' -> Resolved: 'lexer__Lexer_ctx' (Current Prefix: 'lexer__')
[2m2026-06-13T02:06:31.804677Z[0m [34mDEBUG[0m [2mgust_lexer::typechecker::visitor[0m[2m:[0m 👁️ Call-Site Verification: Raw Function: 'peek_char', Resolved: 'lexer__peek_char', Expected Params Count: 1, Expected Params: [RawPointer(Struct("lexer__Lexer_ctx", Some("ctx")))], Actual Args: [("l", RawPointer(Struct("lexer__Lexer_ctx", Some("ctx"))))]
[2m2026-06-13T02:06:31.804690Z[0m [34mDEBUG[0m [2mgust_lexer::typechecker[0m[2m:[0m 👁️ Namespace Resolution: Lookup 'read_char' -> Resolved: 'lexer__read_char' (Current Prefix: 'lexer__')
[2m2026-06-13T02:06:31.804696Z[0m [34mDEBUG[0m [2mgust_lexer::typechecker::visitor[0m[2m:[0m 👁️ Expression::Call Evaluation Start: Raw Function: 'read_char', Resolved: 'lexer__read_char', Registry Has Key: true
[2m2026-06-13T02:06:31.804795Z[0m [34mDEBUG[0m [2mgust_lexer::typechecker[0m[2m:[0m 👁️ Namespace Resolution: Lookup 'lexer__Lexer_ctx' -> Resolved: 'lexer__Lexer_ctx' (Current Prefix: 'lexer__')
[2m2026-06-13T02:06:31.804802Z[0m [34mDEBUG[0m [2mgust_lexer::typechecker[0m[2m:[0m 👁️ Namespace Resolution: Lookup 'lexer__Lexer_ctx' -> Resolved: 'lexer__Lexer_ctx' (Current Prefix: 'lexer__')
[2m2026-06-13T02:06:31.804808Z[0m [34mDEBUG[0m [2mgust_lexer::typechecker::visitor[0m[2m:[0m 👁️ Call-Site Verification: Raw Function: 'read_char', Resolved: 'lexer__read_char', Expected Params Count: 1, Expected Params: [RawPointer(Struct("lexer__Lexer_ctx", Some("ctx")))], Actual Args: [("l", RawPointer(Struct("lexer__Lexer_ctx", Some("ctx"))))]
[2m2026-06-13T02:06:31.804869Z[0m [34mDEBUG[0m [2mgust_lexer::typechecker[0m[2m:[0m 👁️ Namespace Resolution: Lookup 'read_char' -> Resolved: 'lexer__read_char' (Current Prefix: 'lexer__')
[2m2026-06-13T02:06:31.804875Z[0m [34mDEBUG[0m [2mgust_lexer::typechecker::visitor[0m[2m:[0m 👁️ Expression::Call Evaluation Start: Raw Function: 'read_char', Resolved: 'lexer__read_char', Registry Has Key: true
[2m2026-06-13T02:06:31.804883Z[0m [34mDEBUG[0m [2mgust_lexer::typechecker[0m[2m:[0m 👁️ Namespace Resolution: Lookup 'lexer__Lexer_ctx' -> Resolved: 'lexer__Lexer_ctx' (Current Prefix: 'lexer__')
[2m2026-06-13T02:06:31.804889Z[0m [34mDEBUG[0m [2mgust_lexer::typechecker[0m[2m:[0m 👁️ Namespace Resolution: Lookup 'lexer__Lexer_ctx' -> Resolved: 'lexer__Lexer_ctx' (Current Prefix: 'lexer__')
[2m2026-06-13T02:06:31.804895Z[0m [34mDEBUG[0m [2mgust_lexer::typechecker::visitor[0m[2m:[0m 👁️ Call-Site Verification: Raw Function: 'read_char', Resolved: 'lexer__read_char', Expected Params Count: 1, Expected Params: [RawPointer(Struct("lexer__Lexer_ctx", Some("ctx")))], Actual Args: [("l", RawPointer(Struct("lexer__Lexer_ctx", Some("ctx"))))]
[2m2026-06-13T02:06:31.804930Z[0m [34mDEBUG[0m [2mgust_lexer::typechecker[0m[2m:[0m 👁️ Namespace Resolution: Lookup 'peek_char' -> Resolved: 'lexer__peek_char' (Current Prefix: 'lexer__')
[2m2026-06-13T02:06:31.804936Z[0m [34mDEBUG[0m [2mgust_lexer::typechecker::visitor[0m[2m:[0m 👁️ Expression::Call Evaluation Start: Raw Function: 'peek_char', Resolved: 'lexer__peek_char', Registry Has Key: true
[2m2026-06-13T02:06:31.804944Z[0m [34mDEBUG[0m [2mgust_lexer::typechecker[0m[2m:[0m 👁️ Namespace Resolution: Lookup 'lexer__Lexer_ctx' -> Resolved: 'lexer__Lexer_ctx' (Current Prefix: 'lexer__')
[2m2026-06-13T02:06:31.804950Z[0m [34mDEBUG[0m [2mgust_lexer::typechecker[0m[2m:[0m 👁️ Namespace Resolution: Lookup 'lexer__Lexer_ctx' -> Resolved: 'lexer__Lexer_ctx' (Current Prefix: 'lexer__')
[2m2026-06-13T02:06:31.804957Z[0m [34mDEBUG[0m [2mgust_lexer::typechecker::visitor[0m[2m:[0m 👁️ Call-Site Verification: Raw Function: 'peek_char', Resolved: 'lexer__peek_char', Expected Params Count: 1, Expected Params: [RawPointer(Struct("lexer__Lexer_ctx", Some("ctx")))], Actual Args: [("l", RawPointer(Struct("lexer__Lexer_ctx", Some("ctx"))))]
[2m2026-06-13T02:06:31.804975Z[0m [34mDEBUG[0m [2mgust_lexer::typechecker[0m[2m:[0m 👁️ Namespace Resolution: Lookup 'read_char' -> Resolved: 'lexer__read_char' (Current Prefix: 'lexer__')
[2m2026-06-13T02:06:31.804981Z[0m [34mDEBUG[0m [2mgust_lexer::typechecker::visitor[0m[2m:[0m 👁️ Expression::Call Evaluation Start: Raw Function: 'read_char', Resolved: 'lexer__read_char', Registry Has Key: true
[2m2026-06-13T02:06:31.804989Z[0m [34mDEBUG[0m [2mgust_lexer::typechecker[0m[2m:[0m 👁️ Namespace Resolution: Lookup 'lexer__Lexer_ctx' -> Resolved: 'lexer__Lexer_ctx' (Current Prefix: 'lexer__')
[2m2026-06-13T02:06:31.804995Z[0m [34mDEBUG[0m [2mgust_lexer::typechecker[0m[2m:[0m 👁️ Namespace Resolution: Lookup 'lexer__Lexer_ctx' -> Resolved: 'lexer__Lexer_ctx' (Current Prefix: 'lexer__')
[2m2026-06-13T02:06:31.805001Z[0m [34mDEBUG[0m [2mgust_lexer::typechecker::visitor[0m[2m:[0m 👁️ Call-Site Verification: Raw Function: 'read_char', Resolved: 'lexer__read_char', Expected Params Count: 1, Expected Params: [RawPointer(Struct("lexer__Lexer_ctx", Some("ctx")))], Actual Args: [("l", RawPointer(Struct("lexer__Lexer_ctx", Some("ctx"))))]
[2m2026-06-13T02:06:31.805032Z[0m [34mDEBUG[0m [2mgust_lexer::typechecker[0m[2m:[0m 👁️ Namespace Resolution: Lookup 'read_char' -> Resolved: 'lexer__read_char' (Current Prefix: 'lexer__')
[2m2026-06-13T02:06:31.805038Z[0m [34mDEBUG[0m [2mgust_lexer::typechecker::visitor[0m[2m:[0m 👁️ Expression::Call Evaluation Start: Raw Function: 'read_char', Resolved: 'lexer__read_char', Registry Has Key: true
[2m2026-06-13T02:06:31.805047Z[0m [34mDEBUG[0m [2mgust_lexer::typechecker[0m[2m:[0m 👁️ Namespace Resolution: Lookup 'lexer__Lexer_ctx' -> Resolved: 'lexer__Lexer_ctx' (Current Prefix: 'lexer__')
[2m2026-06-13T02:06:31.805052Z[0m [34mDEBUG[0m [2mgust_lexer::typechecker[0m[2m:[0m 👁️ Namespace Resolution: Lookup 'lexer__Lexer_ctx' -> Resolved: 'lexer__Lexer_ctx' (Current Prefix: 'lexer__')
[2m2026-06-13T02:06:31.805059Z[0m [34mDEBUG[0m [2mgust_lexer::typechecker::visitor[0m[2m:[0m 👁️ Call-Site Verification: Raw Function: 'read_char', Resolved: 'lexer__read_char', Expected Params Count: 1, Expected Params: [RawPointer(Struct("lexer__Lexer_ctx", Some("ctx")))], Actual Args: [("l", RawPointer(Struct("lexer__Lexer_ctx", Some("ctx"))))]
[2m2026-06-13T02:06:31.805171Z[0m [34mDEBUG[0m [2mgust_lexer::typechecker[0m[2m:[0m 👁️ Namespace Resolution: Lookup 'read_char' -> Resolved: 'lexer__read_char' (Current Prefix: 'lexer__')
[2m2026-06-13T02:06:31.805179Z[0m [34mDEBUG[0m [2mgust_lexer::typechecker::visitor[0m[2m:[0m 👁️ Expression::Call Evaluation Start: Raw Function: 'read_char', Resolved: 'lexer__read_char', Registry Has Key: true
[2m2026-06-13T02:06:31.805189Z[0m [34mDEBUG[0m [2mgust_lexer::typechecker[0m[2m:[0m 👁️ Namespace Resolution: Lookup 'lexer__Lexer_ctx' -> Resolved: 'lexer__Lexer_ctx' (Current Prefix: 'lexer__')
[2m2026-06-13T02:06:31.805196Z[0m [34mDEBUG[0m [2mgust_lexer::typechecker[0m[2m:[0m 👁️ Namespace Resolution: Lookup 'lexer__Lexer_ctx' -> Resolved: 'lexer__Lexer_ctx' (Current Prefix: 'lexer__')
[2m2026-06-13T02:06:31.805204Z[0m [34mDEBUG[0m [2mgust_lexer::typechecker::visitor[0m[2m:[0m 👁️ Call-Site Verification: Raw Function: 'read_char', Resolved: 'lexer__read_char', Expected Params Count: 1, Expected Params: [RawPointer(Struct("lexer__Lexer_ctx", Some("ctx")))], Actual Args: [("l", RawPointer(Struct("lexer__Lexer_ctx", Some("ctx"))))]
[2m2026-06-13T02:06:31.805274Z[0m [34mDEBUG[0m [2mgust_lexer::typechecker[0m[2m:[0m 👁️ Namespace Resolution: Lookup 'peek_char' -> Resolved: 'lexer__peek_char' (Current Prefix: 'lexer__')
[2m2026-06-13T02:06:31.805281Z[0m [34mDEBUG[0m [2mgust_lexer::typechecker::visitor[0m[2m:[0m 👁️ Expression::Call Evaluation Start: Raw Function: 'peek_char', Resolved: 'lexer__peek_char', Registry Has Key: true
[2m2026-06-13T02:06:31.805291Z[0m [34mDEBUG[0m [2mgust_lexer::typechecker[0m[2m:[0m 👁️ Namespace Resolution: Lookup 'lexer__Lexer_ctx' -> Resolved: 'lexer__Lexer_ctx' (Current Prefix: 'lexer__')
[2m2026-06-13T02:06:31.805299Z[0m [34mDEBUG[0m [2mgust_lexer::typechecker[0m[2m:[0m 👁️ Namespace Resolution: Lookup 'lexer__Lexer_ctx' -> Resolved: 'lexer__Lexer_ctx' (Current Prefix: 'lexer__')
[2m2026-06-13T02:06:31.805307Z[0m [34mDEBUG[0m [2mgust_lexer::typechecker::visitor[0m[2m:[0m 👁️ Call-Site Verification: Raw Function: 'peek_char', Resolved: 'lexer__peek_char', Expected Params Count: 1, Expected Params: [RawPointer(Struct("lexer__Lexer_ctx", Some("ctx")))], Actual Args: [("l", RawPointer(Struct("lexer__Lexer_ctx", Some("ctx"))))]
[2m2026-06-13T02:06:31.805324Z[0m [34mDEBUG[0m [2mgust_lexer::typechecker[0m[2m:[0m 👁️ Namespace Resolution: Lookup 'read_char' -> Resolved: 'lexer__read_char' (Current Prefix: 'lexer__')
[2m2026-06-13T02:06:31.805331Z[0m [34mDEBUG[0m [2mgust_lexer::typechecker::visitor[0m[2m:[0m 👁️ Expression::Call Evaluation Start: Raw Function: 'read_char', Resolved: 'lexer__read_char', Registry Has Key: true
[2m2026-06-13T02:06:31.805342Z[0m [34mDEBUG[0m [2mgust_lexer::typechecker[0m[2m:[0m 👁️ Namespace Resolution: Lookup 'lexer__Lexer_ctx' -> Resolved: 'lexer__Lexer_ctx' (Current Prefix: 'lexer__')
[2m2026-06-13T02:06:31.805349Z[0m [34mDEBUG[0m [2mgust_lexer::typechecker[0m[2m:[0m 👁️ Namespace Resolution: Lookup 'lexer__Lexer_ctx' -> Resolved: 'lexer__Lexer_ctx' (Current Prefix: 'lexer__')
[2m2026-06-13T02:06:31.805357Z[0m [34mDEBUG[0m [2mgust_lexer::typechecker::visitor[0m[2m:[0m 👁️ Call-Site Verification: Raw Function: 'read_char', Resolved: 'lexer__read_char', Expected Params Count: 1, Expected Params: [RawPointer(Struct("lexer__Lexer_ctx", Some("ctx")))], Actual Args: [("l", RawPointer(Struct("lexer__Lexer_ctx", Some("ctx"))))]
[2m2026-06-13T02:06:31.805382Z[0m [34mDEBUG[0m [2mgust_lexer::typechecker[0m[2m:[0m 👁️ Namespace Resolution: Lookup 'read_char' -> Resolved: 'lexer__read_char' (Current Prefix: 'lexer__')
[2m2026-06-13T02:06:31.805388Z[0m [34mDEBUG[0m [2mgust_lexer::typechecker::visitor[0m[2m:[0m 👁️ Expression::Call Evaluation Start: Raw Function: 'read_char', Resolved: 'lexer__read_char', Registry Has Key: true
[2m2026-06-13T02:06:31.805399Z[0m [34mDEBUG[0m [2mgust_lexer::typechecker[0m[2m:[0m 👁️ Namespace Resolution: Lookup 'lexer__Lexer_ctx' -> Resolved: 'lexer__Lexer_ctx' (Current Prefix: 'lexer__')
[2m2026-06-13T02:06:31.805406Z[0m [34mDEBUG[0m [2mgust_lexer::typechecker[0m[2m:[0m 👁️ Namespace Resolution: Lookup 'lexer__Lexer_ctx' -> Resolved: 'lexer__Lexer_ctx' (Current Prefix: 'lexer__')
[2m2026-06-13T02:06:31.805414Z[0m [34mDEBUG[0m [2mgust_lexer::typechecker::visitor[0m[2m:[0m 👁️ Call-Site Verification: Raw Function: 'read_char', Resolved: 'lexer__read_char', Expected Params Count: 1, Expected Params: [RawPointer(Struct("lexer__Lexer_ctx", Some("ctx")))], Actual Args: [("l", RawPointer(Struct("lexer__Lexer_ctx", Some("ctx"))))]
[2m2026-06-13T02:06:31.805447Z[0m [34mDEBUG[0m [2mgust_lexer::typechecker[0m[2m:[0m 👁️ Namespace Resolution: Lookup 'read_char' -> Resolved: 'lexer__read_char' (Current Prefix: 'lexer__')
[2m2026-06-13T02:06:31.805454Z[0m [34mDEBUG[0m [2mgust_lexer::typechecker::visitor[0m[2m:[0m 👁️ Expression::Call Evaluation Start: Raw Function: 'read_char', Resolved: 'lexer__read_char', Registry Has Key: true
[2m2026-06-13T02:06:31.805465Z[0m [34mDEBUG[0m [2mgust_lexer::typechecker[0m[2m:[0m 👁️ Namespace Resolution: Lookup 'lexer__Lexer_ctx' -> Resolved: 'lexer__Lexer_ctx' (Current Prefix: 'lexer__')
[2m2026-06-13T02:06:31.805472Z[0m [34mDEBUG[0m [2mgust_lexer::typechecker[0m[2m:[0m 👁️ Namespace Resolution: Lookup 'lexer__Lexer_ctx' -> Resolved: 'lexer__Lexer_ctx' (Current Prefix: 'lexer__')
[2m2026-06-13T02:06:31.805479Z[0m [34mDEBUG[0m [2mgust_lexer::typechecker::visitor[0m[2m:[0m 👁️ Call-Site Verification: Raw Function: 'read_char', Resolved: 'lexer__read_char', Expected Params Count: 1, Expected Params: [RawPointer(Struct("lexer__Lexer_ctx", Some("ctx")))], Actual Args: [("l", RawPointer(Struct("lexer__Lexer_ctx", Some("ctx"))))]
[2m2026-06-13T02:06:31.805580Z[0m [34mDEBUG[0m [2mgust_lexer::typechecker[0m[2m:[0m 👁️ Namespace Resolution: Lookup 'peek_char' -> Resolved: 'lexer__peek_char' (Current Prefix: 'lexer__')
[2m2026-06-13T02:06:31.805587Z[0m [34mDEBUG[0m [2mgust_lexer::typechecker::visitor[0m[2m:[0m 👁️ Expression::Call Evaluation Start: Raw Function: 'peek_char', Resolved: 'lexer__peek_char', Registry Has Key: true
[2m2026-06-13T02:06:31.805598Z[0m [34mDEBUG[0m [2mgust_lexer::typechecker[0m[2m:[0m 👁️ Namespace Resolution: Lookup 'lexer__Lexer_ctx' -> Resolved: 'lexer__Lexer_ctx' (Current Prefix: 'lexer__')
[2m2026-06-13T02:06:31.805605Z[0m [34mDEBUG[0m [2mgust_lexer::typechecker[0m[2m:[0m 👁️ Namespace Resolution: Lookup 'lexer__Lexer_ctx' -> Resolved: 'lexer__Lexer_ctx' (Current Prefix: 'lexer__')
[2m2026-06-13T02:06:31.805613Z[0m [34mDEBUG[0m [2mgust_lexer::typechecker::visitor[0m[2m:[0m 👁️ Call-Site Verification: Raw Function: 'peek_char', Resolved: 'lexer__peek_char', Expected Params Count: 1, Expected Params: [RawPointer(Struct("lexer__Lexer_ctx", Some("ctx")))], Actual Args: [("l", RawPointer(Struct("lexer__Lexer_ctx", Some("ctx"))))]
[2m2026-06-13T02:06:31.805630Z[0m [34mDEBUG[0m [2mgust_lexer::typechecker[0m[2m:[0m 👁️ Namespace Resolution: Lookup 'read_char' -> Resolved: 'lexer__read_char' (Current Prefix: 'lexer__')
[2m2026-06-13T02:06:31.805637Z[0m [34mDEBUG[0m [2mgust_lexer::typechecker::visitor[0m[2m:[0m 👁️ Expression::Call Evaluation Start: Raw Function: 'read_char', Resolved: 'lexer__read_char', Registry Has Key: true
[2m2026-06-13T02:06:31.805648Z[0m [34mDEBUG[0m [2mgust_lexer::typechecker[0m[2m:[0m 👁️ Namespace Resolution: Lookup 'lexer__Lexer_ctx' -> Resolved: 'lexer__Lexer_ctx' (Current Prefix: 'lexer__')
[2m2026-06-13T02:06:31.805655Z[0m [34mDEBUG[0m [2mgust_lexer::typechecker[0m[2m:[0m 👁️ Namespace Resolution: Lookup 'lexer__Lexer_ctx' -> Resolved: 'lexer__Lexer_ctx' (Current Prefix: 'lexer__')
[2m2026-06-13T02:06:31.805663Z[0m [34mDEBUG[0m [2mgust_lexer::typechecker::visitor[0m[2m:[0m 👁️ Call-Site Verification: Raw Function: 'read_char', Resolved: 'lexer__read_char', Expected Params Count: 1, Expected Params: [RawPointer(Struct("lexer__Lexer_ctx", Some("ctx")))], Actual Args: [("l", RawPointer(Struct("lexer__Lexer_ctx", Some("ctx"))))]
[2m2026-06-13T02:06:31.805682Z[0m [34mDEBUG[0m [2mgust_lexer::typechecker[0m[2m:[0m 👁️ Namespace Resolution: Lookup 'read_char' -> Resolved: 'lexer__read_char' (Current Prefix: 'lexer__')
[2m2026-06-13T02:06:31.805689Z[0m [34mDEBUG[0m [2mgust_lexer::typechecker::visitor[0m[2m:[0m 👁️ Expression::Call Evaluation Start: Raw Function: 'read_char', Resolved: 'lexer__read_char', Registry Has Key: true
[2m2026-06-13T02:06:31.805700Z[0m [34mDEBUG[0m [2mgust_lexer::typechecker[0m[2m:[0m 👁️ Namespace Resolution: Lookup 'lexer__Lexer_ctx' -> Resolved: 'lexer__Lexer_ctx' (Current Prefix: 'lexer__')
[2m2026-06-13T02:06:31.805708Z[0m [34mDEBUG[0m [2mgust_lexer::typechecker[0m[2m:[0m 👁️ Namespace Resolution: Lookup 'lexer__Lexer_ctx' -> Resolved: 'lexer__Lexer_ctx' (Current Prefix: 'lexer__')
[2m2026-06-13T02:06:31.805715Z[0m [34mDEBUG[0m [2mgust_lexer::typechecker::visitor[0m[2m:[0m 👁️ Call-Site Verification: Raw Function: 'read_char', Resolved: 'lexer__read_char', Expected Params Count: 1, Expected Params: [RawPointer(Struct("lexer__Lexer_ctx", Some("ctx")))], Actual Args: [("l", RawPointer(Struct("lexer__Lexer_ctx", Some("ctx"))))]
[2m2026-06-13T02:06:31.805888Z[0m [34mDEBUG[0m [2mgust_lexer::typechecker[0m[2m:[0m 👁️ Namespace Resolution: Lookup 'next_token' -> Resolved: 'lexer__next_token' (Current Prefix: 'lexer__')
[2m2026-06-13T02:06:31.805896Z[0m [34mDEBUG[0m [2mgust_lexer::typechecker::visitor[0m[2m:[0m 👁️ Expression::Call Evaluation Start: Raw Function: 'next_token', Resolved: 'lexer__next_token', Registry Has Key: true
[2m2026-06-13T02:06:31.805906Z[0m [34mDEBUG[0m [2mgust_lexer::typechecker[0m[2m:[0m 👁️ Namespace Resolution: Lookup 'lexer__Lexer_ctx' -> Resolved: 'lexer__Lexer_ctx' (Current Prefix: 'lexer__')
[2m2026-06-13T02:06:31.805914Z[0m [34mDEBUG[0m [2mgust_lexer::typechecker[0m[2m:[0m 👁️ Namespace Resolution: Lookup 'lexer__Lexer_ctx' -> Resolved: 'lexer__Lexer_ctx' (Current Prefix: 'lexer__')
[2m2026-06-13T02:06:31.805924Z[0m [34mDEBUG[0m [2mgust_lexer::typechecker[0m[2m:[0m 👁️ Namespace Resolution: Lookup 'token__Token_ctx' -> Resolved: 'token__Token_ctx' (Current Prefix: 'lexer__')
[2m2026-06-13T02:06:31.805931Z[0m [34mDEBUG[0m [2mgust_lexer::typechecker[0m[2m:[0m 👁️ Namespace Resolution: Lookup 'token__Token_ctx' -> Resolved: 'token__Token_ctx' (Current Prefix: 'lexer__')
[2m2026-06-13T02:06:31.805938Z[0m [34mDEBUG[0m [2mgust_lexer::typechecker::visitor[0m[2m:[0m 👁️ Call-Site Verification: Raw Function: 'next_token', Resolved: 'lexer__next_token', Expected Params Count: 1, Expected Params: [RawPointer(Struct("lexer__Lexer_ctx", Some("ctx")))], Actual Args: [("l", RawPointer(Struct("lexer__Lexer_ctx", Some("ctx")))), ("tok", RawPointer(Struct("token__Token_ctx", Some("ctx"))))]

thread 'test_self_hosted_lexer_compilation' (252881) panicked at tests/compile_tests.rs:2590:13:
Typechecking failed on "/home/garth/files/code/gust/compiler/lexer.gst": Some(TypeError { kind: ArgumentMismatch, message: "Semantic Error: Function 'lexer__next_token' expects 1 arguments but got 2", span: Some(Span { start: Position { line: 235, column: 17, offset: 6229 }, end: Position { line: 235, column: 35, offset: 6247 } }) })
FAILED
test test_self_hosted_lexer_scaffold ... [2m2026-06-13T02:06:31.807358Z[0m [34mDEBUG[0m [2mgust_lexer::parser[0m[2m:[0m 📥 Parsed Import Statement: Path 'lexer.gst', Alias: 'Some("lexer")'
[2m2026-06-13T02:06:31.807729Z[0m [34mDEBUG[0m [2mgust_lexer::parser[0m[2m:[0m 📥 Parsed Import Statement: Path 'token.gst', Alias: 'Some("token")'
[2m2026-06-13T02:06:31.809819Z[0m [34mDEBUG[0m [2mgust_lexer::typechecker::visitor[0m[2m:[0m 🗄️ Stdlib Registered: Alias 'os' maps to prefix 'os_'
[2m2026-06-13T02:06:31.809837Z[0m [34mDEBUG[0m [2mgust_lexer::typechecker::visitor[0m[2m:[0m 🗄️ Stdlib Registered: Alias 'std' maps to prefix 'std_'
[2m2026-06-13T02:06:31.810202Z[0m [34mDEBUG[0m [2mgust_lexer::typechecker[0m[2m:[0m 👁️ Namespace Resolution: Lookup 'Position' -> Resolved: 'token__Position' (Current Prefix: 'token__')
[2m2026-06-13T02:06:31.810222Z[0m [34mDEBUG[0m [2mgust_lexer::typechecker[0m[2m:[0m 👁️ Namespace Resolution: Lookup 'token__Position' -> Resolved: 'token__Position' (Current Prefix: 'token__')
[2m2026-06-13T02:06:31.810239Z[0m [34mDEBUG[0m [2mgust_lexer::typechecker[0m[2m:[0m 👁️ Namespace Resolution: Lookup 'Position' -> Resolved: 'token__Position' (Current Prefix: 'token__')
[2m2026-06-13T02:06:31.810255Z[0m [34mDEBUG[0m [2mgust_lexer::typechecker[0m[2m:[0m 👁️ Namespace Resolution: Lookup 'token__Position' -> Resolved: 'token__Position' (Current Prefix: 'token__')
[2m2026-06-13T02:06:31.810288Z[0m [34mDEBUG[0m [2mgust_lexer::typechecker[0m[2m:[0m 👁️ Namespace Resolution: Lookup 'Position' -> Resolved: 'token__Position' (Current Prefix: 'token__')
[2m2026-06-13T02:06:31.810304Z[0m [34mDEBUG[0m [2mgust_lexer::typechecker[0m[2m:[0m 👁️ Namespace Resolution: Lookup 'token__Position' -> Resolved: 'token__Position' (Current Prefix: 'token__')
[2m2026-06-13T02:06:31.810319Z[0m [34mDEBUG[0m [2mgust_lexer::typechecker[0m[2m:[0m 👁️ Namespace Resolution: Lookup 'Position' -> Resolved: 'token__Position' (Current Prefix: 'token__')
[2m2026-06-13T02:06:31.810335Z[0m [34mDEBUG[0m [2mgust_lexer::typechecker[0m[2m:[0m 👁️ Namespace Resolution: Lookup 'token__Position' -> Resolved: 'token__Position' (Current Prefix: 'token__')
[2m2026-06-13T02:06:31.810792Z[0m [34mDEBUG[0m [2mgust_lexer::typechecker::visitor[0m[2m:[0m 🗄️ Stdlib Registered: Alias 'os' maps to prefix 'os_'
[2m2026-06-13T02:06:31.810806Z[0m [34mDEBUG[0m [2mgust_lexer::typechecker::visitor[0m[2m:[0m 🗄️ Stdlib Registered: Alias 'std' maps to prefix 'std_'
[2m2026-06-13T02:06:31.810911Z[0m [34mDEBUG[0m [2mgust_lexer::typechecker::visitor[0m[2m:[0m 🗄️ Import Alias Mapping Registered (Pre-pass): 'token' -> 'token__' (for path 'token.gst')
[2m2026-06-13T02:06:31.810935Z[0m [34mDEBUG[0m [2mgust_lexer::typechecker[0m[2m:[0m 👁️ Namespace Resolution: Lookup 'Lexer' -> Resolved: 'lexer__Lexer' (Current Prefix: 'lexer__')
[2m2026-06-13T02:06:31.810951Z[0m [34mDEBUG[0m [2mgust_lexer::typechecker[0m[2m:[0m 👁️ Namespace Resolution: Lookup 'lexer__Lexer' -> Resolved: 'lexer__Lexer' (Current Prefix: 'lexer__')
[2m2026-06-13T02:06:31.810995Z[0m [34mDEBUG[0m [2mgust_lexer::typechecker[0m[2m:[0m 👁️ Namespace Resolution: Lookup 'lexer__Lexer_ctx' -> Resolved: 'lexer__Lexer_ctx' (Current Prefix: 'lexer__')
[2m2026-06-13T02:06:31.811015Z[0m [34mDEBUG[0m [2mgust_lexer::typechecker::visitor[0m[2m:[0m 🗄️ Function Pre-Registration: Raw name: 'read_char', Namespaced: 'lexer__read_char', Parameter Count: 1, Params: ["l: RawPointer(Struct(\"lexer__Lexer_ctx\", Some(\"ctx\")))"]
[2m2026-06-13T02:06:31.811038Z[0m [34mDEBUG[0m [2mgust_lexer::typechecker[0m[2m:[0m 👁️ Namespace Resolution: Lookup 'Lexer' -> Resolved: 'lexer__Lexer' (Current Prefix: 'lexer__')
[2m2026-06-13T02:06:31.811051Z[0m [34mDEBUG[0m [2mgust_lexer::typechecker[0m[2m:[0m 👁️ Namespace Resolution: Lookup 'lexer__Lexer' -> Resolved: 'lexer__Lexer' (Current Prefix: 'lexer__')
[2m2026-06-13T02:06:31.811075Z[0m [34mDEBUG[0m [2mgust_lexer::typechecker[0m[2m:[0m 👁️ Namespace Resolution: Lookup 'lexer__Lexer_ctx' -> Resolved: 'lexer__Lexer_ctx' (Current Prefix: 'lexer__')
[2m2026-06-13T02:06:31.811091Z[0m [34mDEBUG[0m [2mgust_lexer::typechecker::visitor[0m[2m:[0m 🗄️ Function Pre-Registration: Raw name: 'peek_char', Namespaced: 'lexer__peek_char', Parameter Count: 1, Params: ["l: RawPointer(Struct(\"lexer__Lexer_ctx\", Some(\"ctx\")))"]
[2m2026-06-13T02:06:31.811112Z[0m [34mDEBUG[0m [2mgust_lexer::typechecker[0m[2m:[0m 👁️ Namespace Resolution: Lookup 'Lexer' -> Resolved: 'lexer__Lexer' (Current Prefix: 'lexer__')
[2m2026-06-13T02:06:31.811125Z[0m [34mDEBUG[0m [2mgust_lexer::typechecker[0m[2m:[0m 👁️ Namespace Resolution: Lookup 'lexer__Lexer' -> Resolved: 'lexer__Lexer' (Current Prefix: 'lexer__')
[2m2026-06-13T02:06:31.811147Z[0m [34mDEBUG[0m [2mgust_lexer::typechecker[0m[2m:[0m 👁️ Namespace Resolution: Lookup 'lexer__Lexer_ctx' -> Resolved: 'lexer__Lexer_ctx' (Current Prefix: 'lexer__')
[2m2026-06-13T02:06:31.811163Z[0m [34mDEBUG[0m [2mgust_lexer::typechecker::visitor[0m[2m:[0m 🗄️ Function Pre-Registration: Raw name: 'skip_whitespace', Namespaced: 'lexer__skip_whitespace', Parameter Count: 1, Params: ["l: RawPointer(Struct(\"lexer__Lexer_ctx\", Some(\"ctx\")))"]
[2m2026-06-13T02:06:31.811184Z[0m [34mDEBUG[0m [2mgust_lexer::typechecker[0m[2m:[0m 👁️ Namespace Resolution: Lookup 'Lexer' -> Resolved: 'lexer__Lexer' (Current Prefix: 'lexer__')
[2m2026-06-13T02:06:31.811200Z[0m [34mDEBUG[0m [2mgust_lexer::typechecker[0m[2m:[0m 👁️ Namespace Resolution: Lookup 'lexer__Lexer' -> Resolved: 'lexer__Lexer' (Current Prefix: 'lexer__')
[2m2026-06-13T02:06:31.811222Z[0m [34mDEBUG[0m [2mgust_lexer::typechecker[0m[2m:[0m 👁️ Namespace Resolution: Lookup 'lexer__Lexer_ctx' -> Resolved: 'lexer__Lexer_ctx' (Current Prefix: 'lexer__')
[2m2026-06-13T02:06:31.811241Z[0m [34mDEBUG[0m [2mgust_lexer::typechecker::visitor[0m[2m:[0m 🗄️ Function Pre-Registration: Raw name: 'init_lexer', Namespaced: 'lexer__init_lexer', Parameter Count: 2, Params: ["l: RawPointer(Struct(\"lexer__Lexer_ctx\", Some(\"ctx\")))", "input: Str"]
[2m2026-06-13T02:06:31.811264Z[0m [34mDEBUG[0m [2mgust_lexer::typechecker::visitor[0m[2m:[0m 🗄️ Function Pre-Registration: Raw name: 'is_letter', Namespaced: 'lexer__is_letter', Parameter Count: 1, Params: ["b: Byte"]
[2m2026-06-13T02:06:31.811297Z[0m [34mDEBUG[0m [2mgust_lexer::typechecker::visitor[0m[2m:[0m 🗄️ Function Pre-Registration: Raw name: 'is_digit', Namespaced: 'lexer__is_digit', Parameter Count: 1, Params: ["b: Byte"]
[2m2026-06-13T02:06:31.811315Z[0m [34mDEBUG[0m [2mgust_lexer::typechecker[0m[2m:[0m 👁️ Namespace Resolution: Lookup 'Lexer' -> Resolved: 'lexer__Lexer' (Current Prefix: 'lexer__')
[2m2026-06-13T02:06:31.811328Z[0m [34mDEBUG[0m [2mgust_lexer::typechecker[0m[2m:[0m 👁️ Namespace Resolution: Lookup 'lexer__Lexer' -> Resolved: 'lexer__Lexer' (Current Prefix: 'lexer__')
[2m2026-06-13T02:06:31.811352Z[0m [34mDEBUG[0m [2mgust_lexer::typechecker[0m[2m:[0m 👁️ Namespace Resolution: Lookup 'lexer__Lexer_ctx' -> Resolved: 'lexer__Lexer_ctx' (Current Prefix: 'lexer__')
[2m2026-06-13T02:06:31.811367Z[0m [34mDEBUG[0m [2mgust_lexer::typechecker::visitor[0m[2m:[0m 🗄️ Function Pre-Registration: Raw name: 'read_identifier', Namespaced: 'lexer__read_identifier', Parameter Count: 1, Params: ["l: RawPointer(Struct(\"lexer__Lexer_ctx\", Some(\"ctx\")))"]
[2m2026-06-13T02:06:31.811388Z[0m [34mDEBUG[0m [2mgust_lexer::typechecker[0m[2m:[0m 👁️ Namespace Resolution: Lookup 'Lexer' -> Resolved: 'lexer__Lexer' (Current Prefix: 'lexer__')
[2m2026-06-13T02:06:31.811401Z[0m [34mDEBUG[0m [2mgust_lexer::typechecker[0m[2m:[0m 👁️ Namespace Resolution: Lookup 'lexer__Lexer' -> Resolved: 'lexer__Lexer' (Current Prefix: 'lexer__')
[2m2026-06-13T02:06:31.811426Z[0m [34mDEBUG[0m [2mgust_lexer::typechecker[0m[2m:[0m 👁️ Namespace Resolution: Lookup 'lexer__Lexer_ctx' -> Resolved: 'lexer__Lexer_ctx' (Current Prefix: 'lexer__')
[2m2026-06-13T02:06:31.811441Z[0m [34mDEBUG[0m [2mgust_lexer::typechecker::visitor[0m[2m:[0m 🗄️ Function Pre-Registration: Raw name: 'read_number', Namespaced: 'lexer__read_number', Parameter Count: 1, Params: ["l: RawPointer(Struct(\"lexer__Lexer_ctx\", Some(\"ctx\")))"]
[2m2026-06-13T02:06:31.811461Z[0m [34mDEBUG[0m [2mgust_lexer::typechecker[0m[2m:[0m 👁️ Namespace Resolution: Lookup 'Lexer' -> Resolved: 'lexer__Lexer' (Current Prefix: 'lexer__')
[2m2026-06-13T02:06:31.811474Z[0m [34mDEBUG[0m [2mgust_lexer::typechecker[0m[2m:[0m 👁️ Namespace Resolution: Lookup 'lexer__Lexer' -> Resolved: 'lexer__Lexer' (Current Prefix: 'lexer__')
[2m2026-06-13T02:06:31.811497Z[0m [34mDEBUG[0m [2mgust_lexer::typechecker[0m[2m:[0m 👁️ Namespace Resolution: Lookup 'lexer__Lexer_ctx' -> Resolved: 'lexer__Lexer_ctx' (Current Prefix: 'lexer__')
[2m2026-06-13T02:06:31.811513Z[0m [34mDEBUG[0m [2mgust_lexer::typechecker::visitor[0m[2m:[0m 🗄️ Function Pre-Registration: Raw name: 'read_string', Namespaced: 'lexer__read_string', Parameter Count: 1, Params: ["l: RawPointer(Struct(\"lexer__Lexer_ctx\", Some(\"ctx\")))"]
[2m2026-06-13T02:06:31.811534Z[0m [34mDEBUG[0m [2mgust_lexer::typechecker[0m[2m:[0m 👁️ Namespace Resolution: Lookup 'token.TokenType' -> Resolved: 'token__TokenType' (Current Prefix: 'lexer__')
[2m2026-06-13T02:06:31.811548Z[0m [34mDEBUG[0m [2mgust_lexer::typechecker[0m[2m:[0m 👁️ Namespace Resolution: Lookup 'token__TokenType' -> Resolved: 'token__TokenType' (Current Prefix: 'lexer__')
[2m2026-06-13T02:06:31.811562Z[0m [34mDEBUG[0m [2mgust_lexer::typechecker::visitor[0m[2m:[0m 🗄️ Function Pre-Registration: Raw name: 'lookup_ident', Namespaced: 'lexer__lookup_ident', Parameter Count: 1, Params: ["literal: Str"]
[2m2026-06-13T02:06:31.811581Z[0m [34mDEBUG[0m [2mgust_lexer::typechecker[0m[2m:[0m 👁️ Namespace Resolution: Lookup 'Lexer' -> Resolved: 'lexer__Lexer' (Current Prefix: 'lexer__')
[2m2026-06-13T02:06:31.811594Z[0m [34mDEBUG[0m [2mgust_lexer::typechecker[0m[2m:[0m 👁️ Namespace Resolution: Lookup 'lexer__Lexer' -> Resolved: 'lexer__Lexer' (Current Prefix: 'lexer__')
[2m2026-06-13T02:06:31.811619Z[0m [34mDEBUG[0m [2mgust_lexer::typechecker[0m[2m:[0m 👁️ Namespace Resolution: Lookup 'lexer__Lexer_ctx' -> Resolved: 'lexer__Lexer_ctx' (Current Prefix: 'lexer__')
[2m2026-06-13T02:06:31.811635Z[0m [34mDEBUG[0m [2mgust_lexer::typechecker[0m[2m:[0m 👁️ Namespace Resolution: Lookup 'token.Token' -> Resolved: 'token__Token' (Current Prefix: 'lexer__')
[2m2026-06-13T02:06:31.811648Z[0m [34mDEBUG[0m [2mgust_lexer::typechecker[0m[2m:[0m 👁️ Namespace Resolution: Lookup 'token__Token' -> Resolved: 'token__Token' (Current Prefix: 'lexer__')
[2m2026-06-13T02:06:31.811672Z[0m [34mDEBUG[0m [2mgust_lexer::typechecker[0m[2m:[0m 👁️ Namespace Resolution: Lookup 'TokenType' -> Resolved: 'token__TokenType' (Current Prefix: 'token__')
[2m2026-06-13T02:06:31.811692Z[0m [34mDEBUG[0m [2mgust_lexer::typechecker[0m[2m:[0m 👁️ Namespace Resolution: Lookup 'Span' -> Resolved: 'token__Span' (Current Prefix: 'token__')
[2m2026-06-13T02:06:31.811708Z[0m [34mDEBUG[0m [2mgust_lexer::typechecker[0m[2m:[0m 👁️ Namespace Resolution: Lookup 'token__Token_ctx' -> Resolved: 'token__Token_ctx' (Current Prefix: 'lexer__')
[2m2026-06-13T02:06:31.811724Z[0m [34mDEBUG[0m [2mgust_lexer::typechecker::visitor[0m[2m:[0m 🗄️ Function Pre-Registration: Raw name: 'next_token', Namespaced: 'lexer__next_token', Parameter Count: 2, Params: ["l: RawPointer(Struct(\"lexer__Lexer_ctx\", Some(\"ctx\")))", "tok: RawPointer(Struct(\"token__Token_ctx\", Some(\"ctx\")))"]
[2m2026-06-13T02:06:31.811748Z[0m [34mDEBUG[0m [2mgust_lexer::typechecker[0m[2m:[0m 👁️ Namespace Resolution: Lookup 'Lexer' -> Resolved: 'lexer__Lexer' (Current Prefix: 'lexer__')
[2m2026-06-13T02:06:31.811761Z[0m [34mDEBUG[0m [2mgust_lexer::typechecker[0m[2m:[0m 👁️ Namespace Resolution: Lookup 'lexer__Lexer' -> Resolved: 'lexer__Lexer' (Current Prefix: 'lexer__')
[2m2026-06-13T02:06:31.811784Z[0m [34mDEBUG[0m [2mgust_lexer::typechecker[0m[2m:[0m 👁️ Namespace Resolution: Lookup 'lexer__Lexer_ctx' -> Resolved: 'lexer__Lexer_ctx' (Current Prefix: 'lexer__')
[2m2026-06-13T02:06:31.811799Z[0m [34mDEBUG[0m [2mgust_lexer::typechecker[0m[2m:[0m 👁️ Namespace Resolution: Lookup 'token.Token' -> Resolved: 'token__Token' (Current Prefix: 'lexer__')
[2m2026-06-13T02:06:31.811820Z[0m [34mDEBUG[0m [2mgust_lexer::typechecker[0m[2m:[0m 👁️ Namespace Resolution: Lookup 'token__Token_ctx' -> Resolved: 'token__Token_ctx' (Current Prefix: 'lexer__')
[2m2026-06-13T02:06:31.811834Z[0m [34mDEBUG[0m [2mgust_lexer::typechecker::visitor[0m[2m:[0m 🗄️ Function Pre-Registration: Raw name: 'next_token', Namespaced: 'lexer__next_token', Parameter Count: 1, Params: ["l: RawPointer(Struct(\"lexer__Lexer_ctx\", Some(\"ctx\")))"]
[2m2026-06-13T02:06:31.812303Z[0m [34mDEBUG[0m [2mgust_lexer::typechecker::visitor[0m[2m:[0m 🗄️ Import Alias Mapping Registered (Statement Pass): 'token' -> 'token__' (for path 'token.gst')
[2m2026-06-13T02:06:31.812324Z[0m [34mDEBUG[0m [2mgust_lexer::typechecker[0m[2m:[0m 👁️ Namespace Resolution: Lookup 'Lexer' -> Resolved: 'lexer__Lexer' (Current Prefix: 'lexer__')
[2m2026-06-13T02:06:31.812339Z[0m [34mDEBUG[0m [2mgust_lexer::typechecker[0m[2m:[0m 👁️ Namespace Resolution: Lookup 'lexer__Lexer' -> Resolved: 'lexer__Lexer' (Current Prefix: 'lexer__')
[2m2026-06-13T02:06:31.812560Z[0m [34mDEBUG[0m [2mgust_lexer::typechecker[0m[2m:[0m 👁️ Namespace Resolution: Lookup 'len' -> Resolved: 'len' (Current Prefix: 'lexer__')
[2m2026-06-13T02:06:31.812577Z[0m [34mDEBUG[0m [2mgust_lexer::typechecker::visitor[0m[2m:[0m 👁️ Expression::Call Evaluation Start: Raw Function: 'len', Resolved: 'len', Registry Has Key: false
[2m2026-06-13T02:06:31.812668Z[0m [34mDEBUG[0m [2mgust_lexer::typechecker[0m[2m:[0m 👁️ Namespace Resolution: Lookup 'std.str_byte_at' -> Resolved: 'std_str_byte_at' (Current Prefix: 'lexer__')
[2m2026-06-13T02:06:31.812685Z[0m [34mDEBUG[0m [2mgust_lexer::typechecker::visitor[0m[2m:[0m 👁️ Expression::Call Evaluation Start: Raw Function: 'std.str_byte_at', Resolved: 'std_str_byte_at', Registry Has Key: true
[2m2026-06-13T02:06:31.812715Z[0m [34mDEBUG[0m [2mgust_lexer::typechecker::visitor[0m[2m:[0m 👁️ Call-Site Verification: Raw Function: 'std.str_byte_at', Resolved: 'std_str_byte_at', Expected Params Count: 2, Expected Params: [Str, Int], Actual Args: [("l.input", Str), ("l.read_position", Int)]
[2m2026-06-13T02:06:31.812743Z[0m [34mDEBUG[0m [2mgust_lexer::typechecker[0m[2m:[0m 👁️ Namespace Resolution: Lookup 'std.str_byte_at' -> Resolved: 'std_str_byte_at' (Current Prefix: 'lexer__')
[2m2026-06-13T02:06:31.812851Z[0m [34mDEBUG[0m [2mgust_lexer::typechecker[0m[2m:[0m 👁️ Namespace Resolution: Lookup 'Lexer' -> Resolved: 'lexer__Lexer' (Current Prefix: 'lexer__')
[2m2026-06-13T02:06:31.812865Z[0m [34mDEBUG[0m [2mgust_lexer::typechecker[0m[2m:[0m 👁️ Namespace Resolution: Lookup 'lexer__Lexer' -> Resolved: 'lexer__Lexer' (Current Prefix: 'lexer__')
[2m2026-06-13T02:06:31.812894Z[0m [34mDEBUG[0m [2mgust_lexer::typechecker[0m[2m:[0m 👁️ Namespace Resolution: Lookup 'len' -> Resolved: 'len' (Current Prefix: 'lexer__')
[2m2026-06-13T02:06:31.812907Z[0m [34mDEBUG[0m [2mgust_lexer::typechecker::visitor[0m[2m:[0m 👁️ Expression::Call Evaluation Start: Raw Function: 'len', Resolved: 'len', Registry Has Key: false
[2m2026-06-13T02:06:31.812978Z[0m [34mDEBUG[0m [2mgust_lexer::typechecker[0m[2m:[0m 👁️ Namespace Resolution: Lookup 'std.str_byte_at' -> Resolved: 'std_str_byte_at' (Current Prefix: 'lexer__')
[2m2026-06-13T02:06:31.812992Z[0m [34mDEBUG[0m [2mgust_lexer::typechecker::visitor[0m[2m:[0m 👁️ Expression::Call Evaluation Start: Raw Function: 'std.str_byte_at', Resolved: 'std_str_byte_at', Registry Has Key: true
[2m2026-06-13T02:06:31.813021Z[0m [34mDEBUG[0m [2mgust_lexer::typechecker::visitor[0m[2m:[0m 👁️ Call-Site Verification: Raw Function: 'std.str_byte_at', Resolved: 'std_str_byte_at', Expected Params Count: 2, Expected Params: [Str, Int], Actual Args: [("l.input", Str), ("l.read_position", Int)]
[2m2026-06-13T02:06:31.813044Z[0m [34mDEBUG[0m [2mgust_lexer::typechecker[0m[2m:[0m 👁️ Namespace Resolution: Lookup 'std.str_byte_at' -> Resolved: 'std_str_byte_at' (Current Prefix: 'lexer__')
[2m2026-06-13T02:06:31.813071Z[0m [34mDEBUG[0m [2mgust_lexer::typechecker[0m[2m:[0m 👁️ Namespace Resolution: Lookup 'Lexer' -> Resolved: 'lexer__Lexer' (Current Prefix: 'lexer__')
[2m2026-06-13T02:06:31.813085Z[0m [34mDEBUG[0m [2mgust_lexer::typechecker[0m[2m:[0m 👁️ Namespace Resolution: Lookup 'lexer__Lexer' -> Resolved: 'lexer__Lexer' (Current Prefix: 'lexer__')
[2m2026-06-13T02:06:31.813133Z[0m [34mDEBUG[0m [2mgust_lexer::typechecker[0m[2m:[0m 👁️ Namespace Resolution: Lookup 'std.is_whitespace' -> Resolved: 'std_is_whitespace' (Current Prefix: 'lexer__')
[2m2026-06-13T02:06:31.813145Z[0m [34mDEBUG[0m [2mgust_lexer::typechecker::visitor[0m[2m:[0m 👁️ Expression::Call Evaluation Start: Raw Function: 'std.is_whitespace', Resolved: 'std_is_whitespace', Registry Has Key: true
[2m2026-06-13T02:06:31.813165Z[0m [34mDEBUG[0m [2mgust_lexer::typechecker::visitor[0m[2m:[0m 👁️ Call-Site Verification: Raw Function: 'std.is_whitespace', Resolved: 'std_is_whitespace', Expected Params Count: 1, Expected Params: [Byte], Actual Args: [("l.ch", Byte)]
[2m2026-06-13T02:06:31.813182Z[0m [34mDEBUG[0m [2mgust_lexer::typechecker[0m[2m:[0m 👁️ Namespace Resolution: Lookup 'read_char' -> Resolved: 'lexer__read_char' (Current Prefix: 'lexer__')
[2m2026-06-13T02:06:31.813193Z[0m [34mDEBUG[0m [2mgust_lexer::typechecker::visitor[0m[2m:[0m 👁️ Expression::Call Evaluation Start: Raw Function: 'read_char', Resolved: 'lexer__read_char', Registry Has Key: true
[2m2026-06-13T02:06:31.813256Z[0m [34mDEBUG[0m [2mgust_lexer::typechecker[0m[2m:[0m 👁️ Namespace Resolution: Lookup 'lexer__Lexer_ctx' -> Resolved: 'lexer__Lexer_ctx' (Current Prefix: 'lexer__')
[2m2026-06-13T02:06:31.813271Z[0m [34mDEBUG[0m [2mgust_lexer::typechecker[0m[2m:[0m 👁️ Namespace Resolution: Lookup 'lexer__Lexer_ctx' -> Resolved: 'lexer__Lexer_ctx' (Current Prefix: 'lexer__')
[2m2026-06-13T02:06:31.813284Z[0m [34mDEBUG[0m [2mgust_lexer::typechecker::visitor[0m[2m:[0m 👁️ Call-Site Verification: Raw Function: 'read_char', Resolved: 'lexer__read_char', Expected Params Count: 1, Expected Params: [RawPointer(Struct("lexer__Lexer_ctx", Some("ctx")))], Actual Args: [("l", RawPointer(Struct("lexer__Lexer_ctx", Some("ctx"))))]
[2m2026-06-13T02:06:31.813314Z[0m [34mDEBUG[0m [2mgust_lexer::typechecker[0m[2m:[0m 👁️ Namespace Resolution: Lookup 'Lexer' -> Resolved: 'lexer__Lexer' (Current Prefix: 'lexer__')
[2m2026-06-13T02:06:31.813327Z[0m [34mDEBUG[0m [2mgust_lexer::typechecker[0m[2m:[0m 👁️ Namespace Resolution: Lookup 'lexer__Lexer' -> Resolved: 'lexer__Lexer' (Current Prefix: 'lexer__')
[2m2026-06-13T02:06:31.813422Z[0m [34mDEBUG[0m [2mgust_lexer::typechecker[0m[2m:[0m 👁️ Namespace Resolution: Lookup 'read_char' -> Resolved: 'lexer__read_char' (Current Prefix: 'lexer__')
[2m2026-06-13T02:06:31.813435Z[0m [34mDEBUG[0m [2mgust_lexer::typechecker::visitor[0m[2m:[0m 👁️ Expression::Call Evaluation Start: Raw Function: 'read_char', Resolved: 'lexer__read_char', Registry Has Key: true
[2m2026-06-13T02:06:31.813453Z[0m [34mDEBUG[0m [2mgust_lexer::typechecker[0m[2m:[0m 👁️ Namespace Resolution: Lookup 'lexer__Lexer_ctx' -> Resolved: 'lexer__Lexer_ctx' (Current Prefix: 'lexer__')
[2m2026-06-13T02:06:31.813467Z[0m [34mDEBUG[0m [2mgust_lexer::typechecker[0m[2m:[0m 👁️ Namespace Resolution: Lookup 'lexer__Lexer_ctx' -> Resolved: 'lexer__Lexer_ctx' (Current Prefix: 'lexer__')
[2m2026-06-13T02:06:31.813481Z[0m [34mDEBUG[0m [2mgust_lexer::typechecker::visitor[0m[2m:[0m 👁️ Call-Site Verification: Raw Function: 'read_char', Resolved: 'lexer__read_char', Expected Params Count: 1, Expected Params: [RawPointer(Struct("lexer__Lexer_ctx", Some("ctx")))], Actual Args: [("l", RawPointer(Struct("lexer__Lexer_ctx", Some("ctx"))))]
[2m2026-06-13T02:06:31.813516Z[0m [34mDEBUG[0m [2mgust_lexer::typechecker[0m[2m:[0m 👁️ Namespace Resolution: Lookup 'std.is_alpha' -> Resolved: 'std_is_alpha' (Current Prefix: 'lexer__')
[2m2026-06-13T02:06:31.813529Z[0m [34mDEBUG[0m [2mgust_lexer::typechecker::visitor[0m[2m:[0m 👁️ Expression::Call Evaluation Start: Raw Function: 'std.is_alpha', Resolved: 'std_is_alpha', Registry Has Key: true
[2m2026-06-13T02:06:31.813546Z[0m [34mDEBUG[0m [2mgust_lexer::typechecker::visitor[0m[2m:[0m 👁️ Call-Site Verification: Raw Function: 'std.is_alpha', Resolved: 'std_is_alpha', Expected Params Count: 1, Expected Params: [Byte], Actual Args: [("b", Byte)]
[2m2026-06-13T02:06:31.813564Z[0m [34mDEBUG[0m [2mgust_lexer::typechecker[0m[2m:[0m 👁️ Namespace Resolution: Lookup 'std.is_alpha' -> Resolved: 'std_is_alpha' (Current Prefix: 'lexer__')
[2m2026-06-13T02:06:31.813589Z[0m [34mDEBUG[0m [2mgust_lexer::typechecker[0m[2m:[0m 👁️ Namespace Resolution: Lookup 'std.is_digit' -> Resolved: 'std_is_digit' (Current Prefix: 'lexer__')
[2m2026-06-13T02:06:31.813600Z[0m [34mDEBUG[0m [2mgust_lexer::typechecker::visitor[0m[2m:[0m 👁️ Expression::Call Evaluation Start: Raw Function: 'std.is_digit', Resolved: 'std_is_digit', Registry Has Key: true
[2m2026-06-13T02:06:31.813616Z[0m [34mDEBUG[0m [2mgust_lexer::typechecker::visitor[0m[2m:[0m 👁️ Call-Site Verification: Raw Function: 'std.is_digit', Resolved: 'std_is_digit', Expected Params Count: 1, Expected Params: [Byte], Actual Args: [("b", Byte)]
[2m2026-06-13T02:06:31.813632Z[0m [34mDEBUG[0m [2mgust_lexer::typechecker[0m[2m:[0m 👁️ Namespace Resolution: Lookup 'std.is_digit' -> Resolved: 'std_is_digit' (Current Prefix: 'lexer__')
[2m2026-06-13T02:06:31.813650Z[0m [34mDEBUG[0m [2mgust_lexer::typechecker[0m[2m:[0m 👁️ Namespace Resolution: Lookup 'Lexer' -> Resolved: 'lexer__Lexer' (Current Prefix: 'lexer__')
[2m2026-06-13T02:06:31.813661Z[0m [34mDEBUG[0m [2mgust_lexer::typechecker[0m[2m:[0m 👁️ Namespace Resolution: Lookup 'lexer__Lexer' -> Resolved: 'lexer__Lexer' (Current Prefix: 'lexer__')
[2m2026-06-13T02:06:31.813707Z[0m [34mDEBUG[0m [2mgust_lexer::typechecker[0m[2m:[0m 👁️ Namespace Resolution: Lookup 'is_letter' -> Resolved: 'lexer__is_letter' (Current Prefix: 'lexer__')
[2m2026-06-13T02:06:31.813718Z[0m [34mDEBUG[0m [2mgust_lexer::typechecker::visitor[0m[2m:[0m 👁️ Expression::Call Evaluation Start: Raw Function: 'is_letter', Resolved: 'lexer__is_letter', Registry Has Key: true
[2m2026-06-13T02:06:31.813738Z[0m [34mDEBUG[0m [2mgust_lexer::typechecker::visitor[0m[2m:[0m 👁️ Call-Site Verification: Raw Function: 'is_letter', Resolved: 'lexer__is_letter', Expected Params Count: 1, Expected Params: [Byte], Actual Args: [("l.ch", Byte)]
[2m2026-06-13T02:06:31.813756Z[0m [34mDEBUG[0m [2mgust_lexer::typechecker[0m[2m:[0m 👁️ Namespace Resolution: Lookup 'read_char' -> Resolved: 'lexer__read_char' (Current Prefix: 'lexer__')
[2m2026-06-13T02:06:31.813767Z[0m [34mDEBUG[0m [2mgust_lexer::typechecker::visitor[0m[2m:[0m 👁️ Expression::Call Evaluation Start: Raw Function: 'read_char', Resolved: 'lexer__read_char', Registry Has Key: true
[2m2026-06-13T02:06:31.813784Z[0m [34mDEBUG[0m [2mgust_lexer::typechecker[0m[2m:[0m 👁️ Namespace Resolution: Lookup 'lexer__Lexer_ctx' -> Resolved: 'lexer__Lexer_ctx' (Current Prefix: 'lexer__')
[2m2026-06-13T02:06:31.813796Z[0m [34mDEBUG[0m [2mgust_lexer::typechecker[0m[2m:[0m 👁️ Namespace Resolution: Lookup 'lexer__Lexer_ctx' -> Resolved: 'lexer__Lexer_ctx' (Current Prefix: 'lexer__')
[2m2026-06-13T02:06:31.813809Z[0m [34mDEBUG[0m [2mgust_lexer::typechecker::visitor[0m[2m:[0m 👁️ Call-Site Verification: Raw Function: 'read_char', Resolved: 'lexer__read_char', Expected Params Count: 1, Expected Params: [RawPointer(Struct("lexer__Lexer_ctx", Some("ctx")))], Actual Args: [("l", RawPointer(Struct("lexer__Lexer_ctx", Some("ctx"))))]
[2m2026-06-13T02:06:31.813837Z[0m [34mDEBUG[0m [2mgust_lexer::typechecker[0m[2m:[0m 👁️ Namespace Resolution: Lookup 'is_digit' -> Resolved: 'lexer__is_digit' (Current Prefix: 'lexer__')
[2m2026-06-13T02:06:31.813848Z[0m [34mDEBUG[0m [2mgust_lexer::typechecker::visitor[0m[2m:[0m 👁️ Expression::Call Evaluation Start: Raw Function: 'is_digit', Resolved: 'lexer__is_digit', Registry Has Key: true
[2m2026-06-13T02:06:31.813867Z[0m [34mDEBUG[0m [2mgust_lexer::typechecker::visitor[0m[2m:[0m 👁️ Call-Site Verification: Raw Function: 'is_digit', Resolved: 'lexer__is_digit', Expected Params Count: 1, Expected Params: [Byte], Actual Args: [("l.ch", Byte)]
[2m2026-06-13T02:06:31.813885Z[0m [34mDEBUG[0m [2mgust_lexer::typechecker[0m[2m:[0m 👁️ Namespace Resolution: Lookup 'read_char' -> Resolved: 'lexer__read_char' (Current Prefix: 'lexer__')
[2m2026-06-13T02:06:31.813896Z[0m [34mDEBUG[0m [2mgust_lexer::typechecker::visitor[0m[2m:[0m 👁️ Expression::Call Evaluation Start: Raw Function: 'read_char', Resolved: 'lexer__read_char', Registry Has Key: true
[2m2026-06-13T02:06:31.813913Z[0m [34mDEBUG[0m [2mgust_lexer::typechecker[0m[2m:[0m 👁️ Namespace Resolution: Lookup 'lexer__Lexer_ctx' -> Resolved: 'lexer__Lexer_ctx' (Current Prefix: 'lexer__')
[2m2026-06-13T02:06:31.813925Z[0m [34mDEBUG[0m [2mgust_lexer::typechecker[0m[2m:[0m 👁️ Namespace Resolution: Lookup 'lexer__Lexer_ctx' -> Resolved: 'lexer__Lexer_ctx' (Current Prefix: 'lexer__')
[2m2026-06-13T02:06:31.813937Z[0m [34mDEBUG[0m [2mgust_lexer::typechecker::visitor[0m[2m:[0m 👁️ Call-Site Verification: Raw Function: 'read_char', Resolved: 'lexer__read_char', Expected Params Count: 1, Expected Params: [RawPointer(Struct("lexer__Lexer_ctx", Some("ctx")))], Actual Args: [("l", RawPointer(Struct("lexer__Lexer_ctx", Some("ctx"))))]
[2m2026-06-13T02:06:31.814029Z[0m [34mDEBUG[0m [2mgust_lexer::typechecker[0m[2m:[0m 👁️ Namespace Resolution: Lookup 'std.str_slice' -> Resolved: 'std_str_slice' (Current Prefix: 'lexer__')
[2m2026-06-13T02:06:31.814040Z[0m [34mDEBUG[0m [2mgust_lexer::typechecker::visitor[0m[2m:[0m 👁️ Expression::Call Evaluation Start: Raw Function: 'std.str_slice', Resolved: 'std_str_slice', Registry Has Key: true
[2m2026-06-13T02:06:31.814068Z[0m [34mDEBUG[0m [2mgust_lexer::typechecker::visitor[0m[2m:[0m 👁️ Call-Site Verification: Raw Function: 'std.str_slice', Resolved: 'std_str_slice', Expected Params Count: 3, Expected Params: [Str, Int, Int], Actual Args: [("l.input", Str), ("start_pos", Int), ("l.position", Int)]
[2m2026-06-13T02:06:31.814087Z[0m [34mDEBUG[0m [2mgust_lexer::typechecker[0m[2m:[0m 👁️ Namespace Resolution: Lookup 'std.str_slice' -> Resolved: 'std_str_slice' (Current Prefix: 'lexer__')
[2m2026-06-13T02:06:31.814114Z[0m [34mDEBUG[0m [2mgust_lexer::typechecker[0m[2m:[0m 👁️ Namespace Resolution: Lookup 'Lexer' -> Resolved: 'lexer__Lexer' (Current Prefix: 'lexer__')
[2m2026-06-13T02:06:31.814125Z[0m [34mDEBUG[0m [2mgust_lexer::typechecker[0m[2m:[0m 👁️ Namespace Resolution: Lookup 'lexer__Lexer' -> Resolved: 'lexer__Lexer' (Current Prefix: 'lexer__')
[2m2026-06-13T02:06:31.814162Z[0m [34mDEBUG[0m [2mgust_lexer::typechecker[0m[2m:[0m 👁️ Namespace Resolution: Lookup 'is_digit' -> Resolved: 'lexer__is_digit' (Current Prefix: 'lexer__')
[2m2026-06-13T02:06:31.814173Z[0m [34mDEBUG[0m [2mgust_lexer::typechecker::visitor[0m[2m:[0m 👁️ Expression::Call Evaluation Start: Raw Function: 'is_digit', Resolved: 'lexer__is_digit', Registry Has Key: true
[2m2026-06-13T02:06:31.814191Z[0m [34mDEBUG[0m [2mgust_lexer::typechecker::visitor[0m[2m:[0m 👁️ Call-Site Verification: Raw Function: 'is_digit', Resolved: 'lexer__is_digit', Expected Params Count: 1, Expected Params: [Byte], Actual Args: [("l.ch", Byte)]
[2m2026-06-13T02:06:31.814207Z[0m [34mDEBUG[0m [2mgust_lexer::typechecker[0m[2m:[0m 👁️ Namespace Resolution: Lookup 'read_char' -> Resolved: 'lexer__read_char' (Current Prefix: 'lexer__')
[2m2026-06-13T02:06:31.814218Z[0m [34mDEBUG[0m [2mgust_lexer::typechecker::visitor[0m[2m:[0m 👁️ Expression::Call Evaluation Start: Raw Function: 'read_char', Resolved: 'lexer__read_char', Registry Has Key: true
[2m2026-06-13T02:06:31.814235Z[0m [34mDEBUG[0m [2mgust_lexer::typechecker[0m[2m:[0m 👁️ Namespace Resolution: Lookup 'lexer__Lexer_ctx' -> Resolved: 'lexer__Lexer_ctx' (Current Prefix: 'lexer__')
[2m2026-06-13T02:06:31.814247Z[0m [34mDEBUG[0m [2mgust_lexer::typechecker[0m[2m:[0m 👁️ Namespace Resolution: Lookup 'lexer__Lexer_ctx' -> Resolved: 'lexer__Lexer_ctx' (Current Prefix: 'lexer__')
[2m2026-06-13T02:06:31.814259Z[0m [34mDEBUG[0m [2mgust_lexer::typechecker::visitor[0m[2m:[0m 👁️ Call-Site Verification: Raw Function: 'read_char', Resolved: 'lexer__read_char', Expected Params Count: 1, Expected Params: [RawPointer(Struct("lexer__Lexer_ctx", Some("ctx")))], Actual Args: [("l", RawPointer(Struct("lexer__Lexer_ctx", Some("ctx"))))]
[2m2026-06-13T02:06:31.814281Z[0m [34mDEBUG[0m [2mgust_lexer::typechecker[0m[2m:[0m 👁️ Namespace Resolution: Lookup 'std.str_slice' -> Resolved: 'std_str_slice' (Current Prefix: 'lexer__')
[2m2026-06-13T02:06:31.814292Z[0m [34mDEBUG[0m [2mgust_lexer::typechecker::visitor[0m[2m:[0m 👁️ Expression::Call Evaluation Start: Raw Function: 'std.str_slice', Resolved: 'std_str_slice', Registry Has Key: true
[2m2026-06-13T02:06:31.814318Z[0m [34mDEBUG[0m [2mgust_lexer::typechecker::visitor[0m[2m:[0m 👁️ Call-Site Verification: Raw Function: 'std.str_slice', Resolved: 'std_str_slice', Expected Params Count: 3, Expected Params: [Str, Int, Int], Actual Args: [("l.input", Str), ("start_pos", Int), ("l.position", Int)]
[2m2026-06-13T02:06:31.814337Z[0m [34mDEBUG[0m [2mgust_lexer::typechecker[0m[2m:[0m 👁️ Namespace Resolution: Lookup 'std.str_slice' -> Resolved: 'std_str_slice' (Current Prefix: 'lexer__')
[2m2026-06-13T02:06:31.814363Z[0m [34mDEBUG[0m [2mgust_lexer::typechecker[0m[2m:[0m 👁️ Namespace Resolution: Lookup 'Lexer' -> Resolved: 'lexer__Lexer' (Current Prefix: 'lexer__')
[2m2026-06-13T02:06:31.814375Z[0m [34mDEBUG[0m [2mgust_lexer::typechecker[0m[2m:[0m 👁️ Namespace Resolution: Lookup 'lexer__Lexer' -> Resolved: 'lexer__Lexer' (Current Prefix: 'lexer__')
[2m2026-06-13T02:06:31.814419Z[0m [34mDEBUG[0m [2mgust_lexer::typechecker[0m[2m:[0m 👁️ Namespace Resolution: Lookup 'read_char' -> Resolved: 'lexer__read_char' (Current Prefix: 'lexer__')
[2m2026-06-13T02:06:31.814430Z[0m [34mDEBUG[0m [2mgust_lexer::typechecker::visitor[0m[2m:[0m 👁️ Expression::Call Evaluation Start: Raw Function: 'read_char', Resolved: 'lexer__read_char', Registry Has Key: true
[2m2026-06-13T02:06:31.814447Z[0m [34mDEBUG[0m [2mgust_lexer::typechecker[0m[2m:[0m 👁️ Namespace Resolution: Lookup 'lexer__Lexer_ctx' -> Resolved: 'lexer__Lexer_ctx' (Current Prefix: 'lexer__')
[2m2026-06-13T02:06:31.814459Z[0m [34mDEBUG[0m [2mgust_lexer::typechecker[0m[2m:[0m 👁️ Namespace Resolution: Lookup 'lexer__Lexer_ctx' -> Resolved: 'lexer__Lexer_ctx' (Current Prefix: 'lexer__')
[2m2026-06-13T02:06:31.814471Z[0m [34mDEBUG[0m [2mgust_lexer::typechecker::visitor[0m[2m:[0m 👁️ Call-Site Verification: Raw Function: 'read_char', Resolved: 'lexer__read_char', Expected Params Count: 1, Expected Params: [RawPointer(Struct("lexer__Lexer_ctx", Some("ctx")))], Actual Args: [("l", RawPointer(Struct("lexer__Lexer_ctx", Some("ctx"))))]
[2m2026-06-13T02:06:31.814570Z[0m [34mDEBUG[0m [2mgust_lexer::typechecker[0m[2m:[0m 👁️ Namespace Resolution: Lookup 'std.str_slice' -> Resolved: 'std_str_slice' (Current Prefix: 'lexer__')
[2m2026-06-13T02:06:31.814582Z[0m [34mDEBUG[0m [2mgust_lexer::typechecker::visitor[0m[2m:[0m 👁️ Expression::Call Evaluation Start: Raw Function: 'std.str_slice', Resolved: 'std_str_slice', Registry Has Key: true
[2m2026-06-13T02:06:31.814610Z[0m [34mDEBUG[0m [2mgust_lexer::typechecker::visitor[0m[2m:[0m 👁️ Call-Site Verification: Raw Function: 'std.str_slice', Resolved: 'std_str_slice', Expected Params Count: 3, Expected Params: [Str, Int, Int], Actual Args: [("l.input", Str), ("start_pos", Int), ("l.position", Int)]
[2m2026-06-13T02:06:31.814629Z[0m [34mDEBUG[0m [2mgust_lexer::typechecker[0m[2m:[0m 👁️ Namespace Resolution: Lookup 'std.str_slice' -> Resolved: 'std_str_slice' (Current Prefix: 'lexer__')
[2m2026-06-13T02:06:31.814654Z[0m [34mDEBUG[0m [2mgust_lexer::typechecker[0m[2m:[0m 👁️ Namespace Resolution: Lookup 'read_char' -> Resolved: 'lexer__read_char' (Current Prefix: 'lexer__')
[2m2026-06-13T02:06:31.814665Z[0m [34mDEBUG[0m [2mgust_lexer::typechecker::visitor[0m[2m:[0m 👁️ Expression::Call Evaluation Start: Raw Function: 'read_char', Resolved: 'lexer__read_char', Registry Has Key: true
[2m2026-06-13T02:06:31.814681Z[0m [34mDEBUG[0m [2mgust_lexer::typechecker[0m[2m:[0m 👁️ Namespace Resolution: Lookup 'lexer__Lexer_ctx' -> Resolved: 'lexer__Lexer_ctx' (Current Prefix: 'lexer__')
[2m2026-06-13T02:06:31.814693Z[0m [34mDEBUG[0m [2mgust_lexer::typechecker[0m[2m:[0m 👁️ Namespace Resolution: Lookup 'lexer__Lexer_ctx' -> Resolved: 'lexer__Lexer_ctx' (Current Prefix: 'lexer__')
[2m2026-06-13T02:06:31.814705Z[0m [34mDEBUG[0m [2mgust_lexer::typechecker::visitor[0m[2m:[0m 👁️ Call-Site Verification: Raw Function: 'read_char', Resolved: 'lexer__read_char', Expected Params Count: 1, Expected Params: [RawPointer(Struct("lexer__Lexer_ctx", Some("ctx")))], Actual Args: [("l", RawPointer(Struct("lexer__Lexer_ctx", Some("ctx"))))]
[2m2026-06-13T02:06:31.814748Z[0m [34mDEBUG[0m [2mgust_lexer::typechecker[0m[2m:[0m 👁️ Namespace Resolution: Lookup 'token.TokenType' -> Resolved: 'token__TokenType' (Current Prefix: 'lexer__')
[2m2026-06-13T02:06:31.814764Z[0m [34mDEBUG[0m [2mgust_lexer::typechecker[0m[2m:[0m 👁️ Namespace Resolution: Lookup 'token.TokenType' -> Resolved: 'token__TokenType' (Current Prefix: 'lexer__')
[2m2026-06-13T02:06:31.814776Z[0m [34mDEBUG[0m [2mgust_lexer::typechecker[0m[2m:[0m 👁️ Namespace Resolution: Lookup 'token__TokenType' -> Resolved: 'token__TokenType' (Current Prefix: 'lexer__')
[2m2026-06-13T02:06:31.814788Z[0m [34mDEBUG[0m [2mgust_lexer::typechecker[0m[2m:[0m 👁️ Namespace Resolution: Lookup 'token.TokenType' -> Resolved: 'token__TokenType' (Current Prefix: 'lexer__')
[2m2026-06-13T02:06:31.814799Z[0m [34mDEBUG[0m [2mgust_lexer::typechecker[0m[2m:[0m 👁️ Namespace Resolution: Lookup 'token__TokenType' -> Resolved: 'token__TokenType' (Current Prefix: 'lexer__')
[2m2026-06-13T02:06:31.814816Z[0m [34mDEBUG[0m [2mgust_lexer::typechecker[0m[2m:[0m 👁️ Namespace Resolution: Lookup 'std.str_eq' -> Resolved: 'std_str_eq' (Current Prefix: 'lexer__')
[2m2026-06-13T02:06:31.814827Z[0m [34mDEBUG[0m [2mgust_lexer::typechecker::visitor[0m[2m:[0m 👁️ Expression::Call Evaluation Start: Raw Function: 'std.str_eq', Resolved: 'std_str_eq', Registry Has Key: true
[2m2026-06-13T02:06:31.814844Z[0m [34mDEBUG[0m [2mgust_lexer::typechecker::visitor[0m[2m:[0m 👁️ Call-Site Verification: Raw Function: 'std.str_eq', Resolved: 'std_str_eq', Expected Params Count: 2, Expected Params: [Str, Str], Actual Args: [("literal", Str), ("\"guard\"", Str)]
[2m2026-06-13T02:06:31.814888Z[0m [34mDEBUG[0m [2mgust_lexer::typechecker[0m[2m:[0m 👁️ Namespace Resolution: Lookup 'token__TokenType' -> Resolved: 'token__TokenType' (Current Prefix: 'lexer__')
[2m2026-06-13T02:06:31.815298Z[0m [34mDEBUG[0m [2mgust_lexer::typechecker[0m[2m:[0m 👁️ Namespace Resolution: Lookup 'std.str_eq' -> Resolved: 'std_str_eq' (Current Prefix: 'lexer__')
[2m2026-06-13T02:06:31.815309Z[0m [34mDEBUG[0m [2mgust_lexer::typechecker::visitor[0m[2m:[0m 👁️ Expression::Call Evaluation Start: Raw Function: 'std.str_eq', Resolved: 'std_str_eq', Registry Has Key: true
[2m2026-06-13T02:06:31.815415Z[0m [34mDEBUG[0m [2mgust_lexer::typechecker::visitor[0m[2m:[0m 👁️ Call-Site Verification: Raw Function: 'std.str_eq', Resolved: 'std_str_eq', Expected Params Count: 2, Expected Params: [Str, Str], Actual Args: [("literal", Str), ("\"import\"", Str)]
[2m2026-06-13T02:06:31.815457Z[0m [34mDEBUG[0m [2mgust_lexer::typechecker[0m[2m:[0m 👁️ Namespace Resolution: Lookup 'token__TokenType' -> Resolved: 'token__TokenType' (Current Prefix: 'lexer__')
[2m2026-06-13T02:06:31.815869Z[0m [34mDEBUG[0m [2mgust_lexer::typechecker[0m[2m:[0m 👁️ Namespace Resolution: Lookup 'std.str_eq' -> Resolved: 'std_str_eq' (Current Prefix: 'lexer__')
[2m2026-06-13T02:06:31.815881Z[0m [34mDEBUG[0m [2mgust_lexer::typechecker::visitor[0m[2m:[0m 👁️ Expression::Call Evaluation Start: Raw Function: 'std.str_eq', Resolved: 'std_str_eq', Registry Has Key: true
[2m2026-06-13T02:06:31.815898Z[0m [34mDEBUG[0m [2mgust_lexer::typechecker::visitor[0m[2m:[0m 👁️ Call-Site Verification: Raw Function: 'std.str_eq', Resolved: 'std_str_eq', Expected Params Count: 2, Expected Params: [Str, Str], Actual Args: [("literal", Str), ("\"mut\"", Str)]
[2m2026-06-13T02:06:31.815939Z[0m [34mDEBUG[0m [2mgust_lexer::typechecker[0m[2m:[0m 👁️ Namespace Resolution: Lookup 'token__TokenType' -> Resolved: 'token__TokenType' (Current Prefix: 'lexer__')
[2m2026-06-13T02:06:31.816351Z[0m [34mDEBUG[0m [2mgust_lexer::typechecker[0m[2m:[0m 👁️ Namespace Resolution: Lookup 'std.str_eq' -> Resolved: 'std_str_eq' (Current Prefix: 'lexer__')
[2m2026-06-13T02:06:31.816362Z[0m [34mDEBUG[0m [2mgust_lexer::typechecker::visitor[0m[2m:[0m 👁️ Expression::Call Evaluation Start: Raw Function: 'std.str_eq', Resolved: 'std_str_eq', Registry Has Key: true
[2m2026-06-13T02:06:31.816379Z[0m [34mDEBUG[0m [2mgust_lexer::typechecker::visitor[0m[2m:[0m 👁️ Call-Site Verification: Raw Function: 'std.str_eq', Resolved: 'std_str_eq', Expected Params Count: 2, Expected Params: [Str, Str], Actual Args: [("literal", Str), ("\"func\"", Str)]
[2m2026-06-13T02:06:31.816420Z[0m [34mDEBUG[0m [2mgust_lexer::typechecker[0m[2m:[0m 👁️ Namespace Resolution: Lookup 'token__TokenType' -> Resolved: 'token__TokenType' (Current Prefix: 'lexer__')
[2m2026-06-13T02:06:31.816832Z[0m [34mDEBUG[0m [2mgust_lexer::typechecker[0m[2m:[0m 👁️ Namespace Resolution: Lookup 'std.str_eq' -> Resolved: 'std_str_eq' (Current Prefix: 'lexer__')
[2m2026-06-13T02:06:31.816844Z[0m [34mDEBUG[0m [2mgust_lexer::typechecker::visitor[0m[2m:[0m 👁️ Expression::Call Evaluation Start: Raw Function: 'std.str_eq', Resolved: 'std_str_eq', Registry Has Key: true
[2m2026-06-13T02:06:31.816860Z[0m [34mDEBUG[0m [2mgust_lexer::typechecker::visitor[0m[2m:[0m 👁️ Call-Site Verification: Raw Function: 'std.str_eq', Resolved: 'std_str_eq', Expected Params Count: 2, Expected Params: [Str, Str], Actual Args: [("literal", Str), ("\"defer\"", Str)]
[2m2026-06-13T02:06:31.816900Z[0m [34mDEBUG[0m [2mgust_lexer::typechecker[0m[2m:[0m 👁️ Namespace Resolution: Lookup 'token__TokenType' -> Resolved: 'token__TokenType' (Current Prefix: 'lexer__')
[2m2026-06-13T02:06:31.817297Z[0m [34mDEBUG[0m [2mgust_lexer::typechecker[0m[2m:[0m 👁️ Namespace Resolution: Lookup 'std.str_eq' -> Resolved: 'std_str_eq' (Current Prefix: 'lexer__')
[2m2026-06-13T02:06:31.817310Z[0m [34mDEBUG[0m [2mgust_lexer::typechecker::visitor[0m[2m:[0m 👁️ Expression::Call Evaluation Start: Raw Function: 'std.str_eq', Resolved: 'std_str_eq', Registry Has Key: true
[2m2026-06-13T02:06:31.817324Z[0m [34mDEBUG[0m [2mgust_lexer::typechecker::visitor[0m[2m:[0m 👁️ Call-Site Verification: Raw Function: 'std.str_eq', Resolved: 'std_str_eq', Expected Params Count: 2, Expected Params: [Str, Str], Actual Args: [("literal", Str), ("\"move\"", Str)]
[2m2026-06-13T02:06:31.817360Z[0m [34mDEBUG[0m [2mgust_lexer::typechecker[0m[2m:[0m 👁️ Namespace Resolution: Lookup 'token__TokenType' -> Resolved: 'token__TokenType' (Current Prefix: 'lexer__')
[2m2026-06-13T02:06:31.817716Z[0m [34mDEBUG[0m [2mgust_lexer::typechecker[0m[2m:[0m 👁️ Namespace Resolution: Lookup 'std.str_eq' -> Resolved: 'std_str_eq' (Current Prefix: 'lexer__')
[2m2026-06-13T02:06:31.817728Z[0m [34mDEBUG[0m [2mgust_lexer::typechecker::visitor[0m[2m:[0m 👁️ Expression::Call Evaluation Start: Raw Function: 'std.str_eq', Resolved: 'std_str_eq', Registry Has Key: true
[2m2026-06-13T02:06:31.817743Z[0m [34mDEBUG[0m [2mgust_lexer::typechecker::visitor[0m[2m:[0m 👁️ Call-Site Verification: Raw Function: 'std.str_eq', Resolved: 'std_str_eq', Expected Params Count: 2, Expected Params: [Str, Str], Actual Args: [("literal", Str), ("\"take\"", Str)]
[2m2026-06-13T02:06:31.817780Z[0m [34mDEBUG[0m [2mgust_lexer::typechecker[0m[2m:[0m 👁️ Namespace Resolution: Lookup 'token__TokenType' -> Resolved: 'token__TokenType' (Current Prefix: 'lexer__')
[2m2026-06-13T02:06:31.818138Z[0m [34mDEBUG[0m [2mgust_lexer::typechecker[0m[2m:[0m 👁️ Namespace Resolution: Lookup 'std.str_eq' -> Resolved: 'std_str_eq' (Current Prefix: 'lexer__')
[2m2026-06-13T02:06:31.818150Z[0m [34mDEBUG[0m [2mgust_lexer::typechecker::visitor[0m[2m:[0m 👁️ Expression::Call Evaluation Start: Raw Function: 'std.str_eq', Resolved: 'std_str_eq', Registry Has Key: true
[2m2026-06-13T02:06:31.818165Z[0m [34mDEBUG[0m [2mgust_lexer::typechecker::visitor[0m[2m:[0m 👁️ Call-Site Verification: Raw Function: 'std.str_eq', Resolved: 'std_str_eq', Expected Params Count: 2, Expected Params: [Str, Str], Actual Args: [("literal", Str), ("\"while\"", Str)]
[2m2026-06-13T02:06:31.818200Z[0m [34mDEBUG[0m [2mgust_lexer::typechecker[0m[2m:[0m 👁️ Namespace Resolution: Lookup 'token__TokenType' -> Resolved: 'token__TokenType' (Current Prefix: 'lexer__')
[2m2026-06-13T02:06:31.818555Z[0m [34mDEBUG[0m [2mgust_lexer::typechecker[0m[2m:[0m 👁️ Namespace Resolution: Lookup 'std.str_eq' -> Resolved: 'std_str_eq' (Current Prefix: 'lexer__')
[2m2026-06-13T02:06:31.818565Z[0m [34mDEBUG[0m [2mgust_lexer::typechecker::visitor[0m[2m:[0m 👁️ Expression::Call Evaluation Start: Raw Function: 'std.str_eq', Resolved: 'std_str_eq', Registry Has Key: true
[2m2026-06-13T02:06:31.818580Z[0m [34mDEBUG[0m [2mgust_lexer::typechecker::visitor[0m[2m:[0m 👁️ Call-Site Verification: Raw Function: 'std.str_eq', Resolved: 'std_str_eq', Expected Params Count: 2, Expected Params: [Str, Str], Actual Args: [("literal", Str), ("\"if\"", Str)]
[2m2026-06-13T02:06:31.818615Z[0m [34mDEBUG[0m [2mgust_lexer::typechecker[0m[2m:[0m 👁️ Namespace Resolution: Lookup 'token__TokenType' -> Resolved: 'token__TokenType' (Current Prefix: 'lexer__')
[2m2026-06-13T02:06:31.818972Z[0m [34mDEBUG[0m [2mgust_lexer::typechecker[0m[2m:[0m 👁️ Namespace Resolution: Lookup 'std.str_eq' -> Resolved: 'std_str_eq' (Current Prefix: 'lexer__')
[2m2026-06-13T02:06:31.818984Z[0m [34mDEBUG[0m [2mgust_lexer::typechecker::visitor[0m[2m:[0m 👁️ Expression::Call Evaluation Start: Raw Function: 'std.str_eq', Resolved: 'std_str_eq', Registry Has Key: true
[2m2026-06-13T02:06:31.818999Z[0m [34mDEBUG[0m [2mgust_lexer::typechecker::visitor[0m[2m:[0m 👁️ Call-Site Verification: Raw Function: 'std.str_eq', Resolved: 'std_str_eq', Expected Params Count: 2, Expected Params: [Str, Str], Actual Args: [("literal", Str), ("\"else\"", Str)]
[2m2026-06-13T02:06:31.819034Z[0m [34mDEBUG[0m [2mgust_lexer::typechecker[0m[2m:[0m 👁️ Namespace Resolution: Lookup 'token__TokenType' -> Resolved: 'token__TokenType' (Current Prefix: 'lexer__')
[2m2026-06-13T02:06:31.819360Z[0m [34mDEBUG[0m [2mgust_lexer::typechecker[0m[2m:[0m 👁️ Namespace Resolution: Lookup 'std.str_eq' -> Resolved: 'std_str_eq' (Current Prefix: 'lexer__')
[2m2026-06-13T02:06:31.819372Z[0m [34mDEBUG[0m [2mgust_lexer::typechecker::visitor[0m[2m:[0m 👁️ Expression::Call Evaluation Start: Raw Function: 'std.str_eq', Resolved: 'std_str_eq', Registry Has Key: true
[2m2026-06-13T02:06:31.819387Z[0m [34mDEBUG[0m [2mgust_lexer::typechecker::visitor[0m[2m:[0m 👁️ Call-Site Verification: Raw Function: 'std.str_eq', Resolved: 'std_str_eq', Expected Params Count: 2, Expected Params: [Str, Str], Actual Args: [("literal", Str), ("\"as\"", Str)]
[2m2026-06-13T02:06:31.819425Z[0m [34mDEBUG[0m [2mgust_lexer::typechecker[0m[2m:[0m 👁️ Namespace Resolution: Lookup 'token__TokenType' -> Resolved: 'token__TokenType' (Current Prefix: 'lexer__')
[2m2026-06-13T02:06:31.819785Z[0m [34mDEBUG[0m [2mgust_lexer::typechecker[0m[2m:[0m 👁️ Namespace Resolution: Lookup 'std.str_eq' -> Resolved: 'std_str_eq' (Current Prefix: 'lexer__')
[2m2026-06-13T02:06:31.819797Z[0m [34mDEBUG[0m [2mgust_lexer::typechecker::visitor[0m[2m:[0m 👁️ Expression::Call Evaluation Start: Raw Function: 'std.str_eq', Resolved: 'std_str_eq', Registry Has Key: true
[2m2026-06-13T02:06:31.819812Z[0m [34mDEBUG[0m [2mgust_lexer::typechecker::visitor[0m[2m:[0m 👁️ Call-Site Verification: Raw Function: 'std.str_eq', Resolved: 'std_str_eq', Expected Params Count: 2, Expected Params: [Str, Str], Actual Args: [("literal", Str), ("\"unsafe\"", Str)]
[2m2026-06-13T02:06:31.819847Z[0m [34mDEBUG[0m [2mgust_lexer::typechecker[0m[2m:[0m 👁️ Namespace Resolution: Lookup 'token__TokenType' -> Resolved: 'token__TokenType' (Current Prefix: 'lexer__')
[2m2026-06-13T02:06:31.820205Z[0m [34mDEBUG[0m [2mgust_lexer::typechecker[0m[2m:[0m 👁️ Namespace Resolution: Lookup 'std.str_eq' -> Resolved: 'std_str_eq' (Current Prefix: 'lexer__')
[2m2026-06-13T02:06:31.820215Z[0m [34mDEBUG[0m [2mgust_lexer::typechecker::visitor[0m[2m:[0m 👁️ Expression::Call Evaluation Start: Raw Function: 'std.str_eq', Resolved: 'std_str_eq', Registry Has Key: true
[2m2026-06-13T02:06:31.820230Z[0m [34mDEBUG[0m [2mgust_lexer::typechecker::visitor[0m[2m:[0m 👁️ Call-Site Verification: Raw Function: 'std.str_eq', Resolved: 'std_str_eq', Expected Params Count: 2, Expected Params: [Str, Str], Actual Args: [("literal", Str), ("\"type\"", Str)]
[2m2026-06-13T02:06:31.820264Z[0m [34mDEBUG[0m [2mgust_lexer::typechecker[0m[2m:[0m 👁️ Namespace Resolution: Lookup 'token__TokenType' -> Resolved: 'token__TokenType' (Current Prefix: 'lexer__')
[2m2026-06-13T02:06:31.820622Z[0m [34mDEBUG[0m [2mgust_lexer::typechecker[0m[2m:[0m 👁️ Namespace Resolution: Lookup 'std.str_eq' -> Resolved: 'std_str_eq' (Current Prefix: 'lexer__')
[2m2026-06-13T02:06:31.820634Z[0m [34mDEBUG[0m [2mgust_lexer::typechecker::visitor[0m[2m:[0m 👁️ Expression::Call Evaluation Start: Raw Function: 'std.str_eq', Resolved: 'std_str_eq', Registry Has Key: true
[2m2026-06-13T02:06:31.820649Z[0m [34mDEBUG[0m [2mgust_lexer::typechecker::visitor[0m[2m:[0m 👁️ Call-Site Verification: Raw Function: 'std.str_eq', Resolved: 'std_str_eq', Expected Params Count: 2, Expected Params: [Str, Str], Actual Args: [("literal", Str), ("\"struct\"", Str)]
[2m2026-06-13T02:06:31.820687Z[0m [34mDEBUG[0m [2mgust_lexer::typechecker[0m[2m:[0m 👁️ Namespace Resolution: Lookup 'token__TokenType' -> Resolved: 'token__TokenType' (Current Prefix: 'lexer__')
[2m2026-06-13T02:06:31.821044Z[0m [34mDEBUG[0m [2mgust_lexer::typechecker[0m[2m:[0m 👁️ Namespace Resolution: Lookup 'std.str_eq' -> Resolved: 'std_str_eq' (Current Prefix: 'lexer__')
[2m2026-06-13T02:06:31.821056Z[0m [34mDEBUG[0m [2mgust_lexer::typechecker::visitor[0m[2m:[0m 👁️ Expression::Call Evaluation Start: Raw Function: 'std.str_eq', Resolved: 'std_str_eq', Registry Has Key: true
[2m2026-06-13T02:06:31.821071Z[0m [34mDEBUG[0m [2mgust_lexer::typechecker::visitor[0m[2m:[0m 👁️ Call-Site Verification: Raw Function: 'std.str_eq', Resolved: 'std_str_eq', Expected Params Count: 2, Expected Params: [Str, Str], Actual Args: [("literal", Str), ("\"enum\"", Str)]
[2m2026-06-13T02:06:31.821115Z[0m [34mDEBUG[0m [2mgust_lexer::typechecker[0m[2m:[0m 👁️ Namespace Resolution: Lookup 'token__TokenType' -> Resolved: 'token__TokenType' (Current Prefix: 'lexer__')
[2m2026-06-13T02:06:31.821478Z[0m [34mDEBUG[0m [2mgust_lexer::typechecker[0m[2m:[0m 👁️ Namespace Resolution: Lookup 'std.str_eq' -> Resolved: 'std_str_eq' (Current Prefix: 'lexer__')
[2m2026-06-13T02:06:31.821491Z[0m [34mDEBUG[0m [2mgust_lexer::typechecker::visitor[0m[2m:[0m 👁️ Expression::Call Evaluation Start: Raw Function: 'std.str_eq', Resolved: 'std_str_eq', Registry Has Key: true
[2m2026-06-13T02:06:31.821505Z[0m [34mDEBUG[0m [2mgust_lexer::typechecker::visitor[0m[2m:[0m 👁️ Call-Site Verification: Raw Function: 'std.str_eq', Resolved: 'std_str_eq', Expected Params Count: 2, Expected Params: [Str, Str], Actual Args: [("literal", Str), ("\"match\"", Str)]
[2m2026-06-13T02:06:31.821552Z[0m [34mDEBUG[0m [2mgust_lexer::typechecker[0m[2m:[0m 👁️ Namespace Resolution: Lookup 'token__TokenType' -> Resolved: 'token__TokenType' (Current Prefix: 'lexer__')
[2m2026-06-13T02:06:31.821908Z[0m [34mDEBUG[0m [2mgust_lexer::typechecker[0m[2m:[0m 👁️ Namespace Resolution: Lookup 'std.str_eq' -> Resolved: 'std_str_eq' (Current Prefix: 'lexer__')
[2m2026-06-13T02:06:31.821918Z[0m [34mDEBUG[0m [2mgust_lexer::typechecker::visitor[0m[2m:[0m 👁️ Expression::Call Evaluation Start: Raw Function: 'std.str_eq', Resolved: 'std_str_eq', Registry Has Key: true
[2m2026-06-13T02:06:31.821933Z[0m [34mDEBUG[0m [2mgust_lexer::typechecker::visitor[0m[2m:[0m 👁️ Call-Site Verification: Raw Function: 'std.str_eq', Resolved: 'std_str_eq', Expected Params Count: 2, Expected Params: [Str, Str], Actual Args: [("literal", Str), ("\"return\"", Str)]
[2m2026-06-13T02:06:31.821968Z[0m [34mDEBUG[0m [2mgust_lexer::typechecker[0m[2m:[0m 👁️ Namespace Resolution: Lookup 'token__TokenType' -> Resolved: 'token__TokenType' (Current Prefix: 'lexer__')
[2m2026-06-13T02:06:31.822335Z[0m [34mDEBUG[0m [2mgust_lexer::typechecker[0m[2m:[0m 👁️ Namespace Resolution: Lookup 'std.str_eq' -> Resolved: 'std_str_eq' (Current Prefix: 'lexer__')
[2m2026-06-13T02:06:31.822348Z[0m [34mDEBUG[0m [2mgust_lexer::typechecker::visitor[0m[2m:[0m 👁️ Expression::Call Evaluation Start: Raw Function: 'std.str_eq', Resolved: 'std_str_eq', Registry Has Key: true
[2m2026-06-13T02:06:31.822362Z[0m [34mDEBUG[0m [2mgust_lexer::typechecker::visitor[0m[2m:[0m 👁️ Call-Site Verification: Raw Function: 'std.str_eq', Resolved: 'std_str_eq', Expected Params Count: 2, Expected Params: [Str, Str], Actual Args: [("literal", Str), ("\"empty\"", Str)]
[2m2026-06-13T02:06:31.822397Z[0m [34mDEBUG[0m [2mgust_lexer::typechecker[0m[2m:[0m 👁️ Namespace Resolution: Lookup 'token__TokenType' -> Resolved: 'token__TokenType' (Current Prefix: 'lexer__')
[2m2026-06-13T02:06:31.822755Z[0m [34mDEBUG[0m [2mgust_lexer::typechecker[0m[2m:[0m 👁️ Namespace Resolution: Lookup 'std.str_eq' -> Resolved: 'std_str_eq' (Current Prefix: 'lexer__')
[2m2026-06-13T02:06:31.822767Z[0m [34mDEBUG[0m [2mgust_lexer::typechecker::visitor[0m[2m:[0m 👁️ Expression::Call Evaluation Start: Raw Function: 'std.str_eq', Resolved: 'std_str_eq', Registry Has Key: true
[2m2026-06-13T02:06:31.822782Z[0m [34mDEBUG[0m [2mgust_lexer::typechecker::visitor[0m[2m:[0m 👁️ Call-Site Verification: Raw Function: 'std.str_eq', Resolved: 'std_str_eq', Expected Params Count: 2, Expected Params: [Str, Str], Actual Args: [("literal", Str), ("\"bool\"", Str)]
[2m2026-06-13T02:06:31.822818Z[0m [34mDEBUG[0m [2mgust_lexer::typechecker[0m[2m:[0m 👁️ Namespace Resolution: Lookup 'token__TokenType' -> Resolved: 'token__TokenType' (Current Prefix: 'lexer__')
[2m2026-06-13T02:06:31.823176Z[0m [34mDEBUG[0m [2mgust_lexer::typechecker[0m[2m:[0m 👁️ Namespace Resolution: Lookup 'std.str_eq' -> Resolved: 'std_str_eq' (Current Prefix: 'lexer__')
[2m2026-06-13T02:06:31.823188Z[0m [34mDEBUG[0m [2mgust_lexer::typechecker::visitor[0m[2m:[0m 👁️ Expression::Call Evaluation Start: Raw Function: 'std.str_eq', Resolved: 'std_str_eq', Registry Has Key: true
[2m2026-06-13T02:06:31.823203Z[0m [34mDEBUG[0m [2mgust_lexer::typechecker::visitor[0m[2m:[0m 👁️ Call-Site Verification: Raw Function: 'std.str_eq', Resolved: 'std_str_eq', Expected Params Count: 2, Expected Params: [Str, Str], Actual Args: [("literal", Str), ("\"true\"", Str)]
[2m2026-06-13T02:06:31.823241Z[0m [34mDEBUG[0m [2mgust_lexer::typechecker[0m[2m:[0m 👁️ Namespace Resolution: Lookup 'token__TokenType' -> Resolved: 'token__TokenType' (Current Prefix: 'lexer__')
[2m2026-06-13T02:06:31.823599Z[0m [34mDEBUG[0m [2mgust_lexer::typechecker[0m[2m:[0m 👁️ Namespace Resolution: Lookup 'std.str_eq' -> Resolved: 'std_str_eq' (Current Prefix: 'lexer__')
[2m2026-06-13T02:06:31.823611Z[0m [34mDEBUG[0m [2mgust_lexer::typechecker::visitor[0m[2m:[0m 👁️ Expression::Call Evaluation Start: Raw Function: 'std.str_eq', Resolved: 'std_str_eq', Registry Has Key: true
[2m2026-06-13T02:06:31.823626Z[0m [34mDEBUG[0m [2mgust_lexer::typechecker::visitor[0m[2m:[0m 👁️ Call-Site Verification: Raw Function: 'std.str_eq', Resolved: 'std_str_eq', Expected Params Count: 2, Expected Params: [Str, Str], Actual Args: [("literal", Str), ("\"false\"", Str)]
[2m2026-06-13T02:06:31.823663Z[0m [34mDEBUG[0m [2mgust_lexer::typechecker[0m[2m:[0m 👁️ Namespace Resolution: Lookup 'token__TokenType' -> Resolved: 'token__TokenType' (Current Prefix: 'lexer__')
[2m2026-06-13T02:06:31.824039Z[0m [34mDEBUG[0m [2mgust_lexer::typechecker[0m[2m:[0m 👁️ Namespace Resolution: Lookup 'token__TokenType' -> Resolved: 'token__TokenType' (Current Prefix: 'lexer__')
[2m2026-06-13T02:06:31.824400Z[0m [34mDEBUG[0m [2mgust_lexer::typechecker[0m[2m:[0m 👁️ Namespace Resolution: Lookup 'Lexer' -> Resolved: 'lexer__Lexer' (Current Prefix: 'lexer__')
[2m2026-06-13T02:06:31.824413Z[0m [34mDEBUG[0m [2mgust_lexer::typechecker[0m[2m:[0m 👁️ Namespace Resolution: Lookup 'lexer__Lexer' -> Resolved: 'lexer__Lexer' (Current Prefix: 'lexer__')
[2m2026-06-13T02:06:31.824434Z[0m [34mDEBUG[0m [2mgust_lexer::typechecker[0m[2m:[0m 👁️ Namespace Resolution: Lookup 'token.Token' -> Resolved: 'token__Token' (Current Prefix: 'lexer__')
[2m2026-06-13T02:06:31.824447Z[0m [34mDEBUG[0m [2mgust_lexer::typechecker[0m[2m:[0m 👁️ Namespace Resolution: Lookup 'token__Token' -> Resolved: 'token__Token' (Current Prefix: 'lexer__')
[2m2026-06-13T02:06:31.824468Z[0m [34mDEBUG[0m [2mgust_lexer::typechecker[0m[2m:[0m 👁️ Namespace Resolution: Lookup 'skip_whitespace' -> Resolved: 'lexer__skip_whitespace' (Current Prefix: 'lexer__')
[2m2026-06-13T02:06:31.824481Z[0m [34mDEBUG[0m [2mgust_lexer::typechecker::visitor[0m[2m:[0m 👁️ Expression::Call Evaluation Start: Raw Function: 'skip_whitespace', Resolved: 'lexer__skip_whitespace', Registry Has Key: true
[2m2026-06-13T02:06:31.824496Z[0m [34mDEBUG[0m [2mgust_lexer::typechecker[0m[2m:[0m 👁️ Namespace Resolution: Lookup 'lexer__Lexer_ctx' -> Resolved: 'lexer__Lexer_ctx' (Current Prefix: 'lexer__')
[2m2026-06-13T02:06:31.824509Z[0m [34mDEBUG[0m [2mgust_lexer::typechecker[0m[2m:[0m 👁️ Namespace Resolution: Lookup 'lexer__Lexer_ctx' -> Resolved: 'lexer__Lexer_ctx' (Current Prefix: 'lexer__')
[2m2026-06-13T02:06:31.824520Z[0m [34mDEBUG[0m [2mgust_lexer::typechecker::visitor[0m[2m:[0m 👁️ Call-Site Verification: Raw Function: 'skip_whitespace', Resolved: 'lexer__skip_whitespace', Expected Params Count: 1, Expected Params: [RawPointer(Struct("lexer__Lexer_ctx", Some("ctx")))], Actual Args: [("l", RawPointer(Struct("lexer__Lexer_ctx", Some("ctx"))))]
[2m2026-06-13T02:06:31.824544Z[0m [34mDEBUG[0m [2mgust_lexer::typechecker[0m[2m:[0m 👁️ Namespace Resolution: Lookup 'token.Position' -> Resolved: 'token__Position' (Current Prefix: 'lexer__')
[2m2026-06-13T02:06:31.824555Z[0m [34mDEBUG[0m [2mgust_lexer::typechecker[0m[2m:[0m 👁️ Namespace Resolution: Lookup 'token__Position' -> Resolved: 'token__Position' (Current Prefix: 'lexer__')
[2m2026-06-13T02:06:31.824567Z[0m [34mDEBUG[0m [2mgust_lexer::typechecker[0m[2m:[0m 👁️ Namespace Resolution: Lookup 'token.Position' -> Resolved: 'token__Position' (Current Prefix: 'lexer__')
[2m2026-06-13T02:06:31.824577Z[0m [34mDEBUG[0m [2mgust_lexer::typechecker[0m[2m:[0m 👁️ Namespace Resolution: Lookup 'token__Position' -> Resolved: 'token__Position' (Current Prefix: 'lexer__')
[2m2026-06-13T02:06:31.824654Z[0m [34mDEBUG[0m [2mgust_lexer::typechecker[0m[2m:[0m 👁️ Namespace Resolution: Lookup 'token.TokenType' -> Resolved: 'token__TokenType' (Current Prefix: 'lexer__')
[2m2026-06-13T02:06:31.824667Z[0m [34mDEBUG[0m [2mgust_lexer::typechecker[0m[2m:[0m 👁️ Namespace Resolution: Lookup 'token__TokenType' -> Resolved: 'token__TokenType' (Current Prefix: 'lexer__')
[2m2026-06-13T02:06:31.824678Z[0m [34mDEBUG[0m [2mgust_lexer::typechecker[0m[2m:[0m 👁️ Namespace Resolution: Lookup 'token.TokenType' -> Resolved: 'token__TokenType' (Current Prefix: 'lexer__')
[2m2026-06-13T02:06:31.824690Z[0m [34mDEBUG[0m [2mgust_lexer::typechecker[0m[2m:[0m 👁️ Namespace Resolution: Lookup 'token__TokenType' -> Resolved: 'token__TokenType' (Current Prefix: 'lexer__')
[2m2026-06-13T02:06:31.824733Z[0m [34mDEBUG[0m [2mgust_lexer::typechecker[0m[2m:[0m 👁️ Namespace Resolution: Lookup 'token__TokenType' -> Resolved: 'token__TokenType' (Current Prefix: 'lexer__')
[2m2026-06-13T02:06:31.824990Z[0m [34mDEBUG[0m [2mgust_lexer::typechecker[0m[2m:[0m 👁️ Namespace Resolution: Lookup 'std.str_slice' -> Resolved: 'std_str_slice' (Current Prefix: 'lexer__')
[2m2026-06-13T02:06:31.825002Z[0m [34mDEBUG[0m [2mgust_lexer::typechecker::visitor[0m[2m:[0m 👁️ Expression::Call Evaluation Start: Raw Function: 'std.str_slice', Resolved: 'std_str_slice', Registry Has Key: true
[2m2026-06-13T02:06:31.825031Z[0m [34mDEBUG[0m [2mgust_lexer::typechecker::visitor[0m[2m:[0m 👁️ Call-Site Verification: Raw Function: 'std.str_slice', Resolved: 'std_str_slice', Expected Params Count: 3, Expected Params: [Str, Int, Int], Actual Args: [("l.input", Str), ("start_pos.offset", Int), ("l.position", Int)]
[2m2026-06-13T02:06:31.825053Z[0m [34mDEBUG[0m [2mgust_lexer::typechecker[0m[2m:[0m 👁️ Namespace Resolution: Lookup 'std.str_slice' -> Resolved: 'std_str_slice' (Current Prefix: 'lexer__')
[2m2026-06-13T02:06:31.825079Z[0m [34mDEBUG[0m [2mgust_lexer::typechecker[0m[2m:[0m 👁️ Namespace Resolution: Lookup 'std.str_slice' -> Resolved: 'std_str_slice' (Current Prefix: 'lexer__')
[2m2026-06-13T02:06:31.825113Z[0m [34mDEBUG[0m [2mgust_lexer::typechecker[0m[2m:[0m 👁️ Namespace Resolution: Lookup 'token.Position' -> Resolved: 'token__Position' (Current Prefix: 'lexer__')
[2m2026-06-13T02:06:31.825126Z[0m [34mDEBUG[0m [2mgust_lexer::typechecker[0m[2m:[0m 👁️ Namespace Resolution: Lookup 'token__Position' -> Resolved: 'token__Position' (Current Prefix: 'lexer__')
[2m2026-06-13T02:06:31.825137Z[0m [34mDEBUG[0m [2mgust_lexer::typechecker[0m[2m:[0m 👁️ Namespace Resolution: Lookup 'token.Position' -> Resolved: 'token__Position' (Current Prefix: 'lexer__')
[2m2026-06-13T02:06:31.825147Z[0m [34mDEBUG[0m [2mgust_lexer::typechecker[0m[2m:[0m 👁️ Namespace Resolution: Lookup 'token__Position' -> Resolved: 'token__Position' (Current Prefix: 'lexer__')
[2m2026-06-13T02:06:31.825234Z[0m [34mDEBUG[0m [2mgust_lexer::typechecker[0m[2m:[0m 👁️ Namespace Resolution: Lookup 'token__Span' -> Resolved: 'token__Span' (Current Prefix: 'lexer__')
[2m2026-06-13T02:06:31.825249Z[0m [34mDEBUG[0m [2mgust_lexer::typechecker[0m[2m:[0m 👁️ Namespace Resolution: Lookup 'token__Position' -> Resolved: 'token__Position' (Current Prefix: 'lexer__')
[2m2026-06-13T02:06:31.825272Z[0m [34mDEBUG[0m [2mgust_lexer::typechecker[0m[2m:[0m 👁️ Namespace Resolution: Lookup 'token__Span' -> Resolved: 'token__Span' (Current Prefix: 'lexer__')
[2m2026-06-13T02:06:31.825295Z[0m [34mDEBUG[0m [2mgust_lexer::typechecker[0m[2m:[0m 👁️ Namespace Resolution: Lookup 'token__Span' -> Resolved: 'token__Span' (Current Prefix: 'lexer__')
[2m2026-06-13T02:06:31.825310Z[0m [34mDEBUG[0m [2mgust_lexer::typechecker[0m[2m:[0m 👁️ Namespace Resolution: Lookup 'token__Position' -> Resolved: 'token__Position' (Current Prefix: 'lexer__')
[2m2026-06-13T02:06:31.825331Z[0m [34mDEBUG[0m [2mgust_lexer::typechecker[0m[2m:[0m 👁️ Namespace Resolution: Lookup 'token__Span' -> Resolved: 'token__Span' (Current Prefix: 'lexer__')
[2m2026-06-13T02:06:31.825399Z[0m [34mDEBUG[0m [2mgust_lexer::typechecker[0m[2m:[0m 👁️ Namespace Resolution: Lookup 'peek_char' -> Resolved: 'lexer__peek_char' (Current Prefix: 'lexer__')
[2m2026-06-13T02:06:31.825412Z[0m [34mDEBUG[0m [2mgust_lexer::typechecker::visitor[0m[2m:[0m 👁️ Expression::Call Evaluation Start: Raw Function: 'peek_char', Resolved: 'lexer__peek_char', Registry Has Key: true
[2m2026-06-13T02:06:31.825428Z[0m [34mDEBUG[0m [2mgust_lexer::typechecker[0m[2m:[0m 👁️ Namespace Resolution: Lookup 'lexer__Lexer_ctx' -> Resolved: 'lexer__Lexer_ctx' (Current Prefix: 'lexer__')
[2m2026-06-13T02:06:31.825441Z[0m [34mDEBUG[0m [2mgust_lexer::typechecker[0m[2m:[0m 👁️ Namespace Resolution: Lookup 'lexer__Lexer_ctx' -> Resolved: 'lexer__Lexer_ctx' (Current Prefix: 'lexer__')
[2m2026-06-13T02:06:31.825452Z[0m [34mDEBUG[0m [2mgust_lexer::typechecker::visitor[0m[2m:[0m 👁️ Call-Site Verification: Raw Function: 'peek_char', Resolved: 'lexer__peek_char', Expected Params Count: 1, Expected Params: [RawPointer(Struct("lexer__Lexer_ctx", Some("ctx")))], Actual Args: [("l", RawPointer(Struct("lexer__Lexer_ctx", Some("ctx"))))]
[2m2026-06-13T02:06:31.825478Z[0m [34mDEBUG[0m [2mgust_lexer::typechecker[0m[2m:[0m 👁️ Namespace Resolution: Lookup 'read_char' -> Resolved: 'lexer__read_char' (Current Prefix: 'lexer__')
[2m2026-06-13T02:06:31.825489Z[0m [34mDEBUG[0m [2mgust_lexer::typechecker::visitor[0m[2m:[0m 👁️ Expression::Call Evaluation Start: Raw Function: 'read_char', Resolved: 'lexer__read_char', Registry Has Key: true
[2m2026-06-13T02:06:31.825658Z[0m [34mDEBUG[0m [2mgust_lexer::typechecker[0m[2m:[0m 👁️ Namespace Resolution: Lookup 'lexer__Lexer_ctx' -> Resolved: 'lexer__Lexer_ctx' (Current Prefix: 'lexer__')
[2m2026-06-13T02:06:31.825671Z[0m [34mDEBUG[0m [2mgust_lexer::typechecker[0m[2m:[0m 👁️ Namespace Resolution: Lookup 'lexer__Lexer_ctx' -> Resolved: 'lexer__Lexer_ctx' (Current Prefix: 'lexer__')
[2m2026-06-13T02:06:31.825683Z[0m [34mDEBUG[0m [2mgust_lexer::typechecker::visitor[0m[2m:[0m 👁️ Call-Site Verification: Raw Function: 'read_char', Resolved: 'lexer__read_char', Expected Params Count: 1, Expected Params: [RawPointer(Struct("lexer__Lexer_ctx", Some("ctx")))], Actual Args: [("l", RawPointer(Struct("lexer__Lexer_ctx", Some("ctx"))))]
[2m2026-06-13T02:06:31.825798Z[0m [34mDEBUG[0m [2mgust_lexer::typechecker[0m[2m:[0m 👁️ Namespace Resolution: Lookup 'read_char' -> Resolved: 'lexer__read_char' (Current Prefix: 'lexer__')
[2m2026-06-13T02:06:31.825810Z[0m [34mDEBUG[0m [2mgust_lexer::typechecker::visitor[0m[2m:[0m 👁️ Expression::Call Evaluation Start: Raw Function: 'read_char', Resolved: 'lexer__read_char', Registry Has Key: true
[2m2026-06-13T02:06:31.825825Z[0m [34mDEBUG[0m [2mgust_lexer::typechecker[0m[2m:[0m 👁️ Namespace Resolution: Lookup 'lexer__Lexer_ctx' -> Resolved: 'lexer__Lexer_ctx' (Current Prefix: 'lexer__')
[2m2026-06-13T02:06:31.825838Z[0m [34mDEBUG[0m [2mgust_lexer::typechecker[0m[2m:[0m 👁️ Namespace Resolution: Lookup 'lexer__Lexer_ctx' -> Resolved: 'lexer__Lexer_ctx' (Current Prefix: 'lexer__')
[2m2026-06-13T02:06:31.825849Z[0m [34mDEBUG[0m [2mgust_lexer::typechecker::visitor[0m[2m:[0m 👁️ Call-Site Verification: Raw Function: 'read_char', Resolved: 'lexer__read_char', Expected Params Count: 1, Expected Params: [RawPointer(Struct("lexer__Lexer_ctx", Some("ctx")))], Actual Args: [("l", RawPointer(Struct("lexer__Lexer_ctx", Some("ctx"))))]
[2m2026-06-13T02:06:31.825912Z[0m [34mDEBUG[0m [2mgust_lexer::typechecker[0m[2m:[0m 👁️ Namespace Resolution: Lookup 'peek_char' -> Resolved: 'lexer__peek_char' (Current Prefix: 'lexer__')
[2m2026-06-13T02:06:31.825924Z[0m [34mDEBUG[0m [2mgust_lexer::typechecker::visitor[0m[2m:[0m 👁️ Expression::Call Evaluation Start: Raw Function: 'peek_char', Resolved: 'lexer__peek_char', Registry Has Key: true
[2m2026-06-13T02:06:31.825939Z[0m [34mDEBUG[0m [2mgust_lexer::typechecker[0m[2m:[0m 👁️ Namespace Resolution: Lookup 'lexer__Lexer_ctx' -> Resolved: 'lexer__Lexer_ctx' (Current Prefix: 'lexer__')
[2m2026-06-13T02:06:31.825952Z[0m [34mDEBUG[0m [2mgust_lexer::typechecker[0m[2m:[0m 👁️ Namespace Resolution: Lookup 'lexer__Lexer_ctx' -> Resolved: 'lexer__Lexer_ctx' (Current Prefix: 'lexer__')
[2m2026-06-13T02:06:31.825964Z[0m [34mDEBUG[0m [2mgust_lexer::typechecker::visitor[0m[2m:[0m 👁️ Call-Site Verification: Raw Function: 'peek_char', Resolved: 'lexer__peek_char', Expected Params Count: 1, Expected Params: [RawPointer(Struct("lexer__Lexer_ctx", Some("ctx")))], Actual Args: [("l", RawPointer(Struct("lexer__Lexer_ctx", Some("ctx"))))]
[2m2026-06-13T02:06:31.825996Z[0m [34mDEBUG[0m [2mgust_lexer::typechecker[0m[2m:[0m 👁️ Namespace Resolution: Lookup 'read_char' -> Resolved: 'lexer__read_char' (Current Prefix: 'lexer__')
[2m2026-06-13T02:06:31.826006Z[0m [34mDEBUG[0m [2mgust_lexer::typechecker::visitor[0m[2m:[0m 👁️ Expression::Call Evaluation Start: Raw Function: 'read_char', Resolved: 'lexer__read_char', Registry Has Key: true
[2m2026-06-13T02:06:31.826023Z[0m [34mDEBUG[0m [2mgust_lexer::typechecker[0m[2m:[0m 👁️ Namespace Resolution: Lookup 'lexer__Lexer_ctx' -> Resolved: 'lexer__Lexer_ctx' (Current Prefix: 'lexer__')
[2m2026-06-13T02:06:31.826036Z[0m [34mDEBUG[0m [2mgust_lexer::typechecker[0m[2m:[0m 👁️ Namespace Resolution: Lookup 'lexer__Lexer_ctx' -> Resolved: 'lexer__Lexer_ctx' (Current Prefix: 'lexer__')
[2m2026-06-13T02:06:31.826049Z[0m [34mDEBUG[0m [2mgust_lexer::typechecker::visitor[0m[2m:[0m 👁️ Call-Site Verification: Raw Function: 'read_char', Resolved: 'lexer__read_char', Expected Params Count: 1, Expected Params: [RawPointer(Struct("lexer__Lexer_ctx", Some("ctx")))], Actual Args: [("l", RawPointer(Struct("lexer__Lexer_ctx", Some("ctx"))))]
[2m2026-06-13T02:06:31.826104Z[0m [34mDEBUG[0m [2mgust_lexer::typechecker[0m[2m:[0m 👁️ Namespace Resolution: Lookup 'read_char' -> Resolved: 'lexer__read_char' (Current Prefix: 'lexer__')
[2m2026-06-13T02:06:31.826116Z[0m [34mDEBUG[0m [2mgust_lexer::typechecker::visitor[0m[2m:[0m 👁️ Expression::Call Evaluation Start: Raw Function: 'read_char', Resolved: 'lexer__read_char', Registry Has Key: true
[2m2026-06-13T02:06:31.826132Z[0m [34mDEBUG[0m [2mgust_lexer::typechecker[0m[2m:[0m 👁️ Namespace Resolution: Lookup 'lexer__Lexer_ctx' -> Resolved: 'lexer__Lexer_ctx' (Current Prefix: 'lexer__')
[2m2026-06-13T02:06:31.826143Z[0m [34mDEBUG[0m [2mgust_lexer::typechecker[0m[2m:[0m 👁️ Namespace Resolution: Lookup 'lexer__Lexer_ctx' -> Resolved: 'lexer__Lexer_ctx' (Current Prefix: 'lexer__')
[2m2026-06-13T02:06:31.826156Z[0m [34mDEBUG[0m [2mgust_lexer::typechecker::visitor[0m[2m:[0m 👁️ Call-Site Verification: Raw Function: 'read_char', Resolved: 'lexer__read_char', Expected Params Count: 1, Expected Params: [RawPointer(Struct("lexer__Lexer_ctx", Some("ctx")))], Actual Args: [("l", RawPointer(Struct("lexer__Lexer_ctx", Some("ctx"))))]
[2m2026-06-13T02:06:31.826329Z[0m [34mDEBUG[0m [2mgust_lexer::typechecker[0m[2m:[0m 👁️ Namespace Resolution: Lookup 'read_char' -> Resolved: 'lexer__read_char' (Current Prefix: 'lexer__')
[2m2026-06-13T02:06:31.826341Z[0m [34mDEBUG[0m [2mgust_lexer::typechecker::visitor[0m[2m:[0m 👁️ Expression::Call Evaluation Start: Raw Function: 'read_char', Resolved: 'lexer__read_char', Registry Has Key: true
[2m2026-06-13T02:06:31.826356Z[0m [34mDEBUG[0m [2mgust_lexer::typechecker[0m[2m:[0m 👁️ Namespace Resolution: Lookup 'lexer__Lexer_ctx' -> Resolved: 'lexer__Lexer_ctx' (Current Prefix: 'lexer__')
[2m2026-06-13T02:06:31.826369Z[0m [34mDEBUG[0m [2mgust_lexer::typechecker[0m[2m:[0m 👁️ Namespace Resolution: Lookup 'lexer__Lexer_ctx' -> Resolved: 'lexer__Lexer_ctx' (Current Prefix: 'lexer__')
[2m2026-06-13T02:06:31.826380Z[0m [34mDEBUG[0m [2mgust_lexer::typechecker::visitor[0m[2m:[0m 👁️ Call-Site Verification: Raw Function: 'read_char', Resolved: 'lexer__read_char', Expected Params Count: 1, Expected Params: [RawPointer(Struct("lexer__Lexer_ctx", Some("ctx")))], Actual Args: [("l", RawPointer(Struct("lexer__Lexer_ctx", Some("ctx"))))]
[2m2026-06-13T02:06:31.826480Z[0m [34mDEBUG[0m [2mgust_lexer::typechecker[0m[2m:[0m 👁️ Namespace Resolution: Lookup 'peek_char' -> Resolved: 'lexer__peek_char' (Current Prefix: 'lexer__')
[2m2026-06-13T02:06:31.826492Z[0m [34mDEBUG[0m [2mgust_lexer::typechecker::visitor[0m[2m:[0m 👁️ Expression::Call Evaluation Start: Raw Function: 'peek_char', Resolved: 'lexer__peek_char', Registry Has Key: true
[2m2026-06-13T02:06:31.826512Z[0m [34mDEBUG[0m [2mgust_lexer::typechecker[0m[2m:[0m 👁️ Namespace Resolution: Lookup 'lexer__Lexer_ctx' -> Resolved: 'lexer__Lexer_ctx' (Current Prefix: 'lexer__')
[2m2026-06-13T02:06:31.826524Z[0m [34mDEBUG[0m [2mgust_lexer::typechecker[0m[2m:[0m 👁️ Namespace Resolution: Lookup 'lexer__Lexer_ctx' -> Resolved: 'lexer__Lexer_ctx' (Current Prefix: 'lexer__')
[2m2026-06-13T02:06:31.826535Z[0m [34mDEBUG[0m [2mgust_lexer::typechecker::visitor[0m[2m:[0m 👁️ Call-Site Verification: Raw Function: 'peek_char', Resolved: 'lexer__peek_char', Expected Params Count: 1, Expected Params: [RawPointer(Struct("lexer__Lexer_ctx", Some("ctx")))], Actual Args: [("l", RawPointer(Struct("lexer__Lexer_ctx", Some("ctx"))))]
[2m2026-06-13T02:06:31.826561Z[0m [34mDEBUG[0m [2mgust_lexer::typechecker[0m[2m:[0m 👁️ Namespace Resolution: Lookup 'read_char' -> Resolved: 'lexer__read_char' (Current Prefix: 'lexer__')
[2m2026-06-13T02:06:31.826573Z[0m [34mDEBUG[0m [2mgust_lexer::typechecker::visitor[0m[2m:[0m 👁️ Expression::Call Evaluation Start: Raw Function: 'read_char', Resolved: 'lexer__read_char', Registry Has Key: true
[2m2026-06-13T02:06:31.826588Z[0m [34mDEBUG[0m [2mgust_lexer::typechecker[0m[2m:[0m 👁️ Namespace Resolution: Lookup 'lexer__Lexer_ctx' -> Resolved: 'lexer__Lexer_ctx' (Current Prefix: 'lexer__')
[2m2026-06-13T02:06:31.826601Z[0m [34mDEBUG[0m [2mgust_lexer::typechecker[0m[2m:[0m 👁️ Namespace Resolution: Lookup 'lexer__Lexer_ctx' -> Resolved: 'lexer__Lexer_ctx' (Current Prefix: 'lexer__')
[2m2026-06-13T02:06:31.826616Z[0m [34mDEBUG[0m [2mgust_lexer::typechecker::visitor[0m[2m:[0m 👁️ Call-Site Verification: Raw Function: 'read_char', Resolved: 'lexer__read_char', Expected Params Count: 1, Expected Params: [RawPointer(Struct("lexer__Lexer_ctx", Some("ctx")))], Actual Args: [("l", RawPointer(Struct("lexer__Lexer_ctx", Some("ctx"))))]
[2m2026-06-13T02:06:31.826653Z[0m [34mDEBUG[0m [2mgust_lexer::typechecker[0m[2m:[0m 👁️ Namespace Resolution: Lookup 'read_char' -> Resolved: 'lexer__read_char' (Current Prefix: 'lexer__')
[2m2026-06-13T02:06:31.826666Z[0m [34mDEBUG[0m [2mgust_lexer::typechecker::visitor[0m[2m:[0m 👁️ Expression::Call Evaluation Start: Raw Function: 'read_char', Resolved: 'lexer__read_char', Registry Has Key: true
[2m2026-06-13T02:06:31.826680Z[0m [34mDEBUG[0m [2mgust_lexer::typechecker[0m[2m:[0m 👁️ Namespace Resolution: Lookup 'lexer__Lexer_ctx' -> Resolved: 'lexer__Lexer_ctx' (Current Prefix: 'lexer__')
[2m2026-06-13T02:06:31.826693Z[0m [34mDEBUG[0m [2mgust_lexer::typechecker[0m[2m:[0m 👁️ Namespace Resolution: Lookup 'lexer__Lexer_ctx' -> Resolved: 'lexer__Lexer_ctx' (Current Prefix: 'lexer__')
[2m2026-06-13T02:06:31.826705Z[0m [34mDEBUG[0m [2mgust_lexer::typechecker::visitor[0m[2m:[0m 👁️ Call-Site Verification: Raw Function: 'read_char', Resolved: 'lexer__read_char', Expected Params Count: 1, Expected Params: [RawPointer(Struct("lexer__Lexer_ctx", Some("ctx")))], Actual Args: [("l", RawPointer(Struct("lexer__Lexer_ctx", Some("ctx"))))]
[2m2026-06-13T02:06:31.826755Z[0m [34mDEBUG[0m [2mgust_lexer::typechecker[0m[2m:[0m 👁️ Namespace Resolution: Lookup 'read_char' -> Resolved: 'lexer__read_char' (Current Prefix: 'lexer__')
[2m2026-06-13T02:06:31.826767Z[0m [34mDEBUG[0m [2mgust_lexer::typechecker::visitor[0m[2m:[0m 👁️ Expression::Call Evaluation Start: Raw Function: 'read_char', Resolved: 'lexer__read_char', Registry Has Key: true
[2m2026-06-13T02:06:31.826782Z[0m [34mDEBUG[0m [2mgust_lexer::typechecker[0m[2m:[0m 👁️ Namespace Resolution: Lookup 'lexer__Lexer_ctx' -> Resolved: 'lexer__Lexer_ctx' (Current Prefix: 'lexer__')
[2m2026-06-13T02:06:31.826795Z[0m [34mDEBUG[0m [2mgust_lexer::typechecker[0m[2m:[0m 👁️ Namespace Resolution: Lookup 'lexer__Lexer_ctx' -> Resolved: 'lexer__Lexer_ctx' (Current Prefix: 'lexer__')
[2m2026-06-13T02:06:31.826810Z[0m [34mDEBUG[0m [2mgust_lexer::typechecker::visitor[0m[2m:[0m 👁️ Call-Site Verification: Raw Function: 'read_char', Resolved: 'lexer__read_char', Expected Params Count: 1, Expected Params: [RawPointer(Struct("lexer__Lexer_ctx", Some("ctx")))], Actual Args: [("l", RawPointer(Struct("lexer__Lexer_ctx", Some("ctx"))))]
[2m2026-06-13T02:06:31.826953Z[0m [34mDEBUG[0m [2mgust_lexer::typechecker[0m[2m:[0m 👁️ Namespace Resolution: Lookup 'peek_char' -> Resolved: 'lexer__peek_char' (Current Prefix: 'lexer__')
[2m2026-06-13T02:06:31.826965Z[0m [34mDEBUG[0m [2mgust_lexer::typechecker::visitor[0m[2m:[0m 👁️ Expression::Call Evaluation Start: Raw Function: 'peek_char', Resolved: 'lexer__peek_char', Registry Has Key: true
[2m2026-06-13T02:06:31.826980Z[0m [34mDEBUG[0m [2mgust_lexer::typechecker[0m[2m:[0m 👁️ Namespace Resolution: Lookup 'lexer__Lexer_ctx' -> Resolved: 'lexer__Lexer_ctx' (Current Prefix: 'lexer__')
[2m2026-06-13T02:06:31.826993Z[0m [34mDEBUG[0m [2mgust_lexer::typechecker[0m[2m:[0m 👁️ Namespace Resolution: Lookup 'lexer__Lexer_ctx' -> Resolved: 'lexer__Lexer_ctx' (Current Prefix: 'lexer__')
[2m2026-06-13T02:06:31.827008Z[0m [34mDEBUG[0m [2mgust_lexer::typechecker::visitor[0m[2m:[0m 👁️ Call-Site Verification: Raw Function: 'peek_char', Resolved: 'lexer__peek_char', Expected Params Count: 1, Expected Params: [RawPointer(Struct("lexer__Lexer_ctx", Some("ctx")))], Actual Args: [("l", RawPointer(Struct("lexer__Lexer_ctx", Some("ctx"))))]
[2m2026-06-13T02:06:31.827033Z[0m [34mDEBUG[0m [2mgust_lexer::typechecker[0m[2m:[0m 👁️ Namespace Resolution: Lookup 'read_char' -> Resolved: 'lexer__read_char' (Current Prefix: 'lexer__')
[2m2026-06-13T02:06:31.827045Z[0m [34mDEBUG[0m [2mgust_lexer::typechecker::visitor[0m[2m:[0m 👁️ Expression::Call Evaluation Start: Raw Function: 'read_char', Resolved: 'lexer__read_char', Registry Has Key: true
[2m2026-06-13T02:06:31.827061Z[0m [34mDEBUG[0m [2mgust_lexer::typechecker[0m[2m:[0m 👁️ Namespace Resolution: Lookup 'lexer__Lexer_ctx' -> Resolved: 'lexer__Lexer_ctx' (Current Prefix: 'lexer__')
[2m2026-06-13T02:06:31.827073Z[0m [34mDEBUG[0m [2mgust_lexer::typechecker[0m[2m:[0m 👁️ Namespace Resolution: Lookup 'lexer__Lexer_ctx' -> Resolved: 'lexer__Lexer_ctx' (Current Prefix: 'lexer__')
[2m2026-06-13T02:06:31.827088Z[0m [34mDEBUG[0m [2mgust_lexer::typechecker::visitor[0m[2m:[0m 👁️ Call-Site Verification: Raw Function: 'read_char', Resolved: 'lexer__read_char', Expected Params Count: 1, Expected Params: [RawPointer(Struct("lexer__Lexer_ctx", Some("ctx")))], Actual Args: [("l", RawPointer(Struct("lexer__Lexer_ctx", Some("ctx"))))]
[2m2026-06-13T02:06:31.827118Z[0m [34mDEBUG[0m [2mgust_lexer::typechecker[0m[2m:[0m 👁️ Namespace Resolution: Lookup 'read_char' -> Resolved: 'lexer__read_char' (Current Prefix: 'lexer__')
[2m2026-06-13T02:06:31.827131Z[0m [34mDEBUG[0m [2mgust_lexer::typechecker::visitor[0m[2m:[0m 👁️ Expression::Call Evaluation Start: Raw Function: 'read_char', Resolved: 'lexer__read_char', Registry Has Key: true
[2m2026-06-13T02:06:31.827147Z[0m [34mDEBUG[0m [2mgust_lexer::typechecker[0m[2m:[0m 👁️ Namespace Resolution: Lookup 'lexer__Lexer_ctx' -> Resolved: 'lexer__Lexer_ctx' (Current Prefix: 'lexer__')
[2m2026-06-13T02:06:31.827160Z[0m [34mDEBUG[0m [2mgust_lexer::typechecker[0m[2m:[0m 👁️ Namespace Resolution: Lookup 'lexer__Lexer_ctx' -> Resolved: 'lexer__Lexer_ctx' (Current Prefix: 'lexer__')
[2m2026-06-13T02:06:31.827171Z[0m [34mDEBUG[0m [2mgust_lexer::typechecker::visitor[0m[2m:[0m 👁️ Call-Site Verification: Raw Function: 'read_char', Resolved: 'lexer__read_char', Expected Params Count: 1, Expected Params: [RawPointer(Struct("lexer__Lexer_ctx", Some("ctx")))], Actual Args: [("l", RawPointer(Struct("lexer__Lexer_ctx", Some("ctx"))))]
[2m2026-06-13T02:06:31.827417Z[0m [34mDEBUG[0m [2mgust_lexer::typechecker[0m[2m:[0m 👁️ Namespace Resolution: Lookup 'next_token' -> Resolved: 'lexer__next_token' (Current Prefix: 'lexer__')
[2m2026-06-13T02:06:31.827430Z[0m [34mDEBUG[0m [2mgust_lexer::typechecker::visitor[0m[2m:[0m 👁️ Expression::Call Evaluation Start: Raw Function: 'next_token', Resolved: 'lexer__next_token', Registry Has Key: true
[2m2026-06-13T02:06:31.827447Z[0m [34mDEBUG[0m [2mgust_lexer::typechecker[0m[2m:[0m 👁️ Namespace Resolution: Lookup 'lexer__Lexer_ctx' -> Resolved: 'lexer__Lexer_ctx' (Current Prefix: 'lexer__')
[2m2026-06-13T02:06:31.827457Z[0m [34mDEBUG[0m [2mgust_lexer::typechecker[0m[2m:[0m 👁️ Namespace Resolution: Lookup 'lexer__Lexer_ctx' -> Resolved: 'lexer__Lexer_ctx' (Current Prefix: 'lexer__')
[2m2026-06-13T02:06:31.827471Z[0m [34mDEBUG[0m [2mgust_lexer::typechecker[0m[2m:[0m 👁️ Namespace Resolution: Lookup 'token__Token_ctx' -> Resolved: 'token__Token_ctx' (Current Prefix: 'lexer__')
[2m2026-06-13T02:06:31.827481Z[0m [34mDEBUG[0m [2mgust_lexer::typechecker[0m[2m:[0m 👁️ Namespace Resolution: Lookup 'token__Token_ctx' -> Resolved: 'token__Token_ctx' (Current Prefix: 'lexer__')
[2m2026-06-13T02:06:31.827492Z[0m [34mDEBUG[0m [2mgust_lexer::typechecker::visitor[0m[2m:[0m 👁️ Call-Site Verification: Raw Function: 'next_token', Resolved: 'lexer__next_token', Expected Params Count: 1, Expected Params: [RawPointer(Struct("lexer__Lexer_ctx", Some("ctx")))], Actual Args: [("l", RawPointer(Struct("lexer__Lexer_ctx", Some("ctx")))), ("tok", RawPointer(Struct("token__Token_ctx", Some("ctx"))))]

thread 'test_self_hosted_lexer_scaffold' (252883) panicked at tests/compile_tests.rs:2370:13:
Typechecking failed: Some(TypeError { kind: ArgumentMismatch, message: "Semantic Error: Function 'lexer__next_token' expects 1 arguments but got 2", span: Some(Span { start: Position { line: 235, column: 17, offset: 6229 }, end: Position { line: 235, column: 35, offset: 6247 } }) })
FAILED
test test_self_hosted_token_compilation ... [2m2026-06-13T02:06:31.828104Z[0m [34mDEBUG[0m [2mgust_lexer::parser[0m[2m:[0m 📥 Parsed Import Statement: Path 'token.gst', Alias: 'Some("token")'
====================================================
🔍 E2E SELF-HOSTED RESOLUTION ORDER:
  [1] "/home/garth/files/code/gust/compiler/token.gst"
  [2] "/home/garth/files/code/gust/compiler/token_test_entry.gst"
====================================================
📄 ENTRY FILE SOURCE (e2e_test_entry.gst):
----------------------------------------------------
   1 | 
   2 |         import "token.gst" as token;
   3 |         func main() {
   4 |             mut ctx := os.Arena.New();
   5 |             defer ctx.Free();
   6 |             mut t: token.Token[ctx];
   7 |             t.token_type.tag = 2;
   8 |             t.literal = "hello";
   9 |         }
  10 |     
----------------------------------------------------
[2m2026-06-13T02:06:31.828579Z[0m [34mDEBUG[0m [2mgust_lexer::typechecker::visitor[0m[2m:[0m 🗄️ Stdlib Registered: Alias 'os' maps to prefix 'os_'
[2m2026-06-13T02:06:31.828591Z[0m [34mDEBUG[0m [2mgust_lexer::typechecker::visitor[0m[2m:[0m 🗄️ Stdlib Registered: Alias 'std' maps to prefix 'std_'
[2m2026-06-13T02:06:31.828804Z[0m [34mDEBUG[0m [2mgust_lexer::typechecker[0m[2m:[0m 👁️ Namespace Resolution: Lookup 'Position' -> Resolved: 'token__Position' (Current Prefix: 'token__')
[2m2026-06-13T02:06:31.828811Z[0m [34mDEBUG[0m [2mgust_lexer::typechecker[0m[2m:[0m 👁️ Namespace Resolution: Lookup 'token__Position' -> Resolved: 'token__Position' (Current Prefix: 'token__')
[2m2026-06-13T02:06:31.828818Z[0m [34mDEBUG[0m [2mgust_lexer::typechecker[0m[2m:[0m 👁️ Namespace Resolution: Lookup 'Position' -> Resolved: 'token__Position' (Current Prefix: 'token__')
[2m2026-06-13T02:06:31.828823Z[0m [34mDEBUG[0m [2mgust_lexer::typechecker[0m[2m:[0m 👁️ Namespace Resolution: Lookup 'token__Position' -> Resolved: 'token__Position' (Current Prefix: 'token__')
[2m2026-06-13T02:06:31.828837Z[0m [34mDEBUG[0m [2mgust_lexer::typechecker[0m[2m:[0m 👁️ Namespace Resolution: Lookup 'Position' -> Resolved: 'token__Position' (Current Prefix: 'token__')
[2m2026-06-13T02:06:31.828843Z[0m [34mDEBUG[0m [2mgust_lexer::typechecker[0m[2m:[0m 👁️ Namespace Resolution: Lookup 'token__Position' -> Resolved: 'token__Position' (Current Prefix: 'token__')
[2m2026-06-13T02:06:31.828849Z[0m [34mDEBUG[0m [2mgust_lexer::typechecker[0m[2m:[0m 👁️ Namespace Resolution: Lookup 'Position' -> Resolved: 'token__Position' (Current Prefix: 'token__')
[2m2026-06-13T02:06:31.828855Z[0m [34mDEBUG[0m [2mgust_lexer::typechecker[0m[2m:[0m 👁️ Namespace Resolution: Lookup 'token__Position' -> Resolved: 'token__Position' (Current Prefix: 'token__')
[2m2026-06-13T02:06:31.829148Z[0m [34mDEBUG[0m [2mgust_lexer::typechecker::visitor[0m[2m:[0m 🗄️ Stdlib Registered: Alias 'os' maps to prefix 'os_'
[2m2026-06-13T02:06:31.829162Z[0m [34mDEBUG[0m [2mgust_lexer::typechecker::visitor[0m[2m:[0m 🗄️ Stdlib Registered: Alias 'std' maps to prefix 'std_'
[2m2026-06-13T02:06:31.829250Z[0m [34mDEBUG[0m [2mgust_lexer::typechecker::visitor[0m[2m:[0m 🗄️ Import Alias Mapping Registered (Pre-pass): 'token' -> 'token__' (for path 'token.gst')
[2m2026-06-13T02:06:31.829269Z[0m [34mDEBUG[0m [2mgust_lexer::typechecker::visitor[0m[2m:[0m 🗄️ Function Pre-Registration: Raw name: 'main', Namespaced: 'main', Parameter Count: 0, Params: []
[2m2026-06-13T02:06:31.829559Z[0m [34mDEBUG[0m [2mgust_lexer::typechecker::visitor[0m[2m:[0m 🗄️ Import Alias Mapping Registered (Statement Pass): 'token' -> 'token__' (for path 'token.gst')
[2m2026-06-13T02:06:31.829589Z[0m [34mDEBUG[0m [2mgust_lexer::typechecker[0m[2m:[0m 👁️ Namespace Resolution: Lookup 'os.Arena.New' -> Resolved: 'os_Arena.New' (Current Prefix: '')
[2m2026-06-13T02:06:31.829601Z[0m [34mDEBUG[0m [2mgust_lexer::typechecker::visitor[0m[2m:[0m 👁️ Expression::Call Evaluation Start: Raw Function: 'os.Arena.New', Resolved: 'os_Arena.New', Registry Has Key: false
[2m2026-06-13T02:06:31.829625Z[0m [34mDEBUG[0m [2mgust_lexer::typechecker::visitor[0m[2m:[0m 👁️ Expression::Call Evaluation Start: Raw Function: 'ctx.Free', Resolved: 'ctx.Free', Registry Has Key: false
[2m2026-06-13T02:06:31.829664Z[0m [34mDEBUG[0m [2mgust_lexer::typechecker[0m[2m:[0m 👁️ Namespace Resolution: Lookup 'token.Token' -> Resolved: 'token__Token' (Current Prefix: '')
[2m2026-06-13T02:06:31.829719Z[0m [34mDEBUG[0m [2mgust_lexer::typechecker[0m[2m:[0m 👁️ Namespace Resolution: Lookup 'TokenType' -> Resolved: 'token__TokenType' (Current Prefix: 'token__')
[2m2026-06-13T02:06:31.829738Z[0m [34mDEBUG[0m [2mgust_lexer::typechecker[0m[2m:[0m 👁️ Namespace Resolution: Lookup 'Span' -> Resolved: 'token__Span' (Current Prefix: 'token__')
[2m2026-06-13T02:06:31.829749Z[0m [34mDEBUG[0m [2mgust_lexer::typechecker[0m[2m:[0m 👁️ Namespace Resolution: Lookup 'token__Token_ctx' -> Resolved: 'token__Token_ctx' (Current Prefix: '')
[2m2026-06-13T02:06:31.829755Z[0m [34mDEBUG[0m [2mgust_lexer::typechecker[0m[2m:[0m 👁️ Namespace Resolution: Lookup 'token.Token' -> Resolved: 'token__Token' (Current Prefix: '')
[2m2026-06-13T02:06:31.829766Z[0m [34mDEBUG[0m [2mgust_lexer::typechecker[0m[2m:[0m 👁️ Namespace Resolution: Lookup 'token__Token_ctx' -> Resolved: 'token__Token_ctx' (Current Prefix: '')
[2m2026-06-13T02:06:31.829782Z[0m [34mDEBUG[0m [2mgust_lexer::typechecker[0m[2m:[0m 👁️ Namespace Resolution: Lookup 'token__TokenType' -> Resolved: 'token__TokenType' (Current Prefix: '')
[2m2026-06-13T02:06:31.829794Z[0m [34mDEBUG[0m [2mgust_lexer::typechecker[0m[2m:[0m 👁️ Namespace Resolution: Lookup 'token__TokenType' -> Resolved: 'token__TokenType' (Current Prefix: '')
ok
test test_self_hosted_token_definitions ... [2m2026-06-13T02:06:31.832822Z[0m [34mDEBUG[0m [2mgust_lexer::parser[0m[2m:[0m 📥 Parsed Import Statement: Path 'token.gst', Alias: 'Some("token")'
[2m2026-06-13T02:06:31.833512Z[0m [34mDEBUG[0m [2mgust_lexer::typechecker::visitor[0m[2m:[0m 🗄️ Stdlib Registered: Alias 'os' maps to prefix 'os_'
[2m2026-06-13T02:06:31.833530Z[0m [34mDEBUG[0m [2mgust_lexer::typechecker::visitor[0m[2m:[0m 🗄️ Stdlib Registered: Alias 'std' maps to prefix 'std_'
[2m2026-06-13T02:06:31.833975Z[0m [34mDEBUG[0m [2mgust_lexer::typechecker[0m[2m:[0m 👁️ Namespace Resolution: Lookup 'Position' -> Resolved: 'token__Position' (Current Prefix: 'token__')
[2m2026-06-13T02:06:31.833995Z[0m [34mDEBUG[0m [2mgust_lexer::typechecker[0m[2m:[0m 👁️ Namespace Resolution: Lookup 'token__Position' -> Resolved: 'token__Position' (Current Prefix: 'token__')
[2m2026-06-13T02:06:31.834014Z[0m [34mDEBUG[0m [2mgust_lexer::typechecker[0m[2m:[0m 👁️ Namespace Resolution: Lookup 'Position' -> Resolved: 'token__Position' (Current Prefix: 'token__')
[2m2026-06-13T02:06:31.834034Z[0m [34mDEBUG[0m [2mgust_lexer::typechecker[0m[2m:[0m 👁️ Namespace Resolution: Lookup 'token__Position' -> Resolved: 'token__Position' (Current Prefix: 'token__')
[2m2026-06-13T02:06:31.834072Z[0m [34mDEBUG[0m [2mgust_lexer::typechecker[0m[2m:[0m 👁️ Namespace Resolution: Lookup 'Position' -> Resolved: 'token__Position' (Current Prefix: 'token__')
[2m2026-06-13T02:06:31.834090Z[0m [34mDEBUG[0m [2mgust_lexer::typechecker[0m[2m:[0m 👁️ Namespace Resolution: Lookup 'token__Position' -> Resolved: 'token__Position' (Current Prefix: 'token__')
[2m2026-06-13T02:06:31.834108Z[0m [34mDEBUG[0m [2mgust_lexer::typechecker[0m[2m:[0m 👁️ Namespace Resolution: Lookup 'Position' -> Resolved: 'token__Position' (Current Prefix: 'token__')
[2m2026-06-13T02:06:31.834124Z[0m [34mDEBUG[0m [2mgust_lexer::typechecker[0m[2m:[0m 👁️ Namespace Resolution: Lookup 'token__Position' -> Resolved: 'token__Position' (Current Prefix: 'token__')
[2m2026-06-13T02:06:31.834690Z[0m [34mDEBUG[0m [2mgust_lexer::typechecker::visitor[0m[2m:[0m 🗄️ Stdlib Registered: Alias 'os' maps to prefix 'os_'
[2m2026-06-13T02:06:31.834709Z[0m [34mDEBUG[0m [2mgust_lexer::typechecker::visitor[0m[2m:[0m 🗄️ Stdlib Registered: Alias 'std' maps to prefix 'std_'
[2m2026-06-13T02:06:31.834838Z[0m [34mDEBUG[0m [2mgust_lexer::typechecker::visitor[0m[2m:[0m 🗄️ Import Alias Mapping Registered (Pre-pass): 'token' -> 'token__' (for path 'token.gst')
[2m2026-06-13T02:06:31.834863Z[0m [34mDEBUG[0m [2mgust_lexer::typechecker::visitor[0m[2m:[0m 🗄️ Function Pre-Registration: Raw name: 'main', Namespaced: 'main', Parameter Count: 0, Params: []
[2m2026-06-13T02:06:31.835233Z[0m [34mDEBUG[0m [2mgust_lexer::typechecker::visitor[0m[2m:[0m 🗄️ Import Alias Mapping Registered (Statement Pass): 'token' -> 'token__' (for path 'token.gst')
[2m2026-06-13T02:06:31.835281Z[0m [34mDEBUG[0m [2mgust_lexer::typechecker[0m[2m:[0m 👁️ Namespace Resolution: Lookup 'os.Arena.New' -> Resolved: 'os_Arena.New' (Current Prefix: '')
[2m2026-06-13T02:06:31.835298Z[0m [34mDEBUG[0m [2mgust_lexer::typechecker::visitor[0m[2m:[0m 👁️ Expression::Call Evaluation Start: Raw Function: 'os.Arena.New', Resolved: 'os_Arena.New', Registry Has Key: false
[2m2026-06-13T02:06:31.835331Z[0m [34mDEBUG[0m [2mgust_lexer::typechecker::visitor[0m[2m:[0m 👁️ Expression::Call Evaluation Start: Raw Function: 'ctx.Free', Resolved: 'ctx.Free', Registry Has Key: false
[2m2026-06-13T02:06:31.835370Z[0m [34mDEBUG[0m [2mgust_lexer::typechecker[0m[2m:[0m 👁️ Namespace Resolution: Lookup 'token.Position' -> Resolved: 'token__Position' (Current Prefix: '')
[2m2026-06-13T02:06:31.835388Z[0m [34mDEBUG[0m [2mgust_lexer::typechecker[0m[2m:[0m 👁️ Namespace Resolution: Lookup 'token__Position' -> Resolved: 'token__Position' (Current Prefix: '')
[2m2026-06-13T02:06:31.835404Z[0m [34mDEBUG[0m [2mgust_lexer::typechecker[0m[2m:[0m 👁️ Namespace Resolution: Lookup 'token.Position' -> Resolved: 'token__Position' (Current Prefix: '')
[2m2026-06-13T02:06:31.835421Z[0m [34mDEBUG[0m [2mgust_lexer::typechecker[0m[2m:[0m 👁️ Namespace Resolution: Lookup 'token__Position' -> Resolved: 'token__Position' (Current Prefix: '')
[2m2026-06-13T02:06:31.835528Z[0m [34mDEBUG[0m [2mgust_lexer::typechecker[0m[2m:[0m 👁️ Namespace Resolution: Lookup 'token.Span' -> Resolved: 'token__Span' (Current Prefix: '')
[2m2026-06-13T02:06:31.835546Z[0m [34mDEBUG[0m [2mgust_lexer::typechecker[0m[2m:[0m 👁️ Namespace Resolution: Lookup 'token__Span' -> Resolved: 'token__Span' (Current Prefix: '')
[2m2026-06-13T02:06:31.835562Z[0m [34mDEBUG[0m [2mgust_lexer::typechecker[0m[2m:[0m 👁️ Namespace Resolution: Lookup 'token.Span' -> Resolved: 'token__Span' (Current Prefix: '')
[2m2026-06-13T02:06:31.835577Z[0m [34mDEBUG[0m [2mgust_lexer::typechecker[0m[2m:[0m 👁️ Namespace Resolution: Lookup 'token__Span' -> Resolved: 'token__Span' (Current Prefix: '')
[2m2026-06-13T02:06:31.835608Z[0m [34mDEBUG[0m [2mgust_lexer::typechecker[0m[2m:[0m 👁️ Namespace Resolution: Lookup 'token__Position' -> Resolved: 'token__Position' (Current Prefix: '')
[2m2026-06-13T02:06:31.835675Z[0m [34mDEBUG[0m [2mgust_lexer::typechecker[0m[2m:[0m 👁️ Namespace Resolution: Lookup 'token__Position' -> Resolved: 'token__Position' (Current Prefix: '')
[2m2026-06-13T02:06:31.835724Z[0m [34mDEBUG[0m [2mgust_lexer::typechecker[0m[2m:[0m 👁️ Namespace Resolution: Lookup 'token.TokenType' -> Resolved: 'token__TokenType' (Current Prefix: '')
[2m2026-06-13T02:06:31.835742Z[0m [34mDEBUG[0m [2mgust_lexer::typechecker[0m[2m:[0m 👁️ Namespace Resolution: Lookup 'token__TokenType' -> Resolved: 'token__TokenType' (Current Prefix: '')
[2m2026-06-13T02:06:31.835759Z[0m [34mDEBUG[0m [2mgust_lexer::typechecker[0m[2m:[0m 👁️ Namespace Resolution: Lookup 'token.TokenType' -> Resolved: 'token__TokenType' (Current Prefix: '')
[2m2026-06-13T02:06:31.835775Z[0m [34mDEBUG[0m [2mgust_lexer::typechecker[0m[2m:[0m 👁️ Namespace Resolution: Lookup 'token__TokenType' -> Resolved: 'token__TokenType' (Current Prefix: '')
[2m2026-06-13T02:06:31.835836Z[0m [34mDEBUG[0m [2mgust_lexer::typechecker[0m[2m:[0m 👁️ Namespace Resolution: Lookup 'token.Token' -> Resolved: 'token__Token' (Current Prefix: '')
[2m2026-06-13T02:06:31.835876Z[0m [34mDEBUG[0m [2mgust_lexer::typechecker[0m[2m:[0m 👁️ Namespace Resolution: Lookup 'TokenType' -> Resolved: 'token__TokenType' (Current Prefix: 'token__')
[2m2026-06-13T02:06:31.835900Z[0m [34mDEBUG[0m [2mgust_lexer::typechecker[0m[2m:[0m 👁️ Namespace Resolution: Lookup 'Span' -> Resolved: 'token__Span' (Current Prefix: 'token__')
[2m2026-06-13T02:06:31.835922Z[0m [34mDEBUG[0m [2mgust_lexer::typechecker[0m[2m:[0m 👁️ Namespace Resolution: Lookup 'token__Token_ctx' -> Resolved: 'token__Token_ctx' (Current Prefix: '')
[2m2026-06-13T02:06:31.835942Z[0m [34mDEBUG[0m [2mgust_lexer::typechecker[0m[2m:[0m 👁️ Namespace Resolution: Lookup 'token.Token' -> Resolved: 'token__Token' (Current Prefix: '')
[2m2026-06-13T02:06:31.835971Z[0m [34mDEBUG[0m [2mgust_lexer::typechecker[0m[2m:[0m 👁️ Namespace Resolution: Lookup 'token__Token_ctx' -> Resolved: 'token__Token_ctx' (Current Prefix: '')
[2m2026-06-13T02:06:31.836004Z[0m [34mDEBUG[0m [2mgust_lexer::typechecker[0m[2m:[0m 👁️ Namespace Resolution: Lookup 'token__TokenType' -> Resolved: 'token__TokenType' (Current Prefix: '')
[2m2026-06-13T02:06:31.836443Z[0m [34mDEBUG[0m [2mgust_lexer::typechecker[0m[2m:[0m 👁️ Namespace Resolution: Lookup 'token__Span' -> Resolved: 'token__Span' (Current Prefix: '')
[2m2026-06-13T02:06:31.836612Z[0m [34mDEBUG[0m [2mgust_lexer::parser[0m[2m:[0m 📥 Parsed Import Statement: Path 'token.gst', Alias: 'Some("token")'
[2m2026-06-13T02:06:31.837232Z[0m [34mDEBUG[0m [2mgust_lexer::typechecker::visitor[0m[2m:[0m 🗄️ Stdlib Registered: Alias 'os' maps to prefix 'os_'
[2m2026-06-13T02:06:31.837251Z[0m [34mDEBUG[0m [2mgust_lexer::typechecker::visitor[0m[2m:[0m 🗄️ Stdlib Registered: Alias 'std' maps to prefix 'std_'
[2m2026-06-13T02:06:31.837681Z[0m [34mDEBUG[0m [2mgust_lexer::typechecker[0m[2m:[0m 👁️ Namespace Resolution: Lookup 'Position' -> Resolved: 'token__Position' (Current Prefix: 'token__')
[2m2026-06-13T02:06:31.837699Z[0m [34mDEBUG[0m [2mgust_lexer::typechecker[0m[2m:[0m 👁️ Namespace Resolution: Lookup 'token__Position' -> Resolved: 'token__Position' (Current Prefix: 'token__')
[2m2026-06-13T02:06:31.837718Z[0m [34mDEBUG[0m [2mgust_lexer::typechecker[0m[2m:[0m 👁️ Namespace Resolution: Lookup 'Position' -> Resolved: 'token__Position' (Current Prefix: 'token__')
[2m2026-06-13T02:06:31.837734Z[0m [34mDEBUG[0m [2mgust_lexer::typechecker[0m[2m:[0m 👁️ Namespace Resolution: Lookup 'token__Position' -> Resolved: 'token__Position' (Current Prefix: 'token__')
[2m2026-06-13T02:06:31.837771Z[0m [34mDEBUG[0m [2mgust_lexer::typechecker[0m[2m:[0m 👁️ Namespace Resolution: Lookup 'Position' -> Resolved: 'token__Position' (Current Prefix: 'token__')
[2m2026-06-13T02:06:31.837788Z[0m [34mDEBUG[0m [2mgust_lexer::typechecker[0m[2m:[0m 👁️ Namespace Resolution: Lookup 'token__Position' -> Resolved: 'token__Position' (Current Prefix: 'token__')
[2m2026-06-13T02:06:31.837806Z[0m [34mDEBUG[0m [2mgust_lexer::typechecker[0m[2m:[0m 👁️ Namespace Resolution: Lookup 'Position' -> Resolved: 'token__Position' (Current Prefix: 'token__')
[2m2026-06-13T02:06:31.837823Z[0m [34mDEBUG[0m [2mgust_lexer::typechecker[0m[2m:[0m 👁️ Namespace Resolution: Lookup 'token__Position' -> Resolved: 'token__Position' (Current Prefix: 'token__')
[2m2026-06-13T02:06:31.838379Z[0m [34mDEBUG[0m [2mgust_lexer::typechecker::visitor[0m[2m:[0m 🗄️ Stdlib Registered: Alias 'os' maps to prefix 'os_'
[2m2026-06-13T02:06:31.838397Z[0m [34mDEBUG[0m [2mgust_lexer::typechecker::visitor[0m[2m:[0m 🗄️ Stdlib Registered: Alias 'std' maps to prefix 'std_'
[2m2026-06-13T02:06:31.838525Z[0m [34mDEBUG[0m [2mgust_lexer::typechecker::visitor[0m[2m:[0m 🗄️ Import Alias Mapping Registered (Pre-pass): 'token' -> 'token__' (for path 'token.gst')
[2m2026-06-13T02:06:31.838548Z[0m [34mDEBUG[0m [2mgust_lexer::typechecker::visitor[0m[2m:[0m 🗄️ Function Pre-Registration: Raw name: 'main', Namespaced: 'main', Parameter Count: 0, Params: []
[2m2026-06-13T02:06:31.838915Z[0m [34mDEBUG[0m [2mgust_lexer::typechecker::visitor[0m[2m:[0m 🗄️ Import Alias Mapping Registered (Statement Pass): 'token' -> 'token__' (for path 'token.gst')
[2m2026-06-13T02:06:31.838942Z[0m [34mDEBUG[0m [2mgust_lexer::typechecker[0m[2m:[0m 👁️ Namespace Resolution: Lookup 'os.Arena.New' -> Resolved: 'os_Arena.New' (Current Prefix: '')
[2m2026-06-13T02:06:31.838961Z[0m [34mDEBUG[0m [2mgust_lexer::typechecker::visitor[0m[2m:[0m 👁️ Expression::Call Evaluation Start: Raw Function: 'os.Arena.New', Resolved: 'os_Arena.New', Registry Has Key: false
[2m2026-06-13T02:06:31.838992Z[0m [34mDEBUG[0m [2mgust_lexer::typechecker::visitor[0m[2m:[0m 👁️ Expression::Call Evaluation Start: Raw Function: 'ctx1.Free', Resolved: 'ctx1.Free', Registry Has Key: false
[2m2026-06-13T02:06:31.839022Z[0m [34mDEBUG[0m [2mgust_lexer::typechecker[0m[2m:[0m 👁️ Namespace Resolution: Lookup 'os.Arena.New' -> Resolved: 'os_Arena.New' (Current Prefix: '')
[2m2026-06-13T02:06:31.839038Z[0m [34mDEBUG[0m [2mgust_lexer::typechecker::visitor[0m[2m:[0m 👁️ Expression::Call Evaluation Start: Raw Function: 'os.Arena.New', Resolved: 'os_Arena.New', Registry Has Key: false
[2m2026-06-13T02:06:31.839065Z[0m [34mDEBUG[0m [2mgust_lexer::typechecker::visitor[0m[2m:[0m 👁️ Expression::Call Evaluation Start: Raw Function: 'ctx2.Free', Resolved: 'ctx2.Free', Registry Has Key: false
[2m2026-06-13T02:06:31.839095Z[0m [34mDEBUG[0m [2mgust_lexer::typechecker[0m[2m:[0m 👁️ Namespace Resolution: Lookup 'token.Token' -> Resolved: 'token__Token' (Current Prefix: '')
[2m2026-06-13T02:06:31.839131Z[0m [34mDEBUG[0m [2mgust_lexer::typechecker[0m[2m:[0m 👁️ Namespace Resolution: Lookup 'TokenType' -> Resolved: 'token__TokenType' (Current Prefix: 'token__')
[2m2026-06-13T02:06:31.839155Z[0m [34mDEBUG[0m [2mgust_lexer::typechecker[0m[2m:[0m 👁️ Namespace Resolution: Lookup 'Span' -> Resolved: 'token__Span' (Current Prefix: 'token__')
[2m2026-06-13T02:06:31.839177Z[0m [34mDEBUG[0m [2mgust_lexer::typechecker[0m[2m:[0m 👁️ Namespace Resolution: Lookup 'token__Token_ctx1' -> Resolved: 'token__Token_ctx1' (Current Prefix: '')
[2m2026-06-13T02:06:31.839194Z[0m [34mDEBUG[0m [2mgust_lexer::typechecker[0m[2m:[0m 👁️ Namespace Resolution: Lookup 'token.Token' -> Resolved: 'token__Token' (Current Prefix: '')
[2m2026-06-13T02:06:31.839228Z[0m [34mDEBUG[0m [2mgust_lexer::typechecker[0m[2m:[0m 👁️ Namespace Resolution: Lookup 'token__Token_ctx1' -> Resolved: 'token__Token_ctx1' (Current Prefix: '')
[2m2026-06-13T02:06:31.839257Z[0m [34mDEBUG[0m [2mgust_lexer::typechecker[0m[2m:[0m 👁️ Namespace Resolution: Lookup 'token__Token_ctx1' -> Resolved: 'token__Token_ctx1' (Current Prefix: '')
[2m2026-06-13T02:06:31.839279Z[0m [34mDEBUG[0m [2mgust_lexer::typechecker[0m[2m:[0m 👁️ Namespace Resolution: Lookup 'token__Token_ctx1' -> Resolved: 'token__Token_ctx1' (Current Prefix: '')
[2m2026-06-13T02:06:31.839306Z[0m [34mDEBUG[0m [2mgust_lexer::typechecker[0m[2m:[0m 👁️ Namespace Resolution: Lookup 'token.Token' -> Resolved: 'token__Token' (Current Prefix: '')
[2m2026-06-13T02:06:31.839336Z[0m [34mDEBUG[0m [2mgust_lexer::typechecker[0m[2m:[0m 👁️ Namespace Resolution: Lookup 'TokenType' -> Resolved: 'token__TokenType' (Current Prefix: 'token__')
[2m2026-06-13T02:06:31.839357Z[0m [34mDEBUG[0m [2mgust_lexer::typechecker[0m[2m:[0m 👁️ Namespace Resolution: Lookup 'Span' -> Resolved: 'token__Span' (Current Prefix: 'token__')
[2m2026-06-13T02:06:31.839376Z[0m [34mDEBUG[0m [2mgust_lexer::typechecker[0m[2m:[0m 👁️ Namespace Resolution: Lookup 'token__Token_ctx2' -> Resolved: 'token__Token_ctx2' (Current Prefix: '')
ok
test test_sentinel_null_codegen_structure ... [2m2026-06-13T02:06:31.839950Z[0m [34mDEBUG[0m [2mgust_lexer::typechecker::visitor[0m[2m:[0m 🗄️ Stdlib Registered: Alias 'os' maps to prefix 'os_'
[2m2026-06-13T02:06:31.839969Z[0m [34mDEBUG[0m [2mgust_lexer::typechecker::visitor[0m[2m:[0m 🗄️ Stdlib Registered: Alias 'std' maps to prefix 'std_'
[2m2026-06-13T02:06:31.840098Z[0m [34mDEBUG[0m [2mgust_lexer::typechecker[0m[2m:[0m 👁️ Namespace Resolution: Lookup 'Node' -> Resolved: 'Node' (Current Prefix: '')
[2m2026-06-13T02:06:31.840110Z[0m [34mDEBUG[0m [2mgust_lexer::typechecker[0m[2m:[0m 👁️ Namespace Resolution: Lookup 'Node' -> Resolved: 'Node' (Current Prefix: '')
[2m2026-06-13T02:06:31.840124Z[0m [34mDEBUG[0m [2mgust_lexer::typechecker::visitor[0m[2m:[0m 🗄️ Function Pre-Registration: Raw name: 'main', Namespaced: 'main', Parameter Count: 0, Params: []
[2m2026-06-13T02:06:31.840147Z[0m [34mDEBUG[0m [2mgust_lexer::typechecker[0m[2m:[0m 👁️ Namespace Resolution: Lookup 'Node' -> Resolved: 'Node' (Current Prefix: '')
[2m2026-06-13T02:06:31.840158Z[0m [34mDEBUG[0m [2mgust_lexer::typechecker[0m[2m:[0m 👁️ Namespace Resolution: Lookup 'Node' -> Resolved: 'Node' (Current Prefix: '')
[2m2026-06-13T02:06:31.840166Z[0m [34mDEBUG[0m [2mgust_lexer::typechecker[0m[2m:[0m 👁️ Namespace Resolution: Lookup 'Node' -> Resolved: 'Node' (Current Prefix: '')
[2m2026-06-13T02:06:31.840174Z[0m [34mDEBUG[0m [2mgust_lexer::typechecker[0m[2m:[0m 👁️ Namespace Resolution: Lookup 'Node' -> Resolved: 'Node' (Current Prefix: '')
ok
test test_small_enum_variant_payload_accepted ... [2m2026-06-13T02:06:31.840768Z[0m [34mDEBUG[0m [2mgust_lexer::typechecker::visitor[0m[2m:[0m 🗄️ Stdlib Registered: Alias 'os' maps to prefix 'os_'
[2m2026-06-13T02:06:31.840779Z[0m [34mDEBUG[0m [2mgust_lexer::typechecker::visitor[0m[2m:[0m 🗄️ Stdlib Registered: Alias 'std' maps to prefix 'std_'
[2m2026-06-13T02:06:31.840859Z[0m [34mDEBUG[0m [2mgust_lexer::typechecker[0m[2m:[0m 👁️ Namespace Resolution: Lookup 'Small' -> Resolved: 'Small' (Current Prefix: '')
[2m2026-06-13T02:06:31.840868Z[0m [34mDEBUG[0m [2mgust_lexer::typechecker[0m[2m:[0m 👁️ Namespace Resolution: Lookup 'Small' -> Resolved: 'Small' (Current Prefix: '')
[2m2026-06-13T02:06:31.840879Z[0m [34mDEBUG[0m [2mgust_lexer::typechecker::visitor[0m[2m:[0m 🗄️ Function Pre-Registration: Raw name: 'main', Namespaced: 'main', Parameter Count: 0, Params: []
[2m2026-06-13T02:06:31.840900Z[0m [34mDEBUG[0m [2mgust_lexer::typechecker[0m[2m:[0m 👁️ Namespace Resolution: Lookup 'MyEnum' -> Resolved: 'MyEnum' (Current Prefix: '')
[2m2026-06-13T02:06:31.840906Z[0m [34mDEBUG[0m [2mgust_lexer::typechecker[0m[2m:[0m 👁️ Namespace Resolution: Lookup 'MyEnum' -> Resolved: 'MyEnum' (Current Prefix: '')
[2m2026-06-13T02:06:31.840912Z[0m [34mDEBUG[0m [2mgust_lexer::typechecker[0m[2m:[0m 👁️ Namespace Resolution: Lookup 'MyEnum' -> Resolved: 'MyEnum' (Current Prefix: '')
[2m2026-06-13T02:06:31.840917Z[0m [34mDEBUG[0m [2mgust_lexer::typechecker[0m[2m:[0m 👁️ Namespace Resolution: Lookup 'MyEnum' -> Resolved: 'MyEnum' (Current Prefix: '')
[2m2026-06-13T02:06:31.840961Z[0m [34mDEBUG[0m [2mgust_lexer::typechecker[0m[2m:[0m 👁️ Namespace Resolution: Lookup 'MyEnum_VariantA' -> Resolved: 'MyEnum_VariantA' (Current Prefix: '')
[2m2026-06-13T02:06:31.840971Z[0m [34mDEBUG[0m [2mgust_lexer::typechecker[0m[2m:[0m 👁️ Namespace Resolution: Lookup 'Small' -> Resolved: 'Small' (Current Prefix: '')
[2m2026-06-13T02:06:31.840981Z[0m [34mDEBUG[0m [2mgust_lexer::typechecker[0m[2m:[0m 👁️ Namespace Resolution: Lookup 'MyEnum_VariantA' -> Resolved: 'MyEnum_VariantA' (Current Prefix: '')
[2m2026-06-13T02:06:31.840988Z[0m [34mDEBUG[0m [2mgust_lexer::typechecker[0m[2m:[0m 👁️ Namespace Resolution: Lookup 'Small' -> Resolved: 'Small' (Current Prefix: '')
ok
test test_spawn_invalid_function ... [2m2026-06-13T02:06:31.841350Z[0m [34mDEBUG[0m [2mgust_lexer::typechecker::visitor[0m[2m:[0m 🗄️ Stdlib Registered: Alias 'os' maps to prefix 'os_'
[2m2026-06-13T02:06:31.841365Z[0m [34mDEBUG[0m [2mgust_lexer::typechecker::visitor[0m[2m:[0m 🗄️ Stdlib Registered: Alias 'std' maps to prefix 'std_'
[2m2026-06-13T02:06:31.841483Z[0m [34mDEBUG[0m [2mgust_lexer::typechecker::visitor[0m[2m:[0m 🗄️ Function Pre-Registration: Raw name: 'main', Namespaced: 'main', Parameter Count: 0, Params: []
[2m2026-06-13T02:06:31.841508Z[0m [34mDEBUG[0m [2mgust_lexer::typechecker[0m[2m:[0m 👁️ Namespace Resolution: Lookup 'std.Spawn' -> Resolved: 'std_Spawn' (Current Prefix: '')
[2m2026-06-13T02:06:31.841517Z[0m [34mDEBUG[0m [2mgust_lexer::typechecker::visitor[0m[2m:[0m 👁️ Expression::Call Evaluation Start: Raw Function: 'std.Spawn', Resolved: 'std_Spawn', Registry Has Key: false
[2m2026-06-13T02:06:31.841527Z[0m [34mDEBUG[0m [2mgust_lexer::typechecker[0m[2m:[0m 👁️ Namespace Resolution: Lookup 'non_existent_func' -> Resolved: 'non_existent_func' (Current Prefix: '')
[2m2026-06-13T02:06:31.841783Z[0m [34mDEBUG[0m [2mgust_lexer::typechecker::visitor[0m[2m:[0m 🗄️ Stdlib Registered: Alias 'os' maps to prefix 'os_'
[2m2026-06-13T02:06:31.841795Z[0m [34mDEBUG[0m [2mgust_lexer::typechecker::visitor[0m[2m:[0m 🗄️ Stdlib Registered: Alias 'std' maps to prefix 'std_'
[2m2026-06-13T02:06:31.841912Z[0m [34mDEBUG[0m [2mgust_lexer::typechecker::visitor[0m[2m:[0m 🗄️ Function Pre-Registration: Raw name: 'task', Namespaced: 'task', Parameter Count: 2, Params: ["a: Int", "b: Int"]
[2m2026-06-13T02:06:31.841927Z[0m [34mDEBUG[0m [2mgust_lexer::typechecker::visitor[0m[2m:[0m 🗄️ Function Pre-Registration: Raw name: 'main', Namespaced: 'main', Parameter Count: 0, Params: []
[2m2026-06-13T02:06:31.841952Z[0m [34mDEBUG[0m [2mgust_lexer::typechecker[0m[2m:[0m 👁️ Namespace Resolution: Lookup 'std.Spawn' -> Resolved: 'std_Spawn' (Current Prefix: '')
[2m2026-06-13T02:06:31.841961Z[0m [34mDEBUG[0m [2mgust_lexer::typechecker::visitor[0m[2m:[0m 👁️ Expression::Call Evaluation Start: Raw Function: 'std.Spawn', Resolved: 'std_Spawn', Registry Has Key: false
[2m2026-06-13T02:06:31.841971Z[0m [34mDEBUG[0m [2mgust_lexer::typechecker[0m[2m:[0m 👁️ Namespace Resolution: Lookup 'task' -> Resolved: 'task' (Current Prefix: '')
ok
test test_str_find_and_trim_typechecker_valid ... [2m2026-06-13T02:06:31.842582Z[0m [34mDEBUG[0m [2mgust_lexer::typechecker::visitor[0m[2m:[0m 🗄️ Stdlib Registered: Alias 'os' maps to prefix 'os_'
[2m2026-06-13T02:06:31.842604Z[0m [34mDEBUG[0m [2mgust_lexer::typechecker::visitor[0m[2m:[0m 🗄️ Stdlib Registered: Alias 'std' maps to prefix 'std_'
[2m2026-06-13T02:06:31.842813Z[0m [34mDEBUG[0m [2mgust_lexer::typechecker::visitor[0m[2m:[0m 🗄️ Function Pre-Registration: Raw name: 'main', Namespaced: 'main', Parameter Count: 0, Params: []
[2m2026-06-13T02:06:31.842862Z[0m [34mDEBUG[0m [2mgust_lexer::typechecker[0m[2m:[0m 👁️ Namespace Resolution: Lookup 'std.str_trim' -> Resolved: 'std_str_trim' (Current Prefix: '')
[2m2026-06-13T02:06:31.842881Z[0m [34mDEBUG[0m [2mgust_lexer::typechecker::visitor[0m[2m:[0m 👁️ Expression::Call Evaluation Start: Raw Function: 'std.str_trim', Resolved: 'std_str_trim', Registry Has Key: true
[2m2026-06-13T02:06:31.842917Z[0m [34mDEBUG[0m [2mgust_lexer::typechecker::visitor[0m[2m:[0m 👁️ Call-Site Verification: Raw Function: 'std.str_trim', Resolved: 'std_str_trim', Expected Params Count: 1, Expected Params: [Str], Actual Args: [("s", Str)]
[2m2026-06-13T02:06:31.842946Z[0m [34mDEBUG[0m [2mgust_lexer::typechecker[0m[2m:[0m 👁️ Namespace Resolution: Lookup 'std.str_trim' -> Resolved: 'std_str_trim' (Current Prefix: '')
[2m2026-06-13T02:06:31.842975Z[0m [34mDEBUG[0m [2mgust_lexer::typechecker[0m[2m:[0m 👁️ Namespace Resolution: Lookup 'std.str_find' -> Resolved: 'std_str_find' (Current Prefix: '')
[2m2026-06-13T02:06:31.842991Z[0m [34mDEBUG[0m [2mgust_lexer::typechecker::visitor[0m[2m:[0m 👁️ Expression::Call Evaluation Start: Raw Function: 'std.str_find', Resolved: 'std_str_find', Registry Has Key: true
[2m2026-06-13T02:06:31.843021Z[0m [34mDEBUG[0m [2mgust_lexer::typechecker::visitor[0m[2m:[0m 👁️ Call-Site Verification: Raw Function: 'std.str_find', Resolved: 'std_str_find', Expected Params Count: 2, Expected Params: [Str, Str], Actual Args: [("trimmed", Str), ("\"ll\"", Str)]
ok
test test_str_split_brand_mismatch_rejected ... [2m2026-06-13T02:06:31.844002Z[0m [34mDEBUG[0m [2mgust_lexer::typechecker::visitor[0m[2m:[0m 🗄️ Stdlib Registered: Alias 'os' maps to prefix 'os_'
[2m2026-06-13T02:06:31.844039Z[0m [34mDEBUG[0m [2mgust_lexer::typechecker::visitor[0m[2m:[0m 🗄️ Stdlib Registered: Alias 'std' maps to prefix 'std_'
[2m2026-06-13T02:06:31.844269Z[0m [34mDEBUG[0m [2mgust_lexer::typechecker::visitor[0m[2m:[0m 🗄️ Function Pre-Registration: Raw name: 'main', Namespaced: 'main', Parameter Count: 0, Params: []
[2m2026-06-13T02:06:31.844319Z[0m [34mDEBUG[0m [2mgust_lexer::typechecker[0m[2m:[0m 👁️ Namespace Resolution: Lookup 'os.Arena.New' -> Resolved: 'os_Arena.New' (Current Prefix: '')
[2m2026-06-13T02:06:31.844338Z[0m [34mDEBUG[0m [2mgust_lexer::typechecker::visitor[0m[2m:[0m 👁️ Expression::Call Evaluation Start: Raw Function: 'os.Arena.New', Resolved: 'os_Arena.New', Registry Has Key: false
[2m2026-06-13T02:06:31.844371Z[0m [34mDEBUG[0m [2mgust_lexer::typechecker::visitor[0m[2m:[0m 👁️ Expression::Call Evaluation Start: Raw Function: 'ctx1.Free', Resolved: 'ctx1.Free', Registry Has Key: false
[2m2026-06-13T02:06:31.844409Z[0m [34mDEBUG[0m [2mgust_lexer::typechecker[0m[2m:[0m 👁️ Namespace Resolution: Lookup 'os.Arena.New' -> Resolved: 'os_Arena.New' (Current Prefix: '')
[2m2026-06-13T02:06:31.844426Z[0m [34mDEBUG[0m [2mgust_lexer::typechecker::visitor[0m[2m:[0m 👁️ Expression::Call Evaluation Start: Raw Function: 'os.Arena.New', Resolved: 'os_Arena.New', Registry Has Key: false
[2m2026-06-13T02:06:31.844456Z[0m [34mDEBUG[0m [2mgust_lexer::typechecker::visitor[0m[2m:[0m 👁️ Expression::Call Evaluation Start: Raw Function: 'ctx2.Free', Resolved: 'ctx2.Free', Registry Has Key: false
[2m2026-06-13T02:06:31.844489Z[0m [34mDEBUG[0m [2mgust_lexer::typechecker[0m[2m:[0m 👁️ Namespace Resolution: Lookup 'std.str_split' -> Resolved: 'std_str_split' (Current Prefix: '')
[2m2026-06-13T02:06:31.844509Z[0m [34mDEBUG[0m [2mgust_lexer::typechecker::visitor[0m[2m:[0m 👁️ Expression::Call Evaluation Start: Raw Function: 'std.str_split', Resolved: 'std_str_split', Registry Has Key: true
[2m2026-06-13T02:06:31.844545Z[0m [34mDEBUG[0m [2mgust_lexer::typechecker::visitor[0m[2m:[0m 👁️ Call-Site Verification: Raw Function: 'std.str_split', Resolved: 'std_str_split', Expected Params Count: 3, Expected Params: [Str, Str, RawPointer(Arena)], Actual Args: [("s", Str), ("\",\"", Str), ("ctx1", Arena)]
[2m2026-06-13T02:06:31.844580Z[0m [34mDEBUG[0m [2mgust_lexer::typechecker[0m[2m:[0m 👁️ Namespace Resolution: Lookup 'std.Vector' -> Resolved: 'std_Vector' (Current Prefix: '')
[2m2026-06-13T02:06:31.844598Z[0m [34mDEBUG[0m [2mgust_lexer::typechecker[0m[2m:[0m 👁️ Namespace Resolution: Lookup 'ctx' -> Resolved: 'ctx' (Current Prefix: '')
[2m2026-06-13T02:06:31.844614Z[0m [34mDEBUG[0m [2mgust_lexer::typechecker[0m[2m:[0m 👁️ Namespace Resolution: Lookup 'ctx' -> Resolved: 'ctx' (Current Prefix: '')
[2m2026-06-13T02:06:31.844663Z[0m [34mDEBUG[0m [2mgust_lexer::typechecker[0m[2m:[0m 👁️ Namespace Resolution: Lookup 'std_Vector_str_ctx' -> Resolved: 'std_Vector_str_ctx' (Current Prefix: '')
[2m2026-06-13T02:06:31.844691Z[0m [34mDEBUG[0m [2mgust_lexer::typechecker[0m[2m:[0m 👁️ Namespace Resolution: Lookup 'std.Vector' -> Resolved: 'std_Vector' (Current Prefix: '')
[2m2026-06-13T02:06:31.844707Z[0m [34mDEBUG[0m [2mgust_lexer::typechecker[0m[2m:[0m 👁️ Namespace Resolution: Lookup 'ctx2' -> Resolved: 'ctx2' (Current Prefix: '')
[2m2026-06-13T02:06:31.844723Z[0m [34mDEBUG[0m [2mgust_lexer::typechecker[0m[2m:[0m 👁️ Namespace Resolution: Lookup 'ctx2' -> Resolved: 'ctx2' (Current Prefix: '')
[2m2026-06-13T02:06:31.844768Z[0m [34mDEBUG[0m [2mgust_lexer::typechecker[0m[2m:[0m 👁️ Namespace Resolution: Lookup 'std_Vector_str_ctx2' -> Resolved: 'std_Vector_str_ctx2' (Current Prefix: '')
ok
test test_str_split_typechecker_valid ... [2m2026-06-13T02:06:31.845468Z[0m [34mDEBUG[0m [2mgust_lexer::typechecker::visitor[0m[2m:[0m 🗄️ Stdlib Registered: Alias 'os' maps to prefix 'os_'
[2m2026-06-13T02:06:31.845489Z[0m [34mDEBUG[0m [2mgust_lexer::typechecker::visitor[0m[2m:[0m 🗄️ Stdlib Registered: Alias 'std' maps to prefix 'std_'
[2m2026-06-13T02:06:31.845698Z[0m [34mDEBUG[0m [2mgust_lexer::typechecker::visitor[0m[2m:[0m 🗄️ Function Pre-Registration: Raw name: 'main', Namespaced: 'main', Parameter Count: 0, Params: []
[2m2026-06-13T02:06:31.845736Z[0m [34mDEBUG[0m [2mgust_lexer::typechecker[0m[2m:[0m 👁️ Namespace Resolution: Lookup 'os.Arena.New' -> Resolved: 'os_Arena.New' (Current Prefix: '')
[2m2026-06-13T02:06:31.845756Z[0m [34mDEBUG[0m [2mgust_lexer::typechecker::visitor[0m[2m:[0m 👁️ Expression::Call Evaluation Start: Raw Function: 'os.Arena.New', Resolved: 'os_Arena.New', Registry Has Key: false
[2m2026-06-13T02:06:31.845787Z[0m [34mDEBUG[0m [2mgust_lexer::typechecker::visitor[0m[2m:[0m 👁️ Expression::Call Evaluation Start: Raw Function: 'ctx.Free', Resolved: 'ctx.Free', Registry Has Key: false
[2m2026-06-13T02:06:31.845832Z[0m [34mDEBUG[0m [2mgust_lexer::typechecker[0m[2m:[0m 👁️ Namespace Resolution: Lookup 'std.str_split' -> Resolved: 'std_str_split' (Current Prefix: '')
[2m2026-06-13T02:06:31.845854Z[0m [34mDEBUG[0m [2mgust_lexer::typechecker::visitor[0m[2m:[0m 👁️ Expression::Call Evaluation Start: Raw Function: 'std.str_split', Resolved: 'std_str_split', Registry Has Key: true
[2m2026-06-13T02:06:31.845892Z[0m [34mDEBUG[0m [2mgust_lexer::typechecker::visitor[0m[2m:[0m 👁️ Call-Site Verification: Raw Function: 'std.str_split', Resolved: 'std_str_split', Expected Params Count: 3, Expected Params: [Str, Str, RawPointer(Arena)], Actual Args: [("s", Str), ("\",\"", Str), ("ctx", Arena)]
[2m2026-06-13T02:06:31.845929Z[0m [34mDEBUG[0m [2mgust_lexer::typechecker[0m[2m:[0m 👁️ Namespace Resolution: Lookup 'std.Vector' -> Resolved: 'std_Vector' (Current Prefix: '')
[2m2026-06-13T02:06:31.845945Z[0m [34mDEBUG[0m [2mgust_lexer::typechecker[0m[2m:[0m 👁️ Namespace Resolution: Lookup 'ctx' -> Resolved: 'ctx' (Current Prefix: '')
[2m2026-06-13T02:06:31.845958Z[0m [34mDEBUG[0m [2mgust_lexer::typechecker[0m[2m:[0m 👁️ Namespace Resolution: Lookup 'ctx' -> Resolved: 'ctx' (Current Prefix: '')
[2m2026-06-13T02:06:31.845995Z[0m [34mDEBUG[0m [2mgust_lexer::typechecker[0m[2m:[0m 👁️ Namespace Resolution: Lookup 'std_Vector_str_ctx' -> Resolved: 'std_Vector_str_ctx' (Current Prefix: '')
[2m2026-06-13T02:06:31.846014Z[0m [34mDEBUG[0m [2mgust_lexer::typechecker[0m[2m:[0m 👁️ Namespace Resolution: Lookup 'std.Vector' -> Resolved: 'std_Vector' (Current Prefix: '')
[2m2026-06-13T02:06:31.846028Z[0m [34mDEBUG[0m [2mgust_lexer::typechecker[0m[2m:[0m 👁️ Namespace Resolution: Lookup 'ctx' -> Resolved: 'ctx' (Current Prefix: '')
[2m2026-06-13T02:06:31.846043Z[0m [34mDEBUG[0m [2mgust_lexer::typechecker[0m[2m:[0m 👁️ Namespace Resolution: Lookup 'ctx' -> Resolved: 'ctx' (Current Prefix: '')
[2m2026-06-13T02:06:31.846072Z[0m [34mDEBUG[0m [2mgust_lexer::typechecker[0m[2m:[0m 👁️ Namespace Resolution: Lookup 'std_Vector_str_ctx' -> Resolved: 'std_Vector_str_ctx' (Current Prefix: '')
ok
test test_string_view_logint_rejected ... [2m2026-06-13T02:06:31.846969Z[0m [34mDEBUG[0m [2mgust_lexer::typechecker::visitor[0m[2m:[0m 🗄️ Stdlib Registered: Alias 'os' maps to prefix 'os_'
[2m2026-06-13T02:06:31.847008Z[0m [34mDEBUG[0m [2mgust_lexer::typechecker::visitor[0m[2m:[0m 🗄️ Stdlib Registered: Alias 'std' maps to prefix 'std_'
[2m2026-06-13T02:06:31.847380Z[0m [34mDEBUG[0m [2mgust_lexer::typechecker::visitor[0m[2m:[0m 🗄️ Function Pre-Registration: Raw name: 'main', Namespaced: 'main', Parameter Count: 0, Params: []
[2m2026-06-13T02:06:31.847467Z[0m [34mDEBUG[0m [2mgust_lexer::typechecker[0m[2m:[0m 👁️ Namespace Resolution: Lookup 'os.LogInt' -> Resolved: 'os_LogInt' (Current Prefix: '')
[2m2026-06-13T02:06:31.847500Z[0m [34mDEBUG[0m [2mgust_lexer::typechecker::visitor[0m[2m:[0m 👁️ Expression::Call Evaluation Start: Raw Function: 'os.LogInt', Resolved: 'os_LogInt', Registry Has Key: false
ok
test test_string_view_type_safety_accepted ... [2m2026-06-13T02:06:31.848227Z[0m [34mDEBUG[0m [2mgust_lexer::typechecker::visitor[0m[2m:[0m 🗄️ Stdlib Registered: Alias 'os' maps to prefix 'os_'
[2m2026-06-13T02:06:31.848247Z[0m [34mDEBUG[0m [2mgust_lexer::typechecker::visitor[0m[2m:[0m 🗄️ Stdlib Registered: Alias 'std' maps to prefix 'std_'
[2m2026-06-13T02:06:31.848454Z[0m [34mDEBUG[0m [2mgust_lexer::typechecker::visitor[0m[2m:[0m 🗄️ Function Pre-Registration: Raw name: 'main', Namespaced: 'main', Parameter Count: 0, Params: []
[2m2026-06-13T02:06:31.848500Z[0m [34mDEBUG[0m [2mgust_lexer::typechecker[0m[2m:[0m 👁️ Namespace Resolution: Lookup 'os.LogStr' -> Resolved: 'os_LogStr' (Current Prefix: '')
[2m2026-06-13T02:06:31.848515Z[0m [34mDEBUG[0m [2mgust_lexer::typechecker::visitor[0m[2m:[0m 👁️ Expression::Call Evaluation Start: Raw Function: 'os.LogStr', Resolved: 'os_LogStr', Registry Has Key: false
[2m2026-06-13T02:06:31.848547Z[0m [34mDEBUG[0m [2mgust_lexer::typechecker[0m[2m:[0m 👁️ Namespace Resolution: Lookup 'os.LogInt' -> Resolved: 'os_LogInt' (Current Prefix: '')
[2m2026-06-13T02:06:31.848562Z[0m [34mDEBUG[0m [2mgust_lexer::typechecker::visitor[0m[2m:[0m 👁️ Expression::Call Evaluation Start: Raw Function: 'os.LogInt', Resolved: 'os_LogInt', Registry Has Key: false
[2m2026-06-13T02:06:31.848579Z[0m [34mDEBUG[0m [2mgust_lexer::typechecker[0m[2m:[0m 👁️ Namespace Resolution: Lookup 'len' -> Resolved: 'len' (Current Prefix: '')
[2m2026-06-13T02:06:31.848593Z[0m [34mDEBUG[0m [2mgust_lexer::typechecker::visitor[0m[2m:[0m 👁️ Expression::Call Evaluation Start: Raw Function: 'len', Resolved: 'len', Registry Has Key: false
ok
test test_synthesized_is_valid_type_checking ... [2m2026-06-13T02:06:31.849198Z[0m [34mDEBUG[0m [2mgust_lexer::typechecker::visitor[0m[2m:[0m 🗄️ Stdlib Registered: Alias 'os' maps to prefix 'os_'
[2m2026-06-13T02:06:31.849219Z[0m [34mDEBUG[0m [2mgust_lexer::typechecker::visitor[0m[2m:[0m 🗄️ Stdlib Registered: Alias 'std' maps to prefix 'std_'
[2m2026-06-13T02:06:31.849431Z[0m [34mDEBUG[0m [2mgust_lexer::typechecker::visitor[0m[2m:[0m 🗄️ Function Pre-Registration: Raw name: 'main', Namespaced: 'main', Parameter Count: 0, Params: []
[2m2026-06-13T02:06:31.849474Z[0m [34mDEBUG[0m [2mgust_lexer::typechecker[0m[2m:[0m 👁️ Namespace Resolution: Lookup 'StatusPacket' -> Resolved: 'StatusPacket' (Current Prefix: '')
[2m2026-06-13T02:06:31.849494Z[0m [34mDEBUG[0m [2mgust_lexer::typechecker[0m[2m:[0m 👁️ Namespace Resolution: Lookup 'StatusPacket' -> Resolved: 'StatusPacket' (Current Prefix: '')
[2m2026-06-13T02:06:31.849513Z[0m [34mDEBUG[0m [2mgust_lexer::typechecker[0m[2m:[0m 👁️ Namespace Resolution: Lookup 'StatusPacket' -> Resolved: 'StatusPacket' (Current Prefix: '')
[2m2026-06-13T02:06:31.849533Z[0m [34mDEBUG[0m [2mgust_lexer::typechecker[0m[2m:[0m 👁️ Namespace Resolution: Lookup 'StatusPacket' -> Resolved: 'StatusPacket' (Current Prefix: '')
[2m2026-06-13T02:06:31.849572Z[0m [34mDEBUG[0m [2mgust_lexer::typechecker[0m[2m:[0m 👁️ Namespace Resolution: Lookup 'StatusPacket_IsValid' -> Resolved: 'StatusPacket_IsValid' (Current Prefix: '')
[2m2026-06-13T02:06:31.849591Z[0m [34mDEBUG[0m [2mgust_lexer::typechecker::visitor[0m[2m:[0m 👁️ Expression::Call Evaluation Start: Raw Function: 'StatusPacket_IsValid', Resolved: 'StatusPacket_IsValid', Registry Has Key: true
[2m2026-06-13T02:06:31.849644Z[0m [34mDEBUG[0m [2mgust_lexer::typechecker[0m[2m:[0m 👁️ Namespace Resolution: Lookup 'StatusPacket' -> Resolved: 'StatusPacket' (Current Prefix: '')
[2m2026-06-13T02:06:31.849664Z[0m [34mDEBUG[0m [2mgust_lexer::typechecker[0m[2m:[0m 👁️ Namespace Resolution: Lookup 'StatusPacket' -> Resolved: 'StatusPacket' (Current Prefix: '')
[2m2026-06-13T02:06:31.849685Z[0m [34mDEBUG[0m [2mgust_lexer::typechecker::visitor[0m[2m:[0m 👁️ Call-Site Verification: Raw Function: 'StatusPacket_IsValid', Resolved: 'StatusPacket_IsValid', Expected Params Count: 1, Expected Params: [RawPointer(Struct("StatusPacket", None))], Actual Args: [("&val", RawPointer(Struct("StatusPacket", None)))]
[2m2026-06-13T02:06:31.850208Z[0m [34mDEBUG[0m [2mgust_lexer::typechecker::visitor[0m[2m:[0m 🗄️ Stdlib Registered: Alias 'os' maps to prefix 'os_'
[2m2026-06-13T02:06:31.850226Z[0m [34mDEBUG[0m [2mgust_lexer::typechecker::visitor[0m[2m:[0m 🗄️ Stdlib Registered: Alias 'std' maps to prefix 'std_'
[2m2026-06-13T02:06:31.850442Z[0m [34mDEBUG[0m [2mgust_lexer::typechecker::visitor[0m[2m:[0m 🗄️ Function Pre-Registration: Raw name: 'main', Namespaced: 'main', Parameter Count: 0, Params: []
[2m2026-06-13T02:06:31.850483Z[0m [34mDEBUG[0m [2mgust_lexer::typechecker[0m[2m:[0m 👁️ Namespace Resolution: Lookup 'StatusPacket' -> Resolved: 'StatusPacket' (Current Prefix: '')
[2m2026-06-13T02:06:31.850503Z[0m [34mDEBUG[0m [2mgust_lexer::typechecker[0m[2m:[0m 👁️ Namespace Resolution: Lookup 'StatusPacket' -> Resolved: 'StatusPacket' (Current Prefix: '')
[2m2026-06-13T02:06:31.850519Z[0m [34mDEBUG[0m [2mgust_lexer::typechecker[0m[2m:[0m 👁️ Namespace Resolution: Lookup 'StatusPacket' -> Resolved: 'StatusPacket' (Current Prefix: '')
[2m2026-06-13T02:06:31.850538Z[0m [34mDEBUG[0m [2mgust_lexer::typechecker[0m[2m:[0m 👁️ Namespace Resolution: Lookup 'StatusPacket' -> Resolved: 'StatusPacket' (Current Prefix: '')
[2m2026-06-13T02:06:31.850565Z[0m [34mDEBUG[0m [2mgust_lexer::typechecker[0m[2m:[0m 👁️ Namespace Resolution: Lookup 'StatusPacket_IsValid' -> Resolved: 'StatusPacket_IsValid' (Current Prefix: '')
[2m2026-06-13T02:06:31.850582Z[0m [34mDEBUG[0m [2mgust_lexer::typechecker::visitor[0m[2m:[0m 👁️ Expression::Call Evaluation Start: Raw Function: 'StatusPacket_IsValid', Resolved: 'StatusPacket_IsValid', Registry Has Key: true
[2m2026-06-13T02:06:31.850615Z[0m [34mDEBUG[0m [2mgust_lexer::typechecker[0m[2m:[0m 👁️ Namespace Resolution: Lookup 'StatusPacket' -> Resolved: 'StatusPacket' (Current Prefix: '')
[2m2026-06-13T02:06:31.850635Z[0m [34mDEBUG[0m [2mgust_lexer::typechecker::visitor[0m[2m:[0m 👁️ Call-Site Verification: Raw Function: 'StatusPacket_IsValid', Resolved: 'StatusPacket_IsValid', Expected Params Count: 1, Expected Params: [RawPointer(Struct("StatusPacket", None))], Actual Args: [("val", Struct("StatusPacket", None))]
ok
test test_take_linear_struct_accepted ... [2m2026-06-13T02:06:31.851228Z[0m [34mDEBUG[0m [2mgust_lexer::typechecker::visitor[0m[2m:[0m 🗄️ Stdlib Registered: Alias 'os' maps to prefix 'os_'
[2m2026-06-13T02:06:31.851236Z[0m [34mDEBUG[0m [2mgust_lexer::typechecker::visitor[0m[2m:[0m 🗄️ Stdlib Registered: Alias 'std' maps to prefix 'std_'
[2m2026-06-13T02:06:31.851309Z[0m [34mDEBUG[0m [2mgust_lexer::typechecker::visitor[0m[2m:[0m 🗄️ Function Pre-Registration: Raw name: 'main', Namespaced: 'main', Parameter Count: 0, Params: []
[2m2026-06-13T02:06:31.851321Z[0m [34mDEBUG[0m [2mgust_lexer::typechecker[0m[2m:[0m 👁️ Namespace Resolution: Lookup 'MyLinear' -> Resolved: 'MyLinear' (Current Prefix: '')
[2m2026-06-13T02:06:31.851327Z[0m [34mDEBUG[0m [2mgust_lexer::typechecker[0m[2m:[0m 👁️ Namespace Resolution: Lookup 'MyLinear' -> Resolved: 'MyLinear' (Current Prefix: '')
[2m2026-06-13T02:06:31.851332Z[0m [34mDEBUG[0m [2mgust_lexer::typechecker[0m[2m:[0m 👁️ Namespace Resolution: Lookup 'MyLinear' -> Resolved: 'MyLinear' (Current Prefix: '')
[2m2026-06-13T02:06:31.851337Z[0m [34mDEBUG[0m [2mgust_lexer::typechecker[0m[2m:[0m 👁️ Namespace Resolution: Lookup 'MyLinear' -> Resolved: 'MyLinear' (Current Prefix: '')
[2m2026-06-13T02:06:31.851364Z[0m [34mDEBUG[0m [2mgust_lexer::typechecker[0m[2m:[0m 👁️ Namespace Resolution: Lookup 'MyLinear' -> Resolved: 'MyLinear' (Current Prefix: '')
[2m2026-06-13T02:06:31.851370Z[0m [34mDEBUG[0m [2mgust_lexer::typechecker[0m[2m:[0m 👁️ Namespace Resolution: Lookup 'MyLinear' -> Resolved: 'MyLinear' (Current Prefix: '')
ok
test test_take_pod_struct_accepted ... [2m2026-06-13T02:06:31.851725Z[0m [34mDEBUG[0m [2mgust_lexer::typechecker::visitor[0m[2m:[0m 🗄️ Stdlib Registered: Alias 'os' maps to prefix 'os_'
[2m2026-06-13T02:06:31.851733Z[0m [34mDEBUG[0m [2mgust_lexer::typechecker::visitor[0m[2m:[0m 🗄️ Stdlib Registered: Alias 'std' maps to prefix 'std_'
[2m2026-06-13T02:06:31.851806Z[0m [34mDEBUG[0m [2mgust_lexer::typechecker::visitor[0m[2m:[0m 🗄️ Function Pre-Registration: Raw name: 'main', Namespaced: 'main', Parameter Count: 0, Params: []
[2m2026-06-13T02:06:31.851821Z[0m [34mDEBUG[0m [2mgust_lexer::typechecker[0m[2m:[0m 👁️ Namespace Resolution: Lookup 'MyPod' -> Resolved: 'MyPod' (Current Prefix: '')
[2m2026-06-13T02:06:31.851827Z[0m [34mDEBUG[0m [2mgust_lexer::typechecker[0m[2m:[0m 👁️ Namespace Resolution: Lookup 'MyPod' -> Resolved: 'MyPod' (Current Prefix: '')
[2m2026-06-13T02:06:31.851837Z[0m [34mDEBUG[0m [2mgust_lexer::typechecker[0m[2m:[0m 👁️ Namespace Resolution: Lookup 'MyPod' -> Resolved: 'MyPod' (Current Prefix: '')
[2m2026-06-13T02:06:31.851842Z[0m [34mDEBUG[0m [2mgust_lexer::typechecker[0m[2m:[0m 👁️ Namespace Resolution: Lookup 'MyPod' -> Resolved: 'MyPod' (Current Prefix: '')
[2m2026-06-13T02:06:31.851867Z[0m [34mDEBUG[0m [2mgust_lexer::typechecker[0m[2m:[0m 👁️ Namespace Resolution: Lookup 'MyPod' -> Resolved: 'MyPod' (Current Prefix: '')
[2m2026-06-13T02:06:31.851873Z[0m [34mDEBUG[0m [2mgust_lexer::typechecker[0m[2m:[0m 👁️ Namespace Resolution: Lookup 'MyPod' -> Resolved: 'MyPod' (Current Prefix: '')
ok
test test_take_primitive_rejected ... [2m2026-06-13T02:06:31.852427Z[0m [34mDEBUG[0m [2mgust_lexer::typechecker::visitor[0m[2m:[0m 🗄️ Stdlib Registered: Alias 'os' maps to prefix 'os_'
[2m2026-06-13T02:06:31.852446Z[0m [34mDEBUG[0m [2mgust_lexer::typechecker::visitor[0m[2m:[0m 🗄️ Stdlib Registered: Alias 'std' maps to prefix 'std_'
[2m2026-06-13T02:06:31.852650Z[0m [34mDEBUG[0m [2mgust_lexer::typechecker::visitor[0m[2m:[0m 🗄️ Function Pre-Registration: Raw name: 'main', Namespaced: 'main', Parameter Count: 0, Params: []
ok
test test_thread_local_context_brand_mismatch_rejected ... [2m2026-06-13T02:06:31.853407Z[0m [34mDEBUG[0m [2mgust_lexer::typechecker::visitor[0m[2m:[0m 🗄️ Stdlib Registered: Alias 'os' maps to prefix 'os_'
[2m2026-06-13T02:06:31.853426Z[0m [34mDEBUG[0m [2mgust_lexer::typechecker::visitor[0m[2m:[0m 🗄️ Stdlib Registered: Alias 'std' maps to prefix 'std_'
[2m2026-06-13T02:06:31.853636Z[0m [34mDEBUG[0m [2mgust_lexer::typechecker[0m[2m:[0m 👁️ Namespace Resolution: Lookup 'std.ThreadLocalContext' -> Resolved: 'std_ThreadLocalContext' (Current Prefix: '')
[2m2026-06-13T02:06:31.853677Z[0m [34mDEBUG[0m [2mgust_lexer::typechecker[0m[2m:[0m 👁️ Namespace Resolution: Lookup 'ctx' -> Resolved: 'ctx' (Current Prefix: '')
[2m2026-06-13T02:06:31.853693Z[0m [34mDEBUG[0m [2mgust_lexer::typechecker[0m[2m:[0m 👁️ Namespace Resolution: Lookup 'ctx' -> Resolved: 'ctx' (Current Prefix: '')
[2m2026-06-13T02:06:31.853713Z[0m [34mDEBUG[0m [2mgust_lexer::typechecker[0m[2m:[0m 👁️ Namespace Resolution: Lookup 'std_ThreadLocalContext_ctx' -> Resolved: 'std_ThreadLocalContext_ctx' (Current Prefix: '')
[2m2026-06-13T02:06:31.853738Z[0m [34mDEBUG[0m [2mgust_lexer::typechecker::visitor[0m[2m:[0m 🗄️ Function Pre-Registration: Raw name: 'accept_context', Namespaced: 'accept_context', Parameter Count: 2, Params: ["ctx: RawPointer(Arena)", "tl: Struct(\"std_ThreadLocalContext_ctx\", Some(\"ctx\"))"]
[2m2026-06-13T02:06:31.853766Z[0m [34mDEBUG[0m [2mgust_lexer::typechecker::visitor[0m[2m:[0m 🗄️ Function Pre-Registration: Raw name: 'main', Namespaced: 'main', Parameter Count: 0, Params: []
[2m2026-06-13T02:06:31.853805Z[0m [34mDEBUG[0m [2mgust_lexer::typechecker[0m[2m:[0m 👁️ Namespace Resolution: Lookup 'std.ThreadLocalContext' -> Resolved: 'std_ThreadLocalContext' (Current Prefix: '')
[2m2026-06-13T02:06:31.853854Z[0m [34mDEBUG[0m [2mgust_lexer::typechecker[0m[2m:[0m 👁️ Namespace Resolution: Lookup 'os.Arena.New' -> Resolved: 'os_Arena.New' (Current Prefix: '')
[2m2026-06-13T02:06:31.853874Z[0m [34mDEBUG[0m [2mgust_lexer::typechecker::visitor[0m[2m:[0m 👁️ Expression::Call Evaluation Start: Raw Function: 'os.Arena.New', Resolved: 'os_Arena.New', Registry Has Key: false
[2m2026-06-13T02:06:31.853905Z[0m [34mDEBUG[0m [2mgust_lexer::typechecker::visitor[0m[2m:[0m 👁️ Expression::Call Evaluation Start: Raw Function: 'ctx1.Free', Resolved: 'ctx1.Free', Registry Has Key: false
[2m2026-06-13T02:06:31.853943Z[0m [34mDEBUG[0m [2mgust_lexer::typechecker[0m[2m:[0m 👁️ Namespace Resolution: Lookup 'os.Arena.New' -> Resolved: 'os_Arena.New' (Current Prefix: '')
[2m2026-06-13T02:06:31.853962Z[0m [34mDEBUG[0m [2mgust_lexer::typechecker::visitor[0m[2m:[0m 👁️ Expression::Call Evaluation Start: Raw Function: 'os.Arena.New', Resolved: 'os_Arena.New', Registry Has Key: false
[2m2026-06-13T02:06:31.853991Z[0m [34mDEBUG[0m [2mgust_lexer::typechecker::visitor[0m[2m:[0m 👁️ Expression::Call Evaluation Start: Raw Function: 'ctx2.Free', Resolved: 'ctx2.Free', Registry Has Key: false
[2m2026-06-13T02:06:31.854024Z[0m [34mDEBUG[0m [2mgust_lexer::typechecker[0m[2m:[0m 👁️ Namespace Resolution: Lookup 'os.GetThreadScratch' -> Resolved: 'os_GetThreadScratch' (Current Prefix: '')
[2m2026-06-13T02:06:31.854043Z[0m [34mDEBUG[0m [2mgust_lexer::typechecker::visitor[0m[2m:[0m 👁️ Expression::Call Evaluation Start: Raw Function: 'os.GetThreadScratch', Resolved: 'os_GetThreadScratch', Registry Has Key: true
[2m2026-06-13T02:06:31.854066Z[0m [34mDEBUG[0m [2mgust_lexer::typechecker::visitor[0m[2m:[0m 👁️ Call-Site Verification: Raw Function: 'os.GetThreadScratch', Resolved: 'os_GetThreadScratch', Expected Params Count: 0, Expected Params: [], Actual Args: []
[2m2026-06-13T02:06:31.854092Z[0m [34mDEBUG[0m [2mgust_lexer::typechecker[0m[2m:[0m 👁️ Namespace Resolution: Lookup 'std_ThreadLocalContext_Any' -> Resolved: 'std_ThreadLocalContext_Any' (Current Prefix: '')
[2m2026-06-13T02:06:31.854133Z[0m [34mDEBUG[0m [2mgust_lexer::typechecker[0m[2m:[0m 👁️ Namespace Resolution: Lookup 'Any' -> Resolved: 'Any' (Current Prefix: '')
[2m2026-06-13T02:06:31.854150Z[0m [34mDEBUG[0m [2mgust_lexer::typechecker[0m[2m:[0m 👁️ Namespace Resolution: Lookup 'Any' -> Resolved: 'Any' (Current Prefix: '')
[2m2026-06-13T02:06:31.854177Z[0m [34mDEBUG[0m [2mgust_lexer::typechecker[0m[2m:[0m 👁️ Namespace Resolution: Lookup 'std_ThreadLocalContext_Any' -> Resolved: 'std_ThreadLocalContext_Any' (Current Prefix: '')
[2m2026-06-13T02:06:31.854202Z[0m [34mDEBUG[0m [2mgust_lexer::typechecker[0m[2m:[0m 👁️ Namespace Resolution: Lookup 'std.ThreadLocalContext' -> Resolved: 'std_ThreadLocalContext' (Current Prefix: '')
[2m2026-06-13T02:06:31.854241Z[0m [34mDEBUG[0m [2mgust_lexer::typechecker[0m[2m:[0m 👁️ Namespace Resolution: Lookup 'ctx1' -> Resolved: 'ctx1' (Current Prefix: '')
[2m2026-06-13T02:06:31.854258Z[0m [34mDEBUG[0m [2mgust_lexer::typechecker[0m[2m:[0m 👁️ Namespace Resolution: Lookup 'ctx1' -> Resolved: 'ctx1' (Current Prefix: '')
[2m2026-06-13T02:06:31.854278Z[0m [34mDEBUG[0m [2mgust_lexer::typechecker[0m[2m:[0m 👁️ Namespace Resolution: Lookup 'std_ThreadLocalContext_ctx1' -> Resolved: 'std_ThreadLocalContext_ctx1' (Current Prefix: '')
[2m2026-06-13T02:06:31.854309Z[0m [34mDEBUG[0m [2mgust_lexer::typechecker[0m[2m:[0m 👁️ Namespace Resolution: Lookup 'accept_context' -> Resolved: 'accept_context' (Current Prefix: '')
[2m2026-06-13T02:06:31.854325Z[0m [34mDEBUG[0m [2mgust_lexer::typechecker::visitor[0m[2m:[0m 👁️ Expression::Call Evaluation Start: Raw Function: 'accept_context', Resolved: 'accept_context', Registry Has Key: true
[2m2026-06-13T02:06:31.854365Z[0m [34mDEBUG[0m [2mgust_lexer::typechecker[0m[2m:[0m 👁️ Namespace Resolution: Lookup 'std_ThreadLocalContext_ctx1' -> Resolved: 'std_ThreadLocalContext_ctx1' (Current Prefix: '')
[2m2026-06-13T02:06:31.854385Z[0m [34mDEBUG[0m [2mgust_lexer::typechecker::visitor[0m[2m:[0m 👁️ Call-Site Verification: Raw Function: 'accept_context', Resolved: 'accept_context', Expected Params Count: 2, Expected Params: [RawPointer(Arena), Struct("std_ThreadLocalContext_ctx", Some("ctx"))], Actual Args: [("ctx2", Arena), ("tl", Struct("std_ThreadLocalContext_ctx1", Some("ctx1")))]
ok
test test_thread_local_context_escape_rejected ... [2m2026-06-13T02:06:31.855380Z[0m [34mDEBUG[0m [2mgust_lexer::typechecker::visitor[0m[2m:[0m 🗄️ Stdlib Registered: Alias 'os' maps to prefix 'os_'
[2m2026-06-13T02:06:31.855413Z[0m [34mDEBUG[0m [2mgust_lexer::typechecker::visitor[0m[2m:[0m 🗄️ Stdlib Registered: Alias 'std' maps to prefix 'std_'
[2m2026-06-13T02:06:31.855772Z[0m [34mDEBUG[0m [2mgust_lexer::typechecker::visitor[0m[2m:[0m 🗄️ Function Pre-Registration: Raw name: 'leak', Namespaced: 'leak', Parameter Count: 0, Params: []
[2m2026-06-13T02:06:31.855807Z[0m [34mDEBUG[0m [2mgust_lexer::typechecker::visitor[0m[2m:[0m 🗄️ Function Pre-Registration: Raw name: 'main', Namespaced: 'main', Parameter Count: 0, Params: []
[2m2026-06-13T02:06:31.855863Z[0m [34mDEBUG[0m [2mgust_lexer::typechecker[0m[2m:[0m 👁️ Namespace Resolution: Lookup 'os.Arena.New' -> Resolved: 'os_Arena.New' (Current Prefix: '')
[2m2026-06-13T02:06:31.855891Z[0m [34mDEBUG[0m [2mgust_lexer::typechecker::visitor[0m[2m:[0m 👁️ Expression::Call Evaluation Start: Raw Function: 'os.Arena.New', Resolved: 'os_Arena.New', Registry Has Key: false
[2m2026-06-13T02:06:31.855944Z[0m [34mDEBUG[0m [2mgust_lexer::typechecker::visitor[0m[2m:[0m 👁️ Expression::Call Evaluation Start: Raw Function: 'ctx.Free', Resolved: 'ctx.Free', Registry Has Key: false
[2m2026-06-13T02:06:31.856013Z[0m [34mDEBUG[0m [2mgust_lexer::typechecker[0m[2m:[0m 👁️ Namespace Resolution: Lookup 'os.GetThreadScratch' -> Resolved: 'os_GetThreadScratch' (Current Prefix: '')
[2m2026-06-13T02:06:31.856043Z[0m [34mDEBUG[0m [2mgust_lexer::typechecker::visitor[0m[2m:[0m 👁️ Expression::Call Evaluation Start: Raw Function: 'os.GetThreadScratch', Resolved: 'os_GetThreadScratch', Registry Has Key: true
[2m2026-06-13T02:06:31.856085Z[0m [34mDEBUG[0m [2mgust_lexer::typechecker::visitor[0m[2m:[0m 👁️ Call-Site Verification: Raw Function: 'os.GetThreadScratch', Resolved: 'os_GetThreadScratch', Expected Params Count: 0, Expected Params: [], Actual Args: []
[2m2026-06-13T02:06:31.856124Z[0m [34mDEBUG[0m [2mgust_lexer::typechecker[0m[2m:[0m 👁️ Namespace Resolution: Lookup 'std_ThreadLocalContext_Any' -> Resolved: 'std_ThreadLocalContext_Any' (Current Prefix: '')
[2m2026-06-13T02:06:31.856184Z[0m [34mDEBUG[0m [2mgust_lexer::typechecker[0m[2m:[0m 👁️ Namespace Resolution: Lookup 'Any' -> Resolved: 'Any' (Current Prefix: '')
[2m2026-06-13T02:06:31.856210Z[0m [34mDEBUG[0m [2mgust_lexer::typechecker[0m[2m:[0m 👁️ Namespace Resolution: Lookup 'Any' -> Resolved: 'Any' (Current Prefix: '')
[2m2026-06-13T02:06:31.856245Z[0m [34mDEBUG[0m [2mgust_lexer::typechecker[0m[2m:[0m 👁️ Namespace Resolution: Lookup 'std_ThreadLocalContext_Any' -> Resolved: 'std_ThreadLocalContext_Any' (Current Prefix: '')
[2m2026-06-13T02:06:31.856285Z[0m [34mDEBUG[0m [2mgust_lexer::typechecker[0m[2m:[0m 👁️ Namespace Resolution: Lookup 'std.ThreadLocalContext' -> Resolved: 'std_ThreadLocalContext' (Current Prefix: '')
[2m2026-06-13T02:06:31.856346Z[0m [34mDEBUG[0m [2mgust_lexer::typechecker[0m[2m:[0m 👁️ Namespace Resolution: Lookup 'ctx' -> Resolved: 'ctx' (Current Prefix: '')
[2m2026-06-13T02:06:31.856373Z[0m [34mDEBUG[0m [2mgust_lexer::typechecker[0m[2m:[0m 👁️ Namespace Resolution: Lookup 'ctx' -> Resolved: 'ctx' (Current Prefix: '')
[2m2026-06-13T02:06:31.856407Z[0m [34mDEBUG[0m [2mgust_lexer::typechecker[0m[2m:[0m 👁️ Namespace Resolution: Lookup 'std_ThreadLocalContext_ctx' -> Resolved: 'std_ThreadLocalContext_ctx' (Current Prefix: '')
ok
test test_thread_local_context_registration_valid ... [2m2026-06-13T02:06:31.857345Z[0m [34mDEBUG[0m [2mgust_lexer::typechecker::visitor[0m[2m:[0m 🗄️ Stdlib Registered: Alias 'os' maps to prefix 'os_'
[2m2026-06-13T02:06:31.857361Z[0m [34mDEBUG[0m [2mgust_lexer::typechecker::visitor[0m[2m:[0m 🗄️ Stdlib Registered: Alias 'std' maps to prefix 'std_'
[2m2026-06-13T02:06:31.857529Z[0m [34mDEBUG[0m [2mgust_lexer::typechecker::visitor[0m[2m:[0m 🗄️ Function Pre-Registration: Raw name: 'main', Namespaced: 'main', Parameter Count: 0, Params: []
[2m2026-06-13T02:06:31.857559Z[0m [34mDEBUG[0m [2mgust_lexer::typechecker[0m[2m:[0m 👁️ Namespace Resolution: Lookup 'os.Arena.New' -> Resolved: 'os_Arena.New' (Current Prefix: '')
[2m2026-06-13T02:06:31.857575Z[0m [34mDEBUG[0m [2mgust_lexer::typechecker::visitor[0m[2m:[0m 👁️ Expression::Call Evaluation Start: Raw Function: 'os.Arena.New', Resolved: 'os_Arena.New', Registry Has Key: false
[2m2026-06-13T02:06:31.857599Z[0m [34mDEBUG[0m [2mgust_lexer::typechecker::visitor[0m[2m:[0m 👁️ Expression::Call Evaluation Start: Raw Function: 'ctx.Free', Resolved: 'ctx.Free', Registry Has Key: false
[2m2026-06-13T02:06:31.857628Z[0m [34mDEBUG[0m [2mgust_lexer::typechecker[0m[2m:[0m 👁️ Namespace Resolution: Lookup 'std.ThreadLocalContext' -> Resolved: 'std_ThreadLocalContext' (Current Prefix: '')
[2m2026-06-13T02:06:31.857656Z[0m [34mDEBUG[0m [2mgust_lexer::typechecker[0m[2m:[0m 👁️ Namespace Resolution: Lookup 'ctx' -> Resolved: 'ctx' (Current Prefix: '')
[2m2026-06-13T02:06:31.857668Z[0m [34mDEBUG[0m [2mgust_lexer::typechecker[0m[2m:[0m 👁️ Namespace Resolution: Lookup 'ctx' -> Resolved: 'ctx' (Current Prefix: '')
[2m2026-06-13T02:06:31.857683Z[0m [34mDEBUG[0m [2mgust_lexer::typechecker[0m[2m:[0m 👁️ Namespace Resolution: Lookup 'std_ThreadLocalContext_ctx' -> Resolved: 'std_ThreadLocalContext_ctx' (Current Prefix: '')
[2m2026-06-13T02:06:31.857698Z[0m [34mDEBUG[0m [2mgust_lexer::typechecker[0m[2m:[0m 👁️ Namespace Resolution: Lookup 'std.ThreadLocalContext' -> Resolved: 'std_ThreadLocalContext' (Current Prefix: '')
[2m2026-06-13T02:06:31.857721Z[0m [34mDEBUG[0m [2mgust_lexer::typechecker[0m[2m:[0m 👁️ Namespace Resolution: Lookup 'std_ThreadLocalContext_ctx' -> Resolved: 'std_ThreadLocalContext_ctx' (Current Prefix: '')
ok
test test_tuple_assignment_rejected ... ok
test test_type_aware_vardecl_codegen_structure ... [2m2026-06-13T02:06:31.859057Z[0m [34mDEBUG[0m [2mgust_lexer::typechecker::visitor[0m[2m:[0m 🗄️ Stdlib Registered: Alias 'os' maps to prefix 'os_'
[2m2026-06-13T02:06:31.859089Z[0m [34mDEBUG[0m [2mgust_lexer::typechecker::visitor[0m[2m:[0m 🗄️ Stdlib Registered: Alias 'std' maps to prefix 'std_'
[2m2026-06-13T02:06:31.859454Z[0m [34mDEBUG[0m [2mgust_lexer::typechecker[0m[2m:[0m 👁️ Namespace Resolution: Lookup 'Node' -> Resolved: 'Node' (Current Prefix: '')
[2m2026-06-13T02:06:31.859494Z[0m [34mDEBUG[0m [2mgust_lexer::typechecker[0m[2m:[0m 👁️ Namespace Resolution: Lookup 'Node' -> Resolved: 'Node' (Current Prefix: '')
[2m2026-06-13T02:06:31.859528Z[0m [34mDEBUG[0m [2mgust_lexer::typechecker::visitor[0m[2m:[0m 🗄️ Function Pre-Registration: Raw name: 'main', Namespaced: 'main', Parameter Count: 0, Params: []
[2m2026-06-13T02:06:31.859592Z[0m [34mDEBUG[0m [2mgust_lexer::typechecker[0m[2m:[0m 👁️ Namespace Resolution: Lookup 'Node' -> Resolved: 'Node' (Current Prefix: '')
[2m2026-06-13T02:06:31.859624Z[0m [34mDEBUG[0m [2mgust_lexer::typechecker[0m[2m:[0m 👁️ Namespace Resolution: Lookup 'Node' -> Resolved: 'Node' (Current Prefix: '')
[2m2026-06-13T02:06:31.859655Z[0m [34mDEBUG[0m [2mgust_lexer::typechecker[0m[2m:[0m 👁️ Namespace Resolution: Lookup 'Node' -> Resolved: 'Node' (Current Prefix: '')
[2m2026-06-13T02:06:31.859682Z[0m [34mDEBUG[0m [2mgust_lexer::typechecker[0m[2m:[0m 👁️ Namespace Resolution: Lookup 'Node' -> Resolved: 'Node' (Current Prefix: '')
ok
test test_unbranded_generic_instantiated_with_view_rejected ... [2m2026-06-13T02:06:31.861051Z[0m [34mDEBUG[0m [2mgust_lexer::typechecker::visitor[0m[2m:[0m 🗄️ Stdlib Registered: Alias 'os' maps to prefix 'os_'
[2m2026-06-13T02:06:31.861076Z[0m [34mDEBUG[0m [2mgust_lexer::typechecker::visitor[0m[2m:[0m 🗄️ Stdlib Registered: Alias 'std' maps to prefix 'std_'
[2m2026-06-13T02:06:31.861275Z[0m [34mDEBUG[0m [2mgust_lexer::typechecker::visitor[0m[2m:[0m 🗄️ Function Pre-Registration: Raw name: 'main', Namespaced: 'main', Parameter Count: 0, Params: []
[2m2026-06-13T02:06:31.861301Z[0m [34mDEBUG[0m [2mgust_lexer::typechecker[0m[2m:[0m 👁️ Namespace Resolution: Lookup 'Holder' -> Resolved: 'Holder' (Current Prefix: '')
ok
test test_unbranded_linear_struct_in_branded_collection_rejected ... [2m2026-06-13T02:06:31.862304Z[0m [34mDEBUG[0m [2mgust_lexer::typechecker::visitor[0m[2m:[0m 🗄️ Stdlib Registered: Alias 'os' maps to prefix 'os_'
[2m2026-06-13T02:06:31.862316Z[0m [34mDEBUG[0m [2mgust_lexer::typechecker::visitor[0m[2m:[0m 🗄️ Stdlib Registered: Alias 'std' maps to prefix 'std_'
[2m2026-06-13T02:06:31.862429Z[0m [34mDEBUG[0m [2mgust_lexer::typechecker::visitor[0m[2m:[0m 🗄️ Function Pre-Registration: Raw name: 'main', Namespaced: 'main', Parameter Count: 0, Params: []
[2m2026-06-13T02:06:31.862449Z[0m [34mDEBUG[0m [2mgust_lexer::typechecker[0m[2m:[0m 👁️ Namespace Resolution: Lookup 'os.Arena.New' -> Resolved: 'os_Arena.New' (Current Prefix: '')
[2m2026-06-13T02:06:31.862458Z[0m [34mDEBUG[0m [2mgust_lexer::typechecker::visitor[0m[2m:[0m 👁️ Expression::Call Evaluation Start: Raw Function: 'os.Arena.New', Resolved: 'os_Arena.New', Registry Has Key: false
[2m2026-06-13T02:06:31.862474Z[0m [34mDEBUG[0m [2mgust_lexer::typechecker::visitor[0m[2m:[0m 👁️ Expression::Call Evaluation Start: Raw Function: 'ctx.Free', Resolved: 'ctx.Free', Registry Has Key: false
[2m2026-06-13T02:06:31.862492Z[0m [34mDEBUG[0m [2mgust_lexer::typechecker[0m[2m:[0m 👁️ Namespace Resolution: Lookup 'os.VectorNew' -> Resolved: 'os_VectorNew' (Current Prefix: '')
[2m2026-06-13T02:06:31.862500Z[0m [34mDEBUG[0m [2mgust_lexer::typechecker::visitor[0m[2m:[0m 👁️ Expression::Call Evaluation Start: Raw Function: 'os.VectorNew', Resolved: 'os_VectorNew', Registry Has Key: false
[2m2026-06-13T02:06:31.862515Z[0m [34mDEBUG[0m [2mgust_lexer::typechecker[0m[2m:[0m 👁️ Namespace Resolution: Lookup 'Vector_Any' -> Resolved: 'Vector_Any' (Current Prefix: '')
[2m2026-06-13T02:06:31.862525Z[0m [34mDEBUG[0m [2mgust_lexer::typechecker[0m[2m:[0m 👁️ Namespace Resolution: Lookup 'Vector_Any' -> Resolved: 'Vector_Any' (Current Prefix: '')
[2m2026-06-13T02:06:31.862535Z[0m [34mDEBUG[0m [2mgust_lexer::typechecker[0m[2m:[0m 👁️ Namespace Resolution: Lookup 'Vector' -> Resolved: 'Vector' (Current Prefix: '')
[2m2026-06-13T02:06:31.862543Z[0m [34mDEBUG[0m [2mgust_lexer::typechecker[0m[2m:[0m 👁️ Namespace Resolution: Lookup 'MyLinear' -> Resolved: 'MyLinear' (Current Prefix: '')
[2m2026-06-13T02:06:31.862551Z[0m [34mDEBUG[0m [2mgust_lexer::typechecker[0m[2m:[0m 👁️ Namespace Resolution: Lookup 'ctx' -> Resolved: 'ctx' (Current Prefix: '')
[2m2026-06-13T02:06:31.862558Z[0m [34mDEBUG[0m [2mgust_lexer::typechecker[0m[2m:[0m 👁️ Namespace Resolution: Lookup 'MyLinear' -> Resolved: 'MyLinear' (Current Prefix: '')
[2m2026-06-13T02:06:31.862567Z[0m [34mDEBUG[0m [2mgust_lexer::typechecker[0m[2m:[0m 👁️ Namespace Resolution: Lookup 'ctx' -> Resolved: 'ctx' (Current Prefix: '')
ok
test test_unbranded_struct_containing_slice_rejected ... [2m2026-06-13T02:06:31.863234Z[0m [34mDEBUG[0m [2mgust_lexer::typechecker::visitor[0m[2m:[0m 🗄️ Stdlib Registered: Alias 'os' maps to prefix 'os_'
[2m2026-06-13T02:06:31.863251Z[0m [34mDEBUG[0m [2mgust_lexer::typechecker::visitor[0m[2m:[0m 🗄️ Stdlib Registered: Alias 'std' maps to prefix 'std_'
ok
test test_unbranded_struct_containing_str_rejected ... [2m2026-06-13T02:06:31.863953Z[0m [34mDEBUG[0m [2mgust_lexer::typechecker::visitor[0m[2m:[0m 🗄️ Stdlib Registered: Alias 'os' maps to prefix 'os_'
[2m2026-06-13T02:06:31.863967Z[0m [34mDEBUG[0m [2mgust_lexer::typechecker::visitor[0m[2m:[0m 🗄️ Stdlib Registered: Alias 'std' maps to prefix 'std_'
ok
test test_uninitialized_inout_parameter_rejected ... [2m2026-06-13T02:06:31.865333Z[0m [34mDEBUG[0m [2mgust_lexer::typechecker::visitor[0m[2m:[0m 🗄️ Stdlib Registered: Alias 'os' maps to prefix 'os_'
[2m2026-06-13T02:06:31.865350Z[0m [34mDEBUG[0m [2mgust_lexer::typechecker::visitor[0m[2m:[0m 🗄️ Stdlib Registered: Alias 'std' maps to prefix 'std_'
[2m2026-06-13T02:06:31.865567Z[0m [34mDEBUG[0m [2mgust_lexer::typechecker[0m[2m:[0m 👁️ Namespace Resolution: Lookup 'Node' -> Resolved: 'Node' (Current Prefix: '')
[2m2026-06-13T02:06:31.865586Z[0m [34mDEBUG[0m [2mgust_lexer::typechecker[0m[2m:[0m 👁️ Namespace Resolution: Lookup 'Node' -> Resolved: 'Node' (Current Prefix: '')
[2m2026-06-13T02:06:31.865602Z[0m [34mDEBUG[0m [2mgust_lexer::typechecker[0m[2m:[0m 👁️ Namespace Resolution: Lookup 'Node' -> Resolved: 'Node' (Current Prefix: '')
[2m2026-06-13T02:06:31.865621Z[0m [34mDEBUG[0m [2mgust_lexer::typechecker::visitor[0m[2m:[0m 🗄️ Function Pre-Registration: Raw name: 'process', Namespaced: 'process', Parameter Count: 1, Params: ["p: RawPointer(Struct(\"Node\", None))"]
[2m2026-06-13T02:06:31.865653Z[0m [34mDEBUG[0m [2mgust_lexer::typechecker[0m[2m:[0m 👁️ Namespace Resolution: Lookup 'Node' -> Resolved: 'Node' (Current Prefix: '')
[2m2026-06-13T02:06:31.865669Z[0m [34mDEBUG[0m [2mgust_lexer::typechecker[0m[2m:[0m 👁️ Namespace Resolution: Lookup 'Node' -> Resolved: 'Node' (Current Prefix: '')
[2m2026-06-13T02:06:31.865711Z[0m [34mDEBUG[0m [2mgust_lexer::typechecker[0m[2m:[0m 👁️ Namespace Resolution: Lookup 'Node' -> Resolved: 'Node' (Current Prefix: '')
[2m2026-06-13T02:06:31.865727Z[0m [34mDEBUG[0m [2mgust_lexer::typechecker[0m[2m:[0m 👁️ Namespace Resolution: Lookup 'Node' -> Resolved: 'Node' (Current Prefix: '')
[2m2026-06-13T02:06:31.865743Z[0m [34mDEBUG[0m [2mgust_lexer::typechecker[0m[2m:[0m 👁️ Namespace Resolution: Lookup 'Node' -> Resolved: 'Node' (Current Prefix: '')
ok
test test_vector_back_mutability_accepted ... [2m2026-06-13T02:06:31.866471Z[0m [34mDEBUG[0m [2mgust_lexer::typechecker::visitor[0m[2m:[0m 🗄️ Stdlib Registered: Alias 'os' maps to prefix 'os_'
[2m2026-06-13T02:06:31.866496Z[0m [34mDEBUG[0m [2mgust_lexer::typechecker::visitor[0m[2m:[0m 🗄️ Stdlib Registered: Alias 'std' maps to prefix 'std_'
[2m2026-06-13T02:06:31.866759Z[0m [34mDEBUG[0m [2mgust_lexer::typechecker::visitor[0m[2m:[0m 🗄️ Function Pre-Registration: Raw name: 'main', Namespaced: 'main', Parameter Count: 0, Params: []
[2m2026-06-13T02:06:31.866802Z[0m [34mDEBUG[0m [2mgust_lexer::typechecker[0m[2m:[0m 👁️ Namespace Resolution: Lookup 'os.Arena.New' -> Resolved: 'os_Arena.New' (Current Prefix: '')
[2m2026-06-13T02:06:31.866822Z[0m [34mDEBUG[0m [2mgust_lexer::typechecker::visitor[0m[2m:[0m 👁️ Expression::Call Evaluation Start: Raw Function: 'os.Arena.New', Resolved: 'os_Arena.New', Registry Has Key: false
[2m2026-06-13T02:06:31.866861Z[0m [34mDEBUG[0m [2mgust_lexer::typechecker::visitor[0m[2m:[0m 👁️ Expression::Call Evaluation Start: Raw Function: 'ctx.Free', Resolved: 'ctx.Free', Registry Has Key: false
[2m2026-06-13T02:06:31.866903Z[0m [34mDEBUG[0m [2mgust_lexer::typechecker[0m[2m:[0m 👁️ Namespace Resolution: Lookup 'std.VectorNew' -> Resolved: 'std_VectorNew' (Current Prefix: '')
[2m2026-06-13T02:06:31.866923Z[0m [34mDEBUG[0m [2mgust_lexer::typechecker::visitor[0m[2m:[0m 👁️ Expression::Call Evaluation Start: Raw Function: 'std.VectorNew', Resolved: 'std_VectorNew', Registry Has Key: false
[2m2026-06-13T02:06:31.866951Z[0m [34mDEBUG[0m [2mgust_lexer::typechecker[0m[2m:[0m 👁️ Namespace Resolution: Lookup 'Vector_Any' -> Resolved: 'Vector_Any' (Current Prefix: '')
[2m2026-06-13T02:06:31.866975Z[0m [34mDEBUG[0m [2mgust_lexer::typechecker[0m[2m:[0m 👁️ Namespace Resolution: Lookup 'Vector_Any' -> Resolved: 'Vector_Any' (Current Prefix: '')
[2m2026-06-13T02:06:31.867004Z[0m [34mDEBUG[0m [2mgust_lexer::typechecker[0m[2m:[0m 👁️ Namespace Resolution: Lookup 'std.Vector' -> Resolved: 'std_Vector' (Current Prefix: '')
[2m2026-06-13T02:06:31.867024Z[0m [34mDEBUG[0m [2mgust_lexer::typechecker[0m[2m:[0m 👁️ Namespace Resolution: Lookup 'ctx' -> Resolved: 'ctx' (Current Prefix: '')
[2m2026-06-13T02:06:31.867043Z[0m [34mDEBUG[0m [2mgust_lexer::typechecker[0m[2m:[0m 👁️ Namespace Resolution: Lookup 'ctx' -> Resolved: 'ctx' (Current Prefix: '')
[2m2026-06-13T02:06:31.867097Z[0m [34mDEBUG[0m [2mgust_lexer::typechecker[0m[2m:[0m 👁️ Namespace Resolution: Lookup 'std_Vector_int_ctx' -> Resolved: 'std_Vector_int_ctx' (Current Prefix: '')
[2m2026-06-13T02:06:31.867130Z[0m [34mDEBUG[0m [2mgust_lexer::typechecker::visitor[0m[2m:[0m 👁️ Expression::Call Evaluation Start: Raw Function: 'vec.Push', Resolved: 'vec.Push', Registry Has Key: false
[2m2026-06-13T02:06:31.867174Z[0m [34mDEBUG[0m [2mgust_lexer::typechecker::visitor[0m[2m:[0m 👁️ Expression::Call Evaluation Start: Raw Function: 'vec.Back', Resolved: 'vec.Back', Registry Has Key: false
ok
test test_vector_pop_linear_ownership_enforced ... [2m2026-06-13T02:06:31.867944Z[0m [34mDEBUG[0m [2mgust_lexer::typechecker::visitor[0m[2m:[0m 🗄️ Stdlib Registered: Alias 'os' maps to prefix 'os_'
[2m2026-06-13T02:06:31.867964Z[0m [34mDEBUG[0m [2mgust_lexer::typechecker::visitor[0m[2m:[0m 🗄️ Stdlib Registered: Alias 'std' maps to prefix 'std_'
[2m2026-06-13T02:06:31.868178Z[0m [34mDEBUG[0m [2mgust_lexer::typechecker::visitor[0m[2m:[0m 🗄️ Function Pre-Registration: Raw name: 'main', Namespaced: 'main', Parameter Count: 0, Params: []
[2m2026-06-13T02:06:31.868215Z[0m [34mDEBUG[0m [2mgust_lexer::typechecker[0m[2m:[0m 👁️ Namespace Resolution: Lookup 'os.Arena.New' -> Resolved: 'os_Arena.New' (Current Prefix: '')
[2m2026-06-13T02:06:31.868234Z[0m [34mDEBUG[0m [2mgust_lexer::typechecker::visitor[0m[2m:[0m 👁️ Expression::Call Evaluation Start: Raw Function: 'os.Arena.New', Resolved: 'os_Arena.New', Registry Has Key: false
[2m2026-06-13T02:06:31.868267Z[0m [34mDEBUG[0m [2mgust_lexer::typechecker::visitor[0m[2m:[0m 👁️ Expression::Call Evaluation Start: Raw Function: 'ctx.Free', Resolved: 'ctx.Free', Registry Has Key: false
[2m2026-06-13T02:06:31.868302Z[0m [34mDEBUG[0m [2mgust_lexer::typechecker[0m[2m:[0m 👁️ Namespace Resolution: Lookup 'std.VectorNew' -> Resolved: 'std_VectorNew' (Current Prefix: '')
[2m2026-06-13T02:06:31.868320Z[0m [34mDEBUG[0m [2mgust_lexer::typechecker::visitor[0m[2m:[0m 👁️ Expression::Call Evaluation Start: Raw Function: 'std.VectorNew', Resolved: 'std_VectorNew', Registry Has Key: false
[2m2026-06-13T02:06:31.868345Z[0m [34mDEBUG[0m [2mgust_lexer::typechecker[0m[2m:[0m 👁️ Namespace Resolution: Lookup 'Vector_Any' -> Resolved: 'Vector_Any' (Current Prefix: '')
[2m2026-06-13T02:06:31.868365Z[0m [34mDEBUG[0m [2mgust_lexer::typechecker[0m[2m:[0m 👁️ Namespace Resolution: Lookup 'Vector_Any' -> Resolved: 'Vector_Any' (Current Prefix: '')
[2m2026-06-13T02:06:31.868388Z[0m [34mDEBUG[0m [2mgust_lexer::typechecker[0m[2m:[0m 👁️ Namespace Resolution: Lookup 'std.Vector' -> Resolved: 'std_Vector' (Current Prefix: '')
[2m2026-06-13T02:06:31.868407Z[0m [34mDEBUG[0m [2mgust_lexer::typechecker[0m[2m:[0m 👁️ Namespace Resolution: Lookup 'ctx' -> Resolved: 'ctx' (Current Prefix: '')
[2m2026-06-13T02:06:31.868426Z[0m [34mDEBUG[0m [2mgust_lexer::typechecker[0m[2m:[0m 👁️ Namespace Resolution: Lookup 'ctx' -> Resolved: 'ctx' (Current Prefix: '')
[2m2026-06-13T02:06:31.868475Z[0m [34mDEBUG[0m [2mgust_lexer::typechecker[0m[2m:[0m 👁️ Namespace Resolution: Lookup 'std_Vector_int_ptr_ctx' -> Resolved: 'std_Vector_int_ptr_ctx' (Current Prefix: '')
[2m2026-06-13T02:06:31.868515Z[0m [34mDEBUG[0m [2mgust_lexer::typechecker::visitor[0m[2m:[0m 👁️ Expression::Call Evaluation Start: Raw Function: 'vec.Push', Resolved: 'vec.Push', Registry Has Key: false
[2m2026-06-13T02:06:31.868565Z[0m [34mDEBUG[0m [2mgust_lexer::typechecker::visitor[0m[2m:[0m 👁️ Expression::Call Evaluation Start: Raw Function: 'vec.Pop', Resolved: 'vec.Pop', Registry Has Key: false
ok
test test_vector_stack_type_checking_valid ... [2m2026-06-13T02:06:31.870450Z[0m [34mDEBUG[0m [2mgust_lexer::typechecker::visitor[0m[2m:[0m 🗄️ Stdlib Registered: Alias 'os' maps to prefix 'os_'
[2m2026-06-13T02:06:31.870461Z[0m [34mDEBUG[0m [2mgust_lexer::typechecker::visitor[0m[2m:[0m 🗄️ Stdlib Registered: Alias 'std' maps to prefix 'std_'
[2m2026-06-13T02:06:31.870569Z[0m [34mDEBUG[0m [2mgust_lexer::typechecker::visitor[0m[2m:[0m 🗄️ Function Pre-Registration: Raw name: 'main', Namespaced: 'main', Parameter Count: 0, Params: []
[2m2026-06-13T02:06:31.870592Z[0m [34mDEBUG[0m [2mgust_lexer::typechecker[0m[2m:[0m 👁️ Namespace Resolution: Lookup 'os.Arena.New' -> Resolved: 'os_Arena.New' (Current Prefix: '')
[2m2026-06-13T02:06:31.870601Z[0m [34mDEBUG[0m [2mgust_lexer::typechecker::visitor[0m[2m:[0m 👁️ Expression::Call Evaluation Start: Raw Function: 'os.Arena.New', Resolved: 'os_Arena.New', Registry Has Key: false
[2m2026-06-13T02:06:31.870616Z[0m [34mDEBUG[0m [2mgust_lexer::typechecker::visitor[0m[2m:[0m 👁️ Expression::Call Evaluation Start: Raw Function: 'ctx.Free', Resolved: 'ctx.Free', Registry Has Key: false
[2m2026-06-13T02:06:31.870634Z[0m [34mDEBUG[0m [2mgust_lexer::typechecker[0m[2m:[0m 👁️ Namespace Resolution: Lookup 'std.VectorNew' -> Resolved: 'std_VectorNew' (Current Prefix: '')
[2m2026-06-13T02:06:31.870642Z[0m [34mDEBUG[0m [2mgust_lexer::typechecker::visitor[0m[2m:[0m 👁️ Expression::Call Evaluation Start: Raw Function: 'std.VectorNew', Resolved: 'std_VectorNew', Registry Has Key: false
[2m2026-06-13T02:06:31.870654Z[0m [34mDEBUG[0m [2mgust_lexer::typechecker[0m[2m:[0m 👁️ Namespace Resolution: Lookup 'Vector_Any' -> Resolved: 'Vector_Any' (Current Prefix: '')
[2m2026-06-13T02:06:31.870664Z[0m [34mDEBUG[0m [2mgust_lexer::typechecker[0m[2m:[0m 👁️ Namespace Resolution: Lookup 'Vector_Any' -> Resolved: 'Vector_Any' (Current Prefix: '')
[2m2026-06-13T02:06:31.870674Z[0m [34mDEBUG[0m [2mgust_lexer::typechecker[0m[2m:[0m 👁️ Namespace Resolution: Lookup 'std.Vector' -> Resolved: 'std_Vector' (Current Prefix: '')
[2m2026-06-13T02:06:31.870683Z[0m [34mDEBUG[0m [2mgust_lexer::typechecker[0m[2m:[0m 👁️ Namespace Resolution: Lookup 'ctx' -> Resolved: 'ctx' (Current Prefix: '')
[2m2026-06-13T02:06:31.870691Z[0m [34mDEBUG[0m [2mgust_lexer::typechecker[0m[2m:[0m 👁️ Namespace Resolution: Lookup 'ctx' -> Resolved: 'ctx' (Current Prefix: '')
[2m2026-06-13T02:06:31.870716Z[0m [34mDEBUG[0m [2mgust_lexer::typechecker[0m[2m:[0m 👁️ Namespace Resolution: Lookup 'std_Vector_int_ctx' -> Resolved: 'std_Vector_int_ctx' (Current Prefix: '')
[2m2026-06-13T02:06:31.870729Z[0m [34mDEBUG[0m [2mgust_lexer::typechecker::visitor[0m[2m:[0m 👁️ Expression::Call Evaluation Start: Raw Function: 'vec.Push', Resolved: 'vec.Push', Registry Has Key: false
[2m2026-06-13T02:06:31.870746Z[0m [34mDEBUG[0m [2mgust_lexer::typechecker::visitor[0m[2m:[0m 👁️ Expression::Call Evaluation Start: Raw Function: 'vec.Pop', Resolved: 'vec.Pop', Registry Has Key: false
[2m2026-06-13T02:06:31.870765Z[0m [34mDEBUG[0m [2mgust_lexer::typechecker::visitor[0m[2m:[0m 👁️ Expression::Call Evaluation Start: Raw Function: 'vec.Push', Resolved: 'vec.Push', Registry Has Key: false
[2m2026-06-13T02:06:31.870779Z[0m [34mDEBUG[0m [2mgust_lexer::typechecker::visitor[0m[2m:[0m 👁️ Expression::Call Evaluation Start: Raw Function: 'vec.Back', Resolved: 'vec.Back', Registry Has Key: false
[2m2026-06-13T02:06:31.870807Z[0m [34mDEBUG[0m [2mgust_lexer::typechecker::visitor[0m[2m:[0m 👁️ Expression::Call Evaluation Start: Raw Function: 'vec.Clear', Resolved: 'vec.Clear', Registry Has Key: false
ok
test test_view_and_pod_in_branded_collection_accepted ... [2m2026-06-13T02:06:31.871359Z[0m [34mDEBUG[0m [2mgust_lexer::typechecker::visitor[0m[2m:[0m 🗄️ Stdlib Registered: Alias 'os' maps to prefix 'os_'
[2m2026-06-13T02:06:31.871378Z[0m [34mDEBUG[0m [2mgust_lexer::typechecker::visitor[0m[2m:[0m 🗄️ Stdlib Registered: Alias 'std' maps to prefix 'std_'
[2m2026-06-13T02:06:31.871585Z[0m [34mDEBUG[0m [2mgust_lexer::typechecker::visitor[0m[2m:[0m 🗄️ Function Pre-Registration: Raw name: 'main', Namespaced: 'main', Parameter Count: 0, Params: []
[2m2026-06-13T02:06:31.871621Z[0m [34mDEBUG[0m [2mgust_lexer::typechecker[0m[2m:[0m 👁️ Namespace Resolution: Lookup 'os.Arena.New' -> Resolved: 'os_Arena.New' (Current Prefix: '')
[2m2026-06-13T02:06:31.871637Z[0m [34mDEBUG[0m [2mgust_lexer::typechecker::visitor[0m[2m:[0m 👁️ Expression::Call Evaluation Start: Raw Function: 'os.Arena.New', Resolved: 'os_Arena.New', Registry Has Key: false
[2m2026-06-13T02:06:31.871666Z[0m [34mDEBUG[0m [2mgust_lexer::typechecker::visitor[0m[2m:[0m 👁️ Expression::Call Evaluation Start: Raw Function: 'ctx.Free', Resolved: 'ctx.Free', Registry Has Key: false
[2m2026-06-13T02:06:31.871697Z[0m [34mDEBUG[0m [2mgust_lexer::typechecker[0m[2m:[0m 👁️ Namespace Resolution: Lookup 'os.VectorNew' -> Resolved: 'os_VectorNew' (Current Prefix: '')
[2m2026-06-13T02:06:31.871713Z[0m [34mDEBUG[0m [2mgust_lexer::typechecker::visitor[0m[2m:[0m 👁️ Expression::Call Evaluation Start: Raw Function: 'os.VectorNew', Resolved: 'os_VectorNew', Registry Has Key: false
[2m2026-06-13T02:06:31.871734Z[0m [34mDEBUG[0m [2mgust_lexer::typechecker[0m[2m:[0m 👁️ Namespace Resolution: Lookup 'Vector_Any' -> Resolved: 'Vector_Any' (Current Prefix: '')
[2m2026-06-13T02:06:31.871751Z[0m [34mDEBUG[0m [2mgust_lexer::typechecker[0m[2m:[0m 👁️ Namespace Resolution: Lookup 'Vector_Any' -> Resolved: 'Vector_Any' (Current Prefix: '')
[2m2026-06-13T02:06:31.871771Z[0m [34mDEBUG[0m [2mgust_lexer::typechecker[0m[2m:[0m 👁️ Namespace Resolution: Lookup 'Vector' -> Resolved: 'Vector' (Current Prefix: '')
[2m2026-06-13T02:06:31.871786Z[0m [34mDEBUG[0m [2mgust_lexer::typechecker[0m[2m:[0m 👁️ Namespace Resolution: Lookup 'ctx' -> Resolved: 'ctx' (Current Prefix: '')
[2m2026-06-13T02:06:31.871801Z[0m [34mDEBUG[0m [2mgust_lexer::typechecker[0m[2m:[0m 👁️ Namespace Resolution: Lookup 'ctx' -> Resolved: 'ctx' (Current Prefix: '')
[2m2026-06-13T02:06:31.871842Z[0m [34mDEBUG[0m [2mgust_lexer::typechecker[0m[2m:[0m 👁️ Namespace Resolution: Lookup 'Vector_str_ctx' -> Resolved: 'Vector_str_ctx' (Current Prefix: '')
[2m2026-06-13T02:06:31.871866Z[0m [34mDEBUG[0m [2mgust_lexer::typechecker[0m[2m:[0m 👁️ Namespace Resolution: Lookup 'os.VectorNew' -> Resolved: 'os_VectorNew' (Current Prefix: '')
[2m2026-06-13T02:06:31.871882Z[0m [34mDEBUG[0m [2mgust_lexer::typechecker::visitor[0m[2m:[0m 👁️ Expression::Call Evaluation Start: Raw Function: 'os.VectorNew', Resolved: 'os_VectorNew', Registry Has Key: false
[2m2026-06-13T02:06:31.871907Z[0m [34mDEBUG[0m [2mgust_lexer::typechecker[0m[2m:[0m 👁️ Namespace Resolution: Lookup 'Vector_Any' -> Resolved: 'Vector_Any' (Current Prefix: '')
[2m2026-06-13T02:06:31.871924Z[0m [34mDEBUG[0m [2mgust_lexer::typechecker[0m[2m:[0m 👁️ Namespace Resolution: Lookup 'Vector_Any' -> Resolved: 'Vector_Any' (Current Prefix: '')
[2m2026-06-13T02:06:31.871943Z[0m [34mDEBUG[0m [2mgust_lexer::typechecker[0m[2m:[0m 👁️ Namespace Resolution: Lookup 'Vector' -> Resolved: 'Vector' (Current Prefix: '')
[2m2026-06-13T02:06:31.871958Z[0m [34mDEBUG[0m [2mgust_lexer::typechecker[0m[2m:[0m 👁️ Namespace Resolution: Lookup 'ctx' -> Resolved: 'ctx' (Current Prefix: '')
[2m2026-06-13T02:06:31.871973Z[0m [34mDEBUG[0m [2mgust_lexer::typechecker[0m[2m:[0m 👁️ Namespace Resolution: Lookup 'ctx' -> Resolved: 'ctx' (Current Prefix: '')
[2m2026-06-13T02:06:31.872016Z[0m [34mDEBUG[0m [2mgust_lexer::typechecker[0m[2m:[0m 👁️ Namespace Resolution: Lookup 'Vector_int_ctx' -> Resolved: 'Vector_int_ctx' (Current Prefix: '')
ok
test test_view_invalidated_on_parent_field_mutation ... [2m2026-06-13T02:06:31.872520Z[0m [34mDEBUG[0m [2mgust_lexer::typechecker::visitor[0m[2m:[0m 🗄️ Stdlib Registered: Alias 'os' maps to prefix 'os_'
[2m2026-06-13T02:06:31.872539Z[0m [34mDEBUG[0m [2mgust_lexer::typechecker::visitor[0m[2m:[0m 🗄️ Stdlib Registered: Alias 'std' maps to prefix 'std_'
[2m2026-06-13T02:06:31.872638Z[0m [34mDEBUG[0m [2mgust_lexer::typechecker::visitor[0m[2m:[0m 🗄️ Function Pre-Registration: Raw name: 'main', Namespaced: 'main', Parameter Count: 0, Params: []
[2m2026-06-13T02:06:31.872664Z[0m [34mDEBUG[0m [2mgust_lexer::typechecker[0m[2m:[0m 👁️ Namespace Resolution: Lookup 'os.Arena.New' -> Resolved: 'os_Arena.New' (Current Prefix: '')
[2m2026-06-13T02:06:31.872673Z[0m [34mDEBUG[0m [2mgust_lexer::typechecker::visitor[0m[2m:[0m 👁️ Expression::Call Evaluation Start: Raw Function: 'os.Arena.New', Resolved: 'os_Arena.New', Registry Has Key: false
[2m2026-06-13T02:06:31.872689Z[0m [34mDEBUG[0m [2mgust_lexer::typechecker::visitor[0m[2m:[0m 👁️ Expression::Call Evaluation Start: Raw Function: 'ctx.Free', Resolved: 'ctx.Free', Registry Has Key: false
[2m2026-06-13T02:06:31.872713Z[0m [34mDEBUG[0m [2mgust_lexer::typechecker[0m[2m:[0m 👁️ Namespace Resolution: Lookup 'Packet' -> Resolved: 'Packet' (Current Prefix: '')
[2m2026-06-13T02:06:31.872737Z[0m [34mDEBUG[0m [2mgust_lexer::typechecker[0m[2m:[0m 👁️ Namespace Resolution: Lookup 'Packet_ctx' -> Resolved: 'Packet_ctx' (Current Prefix: '')
[2m2026-06-13T02:06:31.872744Z[0m [34mDEBUG[0m [2mgust_lexer::typechecker[0m[2m:[0m 👁️ Namespace Resolution: Lookup 'Packet' -> Resolved: 'Packet' (Current Prefix: '')
[2m2026-06-13T02:06:31.872756Z[0m [34mDEBUG[0m [2mgust_lexer::typechecker[0m[2m:[0m 👁️ Namespace Resolution: Lookup 'Packet_ctx' -> Resolved: 'Packet_ctx' (Current Prefix: '')
[2m2026-06-13T02:06:31.872780Z[0m [34mDEBUG[0m [2mgust_lexer::typechecker[0m[2m:[0m 👁️ Namespace Resolution: Lookup 'Packet_ctx' -> Resolved: 'Packet_ctx' (Current Prefix: '')
[2m2026-06-13T02:06:31.872788Z[0m [34mDEBUG[0m [2mgust_lexer::typechecker[0m[2m:[0m 👁️ Namespace Resolution: Lookup 'Packet_ctx' -> Resolved: 'Packet_ctx' (Current Prefix: '')
[2m2026-06-13T02:06:31.872797Z[0m [34mDEBUG[0m [2mgust_lexer::typechecker[0m[2m:[0m 👁️ Namespace Resolution: Lookup 'Packet_ctx' -> Resolved: 'Packet_ctx' (Current Prefix: '')
ok
test test_view_invalidated_on_parent_reassignment ... [2m2026-06-13T02:06:31.873183Z[0m [34mDEBUG[0m [2mgust_lexer::typechecker::visitor[0m[2m:[0m 🗄️ Stdlib Registered: Alias 'os' maps to prefix 'os_'
[2m2026-06-13T02:06:31.873194Z[0m [34mDEBUG[0m [2mgust_lexer::typechecker::visitor[0m[2m:[0m 🗄️ Stdlib Registered: Alias 'std' maps to prefix 'std_'
[2m2026-06-13T02:06:31.873303Z[0m [34mDEBUG[0m [2mgust_lexer::typechecker::visitor[0m[2m:[0m 🗄️ Function Pre-Registration: Raw name: 'main', Namespaced: 'main', Parameter Count: 0, Params: []
[2m2026-06-13T02:06:31.873323Z[0m [34mDEBUG[0m [2mgust_lexer::typechecker[0m[2m:[0m 👁️ Namespace Resolution: Lookup 'os.MockPayload' -> Resolved: 'os_MockPayload' (Current Prefix: '')
[2m2026-06-13T02:06:31.873332Z[0m [34mDEBUG[0m [2mgust_lexer::typechecker::visitor[0m[2m:[0m 👁️ Expression::Call Evaluation Start: Raw Function: 'os.MockPayload', Resolved: 'os_MockPayload', Registry Has Key: false
[2m2026-06-13T02:06:31.873343Z[0m [34mDEBUG[0m [2mgust_lexer::typechecker[0m[2m:[0m 👁️ Namespace Resolution: Lookup 'os.MockPayload' -> Resolved: 'os_MockPayload' (Current Prefix: '')
[2m2026-06-13T02:06:31.873365Z[0m [34mDEBUG[0m [2mgust_lexer::typechecker[0m[2m:[0m 👁️ Namespace Resolution: Lookup 'os.MockPayload' -> Resolved: 'os_MockPayload' (Current Prefix: '')
[2m2026-06-13T02:06:31.873374Z[0m [34mDEBUG[0m [2mgust_lexer::typechecker::visitor[0m[2m:[0m 👁️ Expression::Call Evaluation Start: Raw Function: 'os.MockPayload', Resolved: 'os_MockPayload', Registry Has Key: false
[2m2026-06-13T02:06:31.873386Z[0m [34mDEBUG[0m [2mgust_lexer::typechecker[0m[2m:[0m 👁️ Namespace Resolution: Lookup 'os.MockPayload' -> Resolved: 'os_MockPayload' (Current Prefix: '')
[2m2026-06-13T02:06:31.873399Z[0m [34mDEBUG[0m [2mgust_lexer::typechecker[0m[2m:[0m 👁️ Namespace Resolution: Lookup 'os.LogInt' -> Resolved: 'os_LogInt' (Current Prefix: '')
[2m2026-06-13T02:06:31.873407Z[0m [34mDEBUG[0m [2mgust_lexer::typechecker::visitor[0m[2m:[0m 👁️ Expression::Call Evaluation Start: Raw Function: 'os.LogInt', Resolved: 'os_LogInt', Registry Has Key: false
ok

failures:

failures:
    test_lexer_token_generation
    test_lexer_view_extraction
    test_self_hosted_lexer_compilation
    test_self_hosted_lexer_scaffold

test result: FAILED. 154 passed; 4 failed; 0 ignored; 0 measured; 0 filtered out; finished in 0.92s

error: test failed, to rerun pass `--test compile_tests`
